Archive member included because of file (symbol)

c:/program files (x86)/atmel/atmel toolchain/avr8 gcc/native/3.4.2.1002/avr8-gnu-toolchain/bin/../lib/gcc/avr/4.7.2/avr25\libgcc.a(_mulsi3.o)
                              _avrlib/timer.o (__mulsi3)
c:/program files (x86)/atmel/atmel toolchain/avr8 gcc/native/3.4.2.1002/avr8-gnu-toolchain/bin/../lib/gcc/avr/4.7.2/avr25\libgcc.a(_udivmodhi4.o)
                              _avrlib/buffer.o (__udivmodhi4)
c:/program files (x86)/atmel/atmel toolchain/avr8 gcc/native/3.4.2.1002/avr8-gnu-toolchain/bin/../lib/gcc/avr/4.7.2/avr25\libgcc.a(_udivmodsi4.o)
                              _avrlib/timer.o (__udivmodsi4)
c:/program files (x86)/atmel/atmel toolchain/avr8 gcc/native/3.4.2.1002/avr8-gnu-toolchain/bin/../lib/gcc/avr/4.7.2/avr25\libgcc.a(_divmodsi4.o)
                              _avrlib/timer.o (__divmodsi4)
c:/program files (x86)/atmel/atmel toolchain/avr8 gcc/native/3.4.2.1002/avr8-gnu-toolchain/bin/../lib/gcc/avr/4.7.2/avr25\libgcc.a(_exit.o)
                              c:/program files (x86)/atmel/atmel toolchain/avr8 gcc/native/3.4.2.1002/avr8-gnu-toolchain/bin/../lib/gcc/avr/4.7.2/../../../../avr/lib/avr25/crttn4313.o (exit)
c:/program files (x86)/atmel/atmel toolchain/avr8 gcc/native/3.4.2.1002/avr8-gnu-toolchain/bin/../lib/gcc/avr/4.7.2/avr25\libgcc.a(_copy_data.o)
                              MIDISysexBox.o (__do_copy_data)
c:/program files (x86)/atmel/atmel toolchain/avr8 gcc/native/3.4.2.1002/avr8-gnu-toolchain/bin/../lib/gcc/avr/4.7.2/avr25\libgcc.a(_clear_bss.o)
                              _avrlib/encoder.o (__do_clear_bss)
c:/program files (x86)/atmel/atmel toolchain/avr8 gcc/native/3.4.2.1002/avr8-gnu-toolchain/bin/../lib/gcc/avr/4.7.2/../../../../avr/lib/avr25\libc.a(eerd_block_attiny4313.o)
                              MIDISysexBox.o (__eerd_block_tn4313)

Allocating common symbols
Common symbol       size              file

uartReadyTx         0x1               _avrlib/uart.o
EncoderState        0x8               _avrlib/encoder.o
Timer0Reg0          0x4               _avrlib/timer.o
uartRxBuffer        0x8               _avrlib/uart.o
TimerPauseReg       0x4               _avrlib/timer.o
pEncoder            0x2               _avrlib/encoder.o
Timer2Reg0          0x4               _avrlib/timer.o
uartBufferedTx      0x1               _avrlib/uart.o
uartTxBuffer        0x8               _avrlib/uart.o
uartRxOverflow      0x2               _avrlib/uart.o

Discarded input sections

 .bss           0x00000000        0x0 c:/program files (x86)/atmel/atmel toolchain/avr8 gcc/native/3.4.2.1002/avr8-gnu-toolchain/bin/../lib/gcc/avr/4.7.2/../../../../avr/lib/avr25/crttn4313.o
 .text          0x00000000        0x0 _avrlib/buffer.o
 .bss           0x00000000        0x0 _avrlib/buffer.o
 .text.bufferDumpFromFront
                0x00000000       0x40 _avrlib/buffer.o
 .text.bufferGetAtIndex
                0x00000000       0x24 _avrlib/buffer.o
 .text.bufferIsNotFull
                0x00000000       0x1a _avrlib/buffer.o
 .text.bufferFlush
                0x00000000        0xe _avrlib/buffer.o
 .text          0x00000000        0x0 _avrlib/encoder.o
 .bss           0x00000000        0x0 _avrlib/encoder.o
 .text          0x00000000        0x0 _avrlib/timer.o
 .bss           0x00000000        0x0 _avrlib/timer.o
 .text.delay_us
                0x00000000       0x28 _avrlib/timer.o
 .text.timer1SetPrescaler
                0x00000000        0xa _avrlib/timer.o
 .text.timer1Init
                0x00000000       0x10 _avrlib/timer.o
 .text.timer1GetPrescaler
                0x00000000       0x18 _avrlib/timer.o
 .text.timerDetach
                0x00000000       0x16 _avrlib/timer.o
 .text.timerPause
                0x00000000      0x11e _avrlib/timer.o
 .text.timerInit
                0x00000000       0x18 _avrlib/timer.o
 .text.timer0GetOverflowCount
                0x00000000       0x22 _avrlib/timer.o
 .text.timer1PWMInit
                0x00000000       0x3a _avrlib/timer.o
 .text.timer1PWMInitICR
                0x00000000       0x26 _avrlib/timer.o
 .text.timer1PWMAOn
                0x00000000        0xe _avrlib/timer.o
 .text.timer1PWMBOn
                0x00000000        0xe _avrlib/timer.o
 .text.timer1PWMAOff
                0x00000000        0xe _avrlib/timer.o
 .text.timer1PWMBOff
                0x00000000        0xe _avrlib/timer.o
 .text.timer1PWMOff
                0x00000000       0x12 _avrlib/timer.o
 .text.timer1PWMASet
                0x00000000        0x6 _avrlib/timer.o
 .text.timer1PWMBSet
                0x00000000        0x6 _avrlib/timer.o
 .progmem.data.TimerRTCPrescaleFactor
                0x00000000       0x10 _avrlib/timer.o
 .progmem.data.TimerPrescaleFactor
                0x00000000        0xc _avrlib/timer.o
 .text          0x00000000        0x0 _avrlib/uart.o
 .bss           0x00000000        0x0 _avrlib/uart.o
 .text.uartSetRxHandler
                0x00000000        0xa _avrlib/uart.o
 .text.uartGetRxBuffer
                0x00000000        0x6 _avrlib/uart.o
 .text.uartGetTxBuffer
                0x00000000        0x6 _avrlib/uart.o
 .text.uartReceiveByte
                0x00000000       0x36 _avrlib/uart.o
 .text.uartGetByte
                0x00000000       0x2a _avrlib/uart.o
 .text.uartFlushReceiveBuffer
                0x00000000        0xa _avrlib/uart.o
 .text.uartReceiveBufferIsEmpty
                0x00000000       0x14 _avrlib/uart.o
 .text          0x00000000        0x0 global.o
 .bss           0x00000000        0x0 global.o
 .text          0x00000000        0x0 MIDISysexBox.o
 .bss           0x00000000        0x0 MIDISysexBox.o
 .text          0x00000000        0x0 c:/program files (x86)/atmel/atmel toolchain/avr8 gcc/native/3.4.2.1002/avr8-gnu-toolchain/bin/../lib/gcc/avr/4.7.2/avr25\libgcc.a(_mulsi3.o)
 .bss           0x00000000        0x0 c:/program files (x86)/atmel/atmel toolchain/avr8 gcc/native/3.4.2.1002/avr8-gnu-toolchain/bin/../lib/gcc/avr/4.7.2/avr25\libgcc.a(_mulsi3.o)
 .text.libgcc.mul
                0x00000000       0x32 c:/program files (x86)/atmel/atmel toolchain/avr8 gcc/native/3.4.2.1002/avr8-gnu-toolchain/bin/../lib/gcc/avr/4.7.2/avr25\libgcc.a(_mulsi3.o)
 .text.libgcc.div
                0x00000000        0x0 c:/program files (x86)/atmel/atmel toolchain/avr8 gcc/native/3.4.2.1002/avr8-gnu-toolchain/bin/../lib/gcc/avr/4.7.2/avr25\libgcc.a(_mulsi3.o)
 .text.libgcc   0x00000000        0x0 c:/program files (x86)/atmel/atmel toolchain/avr8 gcc/native/3.4.2.1002/avr8-gnu-toolchain/bin/../lib/gcc/avr/4.7.2/avr25\libgcc.a(_mulsi3.o)
 .text.libgcc.prologue
                0x00000000        0x0 c:/program files (x86)/atmel/atmel toolchain/avr8 gcc/native/3.4.2.1002/avr8-gnu-toolchain/bin/../lib/gcc/avr/4.7.2/avr25\libgcc.a(_mulsi3.o)
 .text.libgcc.builtins
                0x00000000        0x0 c:/program files (x86)/atmel/atmel toolchain/avr8 gcc/native/3.4.2.1002/avr8-gnu-toolchain/bin/../lib/gcc/avr/4.7.2/avr25\libgcc.a(_mulsi3.o)
 .text.libgcc.fmul
                0x00000000        0x0 c:/program files (x86)/atmel/atmel toolchain/avr8 gcc/native/3.4.2.1002/avr8-gnu-toolchain/bin/../lib/gcc/avr/4.7.2/avr25\libgcc.a(_mulsi3.o)
 .text          0x00000000        0x0 c:/program files (x86)/atmel/atmel toolchain/avr8 gcc/native/3.4.2.1002/avr8-gnu-toolchain/bin/../lib/gcc/avr/4.7.2/avr25\libgcc.a(_udivmodhi4.o)
 .bss           0x00000000        0x0 c:/program files (x86)/atmel/atmel toolchain/avr8 gcc/native/3.4.2.1002/avr8-gnu-toolchain/bin/../lib/gcc/avr/4.7.2/avr25\libgcc.a(_udivmodhi4.o)
 .text.libgcc.mul
                0x00000000        0x0 c:/program files (x86)/atmel/atmel toolchain/avr8 gcc/native/3.4.2.1002/avr8-gnu-toolchain/bin/../lib/gcc/avr/4.7.2/avr25\libgcc.a(_udivmodhi4.o)
 .text.libgcc   0x00000000        0x0 c:/program files (x86)/atmel/atmel toolchain/avr8 gcc/native/3.4.2.1002/avr8-gnu-toolchain/bin/../lib/gcc/avr/4.7.2/avr25\libgcc.a(_udivmodhi4.o)
 .text.libgcc.prologue
                0x00000000        0x0 c:/program files (x86)/atmel/atmel toolchain/avr8 gcc/native/3.4.2.1002/avr8-gnu-toolchain/bin/../lib/gcc/avr/4.7.2/avr25\libgcc.a(_udivmodhi4.o)
 .text.libgcc.builtins
                0x00000000        0x0 c:/program files (x86)/atmel/atmel toolchain/avr8 gcc/native/3.4.2.1002/avr8-gnu-toolchain/bin/../lib/gcc/avr/4.7.2/avr25\libgcc.a(_udivmodhi4.o)
 .text.libgcc.fmul
                0x00000000        0x0 c:/program files (x86)/atmel/atmel toolchain/avr8 gcc/native/3.4.2.1002/avr8-gnu-toolchain/bin/../lib/gcc/avr/4.7.2/avr25\libgcc.a(_udivmodhi4.o)
 .text          0x00000000        0x0 c:/program files (x86)/atmel/atmel toolchain/avr8 gcc/native/3.4.2.1002/avr8-gnu-toolchain/bin/../lib/gcc/avr/4.7.2/avr25\libgcc.a(_udivmodsi4.o)
 .bss           0x00000000        0x0 c:/program files (x86)/atmel/atmel toolchain/avr8 gcc/native/3.4.2.1002/avr8-gnu-toolchain/bin/../lib/gcc/avr/4.7.2/avr25\libgcc.a(_udivmodsi4.o)
 .text.libgcc.mul
                0x00000000        0x0 c:/program files (x86)/atmel/atmel toolchain/avr8 gcc/native/3.4.2.1002/avr8-gnu-toolchain/bin/../lib/gcc/avr/4.7.2/avr25\libgcc.a(_udivmodsi4.o)
 .text.libgcc   0x00000000        0x0 c:/program files (x86)/atmel/atmel toolchain/avr8 gcc/native/3.4.2.1002/avr8-gnu-toolchain/bin/../lib/gcc/avr/4.7.2/avr25\libgcc.a(_udivmodsi4.o)
 .text.libgcc.prologue
                0x00000000        0x0 c:/program files (x86)/atmel/atmel toolchain/avr8 gcc/native/3.4.2.1002/avr8-gnu-toolchain/bin/../lib/gcc/avr/4.7.2/avr25\libgcc.a(_udivmodsi4.o)
 .text.libgcc.builtins
                0x00000000        0x0 c:/program files (x86)/atmel/atmel toolchain/avr8 gcc/native/3.4.2.1002/avr8-gnu-toolchain/bin/../lib/gcc/avr/4.7.2/avr25\libgcc.a(_udivmodsi4.o)
 .text.libgcc.fmul
                0x00000000        0x0 c:/program files (x86)/atmel/atmel toolchain/avr8 gcc/native/3.4.2.1002/avr8-gnu-toolchain/bin/../lib/gcc/avr/4.7.2/avr25\libgcc.a(_udivmodsi4.o)
 .text          0x00000000        0x0 c:/program files (x86)/atmel/atmel toolchain/avr8 gcc/native/3.4.2.1002/avr8-gnu-toolchain/bin/../lib/gcc/avr/4.7.2/avr25\libgcc.a(_divmodsi4.o)
 .bss           0x00000000        0x0 c:/program files (x86)/atmel/atmel toolchain/avr8 gcc/native/3.4.2.1002/avr8-gnu-toolchain/bin/../lib/gcc/avr/4.7.2/avr25\libgcc.a(_divmodsi4.o)
 .text.libgcc.mul
                0x00000000        0x0 c:/program files (x86)/atmel/atmel toolchain/avr8 gcc/native/3.4.2.1002/avr8-gnu-toolchain/bin/../lib/gcc/avr/4.7.2/avr25\libgcc.a(_divmodsi4.o)
 .text.libgcc.div
                0x00000000       0x36 c:/program files (x86)/atmel/atmel toolchain/avr8 gcc/native/3.4.2.1002/avr8-gnu-toolchain/bin/../lib/gcc/avr/4.7.2/avr25\libgcc.a(_divmodsi4.o)
 .text.libgcc   0x00000000        0x0 c:/program files (x86)/atmel/atmel toolchain/avr8 gcc/native/3.4.2.1002/avr8-gnu-toolchain/bin/../lib/gcc/avr/4.7.2/avr25\libgcc.a(_divmodsi4.o)
 .text.libgcc.prologue
                0x00000000        0x0 c:/program files (x86)/atmel/atmel toolchain/avr8 gcc/native/3.4.2.1002/avr8-gnu-toolchain/bin/../lib/gcc/avr/4.7.2/avr25\libgcc.a(_divmodsi4.o)
 .text.libgcc.builtins
                0x00000000        0x0 c:/program files (x86)/atmel/atmel toolchain/avr8 gcc/native/3.4.2.1002/avr8-gnu-toolchain/bin/../lib/gcc/avr/4.7.2/avr25\libgcc.a(_divmodsi4.o)
 .text.libgcc.fmul
                0x00000000        0x0 c:/program files (x86)/atmel/atmel toolchain/avr8 gcc/native/3.4.2.1002/avr8-gnu-toolchain/bin/../lib/gcc/avr/4.7.2/avr25\libgcc.a(_divmodsi4.o)
 .text          0x00000000        0x0 c:/program files (x86)/atmel/atmel toolchain/avr8 gcc/native/3.4.2.1002/avr8-gnu-toolchain/bin/../lib/gcc/avr/4.7.2/avr25\libgcc.a(_exit.o)
 .bss           0x00000000        0x0 c:/program files (x86)/atmel/atmel toolchain/avr8 gcc/native/3.4.2.1002/avr8-gnu-toolchain/bin/../lib/gcc/avr/4.7.2/avr25\libgcc.a(_exit.o)
 .text.libgcc.mul
                0x00000000        0x0 c:/program files (x86)/atmel/atmel toolchain/avr8 gcc/native/3.4.2.1002/avr8-gnu-toolchain/bin/../lib/gcc/avr/4.7.2/avr25\libgcc.a(_exit.o)
 .text.libgcc.div
                0x00000000        0x0 c:/program files (x86)/atmel/atmel toolchain/avr8 gcc/native/3.4.2.1002/avr8-gnu-toolchain/bin/../lib/gcc/avr/4.7.2/avr25\libgcc.a(_exit.o)
 .text.libgcc   0x00000000        0x0 c:/program files (x86)/atmel/atmel toolchain/avr8 gcc/native/3.4.2.1002/avr8-gnu-toolchain/bin/../lib/gcc/avr/4.7.2/avr25\libgcc.a(_exit.o)
 .text.libgcc.prologue
                0x00000000        0x0 c:/program files (x86)/atmel/atmel toolchain/avr8 gcc/native/3.4.2.1002/avr8-gnu-toolchain/bin/../lib/gcc/avr/4.7.2/avr25\libgcc.a(_exit.o)
 .text.libgcc.builtins
                0x00000000        0x0 c:/program files (x86)/atmel/atmel toolchain/avr8 gcc/native/3.4.2.1002/avr8-gnu-toolchain/bin/../lib/gcc/avr/4.7.2/avr25\libgcc.a(_exit.o)
 .text.libgcc.fmul
                0x00000000        0x0 c:/program files (x86)/atmel/atmel toolchain/avr8 gcc/native/3.4.2.1002/avr8-gnu-toolchain/bin/../lib/gcc/avr/4.7.2/avr25\libgcc.a(_exit.o)
 .text          0x00000000        0x0 c:/program files (x86)/atmel/atmel toolchain/avr8 gcc/native/3.4.2.1002/avr8-gnu-toolchain/bin/../lib/gcc/avr/4.7.2/avr25\libgcc.a(_copy_data.o)
 .bss           0x00000000        0x0 c:/program files (x86)/atmel/atmel toolchain/avr8 gcc/native/3.4.2.1002/avr8-gnu-toolchain/bin/../lib/gcc/avr/4.7.2/avr25\libgcc.a(_copy_data.o)
 .text.libgcc.mul
                0x00000000        0x0 c:/program files (x86)/atmel/atmel toolchain/avr8 gcc/native/3.4.2.1002/avr8-gnu-toolchain/bin/../lib/gcc/avr/4.7.2/avr25\libgcc.a(_copy_data.o)
 .text.libgcc.div
                0x00000000        0x0 c:/program files (x86)/atmel/atmel toolchain/avr8 gcc/native/3.4.2.1002/avr8-gnu-toolchain/bin/../lib/gcc/avr/4.7.2/avr25\libgcc.a(_copy_data.o)
 .text.libgcc   0x00000000        0x0 c:/program files (x86)/atmel/atmel toolchain/avr8 gcc/native/3.4.2.1002/avr8-gnu-toolchain/bin/../lib/gcc/avr/4.7.2/avr25\libgcc.a(_copy_data.o)
 .text.libgcc.prologue
                0x00000000        0x0 c:/program files (x86)/atmel/atmel toolchain/avr8 gcc/native/3.4.2.1002/avr8-gnu-toolchain/bin/../lib/gcc/avr/4.7.2/avr25\libgcc.a(_copy_data.o)
 .text.libgcc.builtins
                0x00000000        0x0 c:/program files (x86)/atmel/atmel toolchain/avr8 gcc/native/3.4.2.1002/avr8-gnu-toolchain/bin/../lib/gcc/avr/4.7.2/avr25\libgcc.a(_copy_data.o)
 .text.libgcc.fmul
                0x00000000        0x0 c:/program files (x86)/atmel/atmel toolchain/avr8 gcc/native/3.4.2.1002/avr8-gnu-toolchain/bin/../lib/gcc/avr/4.7.2/avr25\libgcc.a(_copy_data.o)
 .text          0x00000000        0x0 c:/program files (x86)/atmel/atmel toolchain/avr8 gcc/native/3.4.2.1002/avr8-gnu-toolchain/bin/../lib/gcc/avr/4.7.2/avr25\libgcc.a(_clear_bss.o)
 .bss           0x00000000        0x0 c:/program files (x86)/atmel/atmel toolchain/avr8 gcc/native/3.4.2.1002/avr8-gnu-toolchain/bin/../lib/gcc/avr/4.7.2/avr25\libgcc.a(_clear_bss.o)
 .text.libgcc.mul
                0x00000000        0x0 c:/program files (x86)/atmel/atmel toolchain/avr8 gcc/native/3.4.2.1002/avr8-gnu-toolchain/bin/../lib/gcc/avr/4.7.2/avr25\libgcc.a(_clear_bss.o)
 .text.libgcc.div
                0x00000000        0x0 c:/program files (x86)/atmel/atmel toolchain/avr8 gcc/native/3.4.2.1002/avr8-gnu-toolchain/bin/../lib/gcc/avr/4.7.2/avr25\libgcc.a(_clear_bss.o)
 .text.libgcc   0x00000000        0x0 c:/program files (x86)/atmel/atmel toolchain/avr8 gcc/native/3.4.2.1002/avr8-gnu-toolchain/bin/../lib/gcc/avr/4.7.2/avr25\libgcc.a(_clear_bss.o)
 .text.libgcc.prologue
                0x00000000        0x0 c:/program files (x86)/atmel/atmel toolchain/avr8 gcc/native/3.4.2.1002/avr8-gnu-toolchain/bin/../lib/gcc/avr/4.7.2/avr25\libgcc.a(_clear_bss.o)
 .text.libgcc.builtins
                0x00000000        0x0 c:/program files (x86)/atmel/atmel toolchain/avr8 gcc/native/3.4.2.1002/avr8-gnu-toolchain/bin/../lib/gcc/avr/4.7.2/avr25\libgcc.a(_clear_bss.o)
 .text.libgcc.fmul
                0x00000000        0x0 c:/program files (x86)/atmel/atmel toolchain/avr8 gcc/native/3.4.2.1002/avr8-gnu-toolchain/bin/../lib/gcc/avr/4.7.2/avr25\libgcc.a(_clear_bss.o)
 .text          0x00000000        0x0 c:/program files (x86)/atmel/atmel toolchain/avr8 gcc/native/3.4.2.1002/avr8-gnu-toolchain/bin/../lib/gcc/avr/4.7.2/../../../../avr/lib/avr25\libc.a(eerd_block_attiny4313.o)
 .bss           0x00000000        0x0 c:/program files (x86)/atmel/atmel toolchain/avr8 gcc/native/3.4.2.1002/avr8-gnu-toolchain/bin/../lib/gcc/avr/4.7.2/../../../../avr/lib/avr25\libc.a(eerd_block_attiny4313.o)

Memory Configuration

Name             Origin             Length             Attributes
text             0x00000000         0x00002000         xr
data             0x00800060         0x0000ffa0         rw !x
eeprom           0x00810000         0x00010000         rw !x
fuse             0x00820000         0x00000400         rw !x
lock             0x00830000         0x00000400         rw !x
signature        0x00840000         0x00000400         rw !x
user_signatures  0x00850000         0x00000400         rw !x
*default*        0x00000000         0xffffffff

Linker script and memory map

LOAD c:/program files (x86)/atmel/atmel toolchain/avr8 gcc/native/3.4.2.1002/avr8-gnu-toolchain/bin/../lib/gcc/avr/4.7.2/../../../../avr/lib/avr25/crttn4313.o
LOAD _avrlib/buffer.o
LOAD _avrlib/encoder.o
LOAD _avrlib/timer.o
LOAD _avrlib/uart.o
LOAD global.o
LOAD MIDISysexBox.o
START GROUP
LOAD c:/program files (x86)/atmel/atmel toolchain/avr8 gcc/native/3.4.2.1002/avr8-gnu-toolchain/bin/../lib/gcc/avr/4.7.2/../../../../avr/lib/avr25\libm.a
END GROUP
LOAD c:/program files (x86)/atmel/atmel toolchain/avr8 gcc/native/3.4.2.1002/avr8-gnu-toolchain/bin/../lib/gcc/avr/4.7.2/avr25\libgcc.a
LOAD c:/program files (x86)/atmel/atmel toolchain/avr8 gcc/native/3.4.2.1002/avr8-gnu-toolchain/bin/../lib/gcc/avr/4.7.2/../../../../avr/lib/avr25\libc.a
LOAD c:/program files (x86)/atmel/atmel toolchain/avr8 gcc/native/3.4.2.1002/avr8-gnu-toolchain/bin/../lib/gcc/avr/4.7.2/avr25\libgcc.a

.hash
 *(.hash)

.dynsym
 *(.dynsym)

.dynstr
 *(.dynstr)

.gnu.version
 *(.gnu.version)

.gnu.version_d
 *(.gnu.version_d)

.gnu.version_r
 *(.gnu.version_r)

.rel.init
 *(.rel.init)

.rela.init
 *(.rela.init)

.rel.text
 *(.rel.text)
 *(.rel.text.*)
 *(.rel.gnu.linkonce.t*)

.rela.text
 *(.rela.text)
 *(.rela.text.*)
 *(.rela.gnu.linkonce.t*)

.rel.fini
 *(.rel.fini)

.rela.fini
 *(.rela.fini)

.rel.rodata
 *(.rel.rodata)
 *(.rel.rodata.*)
 *(.rel.gnu.linkonce.r*)

.rela.rodata
 *(.rela.rodata)
 *(.rela.rodata.*)
 *(.rela.gnu.linkonce.r*)

.rel.data
 *(.rel.data)
 *(.rel.data.*)
 *(.rel.gnu.linkonce.d*)

.rela.data
 *(.rela.data)
 *(.rela.data.*)
 *(.rela.gnu.linkonce.d*)

.rel.ctors
 *(.rel.ctors)

.rela.ctors
 *(.rela.ctors)

.rel.dtors
 *(.rel.dtors)

.rela.dtors
 *(.rela.dtors)

.rel.got
 *(.rel.got)

.rela.got
 *(.rela.got)

.rel.bss
 *(.rel.bss)

.rela.bss
 *(.rela.bss)

.rel.plt
 *(.rel.plt)

.rela.plt
 *(.rela.plt)

.text           0x00000000      0x8ea
 *(.vectors)
 .vectors       0x00000000       0x2a c:/program files (x86)/atmel/atmel toolchain/avr8 gcc/native/3.4.2.1002/avr8-gnu-toolchain/bin/../lib/gcc/avr/4.7.2/../../../../avr/lib/avr25/crttn4313.o
                0x00000000                __vector_default
                0x00000000                __vectors
 *(.vectors)
 *(.progmem.gcc*)
 *(.progmem*)
                0x0000002a                . = ALIGN (0x2)
                0x0000002a                __trampolines_start = .
 *(.trampolines)
 .trampolines   0x0000002a        0x0 linker stubs
 *(.trampolines*)
                0x0000002a                __trampolines_end = .
 *(.jumptables)
 *(.jumptables*)
 *(.lowtext)
 *(.lowtext*)
                0x0000002a                __ctors_start = .
 *(.ctors)
                0x0000002a                __ctors_end = .
                0x0000002a                __dtors_start = .
 *(.dtors)
                0x0000002a                __dtors_end = .
 SORT(*)(.ctors)
 SORT(*)(.dtors)
 *(.init0)
 .init0         0x0000002a        0x0 c:/program files (x86)/atmel/atmel toolchain/avr8 gcc/native/3.4.2.1002/avr8-gnu-toolchain/bin/../lib/gcc/avr/4.7.2/../../../../avr/lib/avr25/crttn4313.o
                0x0000002a                __init
 *(.init0)
 *(.init1)
 *(.init1)
 *(.init2)
 .init2         0x0000002a        0xc c:/program files (x86)/atmel/atmel toolchain/avr8 gcc/native/3.4.2.1002/avr8-gnu-toolchain/bin/../lib/gcc/avr/4.7.2/../../../../avr/lib/avr25/crttn4313.o
 *(.init2)
 *(.init3)
 *(.init3)
 *(.init4)
 .init4         0x00000036       0x16 c:/program files (x86)/atmel/atmel toolchain/avr8 gcc/native/3.4.2.1002/avr8-gnu-toolchain/bin/../lib/gcc/avr/4.7.2/avr25\libgcc.a(_copy_data.o)
                0x00000036                __do_copy_data
 .init4         0x0000004c       0x10 c:/program files (x86)/atmel/atmel toolchain/avr8 gcc/native/3.4.2.1002/avr8-gnu-toolchain/bin/../lib/gcc/avr/4.7.2/avr25\libgcc.a(_clear_bss.o)
                0x0000004c                __do_clear_bss
 *(.init4)
 *(.init5)
 *(.init5)
 *(.init6)
 *(.init6)
 *(.init7)
 *(.init7)
 *(.init8)
 *(.init8)
 *(.init9)
 .init9         0x0000005c        0x4 c:/program files (x86)/atmel/atmel toolchain/avr8 gcc/native/3.4.2.1002/avr8-gnu-toolchain/bin/../lib/gcc/avr/4.7.2/../../../../avr/lib/avr25/crttn4313.o
 *(.init9)
 *(.text)
 .text          0x00000060        0x2 c:/program files (x86)/atmel/atmel toolchain/avr8 gcc/native/3.4.2.1002/avr8-gnu-toolchain/bin/../lib/gcc/avr/4.7.2/../../../../avr/lib/avr25/crttn4313.o
                0x00000060                __bad_interrupt
                0x00000060                __vector_11
                0x00000060                __vector_13
                0x00000060                __vector_17
                0x00000060                __vector_19
                0x00000060                __vector_15
                0x00000060                __vector_8
                0x00000060                __vector_14
                0x00000060                __vector_10
                0x00000060                __vector_16
                0x00000060                __vector_18
                0x00000060                __vector_20
                0x00000062                . = ALIGN (0x2)
 *(.text.*)
 .text.bufferInit
                0x00000062       0x1a _avrlib/buffer.o
                0x00000062                bufferInit
 .text.bufferGetFromFront
                0x0000007c       0x48 _avrlib/buffer.o
                0x0000007c                bufferGetFromFront
 .text.bufferAddToEnd
                0x000000c4       0x48 _avrlib/buffer.o
                0x000000c4                bufferAddToEnd
 .text.encoderInit
                0x0000010c       0x58 _avrlib/encoder.o
                0x0000010c                encoderInit
 .text.encoderOff
                0x00000164        0xe _avrlib/encoder.o
                0x00000164                encoderOff
 .text.encoderGetPosition
                0x00000172       0x36 _avrlib/encoder.o
                0x00000172                encoderGetPosition
 .text.encoderSetPosition
                0x000001a8       0x1e _avrlib/encoder.o
                0x000001a8                encoderSetPosition
 .text.__vector_1
                0x000001c6       0x74 _avrlib/encoder.o
                0x000001c6                __vector_1
 .text.__vector_2
                0x0000023a       0x76 _avrlib/encoder.o
                0x0000023a                __vector_2
 .text.timer0SetPrescaler
                0x000002b0        0xa _avrlib/timer.o
                0x000002b0                timer0SetPrescaler
 .text.timerAttach
                0x000002ba       0x16 _avrlib/timer.o
                0x000002ba                timerAttach
 .text.timer0ClearOverflowCount
                0x000002d0       0x12 _avrlib/timer.o
                0x000002d0                timer0ClearOverflowCount
 .text.timer0Init
                0x000002e2       0x10 _avrlib/timer.o
                0x000002e2                timer0Init
 .text.__vector_6
                0x000002f2       0xa6 _avrlib/timer.o
                0x000002f2                __vector_6
 .text.__vector_5
                0x00000398       0x5a _avrlib/timer.o
                0x00000398                __vector_5
 .text.__vector_4
                0x000003f2       0x5a _avrlib/timer.o
                0x000003f2                __vector_4
 .text.__vector_12
                0x0000044c       0x5a _avrlib/timer.o
                0x0000044c                __vector_12
 .text.__vector_3
                0x000004a6       0x5a _avrlib/timer.o
                0x000004a6                __vector_3
 .text.uartInitBuffers
                0x00000500       0x1e _avrlib/uart.o
                0x00000500                uartInitBuffers
 .text.uartSetBaudRate
                0x0000051e       0x7a _avrlib/uart.o
                0x0000051e                uartSetBaudRate
 .text.uartInit
                0x00000598       0x2e _avrlib/uart.o
                0x00000598                uartInit
 .text.uartSendByte
                0x000005c6       0x10 _avrlib/uart.o
                0x000005c6                uartSendByte
 .text.uartAddToTxBuffer
                0x000005d6        0xa _avrlib/uart.o
                0x000005d6                uartAddToTxBuffer
 .text.uartSendTxBuffer
                0x000005e0       0x10 _avrlib/uart.o
                0x000005e0                uartSendTxBuffer
 .text.__vector_9
                0x000005f0       0x74 _avrlib/uart.o
                0x000005f0                __vector_9
 .text.__vector_7
                0x00000664       0x7c _avrlib/uart.o
                0x00000664                __vector_7
 .text.hotSwapEncoder
                0x000006e0       0x46 MIDISysexBox.o
                0x000006e0                hotSwapEncoder
 .text.main     0x00000726      0x136 MIDISysexBox.o
                0x00000726                main
 .text.libgcc.div
                0x0000085c       0x28 c:/program files (x86)/atmel/atmel toolchain/avr8 gcc/native/3.4.2.1002/avr8-gnu-toolchain/bin/../lib/gcc/avr/4.7.2/avr25\libgcc.a(_udivmodhi4.o)
                0x0000085c                __udivmodhi4
 .text.libgcc.div
                0x00000884       0x44 c:/program files (x86)/atmel/atmel toolchain/avr8 gcc/native/3.4.2.1002/avr8-gnu-toolchain/bin/../lib/gcc/avr/4.7.2/avr25\libgcc.a(_udivmodsi4.o)
                0x00000884                __udivmodsi4
 .text.avr-libc
                0x000008c8       0x1e c:/program files (x86)/atmel/atmel toolchain/avr8 gcc/native/3.4.2.1002/avr8-gnu-toolchain/bin/../lib/gcc/avr/4.7.2/../../../../avr/lib/avr25\libc.a(eerd_block_attiny4313.o)
                0x000008c8                __eerd_block_tn4313
                0x000008cc                __eerd_blraw_tn4313
                0x000008e6                . = ALIGN (0x2)
 *(.fini9)
 .fini9         0x000008e6        0x0 c:/program files (x86)/atmel/atmel toolchain/avr8 gcc/native/3.4.2.1002/avr8-gnu-toolchain/bin/../lib/gcc/avr/4.7.2/avr25\libgcc.a(_exit.o)
                0x000008e6                _exit
                0x000008e6                exit
 *(.fini9)
 *(.fini8)
 *(.fini8)
 *(.fini7)
 *(.fini7)
 *(.fini6)
 *(.fini6)
 *(.fini5)
 *(.fini5)
 *(.fini4)
 *(.fini4)
 *(.fini3)
 *(.fini3)
 *(.fini2)
 *(.fini2)
 *(.fini1)
 *(.fini1)
 *(.fini0)
 .fini0         0x000008e6        0x4 c:/program files (x86)/atmel/atmel toolchain/avr8 gcc/native/3.4.2.1002/avr8-gnu-toolchain/bin/../lib/gcc/avr/4.7.2/avr25\libgcc.a(_exit.o)
 *(.fini0)
                0x000008ea                _etext = .

.data           0x00800060       0x10 load address 0x000008ea
                0x00800060                PROVIDE (__data_start, .)
 *(.data)
 .data          0x00800060        0x0 c:/program files (x86)/atmel/atmel toolchain/avr8 gcc/native/3.4.2.1002/avr8-gnu-toolchain/bin/../lib/gcc/avr/4.7.2/../../../../avr/lib/avr25/crttn4313.o
 .data          0x00800060        0x0 _avrlib/buffer.o
 .data          0x00800060        0x0 _avrlib/encoder.o
 .data          0x00800060        0x0 _avrlib/timer.o
 .data          0x00800060        0x0 _avrlib/uart.o
 .data          0x00800060        0x0 global.o
 .data          0x00800060        0x0 MIDISysexBox.o
 .data          0x00800060        0x0 c:/program files (x86)/atmel/atmel toolchain/avr8 gcc/native/3.4.2.1002/avr8-gnu-toolchain/bin/../lib/gcc/avr/4.7.2/avr25\libgcc.a(_mulsi3.o)
 .data          0x00800060        0x0 c:/program files (x86)/atmel/atmel toolchain/avr8 gcc/native/3.4.2.1002/avr8-gnu-toolchain/bin/../lib/gcc/avr/4.7.2/avr25\libgcc.a(_udivmodhi4.o)
 .data          0x00800060        0x0 c:/program files (x86)/atmel/atmel toolchain/avr8 gcc/native/3.4.2.1002/avr8-gnu-toolchain/bin/../lib/gcc/avr/4.7.2/avr25\libgcc.a(_udivmodsi4.o)
 .data          0x00800060        0x0 c:/program files (x86)/atmel/atmel toolchain/avr8 gcc/native/3.4.2.1002/avr8-gnu-toolchain/bin/../lib/gcc/avr/4.7.2/avr25\libgcc.a(_divmodsi4.o)
 .data          0x00800060        0x0 c:/program files (x86)/atmel/atmel toolchain/avr8 gcc/native/3.4.2.1002/avr8-gnu-toolchain/bin/../lib/gcc/avr/4.7.2/avr25\libgcc.a(_exit.o)
 .data          0x00800060        0x0 c:/program files (x86)/atmel/atmel toolchain/avr8 gcc/native/3.4.2.1002/avr8-gnu-toolchain/bin/../lib/gcc/avr/4.7.2/avr25\libgcc.a(_copy_data.o)
 .data          0x00800060        0x0 c:/program files (x86)/atmel/atmel toolchain/avr8 gcc/native/3.4.2.1002/avr8-gnu-toolchain/bin/../lib/gcc/avr/4.7.2/avr25\libgcc.a(_clear_bss.o)
 .data          0x00800060        0x0 c:/program files (x86)/atmel/atmel toolchain/avr8 gcc/native/3.4.2.1002/avr8-gnu-toolchain/bin/../lib/gcc/avr/4.7.2/../../../../avr/lib/avr25\libc.a(eerd_block_attiny4313.o)
 *(.data*)
 .data.mParam   0x00800060       0x10 MIDISysexBox.o
                0x00800060                mParam
 *(.rodata)
 *(.rodata*)
 *(.gnu.linkonce.d*)
                0x00800070                . = ALIGN (0x2)
                0x00800070                _edata = .
                0x00800070                PROVIDE (__data_end, .)

.bss            0x00800070       0xb8
                0x00800070                PROVIDE (__bss_start, .)
 *(.bss)
 *(.bss*)
 .bss.TimerIntFunc
                0x00800070        0xe _avrlib/timer.o
 .bss.UartRxFunc
                0x0080007e        0x2 _avrlib/uart.o
 .bss.uartRxData
                0x00800080        0x0 _avrlib/uart.o
 .bss.uartTxData
                0x00800080       0x20 _avrlib/uart.o
 .bss.activeEncoder
                0x008000a0        0x1 MIDISysexBox.o
                0x008000a0                activeEncoder
 .bss.encoderValue
                0x008000a1        0x8 MIDISysexBox.o
                0x008000a1                encoderValue
 .bss.pageNumber
                0x008000a9        0x1 MIDISysexBox.o
                0x008000a9                pageNumber
 .bss.mValue    0x008000aa       0x54 MIDISysexBox.o
 *(COMMON)
 COMMON         0x008000fe        0xa _avrlib/encoder.o
                0x008000fe                EncoderState
                0x00800106                pEncoder
 COMMON         0x00800108        0xc _avrlib/timer.o
                0x00800108                Timer0Reg0
                0x0080010c                TimerPauseReg
                0x00800110                Timer2Reg0
 COMMON         0x00800114       0x14 _avrlib/uart.o
                0x00800114                uartReadyTx
                0x00800115                uartRxBuffer
                0x0080011d                uartBufferedTx
                0x0080011e                uartTxBuffer
                0x00800126                uartRxOverflow
                0x00800128                PROVIDE (__bss_end, .)
                0x000008ea                __data_load_start = LOADADDR (.data)
                0x000008fa                __data_load_end = (__data_load_start + SIZEOF (.data))

.noinit         0x00800128        0x0
                0x00800128                PROVIDE (__noinit_start, .)
 *(.noinit*)
                0x00800128                PROVIDE (__noinit_end, .)
                0x00800128                _end = .
                0x00800128                PROVIDE (__heap_start, .)

.eeprom         0x00810000       0xc0
 *(.eeprom*)
 .eeprom        0x00810000       0xc0 MIDISysexBox.o
                0x00810000                midirefs
                0x008100c0                __eeprom_end = .

.fuse
 *(.fuse)
 *(.lfuse)
 *(.hfuse)
 *(.efuse)

.lock
 *(.lock*)

.signature
 *(.signature*)

.user_signatures
 *(.user_signatures*)

.stab           0x00000000      0x7bc
 *(.stab)
 .stab          0x00000000      0x6cc c:/program files (x86)/atmel/atmel toolchain/avr8 gcc/native/3.4.2.1002/avr8-gnu-toolchain/bin/../lib/gcc/avr/4.7.2/../../../../avr/lib/avr25/crttn4313.o
 .stab          0x000006cc       0xf0 c:/program files (x86)/atmel/atmel toolchain/avr8 gcc/native/3.4.2.1002/avr8-gnu-toolchain/bin/../lib/gcc/avr/4.7.2/../../../../avr/lib/avr25\libc.a(eerd_block_attiny4313.o)
                                 0xfc (size before relaxing)

.stabstr        0x00000000      0x10d
 *(.stabstr)
 .stabstr       0x00000000      0x10d c:/program files (x86)/atmel/atmel toolchain/avr8 gcc/native/3.4.2.1002/avr8-gnu-toolchain/bin/../lib/gcc/avr/4.7.2/../../../../avr/lib/avr25/crttn4313.o

.stab.excl
 *(.stab.excl)

.stab.exclstr
 *(.stab.exclstr)

.stab.index
 *(.stab.index)

.stab.indexstr
 *(.stab.indexstr)

.comment        0x00000000       0x2f
 *(.comment)
 .comment       0x00000000       0x2f _avrlib/buffer.o
                                 0x30 (size before relaxing)
 .comment       0x00000000       0x30 _avrlib/encoder.o
 .comment       0x00000000       0x30 _avrlib/timer.o
 .comment       0x00000000       0x30 _avrlib/uart.o
 .comment       0x00000000       0x30 global.o
 .comment       0x00000000       0x30 MIDISysexBox.o

.debug
 *(.debug)

.line
 *(.line)

.debug_srcinfo
 *(.debug_srcinfo)

.debug_sfnames
 *(.debug_sfnames)

.debug_aranges  0x00000000      0x238
 *(.debug_aranges)
 .debug_aranges
                0x00000000       0x50 _avrlib/buffer.o
 .debug_aranges
                0x00000050       0x48 _avrlib/encoder.o
 .debug_aranges
                0x00000098       0xe8 _avrlib/timer.o
 .debug_aranges
                0x00000180       0x90 _avrlib/uart.o
 .debug_aranges
                0x00000210       0x28 MIDISysexBox.o

.debug_pubnames
 *(.debug_pubnames)

.debug_info     0x00000000     0x143f
 *(.debug_info)
 .debug_info    0x00000000      0x2f2 _avrlib/buffer.o
 .debug_info    0x000002f2      0x1dc _avrlib/encoder.o
 .debug_info    0x000004ce      0x5c0 _avrlib/timer.o
 .debug_info    0x00000a8e      0x56c _avrlib/uart.o
 .debug_info    0x00000ffa      0x445 MIDISysexBox.o
 *(.gnu.linkonce.wi.*)

.debug_abbrev   0x00000000      0x813
 *(.debug_abbrev)
 .debug_abbrev  0x00000000      0x106 _avrlib/buffer.o
 .debug_abbrev  0x00000106      0x12a _avrlib/encoder.o
 .debug_abbrev  0x00000230      0x216 _avrlib/timer.o
 .debug_abbrev  0x00000446      0x21b _avrlib/uart.o
 .debug_abbrev  0x00000661      0x1b2 MIDISysexBox.o

.debug_line     0x00000000      0xa86
 *(.debug_line)
 .debug_line    0x00000000      0x178 _avrlib/buffer.o
 .debug_line    0x00000178      0x174 _avrlib/encoder.o
 .debug_line    0x000002ec      0x2ff _avrlib/timer.o
 .debug_line    0x000005eb      0x216 _avrlib/uart.o
 .debug_line    0x00000801        0x0 global.o
 .debug_line    0x00000801      0x285 MIDISysexBox.o

.debug_frame    0x00000000      0x6c4
 *(.debug_frame)
 .debug_frame   0x00000000       0x90 _avrlib/buffer.o
 .debug_frame   0x00000090       0xd0 _avrlib/encoder.o
 .debug_frame   0x00000160      0x358 _avrlib/timer.o
 .debug_frame   0x000004b8      0x1c4 _avrlib/uart.o
 .debug_frame   0x0000067c       0x48 MIDISysexBox.o

.debug_str      0x00000000      0x737
 *(.debug_str)
 .debug_str     0x00000000      0x199 _avrlib/buffer.o
                                0x1e0 (size before relaxing)
 .debug_str     0x00000199       0xaf _avrlib/encoder.o
                                0x1b4 (size before relaxing)
 .debug_str     0x00000248      0x28f _avrlib/timer.o
                                0x387 (size before relaxing)
 .debug_str     0x000004d7      0x19e _avrlib/uart.o
                                0x301 (size before relaxing)
 .debug_str     0x00000675       0xc2 MIDISysexBox.o
                                0x243 (size before relaxing)

.debug_loc      0x00000000      0xe13
 *(.debug_loc)
 .debug_loc     0x00000000      0x1d8 _avrlib/buffer.o
 .debug_loc     0x000001d8      0x176 _avrlib/encoder.o
 .debug_loc     0x0000034e      0x6c5 _avrlib/timer.o
 .debug_loc     0x00000a13      0x34d _avrlib/uart.o
 .debug_loc     0x00000d60       0xb3 MIDISysexBox.o

.debug_macinfo
 *(.debug_macinfo)

.debug_pubtypes
 *(.debug_pubtypes)

.debug_ranges   0x00000000      0x200
 *(.debug_ranges)
 .debug_ranges  0x00000000       0x40 _avrlib/buffer.o
 .debug_ranges  0x00000040       0x38 _avrlib/encoder.o
 .debug_ranges  0x00000078       0xd8 _avrlib/timer.o
 .debug_ranges  0x00000150       0x80 _avrlib/uart.o
 .debug_ranges  0x000001d0       0x30 MIDISysexBox.o

.debug_macro
 *(.debug_macro)
OUTPUT(MIDISysexBox.elf elf32-avr)
LOAD linker stubs
