Archive member included because of file (symbol)

C:\Users\Matt\Boston_Audio_Projects\Boston_Audio_Projects\ARM\BAP_LPC8xx_lib\Debug\libBAP_LPC8xx_lib.a(BAP_Clk.o)
                              ./src/Etude-OpAmpADC.o (CoreClockInit_30Hz)
C:\Users\Matt\Documents\LPCXpresso_7.3.0_186\workspace\lpc_chip_8xx\Debug\liblpc_chip_8xx.a(chip_8xx.o)
                              C:\Users\Matt\Boston_Audio_Projects\Boston_Audio_Projects\ARM\BAP_LPC8xx_lib\Debug\libBAP_LPC8xx_lib.a(BAP_Clk.o) (SystemCoreClockUpdate)
C:\Users\Matt\Documents\LPCXpresso_7.3.0_186\workspace\lpc_chip_8xx\Debug\liblpc_chip_8xx.a(clock_8xx.o)
                              C:\Users\Matt\Documents\LPCXpresso_7.3.0_186\workspace\lpc_chip_8xx\Debug\liblpc_chip_8xx.a(chip_8xx.o) (Chip_Clock_GetSystemClockRate)
C:\Users\Matt\Documents\LPCXpresso_7.3.0_186\workspace\lpc_chip_8xx\Debug\liblpc_chip_8xx.a(sysinit_8xx.o)
                              ./src/sysinit.o (Chip_SystemInit)
C:\Users\Matt\Documents\LPCXpresso_7.3.0_186\workspace\lpc_chip_8xx\Debug\liblpc_chip_8xx.a(syscon_8xx.o)
                              C:\Users\Matt\Documents\LPCXpresso_7.3.0_186\workspace\lpc_chip_8xx\Debug\liblpc_chip_8xx.a(sysinit_8xx.o) (Chip_SYSCTL_PowerDown)
c:/nxp/lpcxpresso_7.3.0_186/lpcxpresso/tools/bin/../lib/gcc/arm-none-eabi/4.8.4/../../../../arm-none-eabi/lib/armv6-m\libcr_c.a(__weak__main.o)
                              ./src/cr_startup_lpc8xx.o (__main)
c:/nxp/lpcxpresso_7.3.0_186/lpcxpresso/tools/bin/../lib/gcc/arm-none-eabi/4.8.4/armv6-m\libcr_eabihelpers.a(division_32.o)
                              C:\Users\Matt\Documents\LPCXpresso_7.3.0_186\workspace\lpc_chip_8xx\Debug\liblpc_chip_8xx.a(clock_8xx.o) (__aeabi_uidiv)
c:/nxp/lpcxpresso_7.3.0_186/lpcxpresso/tools/bin/../lib/gcc/arm-none-eabi/4.8.4/armv6-m\libcr_eabihelpers.a(division_64.o)
                              C:\Users\Matt\Documents\LPCXpresso_7.3.0_186\workspace\lpc_chip_8xx\Debug\liblpc_chip_8xx.a(clock_8xx.o) (__aeabi_uldivmod)
c:/nxp/lpcxpresso_7.3.0_186/lpcxpresso/tools/bin/../lib/gcc/arm-none-eabi/4.8.4/armv6-m\libcr_eabihelpers.a(division_idiv0.o)
                              c:/nxp/lpcxpresso_7.3.0_186/lpcxpresso/tools/bin/../lib/gcc/arm-none-eabi/4.8.4/armv6-m\libcr_eabihelpers.a(division_32.o) (__aeabi_idiv0)

Allocating common symbols
Common symbol       size              file

SystemCoreClock     0x4               C:\Users\Matt\Documents\LPCXpresso_7.3.0_186\workspace\lpc_chip_8xx\Debug\liblpc_chip_8xx.a(chip_8xx.o)

Discarded input sections

 .group         0x00000000        0x8 ./src/Etude-OpAmpADC.o
 .group         0x00000000        0x8 ./src/Etude-OpAmpADC.o
 .group         0x00000000        0x8 ./src/Etude-OpAmpADC.o
 .group         0x00000000        0x8 ./src/Etude-OpAmpADC.o
 .group         0x00000000        0x8 ./src/Etude-OpAmpADC.o
 .group         0x00000000        0x8 ./src/Etude-OpAmpADC.o
 .group         0x00000000        0x8 ./src/Etude-OpAmpADC.o
 .group         0x00000000        0x8 ./src/Etude-OpAmpADC.o
 .group         0x00000000        0x8 ./src/Etude-OpAmpADC.o
 .group         0x00000000        0x8 ./src/Etude-OpAmpADC.o
 .group         0x00000000        0x8 ./src/Etude-OpAmpADC.o
 .group         0x00000000        0x8 ./src/Etude-OpAmpADC.o
 .group         0x00000000        0x8 ./src/Etude-OpAmpADC.o
 .group         0x00000000        0x8 ./src/Etude-OpAmpADC.o
 .group         0x00000000        0x8 ./src/Etude-OpAmpADC.o
 .group         0x00000000        0x8 ./src/Etude-OpAmpADC.o
 .group         0x00000000        0x8 ./src/Etude-OpAmpADC.o
 .group         0x00000000        0x8 ./src/Etude-OpAmpADC.o
 .group         0x00000000        0x8 ./src/Etude-OpAmpADC.o
 .group         0x00000000        0x8 ./src/Etude-OpAmpADC.o
 .group         0x00000000        0x8 ./src/Etude-OpAmpADC.o
 .group         0x00000000        0x8 ./src/Etude-OpAmpADC.o
 .group         0x00000000        0x8 ./src/Etude-OpAmpADC.o
 .group         0x00000000        0x8 ./src/Etude-OpAmpADC.o
 .group         0x00000000        0x8 ./src/Etude-OpAmpADC.o
 .group         0x00000000        0x8 ./src/Etude-OpAmpADC.o
 .group         0x00000000        0x8 ./src/Etude-OpAmpADC.o
 .group         0x00000000        0x8 ./src/Etude-OpAmpADC.o
 .group         0x00000000        0x8 ./src/Etude-OpAmpADC.o
 .group         0x00000000        0x8 ./src/Etude-OpAmpADC.o
 .group         0x00000000        0x8 ./src/Etude-OpAmpADC.o
 .group         0x00000000        0x8 ./src/Etude-OpAmpADC.o
 .group         0x00000000        0x8 ./src/Etude-OpAmpADC.o
 .group         0x00000000        0x8 ./src/Etude-OpAmpADC.o
 .group         0x00000000        0x8 ./src/Etude-OpAmpADC.o
 .group         0x00000000        0x8 ./src/Etude-OpAmpADC.o
 .group         0x00000000        0x8 ./src/Etude-OpAmpADC.o
 .group         0x00000000        0x8 ./src/Etude-OpAmpADC.o
 .group         0x00000000        0x8 ./src/Etude-OpAmpADC.o
 .text          0x00000000        0x0 ./src/Etude-OpAmpADC.o
 .data          0x00000000        0x0 ./src/Etude-OpAmpADC.o
 .bss           0x00000000        0x0 ./src/Etude-OpAmpADC.o
 .group         0x00000000        0x8 ./src/cr_startup_lpc8xx.o
 .text          0x00000000        0x0 ./src/cr_startup_lpc8xx.o
 .data          0x00000000        0x0 ./src/cr_startup_lpc8xx.o
 .bss           0x00000000        0x0 ./src/cr_startup_lpc8xx.o
 .debug_macro   0x00000000      0x84a ./src/cr_startup_lpc8xx.o
 .group         0x00000000        0x8 ./src/crp.o
 .group         0x00000000        0x8 ./src/crp.o
 .text          0x00000000        0x0 ./src/crp.o
 .data          0x00000000        0x0 ./src/crp.o
 .bss           0x00000000        0x0 ./src/crp.o
 .debug_macro   0x00000000      0x84a ./src/crp.o
 .group         0x00000000        0x8 ./src/mtb.o
 .text          0x00000000        0x0 ./src/mtb.o
 .data          0x00000000        0x0 ./src/mtb.o
 .bss           0x00000000        0x0 ./src/mtb.o
 .debug_info    0x00000000       0x21 ./src/mtb.o
 .debug_abbrev  0x00000000       0x13 ./src/mtb.o
 .debug_aranges
                0x00000000       0x18 ./src/mtb.o
 .debug_macro   0x00000000       0x11 ./src/mtb.o
 .debug_macro   0x00000000      0x84a ./src/mtb.o
 .debug_line    0x00000000       0x2d ./src/mtb.o
 .debug_str     0x00000000     0x2378 ./src/mtb.o
 .comment       0x00000000       0x71 ./src/mtb.o
 .ARM.attributes
                0x00000000       0x31 ./src/mtb.o
 .group         0x00000000        0x8 ./src/sysinit.o
 .group         0x00000000        0x8 ./src/sysinit.o
 .group         0x00000000        0x8 ./src/sysinit.o
 .group         0x00000000        0x8 ./src/sysinit.o
 .group         0x00000000        0x8 ./src/sysinit.o
 .group         0x00000000        0x8 ./src/sysinit.o
 .group         0x00000000        0x8 ./src/sysinit.o
 .group         0x00000000        0x8 ./src/sysinit.o
 .group         0x00000000        0x8 ./src/sysinit.o
 .group         0x00000000        0x8 ./src/sysinit.o
 .group         0x00000000        0x8 ./src/sysinit.o
 .group         0x00000000        0x8 ./src/sysinit.o
 .group         0x00000000        0x8 ./src/sysinit.o
 .group         0x00000000        0x8 ./src/sysinit.o
 .group         0x00000000        0x8 ./src/sysinit.o
 .group         0x00000000        0x8 ./src/sysinit.o
 .group         0x00000000        0x8 ./src/sysinit.o
 .group         0x00000000        0x8 ./src/sysinit.o
 .group         0x00000000        0x8 ./src/sysinit.o
 .group         0x00000000        0x8 ./src/sysinit.o
 .group         0x00000000        0x8 ./src/sysinit.o
 .group         0x00000000        0x8 ./src/sysinit.o
 .group         0x00000000        0x8 ./src/sysinit.o
 .group         0x00000000        0x8 ./src/sysinit.o
 .group         0x00000000        0x8 ./src/sysinit.o
 .group         0x00000000        0x8 ./src/sysinit.o
 .group         0x00000000        0x8 ./src/sysinit.o
 .group         0x00000000        0x8 ./src/sysinit.o
 .group         0x00000000        0x8 ./src/sysinit.o
 .group         0x00000000        0x8 ./src/sysinit.o
 .group         0x00000000        0x8 ./src/sysinit.o
 .group         0x00000000        0x8 ./src/sysinit.o
 .group         0x00000000        0x8 ./src/sysinit.o
 .group         0x00000000        0x8 ./src/sysinit.o
 .group         0x00000000        0x8 ./src/sysinit.o
 .text          0x00000000        0x0 ./src/sysinit.o
 .data          0x00000000        0x0 ./src/sysinit.o
 .bss           0x00000000        0x0 ./src/sysinit.o
 .debug_macro   0x00000000      0x84a ./src/sysinit.o
 .debug_macro   0x00000000       0x10 ./src/sysinit.o
 .debug_macro   0x00000000      0x122 ./src/sysinit.o
 .debug_macro   0x00000000      0x5b9 ./src/sysinit.o
 .debug_macro   0x00000000       0x22 ./src/sysinit.o
 .debug_macro   0x00000000       0x7b ./src/sysinit.o
 .debug_macro   0x00000000       0x10 ./src/sysinit.o
 .debug_macro   0x00000000       0x28 ./src/sysinit.o
 .debug_macro   0x00000000       0x3a ./src/sysinit.o
 .debug_macro   0x00000000       0x1f ./src/sysinit.o
 .debug_macro   0x00000000      0x250 ./src/sysinit.o
 .debug_macro   0x00000000      0x145 ./src/sysinit.o
 .debug_macro   0x00000000       0xca ./src/sysinit.o
 .debug_macro   0x00000000       0x6a ./src/sysinit.o
 .debug_macro   0x00000000       0x70 ./src/sysinit.o
 .debug_macro   0x00000000       0x28 ./src/sysinit.o
 .debug_macro   0x00000000      0x190 ./src/sysinit.o
 .debug_macro   0x00000000       0x1c ./src/sysinit.o
 .debug_macro   0x00000000       0x64 ./src/sysinit.o
 .debug_macro   0x00000000       0x10 ./src/sysinit.o
 .debug_macro   0x00000000       0x22 ./src/sysinit.o
 .debug_macro   0x00000000       0xb2 ./src/sysinit.o
 .debug_macro   0x00000000       0x58 ./src/sysinit.o
 .debug_macro   0x00000000       0x58 ./src/sysinit.o
 .debug_macro   0x00000000       0x6a ./src/sysinit.o
 .debug_macro   0x00000000       0x82 ./src/sysinit.o
 .debug_macro   0x00000000       0x16 ./src/sysinit.o
 .debug_macro   0x00000000      0x131 ./src/sysinit.o
 .debug_macro   0x00000000       0x22 ./src/sysinit.o
 .debug_macro   0x00000000       0x52 ./src/sysinit.o
 .debug_macro   0x00000000      0x181 ./src/sysinit.o
 .debug_macro   0x00000000      0x289 ./src/sysinit.o
 .debug_macro   0x00000000      0x28b ./src/sysinit.o
 .debug_macro   0x00000000       0x2e ./src/sysinit.o
 .debug_macro   0x00000000       0x22 ./src/sysinit.o
 .group         0x00000000        0x8 C:\Users\Matt\Boston_Audio_Projects\Boston_Audio_Projects\ARM\BAP_LPC8xx_lib\Debug\libBAP_LPC8xx_lib.a(BAP_Clk.o)
 .group         0x00000000        0x8 C:\Users\Matt\Boston_Audio_Projects\Boston_Audio_Projects\ARM\BAP_LPC8xx_lib\Debug\libBAP_LPC8xx_lib.a(BAP_Clk.o)
 .group         0x00000000        0x8 C:\Users\Matt\Boston_Audio_Projects\Boston_Audio_Projects\ARM\BAP_LPC8xx_lib\Debug\libBAP_LPC8xx_lib.a(BAP_Clk.o)
 .group         0x00000000        0x8 C:\Users\Matt\Boston_Audio_Projects\Boston_Audio_Projects\ARM\BAP_LPC8xx_lib\Debug\libBAP_LPC8xx_lib.a(BAP_Clk.o)
 .group         0x00000000        0x8 C:\Users\Matt\Boston_Audio_Projects\Boston_Audio_Projects\ARM\BAP_LPC8xx_lib\Debug\libBAP_LPC8xx_lib.a(BAP_Clk.o)
 .group         0x00000000        0x8 C:\Users\Matt\Boston_Audio_Projects\Boston_Audio_Projects\ARM\BAP_LPC8xx_lib\Debug\libBAP_LPC8xx_lib.a(BAP_Clk.o)
 .group         0x00000000        0x8 C:\Users\Matt\Boston_Audio_Projects\Boston_Audio_Projects\ARM\BAP_LPC8xx_lib\Debug\libBAP_LPC8xx_lib.a(BAP_Clk.o)
 .group         0x00000000        0x8 C:\Users\Matt\Boston_Audio_Projects\Boston_Audio_Projects\ARM\BAP_LPC8xx_lib\Debug\libBAP_LPC8xx_lib.a(BAP_Clk.o)
 .group         0x00000000        0x8 C:\Users\Matt\Boston_Audio_Projects\Boston_Audio_Projects\ARM\BAP_LPC8xx_lib\Debug\libBAP_LPC8xx_lib.a(BAP_Clk.o)
 .group         0x00000000        0x8 C:\Users\Matt\Boston_Audio_Projects\Boston_Audio_Projects\ARM\BAP_LPC8xx_lib\Debug\libBAP_LPC8xx_lib.a(BAP_Clk.o)
 .group         0x00000000        0x8 C:\Users\Matt\Boston_Audio_Projects\Boston_Audio_Projects\ARM\BAP_LPC8xx_lib\Debug\libBAP_LPC8xx_lib.a(BAP_Clk.o)
 .group         0x00000000        0x8 C:\Users\Matt\Boston_Audio_Projects\Boston_Audio_Projects\ARM\BAP_LPC8xx_lib\Debug\libBAP_LPC8xx_lib.a(BAP_Clk.o)
 .group         0x00000000        0x8 C:\Users\Matt\Boston_Audio_Projects\Boston_Audio_Projects\ARM\BAP_LPC8xx_lib\Debug\libBAP_LPC8xx_lib.a(BAP_Clk.o)
 .group         0x00000000        0x8 C:\Users\Matt\Boston_Audio_Projects\Boston_Audio_Projects\ARM\BAP_LPC8xx_lib\Debug\libBAP_LPC8xx_lib.a(BAP_Clk.o)
 .group         0x00000000        0x8 C:\Users\Matt\Boston_Audio_Projects\Boston_Audio_Projects\ARM\BAP_LPC8xx_lib\Debug\libBAP_LPC8xx_lib.a(BAP_Clk.o)
 .group         0x00000000        0x8 C:\Users\Matt\Boston_Audio_Projects\Boston_Audio_Projects\ARM\BAP_LPC8xx_lib\Debug\libBAP_LPC8xx_lib.a(BAP_Clk.o)
 .group         0x00000000        0x8 C:\Users\Matt\Boston_Audio_Projects\Boston_Audio_Projects\ARM\BAP_LPC8xx_lib\Debug\libBAP_LPC8xx_lib.a(BAP_Clk.o)
 .group         0x00000000        0x8 C:\Users\Matt\Boston_Audio_Projects\Boston_Audio_Projects\ARM\BAP_LPC8xx_lib\Debug\libBAP_LPC8xx_lib.a(BAP_Clk.o)
 .group         0x00000000        0x8 C:\Users\Matt\Boston_Audio_Projects\Boston_Audio_Projects\ARM\BAP_LPC8xx_lib\Debug\libBAP_LPC8xx_lib.a(BAP_Clk.o)
 .group         0x00000000        0x8 C:\Users\Matt\Boston_Audio_Projects\Boston_Audio_Projects\ARM\BAP_LPC8xx_lib\Debug\libBAP_LPC8xx_lib.a(BAP_Clk.o)
 .group         0x00000000        0x8 C:\Users\Matt\Boston_Audio_Projects\Boston_Audio_Projects\ARM\BAP_LPC8xx_lib\Debug\libBAP_LPC8xx_lib.a(BAP_Clk.o)
 .group         0x00000000        0x8 C:\Users\Matt\Boston_Audio_Projects\Boston_Audio_Projects\ARM\BAP_LPC8xx_lib\Debug\libBAP_LPC8xx_lib.a(BAP_Clk.o)
 .group         0x00000000        0x8 C:\Users\Matt\Boston_Audio_Projects\Boston_Audio_Projects\ARM\BAP_LPC8xx_lib\Debug\libBAP_LPC8xx_lib.a(BAP_Clk.o)
 .group         0x00000000        0x8 C:\Users\Matt\Boston_Audio_Projects\Boston_Audio_Projects\ARM\BAP_LPC8xx_lib\Debug\libBAP_LPC8xx_lib.a(BAP_Clk.o)
 .group         0x00000000        0x8 C:\Users\Matt\Boston_Audio_Projects\Boston_Audio_Projects\ARM\BAP_LPC8xx_lib\Debug\libBAP_LPC8xx_lib.a(BAP_Clk.o)
 .group         0x00000000        0x8 C:\Users\Matt\Boston_Audio_Projects\Boston_Audio_Projects\ARM\BAP_LPC8xx_lib\Debug\libBAP_LPC8xx_lib.a(BAP_Clk.o)
 .group         0x00000000        0x8 C:\Users\Matt\Boston_Audio_Projects\Boston_Audio_Projects\ARM\BAP_LPC8xx_lib\Debug\libBAP_LPC8xx_lib.a(BAP_Clk.o)
 .group         0x00000000        0x8 C:\Users\Matt\Boston_Audio_Projects\Boston_Audio_Projects\ARM\BAP_LPC8xx_lib\Debug\libBAP_LPC8xx_lib.a(BAP_Clk.o)
 .group         0x00000000        0x8 C:\Users\Matt\Boston_Audio_Projects\Boston_Audio_Projects\ARM\BAP_LPC8xx_lib\Debug\libBAP_LPC8xx_lib.a(BAP_Clk.o)
 .group         0x00000000        0x8 C:\Users\Matt\Boston_Audio_Projects\Boston_Audio_Projects\ARM\BAP_LPC8xx_lib\Debug\libBAP_LPC8xx_lib.a(BAP_Clk.o)
 .group         0x00000000        0x8 C:\Users\Matt\Boston_Audio_Projects\Boston_Audio_Projects\ARM\BAP_LPC8xx_lib\Debug\libBAP_LPC8xx_lib.a(BAP_Clk.o)
 .group         0x00000000        0x8 C:\Users\Matt\Boston_Audio_Projects\Boston_Audio_Projects\ARM\BAP_LPC8xx_lib\Debug\libBAP_LPC8xx_lib.a(BAP_Clk.o)
 .group         0x00000000        0x8 C:\Users\Matt\Boston_Audio_Projects\Boston_Audio_Projects\ARM\BAP_LPC8xx_lib\Debug\libBAP_LPC8xx_lib.a(BAP_Clk.o)
 .group         0x00000000        0x8 C:\Users\Matt\Boston_Audio_Projects\Boston_Audio_Projects\ARM\BAP_LPC8xx_lib\Debug\libBAP_LPC8xx_lib.a(BAP_Clk.o)
 .group         0x00000000        0x8 C:\Users\Matt\Boston_Audio_Projects\Boston_Audio_Projects\ARM\BAP_LPC8xx_lib\Debug\libBAP_LPC8xx_lib.a(BAP_Clk.o)
 .text          0x00000000        0x0 C:\Users\Matt\Boston_Audio_Projects\Boston_Audio_Projects\ARM\BAP_LPC8xx_lib\Debug\libBAP_LPC8xx_lib.a(BAP_Clk.o)
 .data          0x00000000        0x0 C:\Users\Matt\Boston_Audio_Projects\Boston_Audio_Projects\ARM\BAP_LPC8xx_lib\Debug\libBAP_LPC8xx_lib.a(BAP_Clk.o)
 .bss           0x00000000        0x0 C:\Users\Matt\Boston_Audio_Projects\Boston_Audio_Projects\ARM\BAP_LPC8xx_lib\Debug\libBAP_LPC8xx_lib.a(BAP_Clk.o)
 .debug_macro   0x00000000       0x10 C:\Users\Matt\Boston_Audio_Projects\Boston_Audio_Projects\ARM\BAP_LPC8xx_lib\Debug\libBAP_LPC8xx_lib.a(BAP_Clk.o)
 .debug_macro   0x00000000      0x122 C:\Users\Matt\Boston_Audio_Projects\Boston_Audio_Projects\ARM\BAP_LPC8xx_lib\Debug\libBAP_LPC8xx_lib.a(BAP_Clk.o)
 .debug_macro   0x00000000      0x5b9 C:\Users\Matt\Boston_Audio_Projects\Boston_Audio_Projects\ARM\BAP_LPC8xx_lib\Debug\libBAP_LPC8xx_lib.a(BAP_Clk.o)
 .debug_macro   0x00000000       0x22 C:\Users\Matt\Boston_Audio_Projects\Boston_Audio_Projects\ARM\BAP_LPC8xx_lib\Debug\libBAP_LPC8xx_lib.a(BAP_Clk.o)
 .debug_macro   0x00000000       0x7b C:\Users\Matt\Boston_Audio_Projects\Boston_Audio_Projects\ARM\BAP_LPC8xx_lib\Debug\libBAP_LPC8xx_lib.a(BAP_Clk.o)
 .debug_macro   0x00000000       0x10 C:\Users\Matt\Boston_Audio_Projects\Boston_Audio_Projects\ARM\BAP_LPC8xx_lib\Debug\libBAP_LPC8xx_lib.a(BAP_Clk.o)
 .debug_macro   0x00000000       0x28 C:\Users\Matt\Boston_Audio_Projects\Boston_Audio_Projects\ARM\BAP_LPC8xx_lib\Debug\libBAP_LPC8xx_lib.a(BAP_Clk.o)
 .debug_macro   0x00000000       0x3a C:\Users\Matt\Boston_Audio_Projects\Boston_Audio_Projects\ARM\BAP_LPC8xx_lib\Debug\libBAP_LPC8xx_lib.a(BAP_Clk.o)
 .debug_macro   0x00000000       0x1f C:\Users\Matt\Boston_Audio_Projects\Boston_Audio_Projects\ARM\BAP_LPC8xx_lib\Debug\libBAP_LPC8xx_lib.a(BAP_Clk.o)
 .debug_macro   0x00000000      0x250 C:\Users\Matt\Boston_Audio_Projects\Boston_Audio_Projects\ARM\BAP_LPC8xx_lib\Debug\libBAP_LPC8xx_lib.a(BAP_Clk.o)
 .debug_macro   0x00000000      0x145 C:\Users\Matt\Boston_Audio_Projects\Boston_Audio_Projects\ARM\BAP_LPC8xx_lib\Debug\libBAP_LPC8xx_lib.a(BAP_Clk.o)
 .debug_macro   0x00000000       0xca C:\Users\Matt\Boston_Audio_Projects\Boston_Audio_Projects\ARM\BAP_LPC8xx_lib\Debug\libBAP_LPC8xx_lib.a(BAP_Clk.o)
 .debug_macro   0x00000000       0x6a C:\Users\Matt\Boston_Audio_Projects\Boston_Audio_Projects\ARM\BAP_LPC8xx_lib\Debug\libBAP_LPC8xx_lib.a(BAP_Clk.o)
 .debug_macro   0x00000000       0x70 C:\Users\Matt\Boston_Audio_Projects\Boston_Audio_Projects\ARM\BAP_LPC8xx_lib\Debug\libBAP_LPC8xx_lib.a(BAP_Clk.o)
 .debug_macro   0x00000000       0x28 C:\Users\Matt\Boston_Audio_Projects\Boston_Audio_Projects\ARM\BAP_LPC8xx_lib\Debug\libBAP_LPC8xx_lib.a(BAP_Clk.o)
 .debug_macro   0x00000000      0x190 C:\Users\Matt\Boston_Audio_Projects\Boston_Audio_Projects\ARM\BAP_LPC8xx_lib\Debug\libBAP_LPC8xx_lib.a(BAP_Clk.o)
 .debug_macro   0x00000000       0x1c C:\Users\Matt\Boston_Audio_Projects\Boston_Audio_Projects\ARM\BAP_LPC8xx_lib\Debug\libBAP_LPC8xx_lib.a(BAP_Clk.o)
 .debug_macro   0x00000000       0x64 C:\Users\Matt\Boston_Audio_Projects\Boston_Audio_Projects\ARM\BAP_LPC8xx_lib\Debug\libBAP_LPC8xx_lib.a(BAP_Clk.o)
 .debug_macro   0x00000000       0x10 C:\Users\Matt\Boston_Audio_Projects\Boston_Audio_Projects\ARM\BAP_LPC8xx_lib\Debug\libBAP_LPC8xx_lib.a(BAP_Clk.o)
 .debug_macro   0x00000000       0x22 C:\Users\Matt\Boston_Audio_Projects\Boston_Audio_Projects\ARM\BAP_LPC8xx_lib\Debug\libBAP_LPC8xx_lib.a(BAP_Clk.o)
 .debug_macro   0x00000000       0xb2 C:\Users\Matt\Boston_Audio_Projects\Boston_Audio_Projects\ARM\BAP_LPC8xx_lib\Debug\libBAP_LPC8xx_lib.a(BAP_Clk.o)
 .debug_macro   0x00000000       0x58 C:\Users\Matt\Boston_Audio_Projects\Boston_Audio_Projects\ARM\BAP_LPC8xx_lib\Debug\libBAP_LPC8xx_lib.a(BAP_Clk.o)
 .debug_macro   0x00000000       0x58 C:\Users\Matt\Boston_Audio_Projects\Boston_Audio_Projects\ARM\BAP_LPC8xx_lib\Debug\libBAP_LPC8xx_lib.a(BAP_Clk.o)
 .debug_macro   0x00000000       0x6a C:\Users\Matt\Boston_Audio_Projects\Boston_Audio_Projects\ARM\BAP_LPC8xx_lib\Debug\libBAP_LPC8xx_lib.a(BAP_Clk.o)
 .debug_macro   0x00000000       0x82 C:\Users\Matt\Boston_Audio_Projects\Boston_Audio_Projects\ARM\BAP_LPC8xx_lib\Debug\libBAP_LPC8xx_lib.a(BAP_Clk.o)
 .debug_macro   0x00000000       0x16 C:\Users\Matt\Boston_Audio_Projects\Boston_Audio_Projects\ARM\BAP_LPC8xx_lib\Debug\libBAP_LPC8xx_lib.a(BAP_Clk.o)
 .debug_macro   0x00000000      0x131 C:\Users\Matt\Boston_Audio_Projects\Boston_Audio_Projects\ARM\BAP_LPC8xx_lib\Debug\libBAP_LPC8xx_lib.a(BAP_Clk.o)
 .debug_macro   0x00000000       0x22 C:\Users\Matt\Boston_Audio_Projects\Boston_Audio_Projects\ARM\BAP_LPC8xx_lib\Debug\libBAP_LPC8xx_lib.a(BAP_Clk.o)
 .debug_macro   0x00000000       0x52 C:\Users\Matt\Boston_Audio_Projects\Boston_Audio_Projects\ARM\BAP_LPC8xx_lib\Debug\libBAP_LPC8xx_lib.a(BAP_Clk.o)
 .debug_macro   0x00000000      0x181 C:\Users\Matt\Boston_Audio_Projects\Boston_Audio_Projects\ARM\BAP_LPC8xx_lib\Debug\libBAP_LPC8xx_lib.a(BAP_Clk.o)
 .debug_macro   0x00000000      0x289 C:\Users\Matt\Boston_Audio_Projects\Boston_Audio_Projects\ARM\BAP_LPC8xx_lib\Debug\libBAP_LPC8xx_lib.a(BAP_Clk.o)
 .debug_macro   0x00000000      0x28b C:\Users\Matt\Boston_Audio_Projects\Boston_Audio_Projects\ARM\BAP_LPC8xx_lib\Debug\libBAP_LPC8xx_lib.a(BAP_Clk.o)
 .debug_macro   0x00000000       0x2e C:\Users\Matt\Boston_Audio_Projects\Boston_Audio_Projects\ARM\BAP_LPC8xx_lib\Debug\libBAP_LPC8xx_lib.a(BAP_Clk.o)
 .debug_macro   0x00000000       0x22 C:\Users\Matt\Boston_Audio_Projects\Boston_Audio_Projects\ARM\BAP_LPC8xx_lib\Debug\libBAP_LPC8xx_lib.a(BAP_Clk.o)
 .group         0x00000000        0x8 C:\Users\Matt\Documents\LPCXpresso_7.3.0_186\workspace\lpc_chip_8xx\Debug\liblpc_chip_8xx.a(chip_8xx.o)
 .group         0x00000000        0x8 C:\Users\Matt\Documents\LPCXpresso_7.3.0_186\workspace\lpc_chip_8xx\Debug\liblpc_chip_8xx.a(chip_8xx.o)
 .group         0x00000000        0x8 C:\Users\Matt\Documents\LPCXpresso_7.3.0_186\workspace\lpc_chip_8xx\Debug\liblpc_chip_8xx.a(chip_8xx.o)
 .group         0x00000000        0x8 C:\Users\Matt\Documents\LPCXpresso_7.3.0_186\workspace\lpc_chip_8xx\Debug\liblpc_chip_8xx.a(chip_8xx.o)
 .group         0x00000000        0x8 C:\Users\Matt\Documents\LPCXpresso_7.3.0_186\workspace\lpc_chip_8xx\Debug\liblpc_chip_8xx.a(chip_8xx.o)
 .group         0x00000000        0x8 C:\Users\Matt\Documents\LPCXpresso_7.3.0_186\workspace\lpc_chip_8xx\Debug\liblpc_chip_8xx.a(chip_8xx.o)
 .group         0x00000000        0x8 C:\Users\Matt\Documents\LPCXpresso_7.3.0_186\workspace\lpc_chip_8xx\Debug\liblpc_chip_8xx.a(chip_8xx.o)
 .group         0x00000000        0x8 C:\Users\Matt\Documents\LPCXpresso_7.3.0_186\workspace\lpc_chip_8xx\Debug\liblpc_chip_8xx.a(chip_8xx.o)
 .group         0x00000000        0x8 C:\Users\Matt\Documents\LPCXpresso_7.3.0_186\workspace\lpc_chip_8xx\Debug\liblpc_chip_8xx.a(chip_8xx.o)
 .group         0x00000000        0x8 C:\Users\Matt\Documents\LPCXpresso_7.3.0_186\workspace\lpc_chip_8xx\Debug\liblpc_chip_8xx.a(chip_8xx.o)
 .group         0x00000000        0x8 C:\Users\Matt\Documents\LPCXpresso_7.3.0_186\workspace\lpc_chip_8xx\Debug\liblpc_chip_8xx.a(chip_8xx.o)
 .group         0x00000000        0x8 C:\Users\Matt\Documents\LPCXpresso_7.3.0_186\workspace\lpc_chip_8xx\Debug\liblpc_chip_8xx.a(chip_8xx.o)
 .group         0x00000000        0x8 C:\Users\Matt\Documents\LPCXpresso_7.3.0_186\workspace\lpc_chip_8xx\Debug\liblpc_chip_8xx.a(chip_8xx.o)
 .group         0x00000000        0x8 C:\Users\Matt\Documents\LPCXpresso_7.3.0_186\workspace\lpc_chip_8xx\Debug\liblpc_chip_8xx.a(chip_8xx.o)
 .group         0x00000000        0x8 C:\Users\Matt\Documents\LPCXpresso_7.3.0_186\workspace\lpc_chip_8xx\Debug\liblpc_chip_8xx.a(chip_8xx.o)
 .group         0x00000000        0x8 C:\Users\Matt\Documents\LPCXpresso_7.3.0_186\workspace\lpc_chip_8xx\Debug\liblpc_chip_8xx.a(chip_8xx.o)
 .group         0x00000000        0x8 C:\Users\Matt\Documents\LPCXpresso_7.3.0_186\workspace\lpc_chip_8xx\Debug\liblpc_chip_8xx.a(chip_8xx.o)
 .group         0x00000000        0x8 C:\Users\Matt\Documents\LPCXpresso_7.3.0_186\workspace\lpc_chip_8xx\Debug\liblpc_chip_8xx.a(chip_8xx.o)
 .group         0x00000000        0x8 C:\Users\Matt\Documents\LPCXpresso_7.3.0_186\workspace\lpc_chip_8xx\Debug\liblpc_chip_8xx.a(chip_8xx.o)
 .group         0x00000000        0x8 C:\Users\Matt\Documents\LPCXpresso_7.3.0_186\workspace\lpc_chip_8xx\Debug\liblpc_chip_8xx.a(chip_8xx.o)
 .group         0x00000000        0x8 C:\Users\Matt\Documents\LPCXpresso_7.3.0_186\workspace\lpc_chip_8xx\Debug\liblpc_chip_8xx.a(chip_8xx.o)
 .group         0x00000000        0x8 C:\Users\Matt\Documents\LPCXpresso_7.3.0_186\workspace\lpc_chip_8xx\Debug\liblpc_chip_8xx.a(chip_8xx.o)
 .group         0x00000000        0x8 C:\Users\Matt\Documents\LPCXpresso_7.3.0_186\workspace\lpc_chip_8xx\Debug\liblpc_chip_8xx.a(chip_8xx.o)
 .group         0x00000000        0x8 C:\Users\Matt\Documents\LPCXpresso_7.3.0_186\workspace\lpc_chip_8xx\Debug\liblpc_chip_8xx.a(chip_8xx.o)
 .group         0x00000000        0x8 C:\Users\Matt\Documents\LPCXpresso_7.3.0_186\workspace\lpc_chip_8xx\Debug\liblpc_chip_8xx.a(chip_8xx.o)
 .group         0x00000000        0x8 C:\Users\Matt\Documents\LPCXpresso_7.3.0_186\workspace\lpc_chip_8xx\Debug\liblpc_chip_8xx.a(chip_8xx.o)
 .group         0x00000000        0x8 C:\Users\Matt\Documents\LPCXpresso_7.3.0_186\workspace\lpc_chip_8xx\Debug\liblpc_chip_8xx.a(chip_8xx.o)
 .group         0x00000000        0x8 C:\Users\Matt\Documents\LPCXpresso_7.3.0_186\workspace\lpc_chip_8xx\Debug\liblpc_chip_8xx.a(chip_8xx.o)
 .group         0x00000000        0x8 C:\Users\Matt\Documents\LPCXpresso_7.3.0_186\workspace\lpc_chip_8xx\Debug\liblpc_chip_8xx.a(chip_8xx.o)
 .group         0x00000000        0x8 C:\Users\Matt\Documents\LPCXpresso_7.3.0_186\workspace\lpc_chip_8xx\Debug\liblpc_chip_8xx.a(chip_8xx.o)
 .group         0x00000000        0x8 C:\Users\Matt\Documents\LPCXpresso_7.3.0_186\workspace\lpc_chip_8xx\Debug\liblpc_chip_8xx.a(chip_8xx.o)
 .group         0x00000000        0x8 C:\Users\Matt\Documents\LPCXpresso_7.3.0_186\workspace\lpc_chip_8xx\Debug\liblpc_chip_8xx.a(chip_8xx.o)
 .group         0x00000000        0x8 C:\Users\Matt\Documents\LPCXpresso_7.3.0_186\workspace\lpc_chip_8xx\Debug\liblpc_chip_8xx.a(chip_8xx.o)
 .group         0x00000000        0x8 C:\Users\Matt\Documents\LPCXpresso_7.3.0_186\workspace\lpc_chip_8xx\Debug\liblpc_chip_8xx.a(chip_8xx.o)
 .group         0x00000000        0x8 C:\Users\Matt\Documents\LPCXpresso_7.3.0_186\workspace\lpc_chip_8xx\Debug\liblpc_chip_8xx.a(chip_8xx.o)
 .text          0x00000000        0x0 C:\Users\Matt\Documents\LPCXpresso_7.3.0_186\workspace\lpc_chip_8xx\Debug\liblpc_chip_8xx.a(chip_8xx.o)
 .data          0x00000000        0x0 C:\Users\Matt\Documents\LPCXpresso_7.3.0_186\workspace\lpc_chip_8xx\Debug\liblpc_chip_8xx.a(chip_8xx.o)
 .bss           0x00000000        0x0 C:\Users\Matt\Documents\LPCXpresso_7.3.0_186\workspace\lpc_chip_8xx\Debug\liblpc_chip_8xx.a(chip_8xx.o)
 .debug_macro   0x00000000       0x10 C:\Users\Matt\Documents\LPCXpresso_7.3.0_186\workspace\lpc_chip_8xx\Debug\liblpc_chip_8xx.a(chip_8xx.o)
 .debug_macro   0x00000000      0x122 C:\Users\Matt\Documents\LPCXpresso_7.3.0_186\workspace\lpc_chip_8xx\Debug\liblpc_chip_8xx.a(chip_8xx.o)
 .debug_macro   0x00000000      0x5b9 C:\Users\Matt\Documents\LPCXpresso_7.3.0_186\workspace\lpc_chip_8xx\Debug\liblpc_chip_8xx.a(chip_8xx.o)
 .debug_macro   0x00000000       0x22 C:\Users\Matt\Documents\LPCXpresso_7.3.0_186\workspace\lpc_chip_8xx\Debug\liblpc_chip_8xx.a(chip_8xx.o)
 .debug_macro   0x00000000       0x7b C:\Users\Matt\Documents\LPCXpresso_7.3.0_186\workspace\lpc_chip_8xx\Debug\liblpc_chip_8xx.a(chip_8xx.o)
 .debug_macro   0x00000000       0x10 C:\Users\Matt\Documents\LPCXpresso_7.3.0_186\workspace\lpc_chip_8xx\Debug\liblpc_chip_8xx.a(chip_8xx.o)
 .debug_macro   0x00000000       0x28 C:\Users\Matt\Documents\LPCXpresso_7.3.0_186\workspace\lpc_chip_8xx\Debug\liblpc_chip_8xx.a(chip_8xx.o)
 .debug_macro   0x00000000       0x3a C:\Users\Matt\Documents\LPCXpresso_7.3.0_186\workspace\lpc_chip_8xx\Debug\liblpc_chip_8xx.a(chip_8xx.o)
 .debug_macro   0x00000000       0x1f C:\Users\Matt\Documents\LPCXpresso_7.3.0_186\workspace\lpc_chip_8xx\Debug\liblpc_chip_8xx.a(chip_8xx.o)
 .debug_macro   0x00000000      0x250 C:\Users\Matt\Documents\LPCXpresso_7.3.0_186\workspace\lpc_chip_8xx\Debug\liblpc_chip_8xx.a(chip_8xx.o)
 .debug_macro   0x00000000      0x145 C:\Users\Matt\Documents\LPCXpresso_7.3.0_186\workspace\lpc_chip_8xx\Debug\liblpc_chip_8xx.a(chip_8xx.o)
 .debug_macro   0x00000000       0xca C:\Users\Matt\Documents\LPCXpresso_7.3.0_186\workspace\lpc_chip_8xx\Debug\liblpc_chip_8xx.a(chip_8xx.o)
 .debug_macro   0x00000000       0x6a C:\Users\Matt\Documents\LPCXpresso_7.3.0_186\workspace\lpc_chip_8xx\Debug\liblpc_chip_8xx.a(chip_8xx.o)
 .debug_macro   0x00000000       0x70 C:\Users\Matt\Documents\LPCXpresso_7.3.0_186\workspace\lpc_chip_8xx\Debug\liblpc_chip_8xx.a(chip_8xx.o)
 .debug_macro   0x00000000       0x28 C:\Users\Matt\Documents\LPCXpresso_7.3.0_186\workspace\lpc_chip_8xx\Debug\liblpc_chip_8xx.a(chip_8xx.o)
 .debug_macro   0x00000000      0x190 C:\Users\Matt\Documents\LPCXpresso_7.3.0_186\workspace\lpc_chip_8xx\Debug\liblpc_chip_8xx.a(chip_8xx.o)
 .debug_macro   0x00000000       0x1c C:\Users\Matt\Documents\LPCXpresso_7.3.0_186\workspace\lpc_chip_8xx\Debug\liblpc_chip_8xx.a(chip_8xx.o)
 .debug_macro   0x00000000       0x64 C:\Users\Matt\Documents\LPCXpresso_7.3.0_186\workspace\lpc_chip_8xx\Debug\liblpc_chip_8xx.a(chip_8xx.o)
 .debug_macro   0x00000000       0x10 C:\Users\Matt\Documents\LPCXpresso_7.3.0_186\workspace\lpc_chip_8xx\Debug\liblpc_chip_8xx.a(chip_8xx.o)
 .debug_macro   0x00000000       0x22 C:\Users\Matt\Documents\LPCXpresso_7.3.0_186\workspace\lpc_chip_8xx\Debug\liblpc_chip_8xx.a(chip_8xx.o)
 .debug_macro   0x00000000       0xb2 C:\Users\Matt\Documents\LPCXpresso_7.3.0_186\workspace\lpc_chip_8xx\Debug\liblpc_chip_8xx.a(chip_8xx.o)
 .debug_macro   0x00000000       0x58 C:\Users\Matt\Documents\LPCXpresso_7.3.0_186\workspace\lpc_chip_8xx\Debug\liblpc_chip_8xx.a(chip_8xx.o)
 .debug_macro   0x00000000       0x58 C:\Users\Matt\Documents\LPCXpresso_7.3.0_186\workspace\lpc_chip_8xx\Debug\liblpc_chip_8xx.a(chip_8xx.o)
 .debug_macro   0x00000000       0x6a C:\Users\Matt\Documents\LPCXpresso_7.3.0_186\workspace\lpc_chip_8xx\Debug\liblpc_chip_8xx.a(chip_8xx.o)
 .debug_macro   0x00000000       0x82 C:\Users\Matt\Documents\LPCXpresso_7.3.0_186\workspace\lpc_chip_8xx\Debug\liblpc_chip_8xx.a(chip_8xx.o)
 .debug_macro   0x00000000       0x16 C:\Users\Matt\Documents\LPCXpresso_7.3.0_186\workspace\lpc_chip_8xx\Debug\liblpc_chip_8xx.a(chip_8xx.o)
 .debug_macro   0x00000000      0x131 C:\Users\Matt\Documents\LPCXpresso_7.3.0_186\workspace\lpc_chip_8xx\Debug\liblpc_chip_8xx.a(chip_8xx.o)
 .debug_macro   0x00000000       0x22 C:\Users\Matt\Documents\LPCXpresso_7.3.0_186\workspace\lpc_chip_8xx\Debug\liblpc_chip_8xx.a(chip_8xx.o)
 .debug_macro   0x00000000       0x52 C:\Users\Matt\Documents\LPCXpresso_7.3.0_186\workspace\lpc_chip_8xx\Debug\liblpc_chip_8xx.a(chip_8xx.o)
 .debug_macro   0x00000000      0x181 C:\Users\Matt\Documents\LPCXpresso_7.3.0_186\workspace\lpc_chip_8xx\Debug\liblpc_chip_8xx.a(chip_8xx.o)
 .debug_macro   0x00000000      0x289 C:\Users\Matt\Documents\LPCXpresso_7.3.0_186\workspace\lpc_chip_8xx\Debug\liblpc_chip_8xx.a(chip_8xx.o)
 .debug_macro   0x00000000      0x28b C:\Users\Matt\Documents\LPCXpresso_7.3.0_186\workspace\lpc_chip_8xx\Debug\liblpc_chip_8xx.a(chip_8xx.o)
 .debug_macro   0x00000000       0x2e C:\Users\Matt\Documents\LPCXpresso_7.3.0_186\workspace\lpc_chip_8xx\Debug\liblpc_chip_8xx.a(chip_8xx.o)
 .debug_macro   0x00000000       0x22 C:\Users\Matt\Documents\LPCXpresso_7.3.0_186\workspace\lpc_chip_8xx\Debug\liblpc_chip_8xx.a(chip_8xx.o)
 .group         0x00000000        0x8 C:\Users\Matt\Documents\LPCXpresso_7.3.0_186\workspace\lpc_chip_8xx\Debug\liblpc_chip_8xx.a(clock_8xx.o)
 .group         0x00000000        0x8 C:\Users\Matt\Documents\LPCXpresso_7.3.0_186\workspace\lpc_chip_8xx\Debug\liblpc_chip_8xx.a(clock_8xx.o)
 .group         0x00000000        0x8 C:\Users\Matt\Documents\LPCXpresso_7.3.0_186\workspace\lpc_chip_8xx\Debug\liblpc_chip_8xx.a(clock_8xx.o)
 .group         0x00000000        0x8 C:\Users\Matt\Documents\LPCXpresso_7.3.0_186\workspace\lpc_chip_8xx\Debug\liblpc_chip_8xx.a(clock_8xx.o)
 .group         0x00000000        0x8 C:\Users\Matt\Documents\LPCXpresso_7.3.0_186\workspace\lpc_chip_8xx\Debug\liblpc_chip_8xx.a(clock_8xx.o)
 .group         0x00000000        0x8 C:\Users\Matt\Documents\LPCXpresso_7.3.0_186\workspace\lpc_chip_8xx\Debug\liblpc_chip_8xx.a(clock_8xx.o)
 .group         0x00000000        0x8 C:\Users\Matt\Documents\LPCXpresso_7.3.0_186\workspace\lpc_chip_8xx\Debug\liblpc_chip_8xx.a(clock_8xx.o)
 .group         0x00000000        0x8 C:\Users\Matt\Documents\LPCXpresso_7.3.0_186\workspace\lpc_chip_8xx\Debug\liblpc_chip_8xx.a(clock_8xx.o)
 .group         0x00000000        0x8 C:\Users\Matt\Documents\LPCXpresso_7.3.0_186\workspace\lpc_chip_8xx\Debug\liblpc_chip_8xx.a(clock_8xx.o)
 .group         0x00000000        0x8 C:\Users\Matt\Documents\LPCXpresso_7.3.0_186\workspace\lpc_chip_8xx\Debug\liblpc_chip_8xx.a(clock_8xx.o)
 .group         0x00000000        0x8 C:\Users\Matt\Documents\LPCXpresso_7.3.0_186\workspace\lpc_chip_8xx\Debug\liblpc_chip_8xx.a(clock_8xx.o)
 .group         0x00000000        0x8 C:\Users\Matt\Documents\LPCXpresso_7.3.0_186\workspace\lpc_chip_8xx\Debug\liblpc_chip_8xx.a(clock_8xx.o)
 .group         0x00000000        0x8 C:\Users\Matt\Documents\LPCXpresso_7.3.0_186\workspace\lpc_chip_8xx\Debug\liblpc_chip_8xx.a(clock_8xx.o)
 .group         0x00000000        0x8 C:\Users\Matt\Documents\LPCXpresso_7.3.0_186\workspace\lpc_chip_8xx\Debug\liblpc_chip_8xx.a(clock_8xx.o)
 .group         0x00000000        0x8 C:\Users\Matt\Documents\LPCXpresso_7.3.0_186\workspace\lpc_chip_8xx\Debug\liblpc_chip_8xx.a(clock_8xx.o)
 .group         0x00000000        0x8 C:\Users\Matt\Documents\LPCXpresso_7.3.0_186\workspace\lpc_chip_8xx\Debug\liblpc_chip_8xx.a(clock_8xx.o)
 .group         0x00000000        0x8 C:\Users\Matt\Documents\LPCXpresso_7.3.0_186\workspace\lpc_chip_8xx\Debug\liblpc_chip_8xx.a(clock_8xx.o)
 .group         0x00000000        0x8 C:\Users\Matt\Documents\LPCXpresso_7.3.0_186\workspace\lpc_chip_8xx\Debug\liblpc_chip_8xx.a(clock_8xx.o)
 .group         0x00000000        0x8 C:\Users\Matt\Documents\LPCXpresso_7.3.0_186\workspace\lpc_chip_8xx\Debug\liblpc_chip_8xx.a(clock_8xx.o)
 .group         0x00000000        0x8 C:\Users\Matt\Documents\LPCXpresso_7.3.0_186\workspace\lpc_chip_8xx\Debug\liblpc_chip_8xx.a(clock_8xx.o)
 .group         0x00000000        0x8 C:\Users\Matt\Documents\LPCXpresso_7.3.0_186\workspace\lpc_chip_8xx\Debug\liblpc_chip_8xx.a(clock_8xx.o)
 .group         0x00000000        0x8 C:\Users\Matt\Documents\LPCXpresso_7.3.0_186\workspace\lpc_chip_8xx\Debug\liblpc_chip_8xx.a(clock_8xx.o)
 .group         0x00000000        0x8 C:\Users\Matt\Documents\LPCXpresso_7.3.0_186\workspace\lpc_chip_8xx\Debug\liblpc_chip_8xx.a(clock_8xx.o)
 .group         0x00000000        0x8 C:\Users\Matt\Documents\LPCXpresso_7.3.0_186\workspace\lpc_chip_8xx\Debug\liblpc_chip_8xx.a(clock_8xx.o)
 .group         0x00000000        0x8 C:\Users\Matt\Documents\LPCXpresso_7.3.0_186\workspace\lpc_chip_8xx\Debug\liblpc_chip_8xx.a(clock_8xx.o)
 .group         0x00000000        0x8 C:\Users\Matt\Documents\LPCXpresso_7.3.0_186\workspace\lpc_chip_8xx\Debug\liblpc_chip_8xx.a(clock_8xx.o)
 .group         0x00000000        0x8 C:\Users\Matt\Documents\LPCXpresso_7.3.0_186\workspace\lpc_chip_8xx\Debug\liblpc_chip_8xx.a(clock_8xx.o)
 .group         0x00000000        0x8 C:\Users\Matt\Documents\LPCXpresso_7.3.0_186\workspace\lpc_chip_8xx\Debug\liblpc_chip_8xx.a(clock_8xx.o)
 .group         0x00000000        0x8 C:\Users\Matt\Documents\LPCXpresso_7.3.0_186\workspace\lpc_chip_8xx\Debug\liblpc_chip_8xx.a(clock_8xx.o)
 .group         0x00000000        0x8 C:\Users\Matt\Documents\LPCXpresso_7.3.0_186\workspace\lpc_chip_8xx\Debug\liblpc_chip_8xx.a(clock_8xx.o)
 .group         0x00000000        0x8 C:\Users\Matt\Documents\LPCXpresso_7.3.0_186\workspace\lpc_chip_8xx\Debug\liblpc_chip_8xx.a(clock_8xx.o)
 .group         0x00000000        0x8 C:\Users\Matt\Documents\LPCXpresso_7.3.0_186\workspace\lpc_chip_8xx\Debug\liblpc_chip_8xx.a(clock_8xx.o)
 .group         0x00000000        0x8 C:\Users\Matt\Documents\LPCXpresso_7.3.0_186\workspace\lpc_chip_8xx\Debug\liblpc_chip_8xx.a(clock_8xx.o)
 .group         0x00000000        0x8 C:\Users\Matt\Documents\LPCXpresso_7.3.0_186\workspace\lpc_chip_8xx\Debug\liblpc_chip_8xx.a(clock_8xx.o)
 .group         0x00000000        0x8 C:\Users\Matt\Documents\LPCXpresso_7.3.0_186\workspace\lpc_chip_8xx\Debug\liblpc_chip_8xx.a(clock_8xx.o)
 .text          0x00000000        0x0 C:\Users\Matt\Documents\LPCXpresso_7.3.0_186\workspace\lpc_chip_8xx\Debug\liblpc_chip_8xx.a(clock_8xx.o)
 .data          0x00000000        0x0 C:\Users\Matt\Documents\LPCXpresso_7.3.0_186\workspace\lpc_chip_8xx\Debug\liblpc_chip_8xx.a(clock_8xx.o)
 .bss           0x00000000        0x0 C:\Users\Matt\Documents\LPCXpresso_7.3.0_186\workspace\lpc_chip_8xx\Debug\liblpc_chip_8xx.a(clock_8xx.o)
 .text.Chip_Clock_SetPLLBypass
                0x00000000       0x1c C:\Users\Matt\Documents\LPCXpresso_7.3.0_186\workspace\lpc_chip_8xx\Debug\liblpc_chip_8xx.a(clock_8xx.o)
 .text.Chip_Clock_SetCLKOUTSource
                0x00000000       0x1c C:\Users\Matt\Documents\LPCXpresso_7.3.0_186\workspace\lpc_chip_8xx\Debug\liblpc_chip_8xx.a(clock_8xx.o)
 .text.Chip_Clock_GetUSARTNBaseClockRate
                0x00000000       0x4c C:\Users\Matt\Documents\LPCXpresso_7.3.0_186\workspace\lpc_chip_8xx\Debug\liblpc_chip_8xx.a(clock_8xx.o)
 .text.Chip_Clock_SetUSARTNBaseClockRate
                0x00000000       0x70 C:\Users\Matt\Documents\LPCXpresso_7.3.0_186\workspace\lpc_chip_8xx\Debug\liblpc_chip_8xx.a(clock_8xx.o)
 .text.Chip_Clock_GetIOCONCLKDIVClockRate
                0x00000000       0x28 C:\Users\Matt\Documents\LPCXpresso_7.3.0_186\workspace\lpc_chip_8xx\Debug\liblpc_chip_8xx.a(clock_8xx.o)
 .text.Chip_Clock_SetIOCONCLKDIV
                0x00000000       0x14 C:\Users\Matt\Documents\LPCXpresso_7.3.0_186\workspace\lpc_chip_8xx\Debug\liblpc_chip_8xx.a(clock_8xx.o)
 .debug_macro   0x00000000      0x81a C:\Users\Matt\Documents\LPCXpresso_7.3.0_186\workspace\lpc_chip_8xx\Debug\liblpc_chip_8xx.a(clock_8xx.o)
 .debug_macro   0x00000000       0x10 C:\Users\Matt\Documents\LPCXpresso_7.3.0_186\workspace\lpc_chip_8xx\Debug\liblpc_chip_8xx.a(clock_8xx.o)
 .debug_macro   0x00000000      0x122 C:\Users\Matt\Documents\LPCXpresso_7.3.0_186\workspace\lpc_chip_8xx\Debug\liblpc_chip_8xx.a(clock_8xx.o)
 .debug_macro   0x00000000      0x5b9 C:\Users\Matt\Documents\LPCXpresso_7.3.0_186\workspace\lpc_chip_8xx\Debug\liblpc_chip_8xx.a(clock_8xx.o)
 .debug_macro   0x00000000       0x22 C:\Users\Matt\Documents\LPCXpresso_7.3.0_186\workspace\lpc_chip_8xx\Debug\liblpc_chip_8xx.a(clock_8xx.o)
 .debug_macro   0x00000000       0x7b C:\Users\Matt\Documents\LPCXpresso_7.3.0_186\workspace\lpc_chip_8xx\Debug\liblpc_chip_8xx.a(clock_8xx.o)
 .debug_macro   0x00000000       0x10 C:\Users\Matt\Documents\LPCXpresso_7.3.0_186\workspace\lpc_chip_8xx\Debug\liblpc_chip_8xx.a(clock_8xx.o)
 .debug_macro   0x00000000       0x28 C:\Users\Matt\Documents\LPCXpresso_7.3.0_186\workspace\lpc_chip_8xx\Debug\liblpc_chip_8xx.a(clock_8xx.o)
 .debug_macro   0x00000000       0x3a C:\Users\Matt\Documents\LPCXpresso_7.3.0_186\workspace\lpc_chip_8xx\Debug\liblpc_chip_8xx.a(clock_8xx.o)
 .debug_macro   0x00000000       0x1f C:\Users\Matt\Documents\LPCXpresso_7.3.0_186\workspace\lpc_chip_8xx\Debug\liblpc_chip_8xx.a(clock_8xx.o)
 .debug_macro   0x00000000      0x250 C:\Users\Matt\Documents\LPCXpresso_7.3.0_186\workspace\lpc_chip_8xx\Debug\liblpc_chip_8xx.a(clock_8xx.o)
 .debug_macro   0x00000000      0x145 C:\Users\Matt\Documents\LPCXpresso_7.3.0_186\workspace\lpc_chip_8xx\Debug\liblpc_chip_8xx.a(clock_8xx.o)
 .debug_macro   0x00000000       0xca C:\Users\Matt\Documents\LPCXpresso_7.3.0_186\workspace\lpc_chip_8xx\Debug\liblpc_chip_8xx.a(clock_8xx.o)
 .debug_macro   0x00000000       0x6a C:\Users\Matt\Documents\LPCXpresso_7.3.0_186\workspace\lpc_chip_8xx\Debug\liblpc_chip_8xx.a(clock_8xx.o)
 .debug_macro   0x00000000       0x70 C:\Users\Matt\Documents\LPCXpresso_7.3.0_186\workspace\lpc_chip_8xx\Debug\liblpc_chip_8xx.a(clock_8xx.o)
 .debug_macro   0x00000000       0x28 C:\Users\Matt\Documents\LPCXpresso_7.3.0_186\workspace\lpc_chip_8xx\Debug\liblpc_chip_8xx.a(clock_8xx.o)
 .debug_macro   0x00000000      0x190 C:\Users\Matt\Documents\LPCXpresso_7.3.0_186\workspace\lpc_chip_8xx\Debug\liblpc_chip_8xx.a(clock_8xx.o)
 .debug_macro   0x00000000       0x1c C:\Users\Matt\Documents\LPCXpresso_7.3.0_186\workspace\lpc_chip_8xx\Debug\liblpc_chip_8xx.a(clock_8xx.o)
 .debug_macro   0x00000000       0x64 C:\Users\Matt\Documents\LPCXpresso_7.3.0_186\workspace\lpc_chip_8xx\Debug\liblpc_chip_8xx.a(clock_8xx.o)
 .debug_macro   0x00000000       0x10 C:\Users\Matt\Documents\LPCXpresso_7.3.0_186\workspace\lpc_chip_8xx\Debug\liblpc_chip_8xx.a(clock_8xx.o)
 .debug_macro   0x00000000       0x22 C:\Users\Matt\Documents\LPCXpresso_7.3.0_186\workspace\lpc_chip_8xx\Debug\liblpc_chip_8xx.a(clock_8xx.o)
 .debug_macro   0x00000000       0xb2 C:\Users\Matt\Documents\LPCXpresso_7.3.0_186\workspace\lpc_chip_8xx\Debug\liblpc_chip_8xx.a(clock_8xx.o)
 .debug_macro   0x00000000       0x58 C:\Users\Matt\Documents\LPCXpresso_7.3.0_186\workspace\lpc_chip_8xx\Debug\liblpc_chip_8xx.a(clock_8xx.o)
 .debug_macro   0x00000000       0x58 C:\Users\Matt\Documents\LPCXpresso_7.3.0_186\workspace\lpc_chip_8xx\Debug\liblpc_chip_8xx.a(clock_8xx.o)
 .debug_macro   0x00000000       0x6a C:\Users\Matt\Documents\LPCXpresso_7.3.0_186\workspace\lpc_chip_8xx\Debug\liblpc_chip_8xx.a(clock_8xx.o)
 .debug_macro   0x00000000       0x82 C:\Users\Matt\Documents\LPCXpresso_7.3.0_186\workspace\lpc_chip_8xx\Debug\liblpc_chip_8xx.a(clock_8xx.o)
 .debug_macro   0x00000000       0x16 C:\Users\Matt\Documents\LPCXpresso_7.3.0_186\workspace\lpc_chip_8xx\Debug\liblpc_chip_8xx.a(clock_8xx.o)
 .debug_macro   0x00000000      0x131 C:\Users\Matt\Documents\LPCXpresso_7.3.0_186\workspace\lpc_chip_8xx\Debug\liblpc_chip_8xx.a(clock_8xx.o)
 .debug_macro   0x00000000       0x22 C:\Users\Matt\Documents\LPCXpresso_7.3.0_186\workspace\lpc_chip_8xx\Debug\liblpc_chip_8xx.a(clock_8xx.o)
 .debug_macro   0x00000000       0x52 C:\Users\Matt\Documents\LPCXpresso_7.3.0_186\workspace\lpc_chip_8xx\Debug\liblpc_chip_8xx.a(clock_8xx.o)
 .debug_macro   0x00000000      0x181 C:\Users\Matt\Documents\LPCXpresso_7.3.0_186\workspace\lpc_chip_8xx\Debug\liblpc_chip_8xx.a(clock_8xx.o)
 .debug_macro   0x00000000      0x289 C:\Users\Matt\Documents\LPCXpresso_7.3.0_186\workspace\lpc_chip_8xx\Debug\liblpc_chip_8xx.a(clock_8xx.o)
 .debug_macro   0x00000000      0x28b C:\Users\Matt\Documents\LPCXpresso_7.3.0_186\workspace\lpc_chip_8xx\Debug\liblpc_chip_8xx.a(clock_8xx.o)
 .debug_macro   0x00000000       0x2e C:\Users\Matt\Documents\LPCXpresso_7.3.0_186\workspace\lpc_chip_8xx\Debug\liblpc_chip_8xx.a(clock_8xx.o)
 .debug_macro   0x00000000       0x22 C:\Users\Matt\Documents\LPCXpresso_7.3.0_186\workspace\lpc_chip_8xx\Debug\liblpc_chip_8xx.a(clock_8xx.o)
 .group         0x00000000        0x8 C:\Users\Matt\Documents\LPCXpresso_7.3.0_186\workspace\lpc_chip_8xx\Debug\liblpc_chip_8xx.a(sysinit_8xx.o)
 .group         0x00000000        0x8 C:\Users\Matt\Documents\LPCXpresso_7.3.0_186\workspace\lpc_chip_8xx\Debug\liblpc_chip_8xx.a(sysinit_8xx.o)
 .group         0x00000000        0x8 C:\Users\Matt\Documents\LPCXpresso_7.3.0_186\workspace\lpc_chip_8xx\Debug\liblpc_chip_8xx.a(sysinit_8xx.o)
 .group         0x00000000        0x8 C:\Users\Matt\Documents\LPCXpresso_7.3.0_186\workspace\lpc_chip_8xx\Debug\liblpc_chip_8xx.a(sysinit_8xx.o)
 .group         0x00000000        0x8 C:\Users\Matt\Documents\LPCXpresso_7.3.0_186\workspace\lpc_chip_8xx\Debug\liblpc_chip_8xx.a(sysinit_8xx.o)
 .group         0x00000000        0x8 C:\Users\Matt\Documents\LPCXpresso_7.3.0_186\workspace\lpc_chip_8xx\Debug\liblpc_chip_8xx.a(sysinit_8xx.o)
 .group         0x00000000        0x8 C:\Users\Matt\Documents\LPCXpresso_7.3.0_186\workspace\lpc_chip_8xx\Debug\liblpc_chip_8xx.a(sysinit_8xx.o)
 .group         0x00000000        0x8 C:\Users\Matt\Documents\LPCXpresso_7.3.0_186\workspace\lpc_chip_8xx\Debug\liblpc_chip_8xx.a(sysinit_8xx.o)
 .group         0x00000000        0x8 C:\Users\Matt\Documents\LPCXpresso_7.3.0_186\workspace\lpc_chip_8xx\Debug\liblpc_chip_8xx.a(sysinit_8xx.o)
 .group         0x00000000        0x8 C:\Users\Matt\Documents\LPCXpresso_7.3.0_186\workspace\lpc_chip_8xx\Debug\liblpc_chip_8xx.a(sysinit_8xx.o)
 .group         0x00000000        0x8 C:\Users\Matt\Documents\LPCXpresso_7.3.0_186\workspace\lpc_chip_8xx\Debug\liblpc_chip_8xx.a(sysinit_8xx.o)
 .group         0x00000000        0x8 C:\Users\Matt\Documents\LPCXpresso_7.3.0_186\workspace\lpc_chip_8xx\Debug\liblpc_chip_8xx.a(sysinit_8xx.o)
 .group         0x00000000        0x8 C:\Users\Matt\Documents\LPCXpresso_7.3.0_186\workspace\lpc_chip_8xx\Debug\liblpc_chip_8xx.a(sysinit_8xx.o)
 .group         0x00000000        0x8 C:\Users\Matt\Documents\LPCXpresso_7.3.0_186\workspace\lpc_chip_8xx\Debug\liblpc_chip_8xx.a(sysinit_8xx.o)
 .group         0x00000000        0x8 C:\Users\Matt\Documents\LPCXpresso_7.3.0_186\workspace\lpc_chip_8xx\Debug\liblpc_chip_8xx.a(sysinit_8xx.o)
 .group         0x00000000        0x8 C:\Users\Matt\Documents\LPCXpresso_7.3.0_186\workspace\lpc_chip_8xx\Debug\liblpc_chip_8xx.a(sysinit_8xx.o)
 .group         0x00000000        0x8 C:\Users\Matt\Documents\LPCXpresso_7.3.0_186\workspace\lpc_chip_8xx\Debug\liblpc_chip_8xx.a(sysinit_8xx.o)
 .group         0x00000000        0x8 C:\Users\Matt\Documents\LPCXpresso_7.3.0_186\workspace\lpc_chip_8xx\Debug\liblpc_chip_8xx.a(sysinit_8xx.o)
 .group         0x00000000        0x8 C:\Users\Matt\Documents\LPCXpresso_7.3.0_186\workspace\lpc_chip_8xx\Debug\liblpc_chip_8xx.a(sysinit_8xx.o)
 .group         0x00000000        0x8 C:\Users\Matt\Documents\LPCXpresso_7.3.0_186\workspace\lpc_chip_8xx\Debug\liblpc_chip_8xx.a(sysinit_8xx.o)
 .group         0x00000000        0x8 C:\Users\Matt\Documents\LPCXpresso_7.3.0_186\workspace\lpc_chip_8xx\Debug\liblpc_chip_8xx.a(sysinit_8xx.o)
 .group         0x00000000        0x8 C:\Users\Matt\Documents\LPCXpresso_7.3.0_186\workspace\lpc_chip_8xx\Debug\liblpc_chip_8xx.a(sysinit_8xx.o)
 .group         0x00000000        0x8 C:\Users\Matt\Documents\LPCXpresso_7.3.0_186\workspace\lpc_chip_8xx\Debug\liblpc_chip_8xx.a(sysinit_8xx.o)
 .group         0x00000000        0x8 C:\Users\Matt\Documents\LPCXpresso_7.3.0_186\workspace\lpc_chip_8xx\Debug\liblpc_chip_8xx.a(sysinit_8xx.o)
 .group         0x00000000        0x8 C:\Users\Matt\Documents\LPCXpresso_7.3.0_186\workspace\lpc_chip_8xx\Debug\liblpc_chip_8xx.a(sysinit_8xx.o)
 .group         0x00000000        0x8 C:\Users\Matt\Documents\LPCXpresso_7.3.0_186\workspace\lpc_chip_8xx\Debug\liblpc_chip_8xx.a(sysinit_8xx.o)
 .group         0x00000000        0x8 C:\Users\Matt\Documents\LPCXpresso_7.3.0_186\workspace\lpc_chip_8xx\Debug\liblpc_chip_8xx.a(sysinit_8xx.o)
 .group         0x00000000        0x8 C:\Users\Matt\Documents\LPCXpresso_7.3.0_186\workspace\lpc_chip_8xx\Debug\liblpc_chip_8xx.a(sysinit_8xx.o)
 .group         0x00000000        0x8 C:\Users\Matt\Documents\LPCXpresso_7.3.0_186\workspace\lpc_chip_8xx\Debug\liblpc_chip_8xx.a(sysinit_8xx.o)
 .group         0x00000000        0x8 C:\Users\Matt\Documents\LPCXpresso_7.3.0_186\workspace\lpc_chip_8xx\Debug\liblpc_chip_8xx.a(sysinit_8xx.o)
 .group         0x00000000        0x8 C:\Users\Matt\Documents\LPCXpresso_7.3.0_186\workspace\lpc_chip_8xx\Debug\liblpc_chip_8xx.a(sysinit_8xx.o)
 .group         0x00000000        0x8 C:\Users\Matt\Documents\LPCXpresso_7.3.0_186\workspace\lpc_chip_8xx\Debug\liblpc_chip_8xx.a(sysinit_8xx.o)
 .group         0x00000000        0x8 C:\Users\Matt\Documents\LPCXpresso_7.3.0_186\workspace\lpc_chip_8xx\Debug\liblpc_chip_8xx.a(sysinit_8xx.o)
 .group         0x00000000        0x8 C:\Users\Matt\Documents\LPCXpresso_7.3.0_186\workspace\lpc_chip_8xx\Debug\liblpc_chip_8xx.a(sysinit_8xx.o)
 .group         0x00000000        0x8 C:\Users\Matt\Documents\LPCXpresso_7.3.0_186\workspace\lpc_chip_8xx\Debug\liblpc_chip_8xx.a(sysinit_8xx.o)
 .text          0x00000000        0x0 C:\Users\Matt\Documents\LPCXpresso_7.3.0_186\workspace\lpc_chip_8xx\Debug\liblpc_chip_8xx.a(sysinit_8xx.o)
 .data          0x00000000        0x0 C:\Users\Matt\Documents\LPCXpresso_7.3.0_186\workspace\lpc_chip_8xx\Debug\liblpc_chip_8xx.a(sysinit_8xx.o)
 .bss           0x00000000        0x0 C:\Users\Matt\Documents\LPCXpresso_7.3.0_186\workspace\lpc_chip_8xx\Debug\liblpc_chip_8xx.a(sysinit_8xx.o)
 .text.Chip_SetupXtalClocking
                0x00000000       0x50 C:\Users\Matt\Documents\LPCXpresso_7.3.0_186\workspace\lpc_chip_8xx\Debug\liblpc_chip_8xx.a(sysinit_8xx.o)
 .debug_macro   0x00000000      0x81a C:\Users\Matt\Documents\LPCXpresso_7.3.0_186\workspace\lpc_chip_8xx\Debug\liblpc_chip_8xx.a(sysinit_8xx.o)
 .debug_macro   0x00000000       0x10 C:\Users\Matt\Documents\LPCXpresso_7.3.0_186\workspace\lpc_chip_8xx\Debug\liblpc_chip_8xx.a(sysinit_8xx.o)
 .debug_macro   0x00000000      0x122 C:\Users\Matt\Documents\LPCXpresso_7.3.0_186\workspace\lpc_chip_8xx\Debug\liblpc_chip_8xx.a(sysinit_8xx.o)
 .debug_macro   0x00000000      0x5b9 C:\Users\Matt\Documents\LPCXpresso_7.3.0_186\workspace\lpc_chip_8xx\Debug\liblpc_chip_8xx.a(sysinit_8xx.o)
 .debug_macro   0x00000000       0x22 C:\Users\Matt\Documents\LPCXpresso_7.3.0_186\workspace\lpc_chip_8xx\Debug\liblpc_chip_8xx.a(sysinit_8xx.o)
 .debug_macro   0x00000000       0x7b C:\Users\Matt\Documents\LPCXpresso_7.3.0_186\workspace\lpc_chip_8xx\Debug\liblpc_chip_8xx.a(sysinit_8xx.o)
 .debug_macro   0x00000000       0x10 C:\Users\Matt\Documents\LPCXpresso_7.3.0_186\workspace\lpc_chip_8xx\Debug\liblpc_chip_8xx.a(sysinit_8xx.o)
 .debug_macro   0x00000000       0x28 C:\Users\Matt\Documents\LPCXpresso_7.3.0_186\workspace\lpc_chip_8xx\Debug\liblpc_chip_8xx.a(sysinit_8xx.o)
 .debug_macro   0x00000000       0x3a C:\Users\Matt\Documents\LPCXpresso_7.3.0_186\workspace\lpc_chip_8xx\Debug\liblpc_chip_8xx.a(sysinit_8xx.o)
 .debug_macro   0x00000000       0x1f C:\Users\Matt\Documents\LPCXpresso_7.3.0_186\workspace\lpc_chip_8xx\Debug\liblpc_chip_8xx.a(sysinit_8xx.o)
 .debug_macro   0x00000000      0x250 C:\Users\Matt\Documents\LPCXpresso_7.3.0_186\workspace\lpc_chip_8xx\Debug\liblpc_chip_8xx.a(sysinit_8xx.o)
 .debug_macro   0x00000000      0x145 C:\Users\Matt\Documents\LPCXpresso_7.3.0_186\workspace\lpc_chip_8xx\Debug\liblpc_chip_8xx.a(sysinit_8xx.o)
 .debug_macro   0x00000000       0xca C:\Users\Matt\Documents\LPCXpresso_7.3.0_186\workspace\lpc_chip_8xx\Debug\liblpc_chip_8xx.a(sysinit_8xx.o)
 .debug_macro   0x00000000       0x6a C:\Users\Matt\Documents\LPCXpresso_7.3.0_186\workspace\lpc_chip_8xx\Debug\liblpc_chip_8xx.a(sysinit_8xx.o)
 .debug_macro   0x00000000       0x70 C:\Users\Matt\Documents\LPCXpresso_7.3.0_186\workspace\lpc_chip_8xx\Debug\liblpc_chip_8xx.a(sysinit_8xx.o)
 .debug_macro   0x00000000       0x28 C:\Users\Matt\Documents\LPCXpresso_7.3.0_186\workspace\lpc_chip_8xx\Debug\liblpc_chip_8xx.a(sysinit_8xx.o)
 .debug_macro   0x00000000      0x190 C:\Users\Matt\Documents\LPCXpresso_7.3.0_186\workspace\lpc_chip_8xx\Debug\liblpc_chip_8xx.a(sysinit_8xx.o)
 .debug_macro   0x00000000       0x1c C:\Users\Matt\Documents\LPCXpresso_7.3.0_186\workspace\lpc_chip_8xx\Debug\liblpc_chip_8xx.a(sysinit_8xx.o)
 .debug_macro   0x00000000       0x64 C:\Users\Matt\Documents\LPCXpresso_7.3.0_186\workspace\lpc_chip_8xx\Debug\liblpc_chip_8xx.a(sysinit_8xx.o)
 .debug_macro   0x00000000       0x10 C:\Users\Matt\Documents\LPCXpresso_7.3.0_186\workspace\lpc_chip_8xx\Debug\liblpc_chip_8xx.a(sysinit_8xx.o)
 .debug_macro   0x00000000       0x22 C:\Users\Matt\Documents\LPCXpresso_7.3.0_186\workspace\lpc_chip_8xx\Debug\liblpc_chip_8xx.a(sysinit_8xx.o)
 .debug_macro   0x00000000       0xb2 C:\Users\Matt\Documents\LPCXpresso_7.3.0_186\workspace\lpc_chip_8xx\Debug\liblpc_chip_8xx.a(sysinit_8xx.o)
 .debug_macro   0x00000000       0x58 C:\Users\Matt\Documents\LPCXpresso_7.3.0_186\workspace\lpc_chip_8xx\Debug\liblpc_chip_8xx.a(sysinit_8xx.o)
 .debug_macro   0x00000000       0x58 C:\Users\Matt\Documents\LPCXpresso_7.3.0_186\workspace\lpc_chip_8xx\Debug\liblpc_chip_8xx.a(sysinit_8xx.o)
 .debug_macro   0x00000000       0x6a C:\Users\Matt\Documents\LPCXpresso_7.3.0_186\workspace\lpc_chip_8xx\Debug\liblpc_chip_8xx.a(sysinit_8xx.o)
 .debug_macro   0x00000000       0x82 C:\Users\Matt\Documents\LPCXpresso_7.3.0_186\workspace\lpc_chip_8xx\Debug\liblpc_chip_8xx.a(sysinit_8xx.o)
 .debug_macro   0x00000000       0x16 C:\Users\Matt\Documents\LPCXpresso_7.3.0_186\workspace\lpc_chip_8xx\Debug\liblpc_chip_8xx.a(sysinit_8xx.o)
 .debug_macro   0x00000000      0x131 C:\Users\Matt\Documents\LPCXpresso_7.3.0_186\workspace\lpc_chip_8xx\Debug\liblpc_chip_8xx.a(sysinit_8xx.o)
 .debug_macro   0x00000000       0x22 C:\Users\Matt\Documents\LPCXpresso_7.3.0_186\workspace\lpc_chip_8xx\Debug\liblpc_chip_8xx.a(sysinit_8xx.o)
 .debug_macro   0x00000000       0x52 C:\Users\Matt\Documents\LPCXpresso_7.3.0_186\workspace\lpc_chip_8xx\Debug\liblpc_chip_8xx.a(sysinit_8xx.o)
 .debug_macro   0x00000000      0x181 C:\Users\Matt\Documents\LPCXpresso_7.3.0_186\workspace\lpc_chip_8xx\Debug\liblpc_chip_8xx.a(sysinit_8xx.o)
 .debug_macro   0x00000000      0x289 C:\Users\Matt\Documents\LPCXpresso_7.3.0_186\workspace\lpc_chip_8xx\Debug\liblpc_chip_8xx.a(sysinit_8xx.o)
 .debug_macro   0x00000000      0x28b C:\Users\Matt\Documents\LPCXpresso_7.3.0_186\workspace\lpc_chip_8xx\Debug\liblpc_chip_8xx.a(sysinit_8xx.o)
 .debug_macro   0x00000000       0x2e C:\Users\Matt\Documents\LPCXpresso_7.3.0_186\workspace\lpc_chip_8xx\Debug\liblpc_chip_8xx.a(sysinit_8xx.o)
 .debug_macro   0x00000000       0x22 C:\Users\Matt\Documents\LPCXpresso_7.3.0_186\workspace\lpc_chip_8xx\Debug\liblpc_chip_8xx.a(sysinit_8xx.o)
 .group         0x00000000        0x8 C:\Users\Matt\Documents\LPCXpresso_7.3.0_186\workspace\lpc_chip_8xx\Debug\liblpc_chip_8xx.a(syscon_8xx.o)
 .group         0x00000000        0x8 C:\Users\Matt\Documents\LPCXpresso_7.3.0_186\workspace\lpc_chip_8xx\Debug\liblpc_chip_8xx.a(syscon_8xx.o)
 .group         0x00000000        0x8 C:\Users\Matt\Documents\LPCXpresso_7.3.0_186\workspace\lpc_chip_8xx\Debug\liblpc_chip_8xx.a(syscon_8xx.o)
 .group         0x00000000        0x8 C:\Users\Matt\Documents\LPCXpresso_7.3.0_186\workspace\lpc_chip_8xx\Debug\liblpc_chip_8xx.a(syscon_8xx.o)
 .group         0x00000000        0x8 C:\Users\Matt\Documents\LPCXpresso_7.3.0_186\workspace\lpc_chip_8xx\Debug\liblpc_chip_8xx.a(syscon_8xx.o)
 .group         0x00000000        0x8 C:\Users\Matt\Documents\LPCXpresso_7.3.0_186\workspace\lpc_chip_8xx\Debug\liblpc_chip_8xx.a(syscon_8xx.o)
 .group         0x00000000        0x8 C:\Users\Matt\Documents\LPCXpresso_7.3.0_186\workspace\lpc_chip_8xx\Debug\liblpc_chip_8xx.a(syscon_8xx.o)
 .group         0x00000000        0x8 C:\Users\Matt\Documents\LPCXpresso_7.3.0_186\workspace\lpc_chip_8xx\Debug\liblpc_chip_8xx.a(syscon_8xx.o)
 .group         0x00000000        0x8 C:\Users\Matt\Documents\LPCXpresso_7.3.0_186\workspace\lpc_chip_8xx\Debug\liblpc_chip_8xx.a(syscon_8xx.o)
 .group         0x00000000        0x8 C:\Users\Matt\Documents\LPCXpresso_7.3.0_186\workspace\lpc_chip_8xx\Debug\liblpc_chip_8xx.a(syscon_8xx.o)
 .group         0x00000000        0x8 C:\Users\Matt\Documents\LPCXpresso_7.3.0_186\workspace\lpc_chip_8xx\Debug\liblpc_chip_8xx.a(syscon_8xx.o)
 .group         0x00000000        0x8 C:\Users\Matt\Documents\LPCXpresso_7.3.0_186\workspace\lpc_chip_8xx\Debug\liblpc_chip_8xx.a(syscon_8xx.o)
 .group         0x00000000        0x8 C:\Users\Matt\Documents\LPCXpresso_7.3.0_186\workspace\lpc_chip_8xx\Debug\liblpc_chip_8xx.a(syscon_8xx.o)
 .group         0x00000000        0x8 C:\Users\Matt\Documents\LPCXpresso_7.3.0_186\workspace\lpc_chip_8xx\Debug\liblpc_chip_8xx.a(syscon_8xx.o)
 .group         0x00000000        0x8 C:\Users\Matt\Documents\LPCXpresso_7.3.0_186\workspace\lpc_chip_8xx\Debug\liblpc_chip_8xx.a(syscon_8xx.o)
 .group         0x00000000        0x8 C:\Users\Matt\Documents\LPCXpresso_7.3.0_186\workspace\lpc_chip_8xx\Debug\liblpc_chip_8xx.a(syscon_8xx.o)
 .group         0x00000000        0x8 C:\Users\Matt\Documents\LPCXpresso_7.3.0_186\workspace\lpc_chip_8xx\Debug\liblpc_chip_8xx.a(syscon_8xx.o)
 .group         0x00000000        0x8 C:\Users\Matt\Documents\LPCXpresso_7.3.0_186\workspace\lpc_chip_8xx\Debug\liblpc_chip_8xx.a(syscon_8xx.o)
 .group         0x00000000        0x8 C:\Users\Matt\Documents\LPCXpresso_7.3.0_186\workspace\lpc_chip_8xx\Debug\liblpc_chip_8xx.a(syscon_8xx.o)
 .group         0x00000000        0x8 C:\Users\Matt\Documents\LPCXpresso_7.3.0_186\workspace\lpc_chip_8xx\Debug\liblpc_chip_8xx.a(syscon_8xx.o)
 .group         0x00000000        0x8 C:\Users\Matt\Documents\LPCXpresso_7.3.0_186\workspace\lpc_chip_8xx\Debug\liblpc_chip_8xx.a(syscon_8xx.o)
 .group         0x00000000        0x8 C:\Users\Matt\Documents\LPCXpresso_7.3.0_186\workspace\lpc_chip_8xx\Debug\liblpc_chip_8xx.a(syscon_8xx.o)
 .group         0x00000000        0x8 C:\Users\Matt\Documents\LPCXpresso_7.3.0_186\workspace\lpc_chip_8xx\Debug\liblpc_chip_8xx.a(syscon_8xx.o)
 .group         0x00000000        0x8 C:\Users\Matt\Documents\LPCXpresso_7.3.0_186\workspace\lpc_chip_8xx\Debug\liblpc_chip_8xx.a(syscon_8xx.o)
 .group         0x00000000        0x8 C:\Users\Matt\Documents\LPCXpresso_7.3.0_186\workspace\lpc_chip_8xx\Debug\liblpc_chip_8xx.a(syscon_8xx.o)
 .group         0x00000000        0x8 C:\Users\Matt\Documents\LPCXpresso_7.3.0_186\workspace\lpc_chip_8xx\Debug\liblpc_chip_8xx.a(syscon_8xx.o)
 .group         0x00000000        0x8 C:\Users\Matt\Documents\LPCXpresso_7.3.0_186\workspace\lpc_chip_8xx\Debug\liblpc_chip_8xx.a(syscon_8xx.o)
 .group         0x00000000        0x8 C:\Users\Matt\Documents\LPCXpresso_7.3.0_186\workspace\lpc_chip_8xx\Debug\liblpc_chip_8xx.a(syscon_8xx.o)
 .group         0x00000000        0x8 C:\Users\Matt\Documents\LPCXpresso_7.3.0_186\workspace\lpc_chip_8xx\Debug\liblpc_chip_8xx.a(syscon_8xx.o)
 .group         0x00000000        0x8 C:\Users\Matt\Documents\LPCXpresso_7.3.0_186\workspace\lpc_chip_8xx\Debug\liblpc_chip_8xx.a(syscon_8xx.o)
 .group         0x00000000        0x8 C:\Users\Matt\Documents\LPCXpresso_7.3.0_186\workspace\lpc_chip_8xx\Debug\liblpc_chip_8xx.a(syscon_8xx.o)
 .group         0x00000000        0x8 C:\Users\Matt\Documents\LPCXpresso_7.3.0_186\workspace\lpc_chip_8xx\Debug\liblpc_chip_8xx.a(syscon_8xx.o)
 .group         0x00000000        0x8 C:\Users\Matt\Documents\LPCXpresso_7.3.0_186\workspace\lpc_chip_8xx\Debug\liblpc_chip_8xx.a(syscon_8xx.o)
 .group         0x00000000        0x8 C:\Users\Matt\Documents\LPCXpresso_7.3.0_186\workspace\lpc_chip_8xx\Debug\liblpc_chip_8xx.a(syscon_8xx.o)
 .group         0x00000000        0x8 C:\Users\Matt\Documents\LPCXpresso_7.3.0_186\workspace\lpc_chip_8xx\Debug\liblpc_chip_8xx.a(syscon_8xx.o)
 .text          0x00000000        0x0 C:\Users\Matt\Documents\LPCXpresso_7.3.0_186\workspace\lpc_chip_8xx\Debug\liblpc_chip_8xx.a(syscon_8xx.o)
 .data          0x00000000        0x0 C:\Users\Matt\Documents\LPCXpresso_7.3.0_186\workspace\lpc_chip_8xx\Debug\liblpc_chip_8xx.a(syscon_8xx.o)
 .bss           0x00000000        0x0 C:\Users\Matt\Documents\LPCXpresso_7.3.0_186\workspace\lpc_chip_8xx\Debug\liblpc_chip_8xx.a(syscon_8xx.o)
 .text.Chip_SYSCTL_SetDeepSleepPD
                0x00000000       0x1c C:\Users\Matt\Documents\LPCXpresso_7.3.0_186\workspace\lpc_chip_8xx\Debug\liblpc_chip_8xx.a(syscon_8xx.o)
 .text.Chip_SYSCTL_SetWakeup
                0x00000000       0x20 C:\Users\Matt\Documents\LPCXpresso_7.3.0_186\workspace\lpc_chip_8xx\Debug\liblpc_chip_8xx.a(syscon_8xx.o)
 .debug_macro   0x00000000      0x81a C:\Users\Matt\Documents\LPCXpresso_7.3.0_186\workspace\lpc_chip_8xx\Debug\liblpc_chip_8xx.a(syscon_8xx.o)
 .debug_macro   0x00000000       0x10 C:\Users\Matt\Documents\LPCXpresso_7.3.0_186\workspace\lpc_chip_8xx\Debug\liblpc_chip_8xx.a(syscon_8xx.o)
 .debug_macro   0x00000000      0x122 C:\Users\Matt\Documents\LPCXpresso_7.3.0_186\workspace\lpc_chip_8xx\Debug\liblpc_chip_8xx.a(syscon_8xx.o)
 .debug_macro   0x00000000      0x5b9 C:\Users\Matt\Documents\LPCXpresso_7.3.0_186\workspace\lpc_chip_8xx\Debug\liblpc_chip_8xx.a(syscon_8xx.o)
 .debug_macro   0x00000000       0x22 C:\Users\Matt\Documents\LPCXpresso_7.3.0_186\workspace\lpc_chip_8xx\Debug\liblpc_chip_8xx.a(syscon_8xx.o)
 .debug_macro   0x00000000       0x7b C:\Users\Matt\Documents\LPCXpresso_7.3.0_186\workspace\lpc_chip_8xx\Debug\liblpc_chip_8xx.a(syscon_8xx.o)
 .debug_macro   0x00000000       0x10 C:\Users\Matt\Documents\LPCXpresso_7.3.0_186\workspace\lpc_chip_8xx\Debug\liblpc_chip_8xx.a(syscon_8xx.o)
 .debug_macro   0x00000000       0x28 C:\Users\Matt\Documents\LPCXpresso_7.3.0_186\workspace\lpc_chip_8xx\Debug\liblpc_chip_8xx.a(syscon_8xx.o)
 .debug_macro   0x00000000       0x3a C:\Users\Matt\Documents\LPCXpresso_7.3.0_186\workspace\lpc_chip_8xx\Debug\liblpc_chip_8xx.a(syscon_8xx.o)
 .debug_macro   0x00000000       0x1f C:\Users\Matt\Documents\LPCXpresso_7.3.0_186\workspace\lpc_chip_8xx\Debug\liblpc_chip_8xx.a(syscon_8xx.o)
 .debug_macro   0x00000000      0x250 C:\Users\Matt\Documents\LPCXpresso_7.3.0_186\workspace\lpc_chip_8xx\Debug\liblpc_chip_8xx.a(syscon_8xx.o)
 .debug_macro   0x00000000      0x145 C:\Users\Matt\Documents\LPCXpresso_7.3.0_186\workspace\lpc_chip_8xx\Debug\liblpc_chip_8xx.a(syscon_8xx.o)
 .debug_macro   0x00000000       0xca C:\Users\Matt\Documents\LPCXpresso_7.3.0_186\workspace\lpc_chip_8xx\Debug\liblpc_chip_8xx.a(syscon_8xx.o)
 .debug_macro   0x00000000       0x6a C:\Users\Matt\Documents\LPCXpresso_7.3.0_186\workspace\lpc_chip_8xx\Debug\liblpc_chip_8xx.a(syscon_8xx.o)
 .debug_macro   0x00000000       0x70 C:\Users\Matt\Documents\LPCXpresso_7.3.0_186\workspace\lpc_chip_8xx\Debug\liblpc_chip_8xx.a(syscon_8xx.o)
 .debug_macro   0x00000000       0x28 C:\Users\Matt\Documents\LPCXpresso_7.3.0_186\workspace\lpc_chip_8xx\Debug\liblpc_chip_8xx.a(syscon_8xx.o)
 .debug_macro   0x00000000      0x190 C:\Users\Matt\Documents\LPCXpresso_7.3.0_186\workspace\lpc_chip_8xx\Debug\liblpc_chip_8xx.a(syscon_8xx.o)
 .debug_macro   0x00000000       0x1c C:\Users\Matt\Documents\LPCXpresso_7.3.0_186\workspace\lpc_chip_8xx\Debug\liblpc_chip_8xx.a(syscon_8xx.o)
 .debug_macro   0x00000000       0x64 C:\Users\Matt\Documents\LPCXpresso_7.3.0_186\workspace\lpc_chip_8xx\Debug\liblpc_chip_8xx.a(syscon_8xx.o)
 .debug_macro   0x00000000       0x10 C:\Users\Matt\Documents\LPCXpresso_7.3.0_186\workspace\lpc_chip_8xx\Debug\liblpc_chip_8xx.a(syscon_8xx.o)
 .debug_macro   0x00000000       0x22 C:\Users\Matt\Documents\LPCXpresso_7.3.0_186\workspace\lpc_chip_8xx\Debug\liblpc_chip_8xx.a(syscon_8xx.o)
 .debug_macro   0x00000000       0xb2 C:\Users\Matt\Documents\LPCXpresso_7.3.0_186\workspace\lpc_chip_8xx\Debug\liblpc_chip_8xx.a(syscon_8xx.o)
 .debug_macro   0x00000000       0x58 C:\Users\Matt\Documents\LPCXpresso_7.3.0_186\workspace\lpc_chip_8xx\Debug\liblpc_chip_8xx.a(syscon_8xx.o)
 .debug_macro   0x00000000       0x58 C:\Users\Matt\Documents\LPCXpresso_7.3.0_186\workspace\lpc_chip_8xx\Debug\liblpc_chip_8xx.a(syscon_8xx.o)
 .debug_macro   0x00000000       0x6a C:\Users\Matt\Documents\LPCXpresso_7.3.0_186\workspace\lpc_chip_8xx\Debug\liblpc_chip_8xx.a(syscon_8xx.o)
 .debug_macro   0x00000000       0x82 C:\Users\Matt\Documents\LPCXpresso_7.3.0_186\workspace\lpc_chip_8xx\Debug\liblpc_chip_8xx.a(syscon_8xx.o)
 .debug_macro   0x00000000       0x16 C:\Users\Matt\Documents\LPCXpresso_7.3.0_186\workspace\lpc_chip_8xx\Debug\liblpc_chip_8xx.a(syscon_8xx.o)
 .debug_macro   0x00000000      0x131 C:\Users\Matt\Documents\LPCXpresso_7.3.0_186\workspace\lpc_chip_8xx\Debug\liblpc_chip_8xx.a(syscon_8xx.o)
 .debug_macro   0x00000000       0x22 C:\Users\Matt\Documents\LPCXpresso_7.3.0_186\workspace\lpc_chip_8xx\Debug\liblpc_chip_8xx.a(syscon_8xx.o)
 .debug_macro   0x00000000       0x52 C:\Users\Matt\Documents\LPCXpresso_7.3.0_186\workspace\lpc_chip_8xx\Debug\liblpc_chip_8xx.a(syscon_8xx.o)
 .debug_macro   0x00000000      0x181 C:\Users\Matt\Documents\LPCXpresso_7.3.0_186\workspace\lpc_chip_8xx\Debug\liblpc_chip_8xx.a(syscon_8xx.o)
 .debug_macro   0x00000000      0x289 C:\Users\Matt\Documents\LPCXpresso_7.3.0_186\workspace\lpc_chip_8xx\Debug\liblpc_chip_8xx.a(syscon_8xx.o)
 .debug_macro   0x00000000      0x28b C:\Users\Matt\Documents\LPCXpresso_7.3.0_186\workspace\lpc_chip_8xx\Debug\liblpc_chip_8xx.a(syscon_8xx.o)
 .debug_macro   0x00000000       0x2e C:\Users\Matt\Documents\LPCXpresso_7.3.0_186\workspace\lpc_chip_8xx\Debug\liblpc_chip_8xx.a(syscon_8xx.o)
 .debug_macro   0x00000000       0x22 C:\Users\Matt\Documents\LPCXpresso_7.3.0_186\workspace\lpc_chip_8xx\Debug\liblpc_chip_8xx.a(syscon_8xx.o)
 .text          0x00000000        0x0 c:/nxp/lpcxpresso_7.3.0_186/lpcxpresso/tools/bin/../lib/gcc/arm-none-eabi/4.8.4/../../../../arm-none-eabi/lib/armv6-m\libcr_c.a(__weak__main.o)
 .data          0x00000000        0x0 c:/nxp/lpcxpresso_7.3.0_186/lpcxpresso/tools/bin/../lib/gcc/arm-none-eabi/4.8.4/../../../../arm-none-eabi/lib/armv6-m\libcr_c.a(__weak__main.o)
 .bss           0x00000000        0x0 c:/nxp/lpcxpresso_7.3.0_186/lpcxpresso/tools/bin/../lib/gcc/arm-none-eabi/4.8.4/../../../../arm-none-eabi/lib/armv6-m\libcr_c.a(__weak__main.o)
 .text          0x00000000        0x0 c:/nxp/lpcxpresso_7.3.0_186/lpcxpresso/tools/bin/../lib/gcc/arm-none-eabi/4.8.4/armv6-m\libcr_eabihelpers.a(division_32.o)
 .data          0x00000000        0x0 c:/nxp/lpcxpresso_7.3.0_186/lpcxpresso/tools/bin/../lib/gcc/arm-none-eabi/4.8.4/armv6-m\libcr_eabihelpers.a(division_32.o)
 .bss           0x00000000        0x0 c:/nxp/lpcxpresso_7.3.0_186/lpcxpresso/tools/bin/../lib/gcc/arm-none-eabi/4.8.4/armv6-m\libcr_eabihelpers.a(division_32.o)
 .text          0x00000000        0x0 c:/nxp/lpcxpresso_7.3.0_186/lpcxpresso/tools/bin/../lib/gcc/arm-none-eabi/4.8.4/armv6-m\libcr_eabihelpers.a(division_64.o)
 .data          0x00000000        0x0 c:/nxp/lpcxpresso_7.3.0_186/lpcxpresso/tools/bin/../lib/gcc/arm-none-eabi/4.8.4/armv6-m\libcr_eabihelpers.a(division_64.o)
 .bss           0x00000000        0x0 c:/nxp/lpcxpresso_7.3.0_186/lpcxpresso/tools/bin/../lib/gcc/arm-none-eabi/4.8.4/armv6-m\libcr_eabihelpers.a(division_64.o)
 .text.__aeabi_division_uldivmod
                0x00000000       0x5a c:/nxp/lpcxpresso_7.3.0_186/lpcxpresso/tools/bin/../lib/gcc/arm-none-eabi/4.8.4/armv6-m\libcr_eabihelpers.a(division_64.o)
 .text.__aeabi_division_ldivmod
                0x00000000       0x32 c:/nxp/lpcxpresso_7.3.0_186/lpcxpresso/tools/bin/../lib/gcc/arm-none-eabi/4.8.4/armv6-m\libcr_eabihelpers.a(division_64.o)
 .ARM.attributes
                0x00000000       0x21 c:/nxp/lpcxpresso_7.3.0_186/lpcxpresso/tools/bin/../lib/gcc/arm-none-eabi/4.8.4/armv6-m\libcr_eabihelpers.a(division_64.o)
 .text          0x00000000        0x0 c:/nxp/lpcxpresso_7.3.0_186/lpcxpresso/tools/bin/../lib/gcc/arm-none-eabi/4.8.4/armv6-m\libcr_eabihelpers.a(division_idiv0.o)
 .data          0x00000000        0x0 c:/nxp/lpcxpresso_7.3.0_186/lpcxpresso/tools/bin/../lib/gcc/arm-none-eabi/4.8.4/armv6-m\libcr_eabihelpers.a(division_idiv0.o)
 .bss           0x00000000        0x0 c:/nxp/lpcxpresso_7.3.0_186/lpcxpresso/tools/bin/../lib/gcc/arm-none-eabi/4.8.4/armv6-m\libcr_eabihelpers.a(division_idiv0.o)

Memory Configuration

Name             Origin             Length             Attributes
MFlash16         0x00000000         0x00004000         xr
RamLoc4          0x10000000         0x00001000         xrw
*default*        0x00000000         0xffffffff

Linker script and memory map

LOAD ./src/Etude-OpAmpADC.o
LOAD ./src/cr_startup_lpc8xx.o
LOAD ./src/crp.o
LOAD ./src/mtb.o
LOAD ./src/sysinit.o
LOAD C:\Users\Matt\Boston_Audio_Projects\Boston_Audio_Projects\ARM\BAP_LPC8xx_lib\Debug\libBAP_LPC8xx_lib.a
LOAD C:\Users\Matt\Documents\LPCXpresso_7.3.0_186\workspace\lpc_chip_8xx\Debug\liblpc_chip_8xx.a
START GROUP
LOAD c:/nxp/lpcxpresso_7.3.0_186/lpcxpresso/tools/bin/../lib/gcc/arm-none-eabi/4.8.4/../../../../arm-none-eabi/lib/armv6-m\libcr_c.a
LOAD c:/nxp/lpcxpresso_7.3.0_186/lpcxpresso/tools/bin/../lib/gcc/arm-none-eabi/4.8.4/armv6-m\libcr_eabihelpers.a
END GROUP
                0x00004000                __top_MFlash16 = 0x4000
                0x10001000                __top_RamLoc4 = 0x10001000

.text           0x00000000      0x624
 FILL mask 0xff
                0x00000000                __vectors_start__ = ABSOLUTE (.)
 *(.isr_vector)
 .isr_vector    0x00000000       0xc0 ./src/cr_startup_lpc8xx.o
                0x00000000                g_pfnVectors
                0x000000c0                . = ALIGN (0x4)
                0x000000c0                __section_table_start = .
                0x000000c0                __data_section_table = .
                0x000000c0        0x4 LONG 0x624 LOADADDR (.data)
                0x000000c4        0x4 LONG 0x10000000 ADDR (.data)
                0x000000c8        0x4 LONG 0x0 SIZEOF (.data)
                0x000000cc                __data_section_table_end = .
                0x000000cc                __bss_section_table = .
                0x000000cc        0x4 LONG 0x10000000 ADDR (.bss)
                0x000000d0        0x4 LONG 0x4 SIZEOF (.bss)
                0x000000d4                __bss_section_table_end = .
                0x000000d4                __section_table_end = .
 *(.after_vectors*)
 .after_vectors
                0x000000d4       0xac ./src/cr_startup_lpc8xx.o
                0x000000d4                NMI_Handler
                0x000000d8                HardFault_Handler
                0x000000dc                SVC_Handler
                0x000000e0                PendSV_Handler
                0x000000e4                SysTick_Handler
                0x000000e8                PININT1_IRQHandler
                0x000000e8                PININT7_IRQHandler
                0x000000e8                PININT2_IRQHandler
                0x000000e8                WKT_IRQHandler
                0x000000e8                MRT_IRQHandler
                0x000000e8                UART1_IRQHandler
                0x000000e8                UART0_IRQHandler
                0x000000e8                SPI0_IRQHandler
                0x000000e8                SPI1_IRQHandler
                0x000000e8                IntDefaultHandler
                0x000000e8                PININT6_IRQHandler
                0x000000e8                PININT3_IRQHandler
                0x000000e8                UART2_IRQHandler
                0x000000e8                PININT5_IRQHandler
                0x000000e8                PININT4_IRQHandler
                0x000000e8                PININT0_IRQHandler
                0x000000e8                BOD_IRQHandler
                0x000000e8                SCT_IRQHandler
                0x000000e8                I2C_IRQHandler
                0x000000e8                WDT_IRQHandler
                0x000000e8                CMP_IRQHandler
                0x000000ec                ResetISR
                0x00000158                data_init
                0x0000016c                bss_init
                0x000002fc                . = 0x2fc
 *fill*         0x00000180      0x17c ff
                0x000002fc                PROVIDE (__CRP_WORD_START__, .)
 *(.crp)
 .crp           0x000002fc        0x4 ./src/crp.o
                0x000002fc                CRP_WORD
                0x00000300                PROVIDE (__CRP_WORD_END__, .)
                0x00000001                ASSERT (! ((__CRP_WORD_START__ == __CRP_WORD_END__)), Linker CRP Enabled, but no CRP_WORD provided within application)
 *(.text*)
 .text.startup.main
                0x00000300       0x54 ./src/Etude-OpAmpADC.o
                0x00000300                main
 .text.SystemInit
                0x00000354        0x8 ./src/sysinit.o
                0x00000354                SystemInit
 .text.CoreClockInit_30Hz
                0x0000035c       0x3c C:\Users\Matt\Boston_Audio_Projects\Boston_Audio_Projects\ARM\BAP_LPC8xx_lib\Debug\libBAP_LPC8xx_lib.a(BAP_Clk.o)
                0x0000035c                CoreClockInit_30Hz
 .text.SystemCoreClockUpdate
                0x00000398       0x10 C:\Users\Matt\Documents\LPCXpresso_7.3.0_186\workspace\lpc_chip_8xx\Debug\liblpc_chip_8xx.a(chip_8xx.o)
                0x00000398                SystemCoreClockUpdate
 .text.Chip_Clock_GetWDTLFORate
                0x000003a8       0x20 C:\Users\Matt\Documents\LPCXpresso_7.3.0_186\workspace\lpc_chip_8xx\Debug\liblpc_chip_8xx.a(clock_8xx.o)
 .text.Chip_Clock_GetPLLFreq
                0x000003c8        0xc C:\Users\Matt\Documents\LPCXpresso_7.3.0_186\workspace\lpc_chip_8xx\Debug\liblpc_chip_8xx.a(clock_8xx.o)
 .text.Chip_Clock_SetSystemPLLSource
                0x000003d4       0x14 C:\Users\Matt\Documents\LPCXpresso_7.3.0_186\workspace\lpc_chip_8xx\Debug\liblpc_chip_8xx.a(clock_8xx.o)
                0x000003d4                Chip_Clock_SetSystemPLLSource
 .text.Chip_Clock_SetMainClockSource
                0x000003e8       0x14 C:\Users\Matt\Documents\LPCXpresso_7.3.0_186\workspace\lpc_chip_8xx\Debug\liblpc_chip_8xx.a(clock_8xx.o)
                0x000003e8                Chip_Clock_SetMainClockSource
 .text.Chip_Clock_GetWDTOSCRate
                0x000003fc       0x14 C:\Users\Matt\Documents\LPCXpresso_7.3.0_186\workspace\lpc_chip_8xx\Debug\liblpc_chip_8xx.a(clock_8xx.o)
                0x000003fc                Chip_Clock_GetWDTOSCRate
 .text.Chip_Clock_GetSystemPLLInClockRate
                0x00000410       0x38 C:\Users\Matt\Documents\LPCXpresso_7.3.0_186\workspace\lpc_chip_8xx\Debug\liblpc_chip_8xx.a(clock_8xx.o)
                0x00000410                Chip_Clock_GetSystemPLLInClockRate
 .text.Chip_Clock_GetSystemPLLOutClockRate
                0x00000448       0x1c C:\Users\Matt\Documents\LPCXpresso_7.3.0_186\workspace\lpc_chip_8xx\Debug\liblpc_chip_8xx.a(clock_8xx.o)
                0x00000448                Chip_Clock_GetSystemPLLOutClockRate
 .text.Chip_Clock_GetMainClockRate
                0x00000464       0x40 C:\Users\Matt\Documents\LPCXpresso_7.3.0_186\workspace\lpc_chip_8xx\Debug\liblpc_chip_8xx.a(clock_8xx.o)
                0x00000464                Chip_Clock_GetMainClockRate
 .text.Chip_Clock_GetSystemClockRate
                0x000004a4       0x18 C:\Users\Matt\Documents\LPCXpresso_7.3.0_186\workspace\lpc_chip_8xx\Debug\liblpc_chip_8xx.a(clock_8xx.o)
                0x000004a4                Chip_Clock_GetSystemClockRate
 .text.Chip_SetupIrcClocking
                0x000004bc       0x48 C:\Users\Matt\Documents\LPCXpresso_7.3.0_186\workspace\lpc_chip_8xx\Debug\liblpc_chip_8xx.a(sysinit_8xx.o)
                0x000004bc                Chip_SetupIrcClocking
 .text.Chip_SystemInit
                0x00000504        0x8 C:\Users\Matt\Documents\LPCXpresso_7.3.0_186\workspace\lpc_chip_8xx\Debug\liblpc_chip_8xx.a(sysinit_8xx.o)
                0x00000504                Chip_SystemInit
 .text.Chip_SYSCTL_PowerDown
                0x0000050c       0x24 C:\Users\Matt\Documents\LPCXpresso_7.3.0_186\workspace\lpc_chip_8xx\Debug\liblpc_chip_8xx.a(syscon_8xx.o)
                0x0000050c                Chip_SYSCTL_PowerDown
 .text.Chip_SYSCTL_PowerUp
                0x00000530       0x28 C:\Users\Matt\Documents\LPCXpresso_7.3.0_186\workspace\lpc_chip_8xx\Debug\liblpc_chip_8xx.a(syscon_8xx.o)
                0x00000530                Chip_SYSCTL_PowerUp
 .text.__weak_main
                0x00000558        0x8 c:/nxp/lpcxpresso_7.3.0_186/lpcxpresso/tools/bin/../lib/gcc/arm-none-eabi/4.8.4/../../../../arm-none-eabi/lib/armv6-m\libcr_c.a(__weak__main.o)
                0x00000558                __weak_main
                0x00000558                __main
 .text.__aeabi_division_idivmod
                0x00000560       0x78 c:/nxp/lpcxpresso_7.3.0_186/lpcxpresso/tools/bin/../lib/gcc/arm-none-eabi/4.8.4/armv6-m\libcr_eabihelpers.a(division_32.o)
                0x00000560                __aeabi_idivmod
                0x00000560                __aeabi_idiv
                0x00000566                __aeabi_uidivmod
                0x00000566                __aeabi_uidiv
 .text.__aeabi_division_idiv0
                0x000005d8        0x2 c:/nxp/lpcxpresso_7.3.0_186/lpcxpresso/tools/bin/../lib/gcc/arm-none-eabi/4.8.4/armv6-m\libcr_eabihelpers.a(division_idiv0.o)
                0x000005d8                __aeabi_idiv0
 *(.rodata .rodata.* .constdata .constdata.*)
 *fill*         0x000005da        0x2 
 .rodata.OscRateIn
                0x000005dc        0x4 ./src/sysinit.o
                0x000005dc                OscRateIn
 .rodata.ExtRateIn
                0x000005e0        0x4 ./src/sysinit.o
                0x000005e0                ExtRateIn
 .rodata.wdtOSCRate
                0x000005e4       0x40 C:\Users\Matt\Documents\LPCXpresso_7.3.0_186\workspace\lpc_chip_8xx\Debug\liblpc_chip_8xx.a(clock_8xx.o)
                0x00000624                . = ALIGN (0x4)

.glue_7         0x00000624        0x0
 .glue_7        0x00000000        0x0 linker stubs

.glue_7t        0x00000624        0x0
 .glue_7t       0x00000000        0x0 linker stubs

.vfp11_veneer   0x00000624        0x0
 .vfp11_veneer  0x00000000        0x0 linker stubs

.v4_bx          0x00000624        0x0
 .v4_bx         0x00000000        0x0 linker stubs

.iplt           0x00000624        0x0
 .iplt          0x00000000        0x0 ./src/Etude-OpAmpADC.o

.rel.dyn        0x00000624        0x0
 .rel.iplt      0x00000000        0x0 ./src/Etude-OpAmpADC.o

.ARM.extab
 *(.ARM.extab* .gnu.linkonce.armextab.*)
                0x00000624                __exidx_start = .

.ARM.exidx
 *(.ARM.exidx* .gnu.linkonce.armexidx.*)
                0x00000624                __exidx_end = .
                0x00000624                _etext = .

.mtb_buffer_default
 *(.mtb*)

.uninit_RESERVED
                0x10000000        0x0
 *(.bss.$RESERVED*)
                0x10000000                . = ALIGN (0x4)
                0x10000000                _end_uninit_RESERVED = .

.data           0x10000000        0x0 load address 0x00000624
 FILL mask 0xff
                0x10000000                _data = .
 *(vtable)
 *(.ramfunc*)
 *(.data*)
                0x10000000                . = ALIGN (0x4)
                0x10000000                _edata = .

.igot.plt       0x10000000        0x0 load address 0x00000624
 .igot.plt      0x00000000        0x0 ./src/Etude-OpAmpADC.o

.bss            0x10000000        0x4 load address 0x00000624
                0x10000000                _bss = .
 *(.bss*)
 *(COMMON)
 COMMON         0x10000000        0x4 C:\Users\Matt\Documents\LPCXpresso_7.3.0_186\workspace\lpc_chip_8xx\Debug\liblpc_chip_8xx.a(chip_8xx.o)
                0x10000000                SystemCoreClock
                0x10000004                . = ALIGN (0x4)
                0x10000004                _ebss = .
                0x10000004                PROVIDE (end, .)

.noinit         0x10000004        0x0 load address 0x00000624
                0x10000004                _noinit = .
 *(.noinit*)
                0x10000004                . = ALIGN (0x4)
                0x10000004                _end_noinit = .
                0x10000004                PROVIDE (_pvHeapStart, .)
                0x10001000                PROVIDE (_vStackTop, (__top_RamLoc4 - 0x0))
OUTPUT(Etude-OpAmpADC.axf elf32-littlearm)

.debug_info     0x00000000     0x277b
 .debug_info    0x00000000      0x6a7 ./src/Etude-OpAmpADC.o
 .debug_info    0x000006a7      0x2fc ./src/cr_startup_lpc8xx.o
 .debug_info    0x000009a3       0x3f ./src/crp.o
 .debug_info    0x000009e2       0xdd ./src/sysinit.o
 .debug_info    0x00000abf      0x409 C:\Users\Matt\Boston_Audio_Projects\Boston_Audio_Projects\ARM\BAP_LPC8xx_lib\Debug\libBAP_LPC8xx_lib.a(BAP_Clk.o)
 .debug_info    0x00000ec8       0xe7 C:\Users\Matt\Documents\LPCXpresso_7.3.0_186\workspace\lpc_chip_8xx\Debug\liblpc_chip_8xx.a(chip_8xx.o)
 .debug_info    0x00000faf      0xb7a C:\Users\Matt\Documents\LPCXpresso_7.3.0_186\workspace\lpc_chip_8xx\Debug\liblpc_chip_8xx.a(clock_8xx.o)
 .debug_info    0x00001b29      0x7bd C:\Users\Matt\Documents\LPCXpresso_7.3.0_186\workspace\lpc_chip_8xx\Debug\liblpc_chip_8xx.a(sysinit_8xx.o)
 .debug_info    0x000022e6      0x495 C:\Users\Matt\Documents\LPCXpresso_7.3.0_186\workspace\lpc_chip_8xx\Debug\liblpc_chip_8xx.a(syscon_8xx.o)

.debug_abbrev   0x00000000      0xa77
 .debug_abbrev  0x00000000      0x150 ./src/Etude-OpAmpADC.o
 .debug_abbrev  0x00000150      0x163 ./src/cr_startup_lpc8xx.o
 .debug_abbrev  0x000002b3       0x36 ./src/crp.o
 .debug_abbrev  0x000002e9       0x88 ./src/sysinit.o
 .debug_abbrev  0x00000371       0xca C:\Users\Matt\Boston_Audio_Projects\Boston_Audio_Projects\ARM\BAP_LPC8xx_lib\Debug\libBAP_LPC8xx_lib.a(BAP_Clk.o)
 .debug_abbrev  0x0000043b       0x9b C:\Users\Matt\Documents\LPCXpresso_7.3.0_186\workspace\lpc_chip_8xx\Debug\liblpc_chip_8xx.a(chip_8xx.o)
 .debug_abbrev  0x000004d6      0x313 C:\Users\Matt\Documents\LPCXpresso_7.3.0_186\workspace\lpc_chip_8xx\Debug\liblpc_chip_8xx.a(clock_8xx.o)
 .debug_abbrev  0x000007e9      0x1c0 C:\Users\Matt\Documents\LPCXpresso_7.3.0_186\workspace\lpc_chip_8xx\Debug\liblpc_chip_8xx.a(sysinit_8xx.o)
 .debug_abbrev  0x000009a9       0xce C:\Users\Matt\Documents\LPCXpresso_7.3.0_186\workspace\lpc_chip_8xx\Debug\liblpc_chip_8xx.a(syscon_8xx.o)

.debug_aranges  0x00000000      0x1f0
 .debug_aranges
                0x00000000       0x20 ./src/Etude-OpAmpADC.o
 .debug_aranges
                0x00000020       0x60 ./src/cr_startup_lpc8xx.o
 .debug_aranges
                0x00000080       0x18 ./src/crp.o
 .debug_aranges
                0x00000098       0x20 ./src/sysinit.o
 .debug_aranges
                0x000000b8       0x20 C:\Users\Matt\Boston_Audio_Projects\Boston_Audio_Projects\ARM\BAP_LPC8xx_lib\Debug\libBAP_LPC8xx_lib.a(BAP_Clk.o)
 .debug_aranges
                0x000000d8       0x20 C:\Users\Matt\Documents\LPCXpresso_7.3.0_186\workspace\lpc_chip_8xx\Debug\liblpc_chip_8xx.a(chip_8xx.o)
 .debug_aranges
                0x000000f8       0x90 C:\Users\Matt\Documents\LPCXpresso_7.3.0_186\workspace\lpc_chip_8xx\Debug\liblpc_chip_8xx.a(clock_8xx.o)
 .debug_aranges
                0x00000188       0x30 C:\Users\Matt\Documents\LPCXpresso_7.3.0_186\workspace\lpc_chip_8xx\Debug\liblpc_chip_8xx.a(sysinit_8xx.o)
 .debug_aranges
                0x000001b8       0x38 C:\Users\Matt\Documents\LPCXpresso_7.3.0_186\workspace\lpc_chip_8xx\Debug\liblpc_chip_8xx.a(syscon_8xx.o)

.debug_ranges   0x00000000      0x188
 .debug_ranges  0x00000000       0x28 ./src/Etude-OpAmpADC.o
 .debug_ranges  0x00000028       0x68 ./src/cr_startup_lpc8xx.o
 .debug_ranges  0x00000090       0x10 ./src/sysinit.o
 .debug_ranges  0x000000a0       0x10 C:\Users\Matt\Boston_Audio_Projects\Boston_Audio_Projects\ARM\BAP_LPC8xx_lib\Debug\libBAP_LPC8xx_lib.a(BAP_Clk.o)
 .debug_ranges  0x000000b0       0x10 C:\Users\Matt\Documents\LPCXpresso_7.3.0_186\workspace\lpc_chip_8xx\Debug\liblpc_chip_8xx.a(chip_8xx.o)
 .debug_ranges  0x000000c0       0x80 C:\Users\Matt\Documents\LPCXpresso_7.3.0_186\workspace\lpc_chip_8xx\Debug\liblpc_chip_8xx.a(clock_8xx.o)
 .debug_ranges  0x00000140       0x20 C:\Users\Matt\Documents\LPCXpresso_7.3.0_186\workspace\lpc_chip_8xx\Debug\liblpc_chip_8xx.a(sysinit_8xx.o)
 .debug_ranges  0x00000160       0x28 C:\Users\Matt\Documents\LPCXpresso_7.3.0_186\workspace\lpc_chip_8xx\Debug\liblpc_chip_8xx.a(syscon_8xx.o)

.debug_macro    0x00000000     0x41ee
 .debug_macro   0x00000000      0x229 ./src/Etude-OpAmpADC.o
 .debug_macro   0x00000229      0x84a ./src/Etude-OpAmpADC.o
 .debug_macro   0x00000a73       0x82 ./src/Etude-OpAmpADC.o
 .debug_macro   0x00000af5       0x10 ./src/Etude-OpAmpADC.o
 .debug_macro   0x00000b05      0x122 ./src/Etude-OpAmpADC.o
 .debug_macro   0x00000c27      0x5b9 ./src/Etude-OpAmpADC.o
 .debug_macro   0x000011e0       0x22 ./src/Etude-OpAmpADC.o
 .debug_macro   0x00001202       0x7b ./src/Etude-OpAmpADC.o
 .debug_macro   0x0000127d       0x10 ./src/Etude-OpAmpADC.o
 .debug_macro   0x0000128d       0x28 ./src/Etude-OpAmpADC.o
 .debug_macro   0x000012b5       0x3a ./src/Etude-OpAmpADC.o
 .debug_macro   0x000012ef       0x1f ./src/Etude-OpAmpADC.o
 .debug_macro   0x0000130e      0x250 ./src/Etude-OpAmpADC.o
 .debug_macro   0x0000155e      0x145 ./src/Etude-OpAmpADC.o
 .debug_macro   0x000016a3       0xca ./src/Etude-OpAmpADC.o
 .debug_macro   0x0000176d       0x6a ./src/Etude-OpAmpADC.o
 .debug_macro   0x000017d7       0x70 ./src/Etude-OpAmpADC.o
 .debug_macro   0x00001847       0x28 ./src/Etude-OpAmpADC.o
 .debug_macro   0x0000186f      0x190 ./src/Etude-OpAmpADC.o
 .debug_macro   0x000019ff       0x1c ./src/Etude-OpAmpADC.o
 .debug_macro   0x00001a1b       0x64 ./src/Etude-OpAmpADC.o
 .debug_macro   0x00001a7f       0x10 ./src/Etude-OpAmpADC.o
 .debug_macro   0x00001a8f       0x22 ./src/Etude-OpAmpADC.o
 .debug_macro   0x00001ab1       0xb2 ./src/Etude-OpAmpADC.o
 .debug_macro   0x00001b63       0x58 ./src/Etude-OpAmpADC.o
 .debug_macro   0x00001bbb       0x58 ./src/Etude-OpAmpADC.o
 .debug_macro   0x00001c13       0x6a ./src/Etude-OpAmpADC.o
 .debug_macro   0x00001c7d       0x82 ./src/Etude-OpAmpADC.o
 .debug_macro   0x00001cff       0x16 ./src/Etude-OpAmpADC.o
 .debug_macro   0x00001d15      0x131 ./src/Etude-OpAmpADC.o
 .debug_macro   0x00001e46       0x22 ./src/Etude-OpAmpADC.o
 .debug_macro   0x00001e68       0x52 ./src/Etude-OpAmpADC.o
 .debug_macro   0x00001eba      0x181 ./src/Etude-OpAmpADC.o
 .debug_macro   0x0000203b      0x289 ./src/Etude-OpAmpADC.o
 .debug_macro   0x000022c4      0x28b ./src/Etude-OpAmpADC.o
 .debug_macro   0x0000254f       0x2e ./src/Etude-OpAmpADC.o
 .debug_macro   0x0000257d       0x22 ./src/Etude-OpAmpADC.o
 .debug_macro   0x0000259f       0x1c ./src/Etude-OpAmpADC.o
 .debug_macro   0x000025bb       0x1c ./src/Etude-OpAmpADC.o
 .debug_macro   0x000025d7       0x2e ./src/Etude-OpAmpADC.o
 .debug_macro   0x00002605       0x1d ./src/cr_startup_lpc8xx.o
 .debug_macro   0x00002622       0x1a ./src/crp.o
 .debug_macro   0x0000263c       0x34 ./src/crp.o
 .debug_macro   0x00002670      0x1d5 ./src/sysinit.o
 .debug_macro   0x00002845      0x1e5 C:\Users\Matt\Boston_Audio_Projects\Boston_Audio_Projects\ARM\BAP_LPC8xx_lib\Debug\libBAP_LPC8xx_lib.a(BAP_Clk.o)
 .debug_macro   0x00002a2a      0x83e C:\Users\Matt\Boston_Audio_Projects\Boston_Audio_Projects\ARM\BAP_LPC8xx_lib\Debug\libBAP_LPC8xx_lib.a(BAP_Clk.o)
 .debug_macro   0x00003268      0x1d5 C:\Users\Matt\Documents\LPCXpresso_7.3.0_186\workspace\lpc_chip_8xx\Debug\liblpc_chip_8xx.a(chip_8xx.o)
 .debug_macro   0x0000343d      0x81a C:\Users\Matt\Documents\LPCXpresso_7.3.0_186\workspace\lpc_chip_8xx\Debug\liblpc_chip_8xx.a(chip_8xx.o)
 .debug_macro   0x00003c57      0x1d5 C:\Users\Matt\Documents\LPCXpresso_7.3.0_186\workspace\lpc_chip_8xx\Debug\liblpc_chip_8xx.a(clock_8xx.o)
 .debug_macro   0x00003e2c      0x1d5 C:\Users\Matt\Documents\LPCXpresso_7.3.0_186\workspace\lpc_chip_8xx\Debug\liblpc_chip_8xx.a(sysinit_8xx.o)
 .debug_macro   0x00004001      0x1ed C:\Users\Matt\Documents\LPCXpresso_7.3.0_186\workspace\lpc_chip_8xx\Debug\liblpc_chip_8xx.a(syscon_8xx.o)

.debug_line     0x00000000     0x1dc1
 .debug_line    0x00000000      0x505 ./src/Etude-OpAmpADC.o
 .debug_line    0x00000505       0x9c ./src/cr_startup_lpc8xx.o
 .debug_line    0x000005a1       0x78 ./src/crp.o
 .debug_line    0x00000619      0x37a ./src/sysinit.o
 .debug_line    0x00000993      0x3e7 C:\Users\Matt\Boston_Audio_Projects\Boston_Audio_Projects\ARM\BAP_LPC8xx_lib\Debug\libBAP_LPC8xx_lib.a(BAP_Clk.o)
 .debug_line    0x00000d7a      0x37b C:\Users\Matt\Documents\LPCXpresso_7.3.0_186\workspace\lpc_chip_8xx\Debug\liblpc_chip_8xx.a(chip_8xx.o)
 .debug_line    0x000010f5      0x50d C:\Users\Matt\Documents\LPCXpresso_7.3.0_186\workspace\lpc_chip_8xx\Debug\liblpc_chip_8xx.a(clock_8xx.o)
 .debug_line    0x00001602      0x407 C:\Users\Matt\Documents\LPCXpresso_7.3.0_186\workspace\lpc_chip_8xx\Debug\liblpc_chip_8xx.a(sysinit_8xx.o)
 .debug_line    0x00001a09      0x3b8 C:\Users\Matt\Documents\LPCXpresso_7.3.0_186\workspace\lpc_chip_8xx\Debug\liblpc_chip_8xx.a(syscon_8xx.o)

.debug_str      0x00000000     0xb2f4
 .debug_str     0x00000000     0xa389 ./src/Etude-OpAmpADC.o
                               0xa456 (size before relaxing)
 .debug_str     0x0000a389      0x1d2 ./src/cr_startup_lpc8xx.o
                               0x2510 (size before relaxing)
 .debug_str     0x0000a55b       0xe9 ./src/crp.o
                               0x2461 (size before relaxing)
 .debug_str     0x0000a644       0x21 ./src/sysinit.o
                               0x99e5 (size before relaxing)
 .debug_str     0x0000a665      0x157 C:\Users\Matt\Boston_Audio_Projects\Boston_Audio_Projects\ARM\BAP_LPC8xx_lib\Debug\libBAP_LPC8xx_lib.a(BAP_Clk.o)
                               0x9c02 (size before relaxing)
 .debug_str     0x0000a7bc      0x14d C:\Users\Matt\Documents\LPCXpresso_7.3.0_186\workspace\lpc_chip_8xx\Debug\liblpc_chip_8xx.a(chip_8xx.o)
                               0x997a (size before relaxing)
 .debug_str     0x0000a909      0x7bf C:\Users\Matt\Documents\LPCXpresso_7.3.0_186\workspace\lpc_chip_8xx\Debug\liblpc_chip_8xx.a(clock_8xx.o)
                               0xa328 (size before relaxing)
 .debug_str     0x0000b0c8      0x142 C:\Users\Matt\Documents\LPCXpresso_7.3.0_186\workspace\lpc_chip_8xx\Debug\liblpc_chip_8xx.a(sysinit_8xx.o)
                               0x9e06 (size before relaxing)
 .debug_str     0x0000b20a       0xea C:\Users\Matt\Documents\LPCXpresso_7.3.0_186\workspace\lpc_chip_8xx\Debug\liblpc_chip_8xx.a(syscon_8xx.o)
                               0x9c4c (size before relaxing)

.comment        0x00000000       0xe0
 .comment       0x00000000       0x70 ./src/Etude-OpAmpADC.o
                                 0x71 (size before relaxing)
 .comment       0x00000000       0x71 ./src/cr_startup_lpc8xx.o
 .comment       0x00000000       0x71 ./src/crp.o
 .comment       0x00000000       0x71 ./src/sysinit.o
 .comment       0x00000000       0x71 C:\Users\Matt\Boston_Audio_Projects\Boston_Audio_Projects\ARM\BAP_LPC8xx_lib\Debug\libBAP_LPC8xx_lib.a(BAP_Clk.o)
 .comment       0x00000000       0x71 C:\Users\Matt\Documents\LPCXpresso_7.3.0_186\workspace\lpc_chip_8xx\Debug\liblpc_chip_8xx.a(chip_8xx.o)
 .comment       0x00000000       0x71 C:\Users\Matt\Documents\LPCXpresso_7.3.0_186\workspace\lpc_chip_8xx\Debug\liblpc_chip_8xx.a(clock_8xx.o)
 .comment       0x00000000       0x71 C:\Users\Matt\Documents\LPCXpresso_7.3.0_186\workspace\lpc_chip_8xx\Debug\liblpc_chip_8xx.a(sysinit_8xx.o)
 .comment       0x00000000       0x71 C:\Users\Matt\Documents\LPCXpresso_7.3.0_186\workspace\lpc_chip_8xx\Debug\liblpc_chip_8xx.a(syscon_8xx.o)
 .comment       0x00000070       0x70 c:/nxp/lpcxpresso_7.3.0_186/lpcxpresso/tools/bin/../lib/gcc/arm-none-eabi/4.8.4/../../../../arm-none-eabi/lib/armv6-m\libcr_c.a(__weak__main.o)
                                 0x71 (size before relaxing)

.ARM.attributes
                0x00000000       0x2f
 .ARM.attributes
                0x00000000       0x31 ./src/Etude-OpAmpADC.o
 .ARM.attributes
                0x00000031       0x31 ./src/cr_startup_lpc8xx.o
 .ARM.attributes
                0x00000062       0x31 ./src/crp.o
 .ARM.attributes
                0x00000093       0x31 ./src/sysinit.o
 .ARM.attributes
                0x000000c4       0x31 C:\Users\Matt\Boston_Audio_Projects\Boston_Audio_Projects\ARM\BAP_LPC8xx_lib\Debug\libBAP_LPC8xx_lib.a(BAP_Clk.o)
 .ARM.attributes
                0x000000f5       0x31 C:\Users\Matt\Documents\LPCXpresso_7.3.0_186\workspace\lpc_chip_8xx\Debug\liblpc_chip_8xx.a(chip_8xx.o)
 .ARM.attributes
                0x00000126       0x31 C:\Users\Matt\Documents\LPCXpresso_7.3.0_186\workspace\lpc_chip_8xx\Debug\liblpc_chip_8xx.a(clock_8xx.o)
 .ARM.attributes
                0x00000157       0x31 C:\Users\Matt\Documents\LPCXpresso_7.3.0_186\workspace\lpc_chip_8xx\Debug\liblpc_chip_8xx.a(sysinit_8xx.o)
 .ARM.attributes
                0x00000188       0x31 C:\Users\Matt\Documents\LPCXpresso_7.3.0_186\workspace\lpc_chip_8xx\Debug\liblpc_chip_8xx.a(syscon_8xx.o)
 .ARM.attributes
                0x000001b9       0x31 c:/nxp/lpcxpresso_7.3.0_186/lpcxpresso/tools/bin/../lib/gcc/arm-none-eabi/4.8.4/../../../../arm-none-eabi/lib/armv6-m\libcr_c.a(__weak__main.o)
 .ARM.attributes
                0x000001ea       0x21 c:/nxp/lpcxpresso_7.3.0_186/lpcxpresso/tools/bin/../lib/gcc/arm-none-eabi/4.8.4/armv6-m\libcr_eabihelpers.a(division_32.o)
 .ARM.attributes
                0x0000020b       0x21 c:/nxp/lpcxpresso_7.3.0_186/lpcxpresso/tools/bin/../lib/gcc/arm-none-eabi/4.8.4/armv6-m\libcr_eabihelpers.a(division_idiv0.o)

.debug_frame    0x00000000      0x34c
 .debug_frame   0x00000000       0x28 ./src/Etude-OpAmpADC.o
 .debug_frame   0x00000028       0xb4 ./src/cr_startup_lpc8xx.o
 .debug_frame   0x000000dc       0x28 ./src/sysinit.o
 .debug_frame   0x00000104       0x28 C:\Users\Matt\Boston_Audio_Projects\Boston_Audio_Projects\ARM\BAP_LPC8xx_lib\Debug\libBAP_LPC8xx_lib.a(BAP_Clk.o)
 .debug_frame   0x0000012c       0x28 C:\Users\Matt\Documents\LPCXpresso_7.3.0_186\workspace\lpc_chip_8xx\Debug\liblpc_chip_8xx.a(chip_8xx.o)
 .debug_frame   0x00000154      0x148 C:\Users\Matt\Documents\LPCXpresso_7.3.0_186\workspace\lpc_chip_8xx\Debug\liblpc_chip_8xx.a(clock_8xx.o)
 .debug_frame   0x0000029c       0x58 C:\Users\Matt\Documents\LPCXpresso_7.3.0_186\workspace\lpc_chip_8xx\Debug\liblpc_chip_8xx.a(sysinit_8xx.o)
 .debug_frame   0x000002f4       0x58 C:\Users\Matt\Documents\LPCXpresso_7.3.0_186\workspace\lpc_chip_8xx\Debug\liblpc_chip_8xx.a(syscon_8xx.o)

.debug_loc      0x00000000      0x6ad
 .debug_loc     0x00000000      0x2ba ./src/cr_startup_lpc8xx.o
 .debug_loc     0x000002ba      0x322 C:\Users\Matt\Documents\LPCXpresso_7.3.0_186\workspace\lpc_chip_8xx\Debug\liblpc_chip_8xx.a(clock_8xx.o)
 .debug_loc     0x000005dc       0xd1 C:\Users\Matt\Documents\LPCXpresso_7.3.0_186\workspace\lpc_chip_8xx\Debug\liblpc_chip_8xx.a(syscon_8xx.o)
