Archive member included because of file (symbol)

C:\Users\Matt\Boston_Audio_Projects\Boston_Audio_Projects\ARM\BAP_LPC8xx_lib\Debug\libBAP_LPC8xx_lib.a(BAP_Clk.o)
                              ./src/Etude-OpAmpADC.o (CoreClockInit_30Hz)
C:\Users\Matt\Documents\LPCXpresso_7.3.0_186\workspace\lpc_chip_8xx\Debug\liblpc_chip_8xx.a(chip_8xx.o)
                              C:\Users\Matt\Boston_Audio_Projects\Boston_Audio_Projects\ARM\BAP_LPC8xx_lib\Debug\libBAP_LPC8xx_lib.a(BAP_Clk.o) (SystemCoreClockUpdate)
C:\Users\Matt\Documents\LPCXpresso_7.3.0_186\workspace\lpc_chip_8xx\Debug\liblpc_chip_8xx.a(clock_8xx.o)
                              ./src/Etude-OpAmpADC.o (Chip_Clock_GetSystemClockRate)
C:\Users\Matt\Documents\LPCXpresso_7.3.0_186\workspace\lpc_chip_8xx\Debug\liblpc_chip_8xx.a(sysinit_8xx.o)
                              ./src/sysinit.o (Chip_SystemInit)
C:\Users\Matt\Documents\LPCXpresso_7.3.0_186\workspace\lpc_chip_8xx\Debug\liblpc_chip_8xx.a(syscon_8xx.o)
                              C:\Users\Matt\Documents\LPCXpresso_7.3.0_186\workspace\lpc_chip_8xx\Debug\liblpc_chip_8xx.a(sysinit_8xx.o) (Chip_SYSCTL_PowerDown)
c:/nxp/lpcxpresso_7.3.0_186/lpcxpresso/tools/bin/../lib/gcc/arm-none-eabi/4.8.4/../../../../arm-none-eabi/lib/armv6-m\libcr_c.a(__weak__main.o)
                              ./src/cr_startup_lpc8xx.o (__main)
c:/nxp/lpcxpresso_7.3.0_186/lpcxpresso/tools/bin/../lib/gcc/arm-none-eabi/4.8.4/armv6-m\libcr_eabihelpers.a(division_32.o)
                              ./src/Etude-OpAmpADC.o (__aeabi_uidiv)
c:/nxp/lpcxpresso_7.3.0_186/lpcxpresso/tools/bin/../lib/gcc/arm-none-eabi/4.8.4/armv6-m\libcr_eabihelpers.a(division_64.o)
                              C:\Users\Matt\Documents\LPCXpresso_7.3.0_186\workspace\lpc_chip_8xx\Debug\liblpc_chip_8xx.a(clock_8xx.o) (__aeabi_uldivmod)
c:/nxp/lpcxpresso_7.3.0_186/lpcxpresso/tools/bin/../lib/gcc/arm-none-eabi/4.8.4/armv6-m\libcr_eabihelpers.a(division_idiv0.o)
                              c:/nxp/lpcxpresso_7.3.0_186/lpcxpresso/tools/bin/../lib/gcc/arm-none-eabi/4.8.4/armv6-m\libcr_eabihelpers.a(division_32.o) (__aeabi_idiv0)

Allocating common symbols
Common symbol       size              file

SystemCoreClock     0x4               C:\Users\Matt\Documents\LPCXpresso_7.3.0_186\workspace\lpc_chip_8xx\Debug\liblpc_chip_8xx.a(chip_8xx.o)
last_conversion     0x4               ./src/Etude-OpAmpADC.o
lc_buff             0x4               ./src/Etude-OpAmpADC.o

Discarded input sections

 .group         0x00000000        0x8 ./src/Etude-OpAmpADC.o
 .group         0x00000000        0x8 ./src/Etude-OpAmpADC.o
 .group         0x00000000        0x8 ./src/Etude-OpAmpADC.o
 .group         0x00000000        0x8 ./src/Etude-OpAmpADC.o
 .group         0x00000000        0x8 ./src/Etude-OpAmpADC.o
 .group         0x00000000        0x8 ./src/Etude-OpAmpADC.o
 .group         0x00000000        0x8 ./src/Etude-OpAmpADC.o
 .group         0x00000000        0x8 ./src/Etude-OpAmpADC.o
 .group         0x00000000        0x8 ./src/Etude-OpAmpADC.o
 .group         0x00000000        0x8 ./src/Etude-OpAmpADC.o
 .group         0x00000000        0x8 ./src/Etude-OpAmpADC.o
 .group         0x00000000        0x8 ./src/Etude-OpAmpADC.o
 .group         0x00000000        0x8 ./src/Etude-OpAmpADC.o
 .group         0x00000000        0x8 ./src/Etude-OpAmpADC.o
 .group         0x00000000        0x8 ./src/Etude-OpAmpADC.o
 .group         0x00000000        0x8 ./src/Etude-OpAmpADC.o
 .group         0x00000000        0x8 ./src/Etude-OpAmpADC.o
 .group         0x00000000        0x8 ./src/Etude-OpAmpADC.o
 .group         0x00000000        0x8 ./src/Etude-OpAmpADC.o
 .group         0x00000000        0x8 ./src/Etude-OpAmpADC.o
 .group         0x00000000        0x8 ./src/Etude-OpAmpADC.o
 .group         0x00000000        0x8 ./src/Etude-OpAmpADC.o
 .group         0x00000000        0x8 ./src/Etude-OpAmpADC.o
 .group         0x00000000        0x8 ./src/Etude-OpAmpADC.o
 .group         0x00000000        0x8 ./src/Etude-OpAmpADC.o
 .group         0x00000000        0x8 ./src/Etude-OpAmpADC.o
 .group         0x00000000        0x8 ./src/Etude-OpAmpADC.o
 .group         0x00000000        0x8 ./src/Etude-OpAmpADC.o
 .group         0x00000000        0x8 ./src/Etude-OpAmpADC.o
 .group         0x00000000        0x8 ./src/Etude-OpAmpADC.o
 .group         0x00000000        0x8 ./src/Etude-OpAmpADC.o
 .group         0x00000000        0x8 ./src/Etude-OpAmpADC.o
 .group         0x00000000        0x8 ./src/Etude-OpAmpADC.o
 .group         0x00000000        0x8 ./src/Etude-OpAmpADC.o
 .group         0x00000000        0x8 ./src/Etude-OpAmpADC.o
 .group         0x00000000        0x8 ./src/Etude-OpAmpADC.o
 .group         0x00000000        0x8 ./src/Etude-OpAmpADC.o
 .group         0x00000000        0x8 ./src/Etude-OpAmpADC.o
 .group         0x00000000        0x8 ./src/Etude-OpAmpADC.o
 .text          0x00000000        0x0 ./src/Etude-OpAmpADC.o
 .data          0x00000000        0x0 ./src/Etude-OpAmpADC.o
 .bss           0x00000000        0x0 ./src/Etude-OpAmpADC.o
 .group         0x00000000        0x8 ./src/cr_startup_lpc8xx.o
 .text          0x00000000        0x0 ./src/cr_startup_lpc8xx.o
 .data          0x00000000        0x0 ./src/cr_startup_lpc8xx.o
 .bss           0x00000000        0x0 ./src/cr_startup_lpc8xx.o
 .debug_macro   0x00000000      0x84a ./src/cr_startup_lpc8xx.o
 .group         0x00000000        0x8 ./src/crp.o
 .group         0x00000000        0x8 ./src/crp.o
 .text          0x00000000        0x0 ./src/crp.o
 .data          0x00000000        0x0 ./src/crp.o
 .bss           0x00000000        0x0 ./src/crp.o
 .debug_macro   0x00000000      0x84a ./src/crp.o
 .group         0x00000000        0x8 ./src/mtb.o
 .text          0x00000000        0x0 ./src/mtb.o
 .data          0x00000000        0x0 ./src/mtb.o
 .bss           0x00000000        0x0 ./src/mtb.o
 .debug_info    0x00000000       0x21 ./src/mtb.o
 .debug_abbrev  0x00000000       0x13 ./src/mtb.o
 .debug_aranges
                0x00000000       0x18 ./src/mtb.o
 .debug_macro   0x00000000       0x11 ./src/mtb.o
 .debug_macro   0x00000000      0x84a ./src/mtb.o
 .debug_line    0x00000000       0x2d ./src/mtb.o
 .debug_str     0x00000000     0x238d ./src/mtb.o
 .comment       0x00000000       0x71 ./src/mtb.o
 .ARM.attributes
                0x00000000       0x31 ./src/mtb.o
 .group         0x00000000        0x8 ./src/sysinit.o
 .group         0x00000000        0x8 ./src/sysinit.o
 .group         0x00000000        0x8 ./src/sysinit.o
 .group         0x00000000        0x8 ./src/sysinit.o
 .group         0x00000000        0x8 ./src/sysinit.o
 .group         0x00000000        0x8 ./src/sysinit.o
 .group         0x00000000        0x8 ./src/sysinit.o
 .group         0x00000000        0x8 ./src/sysinit.o
 .group         0x00000000        0x8 ./src/sysinit.o
 .group         0x00000000        0x8 ./src/sysinit.o
 .group         0x00000000        0x8 ./src/sysinit.o
 .group         0x00000000        0x8 ./src/sysinit.o
 .group         0x00000000        0x8 ./src/sysinit.o
 .group         0x00000000        0x8 ./src/sysinit.o
 .group         0x00000000        0x8 ./src/sysinit.o
 .group         0x00000000        0x8 ./src/sysinit.o
 .group         0x00000000        0x8 ./src/sysinit.o
 .group         0x00000000        0x8 ./src/sysinit.o
 .group         0x00000000        0x8 ./src/sysinit.o
 .group         0x00000000        0x8 ./src/sysinit.o
 .group         0x00000000        0x8 ./src/sysinit.o
 .group         0x00000000        0x8 ./src/sysinit.o
 .group         0x00000000        0x8 ./src/sysinit.o
 .group         0x00000000        0x8 ./src/sysinit.o
 .group         0x00000000        0x8 ./src/sysinit.o
 .group         0x00000000        0x8 ./src/sysinit.o
 .group         0x00000000        0x8 ./src/sysinit.o
 .group         0x00000000        0x8 ./src/sysinit.o
 .group         0x00000000        0x8 ./src/sysinit.o
 .group         0x00000000        0x8 ./src/sysinit.o
 .group         0x00000000        0x8 ./src/sysinit.o
 .group         0x00000000        0x8 ./src/sysinit.o
 .group         0x00000000        0x8 ./src/sysinit.o
 .group         0x00000000        0x8 ./src/sysinit.o
 .group         0x00000000        0x8 ./src/sysinit.o
 .text          0x00000000        0x0 ./src/sysinit.o
 .data          0x00000000        0x0 ./src/sysinit.o
 .bss           0x00000000        0x0 ./src/sysinit.o
 .debug_macro   0x00000000      0x84a ./src/sysinit.o
 .debug_macro   0x00000000       0x10 ./src/sysinit.o
 .debug_macro   0x00000000      0x122 ./src/sysinit.o
 .debug_macro   0x00000000      0x5b9 ./src/sysinit.o
 .debug_macro   0x00000000       0x22 ./src/sysinit.o
 .debug_macro   0x00000000       0x7b ./src/sysinit.o
 .debug_macro   0x00000000       0x10 ./src/sysinit.o
 .debug_macro   0x00000000       0x28 ./src/sysinit.o
 .debug_macro   0x00000000       0x3a ./src/sysinit.o
 .debug_macro   0x00000000       0x1f ./src/sysinit.o
 .debug_macro   0x00000000      0x250 ./src/sysinit.o
 .debug_macro   0x00000000      0x145 ./src/sysinit.o
 .debug_macro   0x00000000       0xca ./src/sysinit.o
 .debug_macro   0x00000000       0x6a ./src/sysinit.o
 .debug_macro   0x00000000       0x70 ./src/sysinit.o
 .debug_macro   0x00000000       0x28 ./src/sysinit.o
 .debug_macro   0x00000000      0x190 ./src/sysinit.o
 .debug_macro   0x00000000       0x1c ./src/sysinit.o
 .debug_macro   0x00000000       0x64 ./src/sysinit.o
 .debug_macro   0x00000000       0x10 ./src/sysinit.o
 .debug_macro   0x00000000       0x22 ./src/sysinit.o
 .debug_macro   0x00000000       0xb2 ./src/sysinit.o
 .debug_macro   0x00000000       0x58 ./src/sysinit.o
 .debug_macro   0x00000000       0x58 ./src/sysinit.o
 .debug_macro   0x00000000       0x6a ./src/sysinit.o
 .debug_macro   0x00000000       0x82 ./src/sysinit.o
 .debug_macro   0x00000000       0x16 ./src/sysinit.o
 .debug_macro   0x00000000      0x131 ./src/sysinit.o
 .debug_macro   0x00000000       0x22 ./src/sysinit.o
 .debug_macro   0x00000000       0x52 ./src/sysinit.o
 .debug_macro   0x00000000      0x181 ./src/sysinit.o
 .debug_macro   0x00000000      0x289 ./src/sysinit.o
 .debug_macro   0x00000000      0x28b ./src/sysinit.o
 .debug_macro   0x00000000       0x2e ./src/sysinit.o
 .debug_macro   0x00000000       0x22 ./src/sysinit.o
 .group         0x00000000        0x8 C:\Users\Matt\Boston_Audio_Projects\Boston_Audio_Projects\ARM\BAP_LPC8xx_lib\Debug\libBAP_LPC8xx_lib.a(BAP_Clk.o)
 .group         0x00000000        0x8 C:\Users\Matt\Boston_Audio_Projects\Boston_Audio_Projects\ARM\BAP_LPC8xx_lib\Debug\libBAP_LPC8xx_lib.a(BAP_Clk.o)
 .group         0x00000000        0x8 C:\Users\Matt\Boston_Audio_Projects\Boston_Audio_Projects\ARM\BAP_LPC8xx_lib\Debug\libBAP_LPC8xx_lib.a(BAP_Clk.o)
 .group         0x00000000        0x8 C:\Users\Matt\Boston_Audio_Projects\Boston_Audio_Projects\ARM\BAP_LPC8xx_lib\Debug\libBAP_LPC8xx_lib.a(BAP_Clk.o)
 .group         0x00000000        0x8 C:\Users\Matt\Boston_Audio_Projects\Boston_Audio_Projects\ARM\BAP_LPC8xx_lib\Debug\libBAP_LPC8xx_lib.a(BAP_Clk.o)
 .group         0x00000000        0x8 C:\Users\Matt\Boston_Audio_Projects\Boston_Audio_Projects\ARM\BAP_LPC8xx_lib\Debug\libBAP_LPC8xx_lib.a(BAP_Clk.o)
 .group         0x00000000        0x8 C:\Users\Matt\Boston_Audio_Projects\Boston_Audio_Projects\ARM\BAP_LPC8xx_lib\Debug\libBAP_LPC8xx_lib.a(BAP_Clk.o)
 .group         0x00000000        0x8 C:\Users\Matt\Boston_Audio_Projects\Boston_Audio_Projects\ARM\BAP_LPC8xx_lib\Debug\libBAP_LPC8xx_lib.a(BAP_Clk.o)
 .group         0x00000000        0x8 C:\Users\Matt\Boston_Audio_Projects\Boston_Audio_Projects\ARM\BAP_LPC8xx_lib\Debug\libBAP_LPC8xx_lib.a(BAP_Clk.o)
 .group         0x00000000        0x8 C:\Users\Matt\Boston_Audio_Projects\Boston_Audio_Projects\ARM\BAP_LPC8xx_lib\Debug\libBAP_LPC8xx_lib.a(BAP_Clk.o)
 .group         0x00000000        0x8 C:\Users\Matt\Boston_Audio_Projects\Boston_Audio_Projects\ARM\BAP_LPC8xx_lib\Debug\libBAP_LPC8xx_lib.a(BAP_Clk.o)
 .group         0x00000000        0x8 C:\Users\Matt\Boston_Audio_Projects\Boston_Audio_Projects\ARM\BAP_LPC8xx_lib\Debug\libBAP_LPC8xx_lib.a(BAP_Clk.o)
 .group         0x00000000        0x8 C:\Users\Matt\Boston_Audio_Projects\Boston_Audio_Projects\ARM\BAP_LPC8xx_lib\Debug\libBAP_LPC8xx_lib.a(BAP_Clk.o)
 .group         0x00000000        0x8 C:\Users\Matt\Boston_Audio_Projects\Boston_Audio_Projects\ARM\BAP_LPC8xx_lib\Debug\libBAP_LPC8xx_lib.a(BAP_Clk.o)
 .group         0x00000000        0x8 C:\Users\Matt\Boston_Audio_Projects\Boston_Audio_Projects\ARM\BAP_LPC8xx_lib\Debug\libBAP_LPC8xx_lib.a(BAP_Clk.o)
 .group         0x00000000        0x8 C:\Users\Matt\Boston_Audio_Projects\Boston_Audio_Projects\ARM\BAP_LPC8xx_lib\Debug\libBAP_LPC8xx_lib.a(BAP_Clk.o)
 .group         0x00000000        0x8 C:\Users\Matt\Boston_Audio_Projects\Boston_Audio_Projects\ARM\BAP_LPC8xx_lib\Debug\libBAP_LPC8xx_lib.a(BAP_Clk.o)
 .group         0x00000000        0x8 C:\Users\Matt\Boston_Audio_Projects\Boston_Audio_Projects\ARM\BAP_LPC8xx_lib\Debug\libBAP_LPC8xx_lib.a(BAP_Clk.o)
 .group         0x00000000        0x8 C:\Users\Matt\Boston_Audio_Projects\Boston_Audio_Projects\ARM\BAP_LPC8xx_lib\Debug\libBAP_LPC8xx_lib.a(BAP_Clk.o)
 .group         0x00000000        0x8 C:\Users\Matt\Boston_Audio_Projects\Boston_Audio_Projects\ARM\BAP_LPC8xx_lib\Debug\libBAP_LPC8xx_lib.a(BAP_Clk.o)
 .group         0x00000000        0x8 C:\Users\Matt\Boston_Audio_Projects\Boston_Audio_Projects\ARM\BAP_LPC8xx_lib\Debug\libBAP_LPC8xx_lib.a(BAP_Clk.o)
 .group         0x00000000        0x8 C:\Users\Matt\Boston_Audio_Projects\Boston_Audio_Projects\ARM\BAP_LPC8xx_lib\Debug\libBAP_LPC8xx_lib.a(BAP_Clk.o)
 .group         0x00000000        0x8 C:\Users\Matt\Boston_Audio_Projects\Boston_Audio_Projects\ARM\BAP_LPC8xx_lib\Debug\libBAP_LPC8xx_lib.a(BAP_Clk.o)
 .group         0x00000000        0x8 C:\Users\Matt\Boston_Audio_Projects\Boston_Audio_Projects\ARM\BAP_LPC8xx_lib\Debug\libBAP_LPC8xx_lib.a(BAP_Clk.o)
 .group         0x00000000        0x8 C:\Users\Matt\Boston_Audio_Projects\Boston_Audio_Projects\ARM\BAP_LPC8xx_lib\Debug\libBAP_LPC8xx_lib.a(BAP_Clk.o)
 .group         0x00000000        0x8 C:\Users\Matt\Boston_Audio_Projects\Boston_Audio_Projects\ARM\BAP_LPC8xx_lib\Debug\libBAP_LPC8xx_lib.a(BAP_Clk.o)
 .group         0x00000000        0x8 C:\Users\Matt\Boston_Audio_Projects\Boston_Audio_Projects\ARM\BAP_LPC8xx_lib\Debug\libBAP_LPC8xx_lib.a(BAP_Clk.o)
 .group         0x00000000        0x8 C:\Users\Matt\Boston_Audio_Projects\Boston_Audio_Projects\ARM\BAP_LPC8xx_lib\Debug\libBAP_LPC8xx_lib.a(BAP_Clk.o)
 .group         0x00000000        0x8 C:\Users\Matt\Boston_Audio_Projects\Boston_Audio_Projects\ARM\BAP_LPC8xx_lib\Debug\libBAP_LPC8xx_lib.a(BAP_Clk.o)
 .group         0x00000000        0x8 C:\Users\Matt\Boston_Audio_Projects\Boston_Audio_Projects\ARM\BAP_LPC8xx_lib\Debug\libBAP_LPC8xx_lib.a(BAP_Clk.o)
 .group         0x00000000        0x8 C:\Users\Matt\Boston_Audio_Projects\Boston_Audio_Projects\ARM\BAP_LPC8xx_lib\Debug\libBAP_LPC8xx_lib.a(BAP_Clk.o)
 .group         0x00000000        0x8 C:\Users\Matt\Boston_Audio_Projects\Boston_Audio_Projects\ARM\BAP_LPC8xx_lib\Debug\libBAP_LPC8xx_lib.a(BAP_Clk.o)
 .group         0x00000000        0x8 C:\Users\Matt\Boston_Audio_Projects\Boston_Audio_Projects\ARM\BAP_LPC8xx_lib\Debug\libBAP_LPC8xx_lib.a(BAP_Clk.o)
 .group         0x00000000        0x8 C:\Users\Matt\Boston_Audio_Projects\Boston_Audio_Projects\ARM\BAP_LPC8xx_lib\Debug\libBAP_LPC8xx_lib.a(BAP_Clk.o)
 .group         0x00000000        0x8 C:\Users\Matt\Boston_Audio_Projects\Boston_Audio_Projects\ARM\BAP_LPC8xx_lib\Debug\libBAP_LPC8xx_lib.a(BAP_Clk.o)
 .text          0x00000000        0x0 C:\Users\Matt\Boston_Audio_Projects\Boston_Audio_Projects\ARM\BAP_LPC8xx_lib\Debug\libBAP_LPC8xx_lib.a(BAP_Clk.o)
 .data          0x00000000        0x0 C:\Users\Matt\Boston_Audio_Projects\Boston_Audio_Projects\ARM\BAP_LPC8xx_lib\Debug\libBAP_LPC8xx_lib.a(BAP_Clk.o)
 .bss           0x00000000        0x0 C:\Users\Matt\Boston_Audio_Projects\Boston_Audio_Projects\ARM\BAP_LPC8xx_lib\Debug\libBAP_LPC8xx_lib.a(BAP_Clk.o)
 .debug_macro   0x00000000       0x10 C:\Users\Matt\Boston_Audio_Projects\Boston_Audio_Projects\ARM\BAP_LPC8xx_lib\Debug\libBAP_LPC8xx_lib.a(BAP_Clk.o)
 .debug_macro   0x00000000      0x122 C:\Users\Matt\Boston_Audio_Projects\Boston_Audio_Projects\ARM\BAP_LPC8xx_lib\Debug\libBAP_LPC8xx_lib.a(BAP_Clk.o)
 .debug_macro   0x00000000      0x5b9 C:\Users\Matt\Boston_Audio_Projects\Boston_Audio_Projects\ARM\BAP_LPC8xx_lib\Debug\libBAP_LPC8xx_lib.a(BAP_Clk.o)
 .debug_macro   0x00000000       0x22 C:\Users\Matt\Boston_Audio_Projects\Boston_Audio_Projects\ARM\BAP_LPC8xx_lib\Debug\libBAP_LPC8xx_lib.a(BAP_Clk.o)
 .debug_macro   0x00000000       0x7b C:\Users\Matt\Boston_Audio_Projects\Boston_Audio_Projects\ARM\BAP_LPC8xx_lib\Debug\libBAP_LPC8xx_lib.a(BAP_Clk.o)
 .debug_macro   0x00000000       0x10 C:\Users\Matt\Boston_Audio_Projects\Boston_Audio_Projects\ARM\BAP_LPC8xx_lib\Debug\libBAP_LPC8xx_lib.a(BAP_Clk.o)
 .debug_macro   0x00000000       0x28 C:\Users\Matt\Boston_Audio_Projects\Boston_Audio_Projects\ARM\BAP_LPC8xx_lib\Debug\libBAP_LPC8xx_lib.a(BAP_Clk.o)
 .debug_macro   0x00000000       0x3a C:\Users\Matt\Boston_Audio_Projects\Boston_Audio_Projects\ARM\BAP_LPC8xx_lib\Debug\libBAP_LPC8xx_lib.a(BAP_Clk.o)
 .debug_macro   0x00000000       0x1f C:\Users\Matt\Boston_Audio_Projects\Boston_Audio_Projects\ARM\BAP_LPC8xx_lib\Debug\libBAP_LPC8xx_lib.a(BAP_Clk.o)
 .debug_macro   0x00000000      0x250 C:\Users\Matt\Boston_Audio_Projects\Boston_Audio_Projects\ARM\BAP_LPC8xx_lib\Debug\libBAP_LPC8xx_lib.a(BAP_Clk.o)
 .debug_macro   0x00000000      0x145 C:\Users\Matt\Boston_Audio_Projects\Boston_Audio_Projects\ARM\BAP_LPC8xx_lib\Debug\libBAP_LPC8xx_lib.a(BAP_Clk.o)
 .debug_macro   0x00000000       0xca C:\Users\Matt\Boston_Audio_Projects\Boston_Audio_Projects\ARM\BAP_LPC8xx_lib\Debug\libBAP_LPC8xx_lib.a(BAP_Clk.o)
 .debug_macro   0x00000000       0x6a C:\Users\Matt\Boston_Audio_Projects\Boston_Audio_Projects\ARM\BAP_LPC8xx_lib\Debug\libBAP_LPC8xx_lib.a(BAP_Clk.o)
 .debug_macro   0x00000000       0x70 C:\Users\Matt\Boston_Audio_Projects\Boston_Audio_Projects\ARM\BAP_LPC8xx_lib\Debug\libBAP_LPC8xx_lib.a(BAP_Clk.o)
 .debug_macro   0x00000000       0x28 C:\Users\Matt\Boston_Audio_Projects\Boston_Audio_Projects\ARM\BAP_LPC8xx_lib\Debug\libBAP_LPC8xx_lib.a(BAP_Clk.o)
 .debug_macro   0x00000000      0x190 C:\Users\Matt\Boston_Audio_Projects\Boston_Audio_Projects\ARM\BAP_LPC8xx_lib\Debug\libBAP_LPC8xx_lib.a(BAP_Clk.o)
 .debug_macro   0x00000000       0x1c C:\Users\Matt\Boston_Audio_Projects\Boston_Audio_Projects\ARM\BAP_LPC8xx_lib\Debug\libBAP_LPC8xx_lib.a(BAP_Clk.o)
 .debug_macro   0x00000000       0x64 C:\Users\Matt\Boston_Audio_Projects\Boston_Audio_Projects\ARM\BAP_LPC8xx_lib\Debug\libBAP_LPC8xx_lib.a(BAP_Clk.o)
 .debug_macro   0x00000000       0x10 C:\Users\Matt\Boston_Audio_Projects\Boston_Audio_Projects\ARM\BAP_LPC8xx_lib\Debug\libBAP_LPC8xx_lib.a(BAP_Clk.o)
 .debug_macro   0x00000000       0x22 C:\Users\Matt\Boston_Audio_Projects\Boston_Audio_Projects\ARM\BAP_LPC8xx_lib\Debug\libBAP_LPC8xx_lib.a(BAP_Clk.o)
 .debug_macro   0x00000000       0xb2 C:\Users\Matt\Boston_Audio_Projects\Boston_Audio_Projects\ARM\BAP_LPC8xx_lib\Debug\libBAP_LPC8xx_lib.a(BAP_Clk.o)
 .debug_macro   0x00000000       0x58 C:\Users\Matt\Boston_Audio_Projects\Boston_Audio_Projects\ARM\BAP_LPC8xx_lib\Debug\libBAP_LPC8xx_lib.a(BAP_Clk.o)
 .debug_macro   0x00000000       0x58 C:\Users\Matt\Boston_Audio_Projects\Boston_Audio_Projects\ARM\BAP_LPC8xx_lib\Debug\libBAP_LPC8xx_lib.a(BAP_Clk.o)
 .debug_macro   0x00000000       0x6a C:\Users\Matt\Boston_Audio_Projects\Boston_Audio_Projects\ARM\BAP_LPC8xx_lib\Debug\libBAP_LPC8xx_lib.a(BAP_Clk.o)
 .debug_macro   0x00000000       0x82 C:\Users\Matt\Boston_Audio_Projects\Boston_Audio_Projects\ARM\BAP_LPC8xx_lib\Debug\libBAP_LPC8xx_lib.a(BAP_Clk.o)
 .debug_macro   0x00000000       0x16 C:\Users\Matt\Boston_Audio_Projects\Boston_Audio_Projects\ARM\BAP_LPC8xx_lib\Debug\libBAP_LPC8xx_lib.a(BAP_Clk.o)
 .debug_macro   0x00000000      0x131 C:\Users\Matt\Boston_Audio_Projects\Boston_Audio_Projects\ARM\BAP_LPC8xx_lib\Debug\libBAP_LPC8xx_lib.a(BAP_Clk.o)
 .debug_macro   0x00000000       0x22 C:\Users\Matt\Boston_Audio_Projects\Boston_Audio_Projects\ARM\BAP_LPC8xx_lib\Debug\libBAP_LPC8xx_lib.a(BAP_Clk.o)
 .debug_macro   0x00000000       0x52 C:\Users\Matt\Boston_Audio_Projects\Boston_Audio_Projects\ARM\BAP_LPC8xx_lib\Debug\libBAP_LPC8xx_lib.a(BAP_Clk.o)
 .debug_macro   0x00000000      0x181 C:\Users\Matt\Boston_Audio_Projects\Boston_Audio_Projects\ARM\BAP_LPC8xx_lib\Debug\libBAP_LPC8xx_lib.a(BAP_Clk.o)
 .debug_macro   0x00000000      0x289 C:\Users\Matt\Boston_Audio_Projects\Boston_Audio_Projects\ARM\BAP_LPC8xx_lib\Debug\libBAP_LPC8xx_lib.a(BAP_Clk.o)
 .debug_macro   0x00000000      0x28b C:\Users\Matt\Boston_Audio_Projects\Boston_Audio_Projects\ARM\BAP_LPC8xx_lib\Debug\libBAP_LPC8xx_lib.a(BAP_Clk.o)
 .debug_macro   0x00000000       0x2e C:\Users\Matt\Boston_Audio_Projects\Boston_Audio_Projects\ARM\BAP_LPC8xx_lib\Debug\libBAP_LPC8xx_lib.a(BAP_Clk.o)
 .debug_macro   0x00000000       0x22 C:\Users\Matt\Boston_Audio_Projects\Boston_Audio_Projects\ARM\BAP_LPC8xx_lib\Debug\libBAP_LPC8xx_lib.a(BAP_Clk.o)
 .group         0x00000000        0x8 C:\Users\Matt\Documents\LPCXpresso_7.3.0_186\workspace\lpc_chip_8xx\Debug\liblpc_chip_8xx.a(chip_8xx.o)
 .group         0x00000000        0x8 C:\Users\Matt\Documents\LPCXpresso_7.3.0_186\workspace\lpc_chip_8xx\Debug\liblpc_chip_8xx.a(chip_8xx.o)
 .group         0x00000000        0x8 C:\Users\Matt\Documents\LPCXpresso_7.3.0_186\workspace\lpc_chip_8xx\Debug\liblpc_chip_8xx.a(chip_8xx.o)
 .group         0x00000000        0x8 C:\Users\Matt\Documents\LPCXpresso_7.3.0_186\workspace\lpc_chip_8xx\Debug\liblpc_chip_8xx.a(chip_8xx.o)
 .group         0x00000000        0x8 C:\Users\Matt\Documents\LPCXpresso_7.3.0_186\workspace\lpc_chip_8xx\Debug\liblpc_chip_8xx.a(chip_8xx.o)
 .group         0x00000000        0x8 C:\Users\Matt\Documents\LPCXpresso_7.3.0_186\workspace\lpc_chip_8xx\Debug\liblpc_chip_8xx.a(chip_8xx.o)
 .group         0x00000000        0x8 C:\Users\Matt\Documents\LPCXpresso_7.3.0_186\workspace\lpc_chip_8xx\Debug\liblpc_chip_8xx.a(chip_8xx.o)
 .group         0x00000000        0x8 C:\Users\Matt\Documents\LPCXpresso_7.3.0_186\workspace\lpc_chip_8xx\Debug\liblpc_chip_8xx.a(chip_8xx.o)
 .group         0x00000000        0x8 C:\Users\Matt\Documents\LPCXpresso_7.3.0_186\workspace\lpc_chip_8xx\Debug\liblpc_chip_8xx.a(chip_8xx.o)
 .group         0x00000000        0x8 C:\Users\Matt\Documents\LPCXpresso_7.3.0_186\workspace\lpc_chip_8xx\Debug\liblpc_chip_8xx.a(chip_8xx.o)
 .group         0x00000000        0x8 C:\Users\Matt\Documents\LPCXpresso_7.3.0_186\workspace\lpc_chip_8xx\Debug\liblpc_chip_8xx.a(chip_8xx.o)
 .group         0x00000000        0x8 C:\Users\Matt\Documents\LPCXpresso_7.3.0_186\workspace\lpc_chip_8xx\Debug\liblpc_chip_8xx.a(chip_8xx.o)
 .group         0x00000000        0x8 C:\Users\Matt\Documents\LPCXpresso_7.3.0_186\workspace\lpc_chip_8xx\Debug\liblpc_chip_8xx.a(chip_8xx.o)
 .group         0x00000000        0x8 C:\Users\Matt\Documents\LPCXpresso_7.3.0_186\workspace\lpc_chip_8xx\Debug\liblpc_chip_8xx.a(chip_8xx.o)
 .group         0x00000000        0x8 C:\Users\Matt\Documents\LPCXpresso_7.3.0_186\workspace\lpc_chip_8xx\Debug\liblpc_chip_8xx.a(chip_8xx.o)
 .group         0x00000000        0x8 C:\Users\Matt\Documents\LPCXpresso_7.3.0_186\workspace\lpc_chip_8xx\Debug\liblpc_chip_8xx.a(chip_8xx.o)
 .group         0x00000000        0x8 C:\Users\Matt\Documents\LPCXpresso_7.3.0_186\workspace\lpc_chip_8xx\Debug\liblpc_chip_8xx.a(chip_8xx.o)
 .group         0x00000000        0x8 C:\Users\Matt\Documents\LPCXpresso_7.3.0_186\workspace\lpc_chip_8xx\Debug\liblpc_chip_8xx.a(chip_8xx.o)
 .group         0x00000000        0x8 C:\Users\Matt\Documents\LPCXpresso_7.3.0_186\workspace\lpc_chip_8xx\Debug\liblpc_chip_8xx.a(chip_8xx.o)
 .group         0x00000000        0x8 C:\Users\Matt\Documents\LPCXpresso_7.3.0_186\workspace\lpc_chip_8xx\Debug\liblpc_chip_8xx.a(chip_8xx.o)
 .group         0x00000000        0x8 C:\Users\Matt\Documents\LPCXpresso_7.3.0_186\workspace\lpc_chip_8xx\Debug\liblpc_chip_8xx.a(chip_8xx.o)
 .group         0x00000000        0x8 C:\Users\Matt\Documents\LPCXpresso_7.3.0_186\workspace\lpc_chip_8xx\Debug\liblpc_chip_8xx.a(chip_8xx.o)
 .group         0x00000000        0x8 C:\Users\Matt\Documents\LPCXpresso_7.3.0_186\workspace\lpc_chip_8xx\Debug\liblpc_chip_8xx.a(chip_8xx.o)
 .group         0x00000000        0x8 C:\Users\Matt\Documents\LPCXpresso_7.3.0_186\workspace\lpc_chip_8xx\Debug\liblpc_chip_8xx.a(chip_8xx.o)
 .group         0x00000000        0x8 C:\Users\Matt\Documents\LPCXpresso_7.3.0_186\workspace\lpc_chip_8xx\Debug\liblpc_chip_8xx.a(chip_8xx.o)
 .group         0x00000000        0x8 C:\Users\Matt\Documents\LPCXpresso_7.3.0_186\workspace\lpc_chip_8xx\Debug\liblpc_chip_8xx.a(chip_8xx.o)
 .group         0x00000000        0x8 C:\Users\Matt\Documents\LPCXpresso_7.3.0_186\workspace\lpc_chip_8xx\Debug\liblpc_chip_8xx.a(chip_8xx.o)
 .group         0x00000000        0x8 C:\Users\Matt\Documents\LPCXpresso_7.3.0_186\workspace\lpc_chip_8xx\Debug\liblpc_chip_8xx.a(chip_8xx.o)
 .group         0x00000000        0x8 C:\Users\Matt\Documents\LPCXpresso_7.3.0_186\workspace\lpc_chip_8xx\Debug\liblpc_chip_8xx.a(chip_8xx.o)
 .group         0x00000000        0x8 C:\Users\Matt\Documents\LPCXpresso_7.3.0_186\workspace\lpc_chip_8xx\Debug\liblpc_chip_8xx.a(chip_8xx.o)
 .group         0x00000000        0x8 C:\Users\Matt\Documents\LPCXpresso_7.3.0_186\workspace\lpc_chip_8xx\Debug\liblpc_chip_8xx.a(chip_8xx.o)
 .group         0x00000000        0x8 C:\Users\Matt\Documents\LPCXpresso_7.3.0_186\workspace\lpc_chip_8xx\Debug\liblpc_chip_8xx.a(chip_8xx.o)
 .group         0x00000000        0x8 C:\Users\Matt\Documents\LPCXpresso_7.3.0_186\workspace\lpc_chip_8xx\Debug\liblpc_chip_8xx.a(chip_8xx.o)
 .group         0x00000000        0x8 C:\Users\Matt\Documents\LPCXpresso_7.3.0_186\workspace\lpc_chip_8xx\Debug\liblpc_chip_8xx.a(chip_8xx.o)
 .group         0x00000000        0x8 C:\Users\Matt\Documents\LPCXpresso_7.3.0_186\workspace\lpc_chip_8xx\Debug\liblpc_chip_8xx.a(chip_8xx.o)
 .text          0x00000000        0x0 C:\Users\Matt\Documents\LPCXpresso_7.3.0_186\workspace\lpc_chip_8xx\Debug\liblpc_chip_8xx.a(chip_8xx.o)
 .data          0x00000000        0x0 C:\Users\Matt\Documents\LPCXpresso_7.3.0_186\workspace\lpc_chip_8xx\Debug\liblpc_chip_8xx.a(chip_8xx.o)
 .bss           0x00000000        0x0 C:\Users\Matt\Documents\LPCXpresso_7.3.0_186\workspace\lpc_chip_8xx\Debug\liblpc_chip_8xx.a(chip_8xx.o)
 .debug_macro   0x00000000       0x10 C:\Users\Matt\Documents\LPCXpresso_7.3.0_186\workspace\lpc_chip_8xx\Debug\liblpc_chip_8xx.a(chip_8xx.o)
 .debug_macro   0x00000000      0x122 C:\Users\Matt\Documents\LPCXpresso_7.3.0_186\workspace\lpc_chip_8xx\Debug\liblpc_chip_8xx.a(chip_8xx.o)
 .debug_macro   0x00000000      0x5b9 C:\Users\Matt\Documents\LPCXpresso_7.3.0_186\workspace\lpc_chip_8xx\Debug\liblpc_chip_8xx.a(chip_8xx.o)
 .debug_macro   0x00000000       0x22 C:\Users\Matt\Documents\LPCXpresso_7.3.0_186\workspace\lpc_chip_8xx\Debug\liblpc_chip_8xx.a(chip_8xx.o)
 .debug_macro   0x00000000       0x7b C:\Users\Matt\Documents\LPCXpresso_7.3.0_186\workspace\lpc_chip_8xx\Debug\liblpc_chip_8xx.a(chip_8xx.o)
 .debug_macro   0x00000000       0x10 C:\Users\Matt\Documents\LPCXpresso_7.3.0_186\workspace\lpc_chip_8xx\Debug\liblpc_chip_8xx.a(chip_8xx.o)
 .debug_macro   0x00000000       0x28 C:\Users\Matt\Documents\LPCXpresso_7.3.0_186\workspace\lpc_chip_8xx\Debug\liblpc_chip_8xx.a(chip_8xx.o)
 .debug_macro   0x00000000       0x3a C:\Users\Matt\Documents\LPCXpresso_7.3.0_186\workspace\lpc_chip_8xx\Debug\liblpc_chip_8xx.a(chip_8xx.o)
 .debug_macro   0x00000000       0x1f C:\Users\Matt\Documents\LPCXpresso_7.3.0_186\workspace\lpc_chip_8xx\Debug\liblpc_chip_8xx.a(chip_8xx.o)
 .debug_macro   0x00000000      0x250 C:\Users\Matt\Documents\LPCXpresso_7.3.0_186\workspace\lpc_chip_8xx\Debug\liblpc_chip_8xx.a(chip_8xx.o)
 .debug_macro   0x00000000      0x145 C:\Users\Matt\Documents\LPCXpresso_7.3.0_186\workspace\lpc_chip_8xx\Debug\liblpc_chip_8xx.a(chip_8xx.o)
 .debug_macro   0x00000000       0xca C:\Users\Matt\Documents\LPCXpresso_7.3.0_186\workspace\lpc_chip_8xx\Debug\liblpc_chip_8xx.a(chip_8xx.o)
 .debug_macro   0x00000000       0x6a C:\Users\Matt\Documents\LPCXpresso_7.3.0_186\workspace\lpc_chip_8xx\Debug\liblpc_chip_8xx.a(chip_8xx.o)
 .debug_macro   0x00000000       0x70 C:\Users\Matt\Documents\LPCXpresso_7.3.0_186\workspace\lpc_chip_8xx\Debug\liblpc_chip_8xx.a(chip_8xx.o)
 .debug_macro   0x00000000       0x28 C:\Users\Matt\Documents\LPCXpresso_7.3.0_186\workspace\lpc_chip_8xx\Debug\liblpc_chip_8xx.a(chip_8xx.o)
 .debug_macro   0x00000000      0x190 C:\Users\Matt\Documents\LPCXpresso_7.3.0_186\workspace\lpc_chip_8xx\Debug\liblpc_chip_8xx.a(chip_8xx.o)
 .debug_macro   0x00000000       0x1c C:\Users\Matt\Documents\LPCXpresso_7.3.0_186\workspace\lpc_chip_8xx\Debug\liblpc_chip_8xx.a(chip_8xx.o)
 .debug_macro   0x00000000       0x64 C:\Users\Matt\Documents\LPCXpresso_7.3.0_186\workspace\lpc_chip_8xx\Debug\liblpc_chip_8xx.a(chip_8xx.o)
 .debug_macro   0x00000000       0x10 C:\Users\Matt\Documents\LPCXpresso_7.3.0_186\workspace\lpc_chip_8xx\Debug\liblpc_chip_8xx.a(chip_8xx.o)
 .debug_macro   0x00000000       0x22 C:\Users\Matt\Documents\LPCXpresso_7.3.0_186\workspace\lpc_chip_8xx\Debug\liblpc_chip_8xx.a(chip_8xx.o)
 .debug_macro   0x00000000       0xb2 C:\Users\Matt\Documents\LPCXpresso_7.3.0_186\workspace\lpc_chip_8xx\Debug\liblpc_chip_8xx.a(chip_8xx.o)
 .debug_macro   0x00000000       0x58 C:\Users\Matt\Documents\LPCXpresso_7.3.0_186\workspace\lpc_chip_8xx\Debug\liblpc_chip_8xx.a(chip_8xx.o)
 .debug_macro   0x00000000       0x58 C:\Users\Matt\Documents\LPCXpresso_7.3.0_186\workspace\lpc_chip_8xx\Debug\liblpc_chip_8xx.a(chip_8xx.o)
 .debug_macro   0x00000000       0x6a C:\Users\Matt\Documents\LPCXpresso_7.3.0_186\workspace\lpc_chip_8xx\Debug\liblpc_chip_8xx.a(chip_8xx.o)
 .debug_macro   0x00000000       0x82 C:\Users\Matt\Documents\LPCXpresso_7.3.0_186\workspace\lpc_chip_8xx\Debug\liblpc_chip_8xx.a(chip_8xx.o)
 .debug_macro   0x00000000       0x16 C:\Users\Matt\Documents\LPCXpresso_7.3.0_186\workspace\lpc_chip_8xx\Debug\liblpc_chip_8xx.a(chip_8xx.o)
 .debug_macro   0x00000000      0x131 C:\Users\Matt\Documents\LPCXpresso_7.3.0_186\workspace\lpc_chip_8xx\Debug\liblpc_chip_8xx.a(chip_8xx.o)
 .debug_macro   0x00000000       0x22 C:\Users\Matt\Documents\LPCXpresso_7.3.0_186\workspace\lpc_chip_8xx\Debug\liblpc_chip_8xx.a(chip_8xx.o)
 .debug_macro   0x00000000       0x52 C:\Users\Matt\Documents\LPCXpresso_7.3.0_186\workspace\lpc_chip_8xx\Debug\liblpc_chip_8xx.a(chip_8xx.o)
 .debug_macro   0x00000000      0x181 C:\Users\Matt\Documents\LPCXpresso_7.3.0_186\workspace\lpc_chip_8xx\Debug\liblpc_chip_8xx.a(chip_8xx.o)
 .debug_macro   0x00000000      0x289 C:\Users\Matt\Documents\LPCXpresso_7.3.0_186\workspace\lpc_chip_8xx\Debug\liblpc_chip_8xx.a(chip_8xx.o)
 .debug_macro   0x00000000      0x28b C:\Users\Matt\Documents\LPCXpresso_7.3.0_186\workspace\lpc_chip_8xx\Debug\liblpc_chip_8xx.a(chip_8xx.o)
 .debug_macro   0x00000000       0x2e C:\Users\Matt\Documents\LPCXpresso_7.3.0_186\workspace\lpc_chip_8xx\Debug\liblpc_chip_8xx.a(chip_8xx.o)
 .debug_macro   0x00000000       0x22 C:\Users\Matt\Documents\LPCXpresso_7.3.0_186\workspace\lpc_chip_8xx\Debug\liblpc_chip_8xx.a(chip_8xx.o)
 .group         0x00000000        0x8 C:\Users\Matt\Documents\LPCXpresso_7.3.0_186\workspace\lpc_chip_8xx\Debug\liblpc_chip_8xx.a(clock_8xx.o)
 .group         0x00000000        0x8 C:\Users\Matt\Documents\LPCXpresso_7.3.0_186\workspace\lpc_chip_8xx\Debug\liblpc_chip_8xx.a(clock_8xx.o)
 .group         0x00000000        0x8 C:\Users\Matt\Documents\LPCXpresso_7.3.0_186\workspace\lpc_chip_8xx\Debug\liblpc_chip_8xx.a(clock_8xx.o)
 .group         0x00000000        0x8 C:\Users\Matt\Documents\LPCXpresso_7.3.0_186\workspace\lpc_chip_8xx\Debug\liblpc_chip_8xx.a(clock_8xx.o)
 .group         0x00000000        0x8 C:\Users\Matt\Documents\LPCXpresso_7.3.0_186\workspace\lpc_chip_8xx\Debug\liblpc_chip_8xx.a(clock_8xx.o)
 .group         0x00000000        0x8 C:\Users\Matt\Documents\LPCXpresso_7.3.0_186\workspace\lpc_chip_8xx\Debug\liblpc_chip_8xx.a(clock_8xx.o)
 .group         0x00000000        0x8 C:\Users\Matt\Documents\LPCXpresso_7.3.0_186\workspace\lpc_chip_8xx\Debug\liblpc_chip_8xx.a(clock_8xx.o)
 .group         0x00000000        0x8 C:\Users\Matt\Documents\LPCXpresso_7.3.0_186\workspace\lpc_chip_8xx\Debug\liblpc_chip_8xx.a(clock_8xx.o)
 .group         0x00000000        0x8 C:\Users\Matt\Documents\LPCXpresso_7.3.0_186\workspace\lpc_chip_8xx\Debug\liblpc_chip_8xx.a(clock_8xx.o)
 .group         0x00000000        0x8 C:\Users\Matt\Documents\LPCXpresso_7.3.0_186\workspace\lpc_chip_8xx\Debug\liblpc_chip_8xx.a(clock_8xx.o)
 .group         0x00000000        0x8 C:\Users\Matt\Documents\LPCXpresso_7.3.0_186\workspace\lpc_chip_8xx\Debug\liblpc_chip_8xx.a(clock_8xx.o)
 .group         0x00000000        0x8 C:\Users\Matt\Documents\LPCXpresso_7.3.0_186\workspace\lpc_chip_8xx\Debug\liblpc_chip_8xx.a(clock_8xx.o)
 .group         0x00000000        0x8 C:\Users\Matt\Documents\LPCXpresso_7.3.0_186\workspace\lpc_chip_8xx\Debug\liblpc_chip_8xx.a(clock_8xx.o)
 .group         0x00000000        0x8 C:\Users\Matt\Documents\LPCXpresso_7.3.0_186\workspace\lpc_chip_8xx\Debug\liblpc_chip_8xx.a(clock_8xx.o)
 .group         0x00000000        0x8 C:\Users\Matt\Documents\LPCXpresso_7.3.0_186\workspace\lpc_chip_8xx\Debug\liblpc_chip_8xx.a(clock_8xx.o)
 .group         0x00000000        0x8 C:\Users\Matt\Documents\LPCXpresso_7.3.0_186\workspace\lpc_chip_8xx\Debug\liblpc_chip_8xx.a(clock_8xx.o)
 .group         0x00000000        0x8 C:\Users\Matt\Documents\LPCXpresso_7.3.0_186\workspace\lpc_chip_8xx\Debug\liblpc_chip_8xx.a(clock_8xx.o)
 .group         0x00000000        0x8 C:\Users\Matt\Documents\LPCXpresso_7.3.0_186\workspace\lpc_chip_8xx\Debug\liblpc_chip_8xx.a(clock_8xx.o)
 .group         0x00000000        0x8 C:\Users\Matt\Documents\LPCXpresso_7.3.0_186\workspace\lpc_chip_8xx\Debug\liblpc_chip_8xx.a(clock_8xx.o)
 .group         0x00000000        0x8 C:\Users\Matt\Documents\LPCXpresso_7.3.0_186\workspace\lpc_chip_8xx\Debug\liblpc_chip_8xx.a(clock_8xx.o)
 .group         0x00000000        0x8 C:\Users\Matt\Documents\LPCXpresso_7.3.0_186\workspace\lpc_chip_8xx\Debug\liblpc_chip_8xx.a(clock_8xx.o)
 .group         0x00000000        0x8 C:\Users\Matt\Documents\LPCXpresso_7.3.0_186\workspace\lpc_chip_8xx\Debug\liblpc_chip_8xx.a(clock_8xx.o)
 .group         0x00000000        0x8 C:\Users\Matt\Documents\LPCXpresso_7.3.0_186\workspace\lpc_chip_8xx\Debug\liblpc_chip_8xx.a(clock_8xx.o)
 .group         0x00000000        0x8 C:\Users\Matt\Documents\LPCXpresso_7.3.0_186\workspace\lpc_chip_8xx\Debug\liblpc_chip_8xx.a(clock_8xx.o)
 .group         0x00000000        0x8 C:\Users\Matt\Documents\LPCXpresso_7.3.0_186\workspace\lpc_chip_8xx\Debug\liblpc_chip_8xx.a(clock_8xx.o)
 .group         0x00000000        0x8 C:\Users\Matt\Documents\LPCXpresso_7.3.0_186\workspace\lpc_chip_8xx\Debug\liblpc_chip_8xx.a(clock_8xx.o)
 .group         0x00000000        0x8 C:\Users\Matt\Documents\LPCXpresso_7.3.0_186\workspace\lpc_chip_8xx\Debug\liblpc_chip_8xx.a(clock_8xx.o)
 .group         0x00000000        0x8 C:\Users\Matt\Documents\LPCXpresso_7.3.0_186\workspace\lpc_chip_8xx\Debug\liblpc_chip_8xx.a(clock_8xx.o)
 .group         0x00000000        0x8 C:\Users\Matt\Documents\LPCXpresso_7.3.0_186\workspace\lpc_chip_8xx\Debug\liblpc_chip_8xx.a(clock_8xx.o)
 .group         0x00000000        0x8 C:\Users\Matt\Documents\LPCXpresso_7.3.0_186\workspace\lpc_chip_8xx\Debug\liblpc_chip_8xx.a(clock_8xx.o)
 .group         0x00000000        0x8 C:\Users\Matt\Documents\LPCXpresso_7.3.0_186\workspace\lpc_chip_8xx\Debug\liblpc_chip_8xx.a(clock_8xx.o)
 .group         0x00000000        0x8 C:\Users\Matt\Documents\LPCXpresso_7.3.0_186\workspace\lpc_chip_8xx\Debug\liblpc_chip_8xx.a(clock_8xx.o)
 .group         0x00000000        0x8 C:\Users\Matt\Documents\LPCXpresso_7.3.0_186\workspace\lpc_chip_8xx\Debug\liblpc_chip_8xx.a(clock_8xx.o)
 .group         0x00000000        0x8 C:\Users\Matt\Documents\LPCXpresso_7.3.0_186\workspace\lpc_chip_8xx\Debug\liblpc_chip_8xx.a(clock_8xx.o)
 .group         0x00000000        0x8 C:\Users\Matt\Documents\LPCXpresso_7.3.0_186\workspace\lpc_chip_8xx\Debug\liblpc_chip_8xx.a(clock_8xx.o)
 .text          0x00000000        0x0 C:\Users\Matt\Documents\LPCXpresso_7.3.0_186\workspace\lpc_chip_8xx\Debug\liblpc_chip_8xx.a(clock_8xx.o)
 .data          0x00000000        0x0 C:\Users\Matt\Documents\LPCXpresso_7.3.0_186\workspace\lpc_chip_8xx\Debug\liblpc_chip_8xx.a(clock_8xx.o)
 .bss           0x00000000        0x0 C:\Users\Matt\Documents\LPCXpresso_7.3.0_186\workspace\lpc_chip_8xx\Debug\liblpc_chip_8xx.a(clock_8xx.o)
 .text.Chip_Clock_SetPLLBypass
                0x00000000       0x1c C:\Users\Matt\Documents\LPCXpresso_7.3.0_186\workspace\lpc_chip_8xx\Debug\liblpc_chip_8xx.a(clock_8xx.o)
 .text.Chip_Clock_SetCLKOUTSource
                0x00000000       0x1c C:\Users\Matt\Documents\LPCXpresso_7.3.0_186\workspace\lpc_chip_8xx\Debug\liblpc_chip_8xx.a(clock_8xx.o)
 .text.Chip_Clock_GetUSARTNBaseClockRate
                0x00000000       0x4c C:\Users\Matt\Documents\LPCXpresso_7.3.0_186\workspace\lpc_chip_8xx\Debug\liblpc_chip_8xx.a(clock_8xx.o)
 .text.Chip_Clock_SetUSARTNBaseClockRate
                0x00000000       0x70 C:\Users\Matt\Documents\LPCXpresso_7.3.0_186\workspace\lpc_chip_8xx\Debug\liblpc_chip_8xx.a(clock_8xx.o)
 .text.Chip_Clock_GetIOCONCLKDIVClockRate
                0x00000000       0x28 C:\Users\Matt\Documents\LPCXpresso_7.3.0_186\workspace\lpc_chip_8xx\Debug\liblpc_chip_8xx.a(clock_8xx.o)
 .text.Chip_Clock_SetIOCONCLKDIV
                0x00000000       0x14 C:\Users\Matt\Documents\LPCXpresso_7.3.0_186\workspace\lpc_chip_8xx\Debug\liblpc_chip_8xx.a(clock_8xx.o)
 .debug_macro   0x00000000      0x81a C:\Users\Matt\Documents\LPCXpresso_7.3.0_186\workspace\lpc_chip_8xx\Debug\liblpc_chip_8xx.a(clock_8xx.o)
 .debug_macro   0x00000000       0x10 C:\Users\Matt\Documents\LPCXpresso_7.3.0_186\workspace\lpc_chip_8xx\Debug\liblpc_chip_8xx.a(clock_8xx.o)
 .debug_macro   0x00000000      0x122 C:\Users\Matt\Documents\LPCXpresso_7.3.0_186\workspace\lpc_chip_8xx\Debug\liblpc_chip_8xx.a(clock_8xx.o)
 .debug_macro   0x00000000      0x5b9 C:\Users\Matt\Documents\LPCXpresso_7.3.0_186\workspace\lpc_chip_8xx\Debug\liblpc_chip_8xx.a(clock_8xx.o)
 .debug_macro   0x00000000       0x22 C:\Users\Matt\Documents\LPCXpresso_7.3.0_186\workspace\lpc_chip_8xx\Debug\liblpc_chip_8xx.a(clock_8xx.o)
 .debug_macro   0x00000000       0x7b C:\Users\Matt\Documents\LPCXpresso_7.3.0_186\workspace\lpc_chip_8xx\Debug\liblpc_chip_8xx.a(clock_8xx.o)
 .debug_macro   0x00000000       0x10 C:\Users\Matt\Documents\LPCXpresso_7.3.0_186\workspace\lpc_chip_8xx\Debug\liblpc_chip_8xx.a(clock_8xx.o)
 .debug_macro   0x00000000       0x28 C:\Users\Matt\Documents\LPCXpresso_7.3.0_186\workspace\lpc_chip_8xx\Debug\liblpc_chip_8xx.a(clock_8xx.o)
 .debug_macro   0x00000000       0x3a C:\Users\Matt\Documents\LPCXpresso_7.3.0_186\workspace\lpc_chip_8xx\Debug\liblpc_chip_8xx.a(clock_8xx.o)
 .debug_macro   0x00000000       0x1f C:\Users\Matt\Documents\LPCXpresso_7.3.0_186\workspace\lpc_chip_8xx\Debug\liblpc_chip_8xx.a(clock_8xx.o)
 .debug_macro   0x00000000      0x250 C:\Users\Matt\Documents\LPCXpresso_7.3.0_186\workspace\lpc_chip_8xx\Debug\liblpc_chip_8xx.a(clock_8xx.o)
 .debug_macro   0x00000000      0x145 C:\Users\Matt\Documents\LPCXpresso_7.3.0_186\workspace\lpc_chip_8xx\Debug\liblpc_chip_8xx.a(clock_8xx.o)
 .debug_macro   0x00000000       0xca C:\Users\Matt\Documents\LPCXpresso_7.3.0_186\workspace\lpc_chip_8xx\Debug\liblpc_chip_8xx.a(clock_8xx.o)
 .debug_macro   0x00000000       0x6a C:\Users\Matt\Documents\LPCXpresso_7.3.0_186\workspace\lpc_chip_8xx\Debug\liblpc_chip_8xx.a(clock_8xx.o)
 .debug_macro   0x00000000       0x70 C:\Users\Matt\Documents\LPCXpresso_7.3.0_186\workspace\lpc_chip_8xx\Debug\liblpc_chip_8xx.a(clock_8xx.o)
 .debug_macro   0x00000000       0x28 C:\Users\Matt\Documents\LPCXpresso_7.3.0_186\workspace\lpc_chip_8xx\Debug\liblpc_chip_8xx.a(clock_8xx.o)
 .debug_macro   0x00000000      0x190 C:\Users\Matt\Documents\LPCXpresso_7.3.0_186\workspace\lpc_chip_8xx\Debug\liblpc_chip_8xx.a(clock_8xx.o)
 .debug_macro   0x00000000       0x1c C:\Users\Matt\Documents\LPCXpresso_7.3.0_186\workspace\lpc_chip_8xx\Debug\liblpc_chip_8xx.a(clock_8xx.o)
 .debug_macro   0x00000000       0x64 C:\Users\Matt\Documents\LPCXpresso_7.3.0_186\workspace\lpc_chip_8xx\Debug\liblpc_chip_8xx.a(clock_8xx.o)
 .debug_macro   0x00000000       0x10 C:\Users\Matt\Documents\LPCXpresso_7.3.0_186\workspace\lpc_chip_8xx\Debug\liblpc_chip_8xx.a(clock_8xx.o)
 .debug_macro   0x00000000       0x22 C:\Users\Matt\Documents\LPCXpresso_7.3.0_186\workspace\lpc_chip_8xx\Debug\liblpc_chip_8xx.a(clock_8xx.o)
 .debug_macro   0x00000000       0xb2 C:\Users\Matt\Documents\LPCXpresso_7.3.0_186\workspace\lpc_chip_8xx\Debug\liblpc_chip_8xx.a(clock_8xx.o)
 .debug_macro   0x00000000       0x58 C:\Users\Matt\Documents\LPCXpresso_7.3.0_186\workspace\lpc_chip_8xx\Debug\liblpc_chip_8xx.a(clock_8xx.o)
 .debug_macro   0x00000000       0x58 C:\Users\Matt\Documents\LPCXpresso_7.3.0_186\workspace\lpc_chip_8xx\Debug\liblpc_chip_8xx.a(clock_8xx.o)
 .debug_macro   0x00000000       0x6a C:\Users\Matt\Documents\LPCXpresso_7.3.0_186\workspace\lpc_chip_8xx\Debug\liblpc_chip_8xx.a(clock_8xx.o)
 .debug_macro   0x00000000       0x82 C:\Users\Matt\Documents\LPCXpresso_7.3.0_186\workspace\lpc_chip_8xx\Debug\liblpc_chip_8xx.a(clock_8xx.o)
 .debug_macro   0x00000000       0x16 C:\Users\Matt\Documents\LPCXpresso_7.3.0_186\workspace\lpc_chip_8xx\Debug\liblpc_chip_8xx.a(clock_8xx.o)
 .debug_macro   0x00000000      0x131 C:\Users\Matt\Documents\LPCXpresso_7.3.0_186\workspace\lpc_chip_8xx\Debug\liblpc_chip_8xx.a(clock_8xx.o)
 .debug_macro   0x00000000       0x22 C:\Users\Matt\Documents\LPCXpresso_7.3.0_186\workspace\lpc_chip_8xx\Debug\liblpc_chip_8xx.a(clock_8xx.o)
 .debug_macro   0x00000000       0x52 C:\Users\Matt\Documents\LPCXpresso_7.3.0_186\workspace\lpc_chip_8xx\Debug\liblpc_chip_8xx.a(clock_8xx.o)
 .debug_macro   0x00000000      0x181 C:\Users\Matt\Documents\LPCXpresso_7.3.0_186\workspace\lpc_chip_8xx\Debug\liblpc_chip_8xx.a(clock_8xx.o)
 .debug_macro   0x00000000      0x289 C:\Users\Matt\Documents\LPCXpresso_7.3.0_186\workspace\lpc_chip_8xx\Debug\liblpc_chip_8xx.a(clock_8xx.o)
 .debug_macro   0x00000000      0x28b C:\Users\Matt\Documents\LPCXpresso_7.3.0_186\workspace\lpc_chip_8xx\Debug\liblpc_chip_8xx.a(clock_8xx.o)
 .debug_macro   0x00000000       0x2e C:\Users\Matt\Documents\LPCXpresso_7.3.0_186\workspace\lpc_chip_8xx\Debug\liblpc_chip_8xx.a(clock_8xx.o)
 .debug_macro   0x00000000       0x22 C:\Users\Matt\Documents\LPCXpresso_7.3.0_186\workspace\lpc_chip_8xx\Debug\liblpc_chip_8xx.a(clock_8xx.o)
 .group         0x00000000        0x8 C:\Users\Matt\Documents\LPCXpresso_7.3.0_186\workspace\lpc_chip_8xx\Debug\liblpc_chip_8xx.a(sysinit_8xx.o)
 .group         0x00000000        0x8 C:\Users\Matt\Documents\LPCXpresso_7.3.0_186\workspace\lpc_chip_8xx\Debug\liblpc_chip_8xx.a(sysinit_8xx.o)
 .group         0x00000000        0x8 C:\Users\Matt\Documents\LPCXpresso_7.3.0_186\workspace\lpc_chip_8xx\Debug\liblpc_chip_8xx.a(sysinit_8xx.o)
 .group         0x00000000        0x8 C:\Users\Matt\Documents\LPCXpresso_7.3.0_186\workspace\lpc_chip_8xx\Debug\liblpc_chip_8xx.a(sysinit_8xx.o)
 .group         0x00000000        0x8 C:\Users\Matt\Documents\LPCXpresso_7.3.0_186\workspace\lpc_chip_8xx\Debug\liblpc_chip_8xx.a(sysinit_8xx.o)
 .group         0x00000000        0x8 C:\Users\Matt\Documents\LPCXpresso_7.3.0_186\workspace\lpc_chip_8xx\Debug\liblpc_chip_8xx.a(sysinit_8xx.o)
 .group         0x00000000        0x8 C:\Users\Matt\Documents\LPCXpresso_7.3.0_186\workspace\lpc_chip_8xx\Debug\liblpc_chip_8xx.a(sysinit_8xx.o)
 .group         0x00000000        0x8 C:\Users\Matt\Documents\LPCXpresso_7.3.0_186\workspace\lpc_chip_8xx\Debug\liblpc_chip_8xx.a(sysinit_8xx.o)
 .group         0x00000000        0x8 C:\Users\Matt\Documents\LPCXpresso_7.3.0_186\workspace\lpc_chip_8xx\Debug\liblpc_chip_8xx.a(sysinit_8xx.o)
 .group         0x00000000        0x8 C:\Users\Matt\Documents\LPCXpresso_7.3.0_186\workspace\lpc_chip_8xx\Debug\liblpc_chip_8xx.a(sysinit_8xx.o)
 .group         0x00000000        0x8 C:\Users\Matt\Documents\LPCXpresso_7.3.0_186\workspace\lpc_chip_8xx\Debug\liblpc_chip_8xx.a(sysinit_8xx.o)
 .group         0x00000000        0x8 C:\Users\Matt\Documents\LPCXpresso_7.3.0_186\workspace\lpc_chip_8xx\Debug\liblpc_chip_8xx.a(sysinit_8xx.o)
 .group         0x00000000        0x8 C:\Users\Matt\Documents\LPCXpresso_7.3.0_186\workspace\lpc_chip_8xx\Debug\liblpc_chip_8xx.a(sysinit_8xx.o)
 .group         0x00000000        0x8 C:\Users\Matt\Documents\LPCXpresso_7.3.0_186\workspace\lpc_chip_8xx\Debug\liblpc_chip_8xx.a(sysinit_8xx.o)
 .group         0x00000000        0x8 C:\Users\Matt\Documents\LPCXpresso_7.3.0_186\workspace\lpc_chip_8xx\Debug\liblpc_chip_8xx.a(sysinit_8xx.o)
 .group         0x00000000        0x8 C:\Users\Matt\Documents\LPCXpresso_7.3.0_186\workspace\lpc_chip_8xx\Debug\liblpc_chip_8xx.a(sysinit_8xx.o)
 .group         0x00000000        0x8 C:\Users\Matt\Documents\LPCXpresso_7.3.0_186\workspace\lpc_chip_8xx\Debug\liblpc_chip_8xx.a(sysinit_8xx.o)
 .group         0x00000000        0x8 C:\Users\Matt\Documents\LPCXpresso_7.3.0_186\workspace\lpc_chip_8xx\Debug\liblpc_chip_8xx.a(sysinit_8xx.o)
 .group         0x00000000        0x8 C:\Users\Matt\Documents\LPCXpresso_7.3.0_186\workspace\lpc_chip_8xx\Debug\liblpc_chip_8xx.a(sysinit_8xx.o)
 .group         0x00000000        0x8 C:\Users\Matt\Documents\LPCXpresso_7.3.0_186\workspace\lpc_chip_8xx\Debug\liblpc_chip_8xx.a(sysinit_8xx.o)
 .group         0x00000000        0x8 C:\Users\Matt\Documents\LPCXpresso_7.3.0_186\workspace\lpc_chip_8xx\Debug\liblpc_chip_8xx.a(sysinit_8xx.o)
 .group         0x00000000        0x8 C:\Users\Matt\Documents\LPCXpresso_7.3.0_186\workspace\lpc_chip_8xx\Debug\liblpc_chip_8xx.a(sysinit_8xx.o)
 .group         0x00000000        0x8 C:\Users\Matt\Documents\LPCXpresso_7.3.0_186\workspace\lpc_chip_8xx\Debug\liblpc_chip_8xx.a(sysinit_8xx.o)
 .group         0x00000000        0x8 C:\Users\Matt\Documents\LPCXpresso_7.3.0_186\workspace\lpc_chip_8xx\Debug\liblpc_chip_8xx.a(sysinit_8xx.o)
 .group         0x00000000        0x8 C:\Users\Matt\Documents\LPCXpresso_7.3.0_186\workspace\lpc_chip_8xx\Debug\liblpc_chip_8xx.a(sysinit_8xx.o)
 .group         0x00000000        0x8 C:\Users\Matt\Documents\LPCXpresso_7.3.0_186\workspace\lpc_chip_8xx\Debug\liblpc_chip_8xx.a(sysinit_8xx.o)
 .group         0x00000000        0x8 C:\Users\Matt\Documents\LPCXpresso_7.3.0_186\workspace\lpc_chip_8xx\Debug\liblpc_chip_8xx.a(sysinit_8xx.o)
 .group         0x00000000        0x8 C:\Users\Matt\Documents\LPCXpresso_7.3.0_186\workspace\lpc_chip_8xx\Debug\liblpc_chip_8xx.a(sysinit_8xx.o)
 .group         0x00000000        0x8 C:\Users\Matt\Documents\LPCXpresso_7.3.0_186\workspace\lpc_chip_8xx\Debug\liblpc_chip_8xx.a(sysinit_8xx.o)
 .group         0x00000000        0x8 C:\Users\Matt\Documents\LPCXpresso_7.3.0_186\workspace\lpc_chip_8xx\Debug\liblpc_chip_8xx.a(sysinit_8xx.o)
 .group         0x00000000        0x8 C:\Users\Matt\Documents\LPCXpresso_7.3.0_186\workspace\lpc_chip_8xx\Debug\liblpc_chip_8xx.a(sysinit_8xx.o)
 .group         0x00000000        0x8 C:\Users\Matt\Documents\LPCXpresso_7.3.0_186\workspace\lpc_chip_8xx\Debug\liblpc_chip_8xx.a(sysinit_8xx.o)
 .group         0x00000000        0x8 C:\Users\Matt\Documents\LPCXpresso_7.3.0_186\workspace\lpc_chip_8xx\Debug\liblpc_chip_8xx.a(sysinit_8xx.o)
 .group         0x00000000        0x8 C:\Users\Matt\Documents\LPCXpresso_7.3.0_186\workspace\lpc_chip_8xx\Debug\liblpc_chip_8xx.a(sysinit_8xx.o)
 .group         0x00000000        0x8 C:\Users\Matt\Documents\LPCXpresso_7.3.0_186\workspace\lpc_chip_8xx\Debug\liblpc_chip_8xx.a(sysinit_8xx.o)
 .text          0x00000000        0x0 C:\Users\Matt\Documents\LPCXpresso_7.3.0_186\workspace\lpc_chip_8xx\Debug\liblpc_chip_8xx.a(sysinit_8xx.o)
 .data          0x00000000        0x0 C:\Users\Matt\Documents\LPCXpresso_7.3.0_186\workspace\lpc_chip_8xx\Debug\liblpc_chip_8xx.a(sysinit_8xx.o)
 .bss           0x00000000        0x0 C:\Users\Matt\Documents\LPCXpresso_7.3.0_186\workspace\lpc_chip_8xx\Debug\liblpc_chip_8xx.a(sysinit_8xx.o)
 .text.Chip_SetupXtalClocking
                0x00000000       0x50 C:\Users\Matt\Documents\LPCXpresso_7.3.0_186\workspace\lpc_chip_8xx\Debug\liblpc_chip_8xx.a(sysinit_8xx.o)
 .debug_macro   0x00000000      0x81a C:\Users\Matt\Documents\LPCXpresso_7.3.0_186\workspace\lpc_chip_8xx\Debug\liblpc_chip_8xx.a(sysinit_8xx.o)
 .debug_macro   0x00000000       0x10 C:\Users\Matt\Documents\LPCXpresso_7.3.0_186\workspace\lpc_chip_8xx\Debug\liblpc_chip_8xx.a(sysinit_8xx.o)
 .debug_macro   0x00000000      0x122 C:\Users\Matt\Documents\LPCXpresso_7.3.0_186\workspace\lpc_chip_8xx\Debug\liblpc_chip_8xx.a(sysinit_8xx.o)
 .debug_macro   0x00000000      0x5b9 C:\Users\Matt\Documents\LPCXpresso_7.3.0_186\workspace\lpc_chip_8xx\Debug\liblpc_chip_8xx.a(sysinit_8xx.o)
 .debug_macro   0x00000000       0x22 C:\Users\Matt\Documents\LPCXpresso_7.3.0_186\workspace\lpc_chip_8xx\Debug\liblpc_chip_8xx.a(sysinit_8xx.o)
 .debug_macro   0x00000000       0x7b C:\Users\Matt\Documents\LPCXpresso_7.3.0_186\workspace\lpc_chip_8xx\Debug\liblpc_chip_8xx.a(sysinit_8xx.o)
 .debug_macro   0x00000000       0x10 C:\Users\Matt\Documents\LPCXpresso_7.3.0_186\workspace\lpc_chip_8xx\Debug\liblpc_chip_8xx.a(sysinit_8xx.o)
 .debug_macro   0x00000000       0x28 C:\Users\Matt\Documents\LPCXpresso_7.3.0_186\workspace\lpc_chip_8xx\Debug\liblpc_chip_8xx.a(sysinit_8xx.o)
 .debug_macro   0x00000000       0x3a C:\Users\Matt\Documents\LPCXpresso_7.3.0_186\workspace\lpc_chip_8xx\Debug\liblpc_chip_8xx.a(sysinit_8xx.o)
 .debug_macro   0x00000000       0x1f C:\Users\Matt\Documents\LPCXpresso_7.3.0_186\workspace\lpc_chip_8xx\Debug\liblpc_chip_8xx.a(sysinit_8xx.o)
 .debug_macro   0x00000000      0x250 C:\Users\Matt\Documents\LPCXpresso_7.3.0_186\workspace\lpc_chip_8xx\Debug\liblpc_chip_8xx.a(sysinit_8xx.o)
 .debug_macro   0x00000000      0x145 C:\Users\Matt\Documents\LPCXpresso_7.3.0_186\workspace\lpc_chip_8xx\Debug\liblpc_chip_8xx.a(sysinit_8xx.o)
 .debug_macro   0x00000000       0xca C:\Users\Matt\Documents\LPCXpresso_7.3.0_186\workspace\lpc_chip_8xx\Debug\liblpc_chip_8xx.a(sysinit_8xx.o)
 .debug_macro   0x00000000       0x6a C:\Users\Matt\Documents\LPCXpresso_7.3.0_186\workspace\lpc_chip_8xx\Debug\liblpc_chip_8xx.a(sysinit_8xx.o)
 .debug_macro   0x00000000       0x70 C:\Users\Matt\Documents\LPCXpresso_7.3.0_186\workspace\lpc_chip_8xx\Debug\liblpc_chip_8xx.a(sysinit_8xx.o)
 .debug_macro   0x00000000       0x28 C:\Users\Matt\Documents\LPCXpresso_7.3.0_186\workspace\lpc_chip_8xx\Debug\liblpc_chip_8xx.a(sysinit_8xx.o)
 .debug_macro   0x00000000      0x190 C:\Users\Matt\Documents\LPCXpresso_7.3.0_186\workspace\lpc_chip_8xx\Debug\liblpc_chip_8xx.a(sysinit_8xx.o)
 .debug_macro   0x00000000       0x1c C:\Users\Matt\Documents\LPCXpresso_7.3.0_186\workspace\lpc_chip_8xx\Debug\liblpc_chip_8xx.a(sysinit_8xx.o)
 .debug_macro   0x00000000       0x64 C:\Users\Matt\Documents\LPCXpresso_7.3.0_186\workspace\lpc_chip_8xx\Debug\liblpc_chip_8xx.a(sysinit_8xx.o)
 .debug_macro   0x00000000       0x10 C:\Users\Matt\Documents\LPCXpresso_7.3.0_186\workspace\lpc_chip_8xx\Debug\liblpc_chip_8xx.a(sysinit_8xx.o)
 .debug_macro   0x00000000       0x22 C:\Users\Matt\Documents\LPCXpresso_7.3.0_186\workspace\lpc_chip_8xx\Debug\liblpc_chip_8xx.a(sysinit_8xx.o)
 .debug_macro   0x00000000       0xb2 C:\Users\Matt\Documents\LPCXpresso_7.3.0_186\workspace\lpc_chip_8xx\Debug\liblpc_chip_8xx.a(sysinit_8xx.o)
 .debug_macro   0x00000000       0x58 C:\Users\Matt\Documents\LPCXpresso_7.3.0_186\workspace\lpc_chip_8xx\Debug\liblpc_chip_8xx.a(sysinit_8xx.o)
 .debug_macro   0x00000000       0x58 C:\Users\Matt\Documents\LPCXpresso_7.3.0_186\workspace\lpc_chip_8xx\Debug\liblpc_chip_8xx.a(sysinit_8xx.o)
 .debug_macro   0x00000000       0x6a C:\Users\Matt\Documents\LPCXpresso_7.3.0_186\workspace\lpc_chip_8xx\Debug\liblpc_chip_8xx.a(sysinit_8xx.o)
 .debug_macro   0x00000000       0x82 C:\Users\Matt\Documents\LPCXpresso_7.3.0_186\workspace\lpc_chip_8xx\Debug\liblpc_chip_8xx.a(sysinit_8xx.o)
 .debug_macro   0x00000000       0x16 C:\Users\Matt\Documents\LPCXpresso_7.3.0_186\workspace\lpc_chip_8xx\Debug\liblpc_chip_8xx.a(sysinit_8xx.o)
 .debug_macro   0x00000000      0x131 C:\Users\Matt\Documents\LPCXpresso_7.3.0_186\workspace\lpc_chip_8xx\Debug\liblpc_chip_8xx.a(sysinit_8xx.o)
 .debug_macro   0x00000000       0x22 C:\Users\Matt\Documents\LPCXpresso_7.3.0_186\workspace\lpc_chip_8xx\Debug\liblpc_chip_8xx.a(sysinit_8xx.o)
 .debug_macro   0x00000000       0x52 C:\Users\Matt\Documents\LPCXpresso_7.3.0_186\workspace\lpc_chip_8xx\Debug\liblpc_chip_8xx.a(sysinit_8xx.o)
 .debug_macro   0x00000000      0x181 C:\Users\Matt\Documents\LPCXpresso_7.3.0_186\workspace\lpc_chip_8xx\Debug\liblpc_chip_8xx.a(sysinit_8xx.o)
 .debug_macro   0x00000000      0x289 C:\Users\Matt\Documents\LPCXpresso_7.3.0_186\workspace\lpc_chip_8xx\Debug\liblpc_chip_8xx.a(sysinit_8xx.o)
 .debug_macro   0x00000000      0x28b C:\Users\Matt\Documents\LPCXpresso_7.3.0_186\workspace\lpc_chip_8xx\Debug\liblpc_chip_8xx.a(sysinit_8xx.o)
 .debug_macro   0x00000000       0x2e C:\Users\Matt\Documents\LPCXpresso_7.3.0_186\workspace\lpc_chip_8xx\Debug\liblpc_chip_8xx.a(sysinit_8xx.o)
 .debug_macro   0x00000000       0x22 C:\Users\Matt\Documents\LPCXpresso_7.3.0_186\workspace\lpc_chip_8xx\Debug\liblpc_chip_8xx.a(sysinit_8xx.o)
 .group         0x00000000        0x8 C:\Users\Matt\Documents\LPCXpresso_7.3.0_186\workspace\lpc_chip_8xx\Debug\liblpc_chip_8xx.a(syscon_8xx.o)
 .group         0x00000000        0x8 C:\Users\Matt\Documents\LPCXpresso_7.3.0_186\workspace\lpc_chip_8xx\Debug\liblpc_chip_8xx.a(syscon_8xx.o)
 .group         0x00000000        0x8 C:\Users\Matt\Documents\LPCXpresso_7.3.0_186\workspace\lpc_chip_8xx\Debug\liblpc_chip_8xx.a(syscon_8xx.o)
 .group         0x00000000        0x8 C:\Users\Matt\Documents\LPCXpresso_7.3.0_186\workspace\lpc_chip_8xx\Debug\liblpc_chip_8xx.a(syscon_8xx.o)
 .group         0x00000000        0x8 C:\Users\Matt\Documents\LPCXpresso_7.3.0_186\workspace\lpc_chip_8xx\Debug\liblpc_chip_8xx.a(syscon_8xx.o)
 .group         0x00000000        0x8 C:\Users\Matt\Documents\LPCXpresso_7.3.0_186\workspace\lpc_chip_8xx\Debug\liblpc_chip_8xx.a(syscon_8xx.o)
 .group         0x00000000        0x8 C:\Users\Matt\Documents\LPCXpresso_7.3.0_186\workspace\lpc_chip_8xx\Debug\liblpc_chip_8xx.a(syscon_8xx.o)
 .group         0x00000000        0x8 C:\Users\Matt\Documents\LPCXpresso_7.3.0_186\workspace\lpc_chip_8xx\Debug\liblpc_chip_8xx.a(syscon_8xx.o)
 .group         0x00000000        0x8 C:\Users\Matt\Documents\LPCXpresso_7.3.0_186\workspace\lpc_chip_8xx\Debug\liblpc_chip_8xx.a(syscon_8xx.o)
 .group         0x00000000        0x8 C:\Users\Matt\Documents\LPCXpresso_7.3.0_186\workspace\lpc_chip_8xx\Debug\liblpc_chip_8xx.a(syscon_8xx.o)
 .group         0x00000000        0x8 C:\Users\Matt\Documents\LPCXpresso_7.3.0_186\workspace\lpc_chip_8xx\Debug\liblpc_chip_8xx.a(syscon_8xx.o)
 .group         0x00000000        0x8 C:\Users\Matt\Documents\LPCXpresso_7.3.0_186\workspace\lpc_chip_8xx\Debug\liblpc_chip_8xx.a(syscon_8xx.o)
 .group         0x00000000        0x8 C:\Users\Matt\Documents\LPCXpresso_7.3.0_186\workspace\lpc_chip_8xx\Debug\liblpc_chip_8xx.a(syscon_8xx.o)
 .group         0x00000000        0x8 C:\Users\Matt\Documents\LPCXpresso_7.3.0_186\workspace\lpc_chip_8xx\Debug\liblpc_chip_8xx.a(syscon_8xx.o)
 .group         0x00000000        0x8 C:\Users\Matt\Documents\LPCXpresso_7.3.0_186\workspace\lpc_chip_8xx\Debug\liblpc_chip_8xx.a(syscon_8xx.o)
 .group         0x00000000        0x8 C:\Users\Matt\Documents\LPCXpresso_7.3.0_186\workspace\lpc_chip_8xx\Debug\liblpc_chip_8xx.a(syscon_8xx.o)
 .group         0x00000000        0x8 C:\Users\Matt\Documents\LPCXpresso_7.3.0_186\workspace\lpc_chip_8xx\Debug\liblpc_chip_8xx.a(syscon_8xx.o)
 .group         0x00000000        0x8 C:\Users\Matt\Documents\LPCXpresso_7.3.0_186\workspace\lpc_chip_8xx\Debug\liblpc_chip_8xx.a(syscon_8xx.o)
 .group         0x00000000        0x8 C:\Users\Matt\Documents\LPCXpresso_7.3.0_186\workspace\lpc_chip_8xx\Debug\liblpc_chip_8xx.a(syscon_8xx.o)
 .group         0x00000000        0x8 C:\Users\Matt\Documents\LPCXpresso_7.3.0_186\workspace\lpc_chip_8xx\Debug\liblpc_chip_8xx.a(syscon_8xx.o)
 .group         0x00000000        0x8 C:\Users\Matt\Documents\LPCXpresso_7.3.0_186\workspace\lpc_chip_8xx\Debug\liblpc_chip_8xx.a(syscon_8xx.o)
 .group         0x00000000        0x8 C:\Users\Matt\Documents\LPCXpresso_7.3.0_186\workspace\lpc_chip_8xx\Debug\liblpc_chip_8xx.a(syscon_8xx.o)
 .group         0x00000000        0x8 C:\Users\Matt\Documents\LPCXpresso_7.3.0_186\workspace\lpc_chip_8xx\Debug\liblpc_chip_8xx.a(syscon_8xx.o)
 .group         0x00000000        0x8 C:\Users\Matt\Documents\LPCXpresso_7.3.0_186\workspace\lpc_chip_8xx\Debug\liblpc_chip_8xx.a(syscon_8xx.o)
 .group         0x00000000        0x8 C:\Users\Matt\Documents\LPCXpresso_7.3.0_186\workspace\lpc_chip_8xx\Debug\liblpc_chip_8xx.a(syscon_8xx.o)
 .group         0x00000000        0x8 C:\Users\Matt\Documents\LPCXpresso_7.3.0_186\workspace\lpc_chip_8xx\Debug\liblpc_chip_8xx.a(syscon_8xx.o)
 .group         0x00000000        0x8 C:\Users\Matt\Documents\LPCXpresso_7.3.0_186\workspace\lpc_chip_8xx\Debug\liblpc_chip_8xx.a(syscon_8xx.o)
 .group         0x00000000        0x8 C:\Users\Matt\Documents\LPCXpresso_7.3.0_186\workspace\lpc_chip_8xx\Debug\liblpc_chip_8xx.a(syscon_8xx.o)
 .group         0x00000000        0x8 C:\Users\Matt\Documents\LPCXpresso_7.3.0_186\workspace\lpc_chip_8xx\Debug\liblpc_chip_8xx.a(syscon_8xx.o)
 .group         0x00000000        0x8 C:\Users\Matt\Documents\LPCXpresso_7.3.0_186\workspace\lpc_chip_8xx\Debug\liblpc_chip_8xx.a(syscon_8xx.o)
 .group         0x00000000        0x8 C:\Users\Matt\Documents\LPCXpresso_7.3.0_186\workspace\lpc_chip_8xx\Debug\liblpc_chip_8xx.a(syscon_8xx.o)
 .group         0x00000000        0x8 C:\Users\Matt\Documents\LPCXpresso_7.3.0_186\workspace\lpc_chip_8xx\Debug\liblpc_chip_8xx.a(syscon_8xx.o)
 .group         0x00000000        0x8 C:\Users\Matt\Documents\LPCXpresso_7.3.0_186\workspace\lpc_chip_8xx\Debug\liblpc_chip_8xx.a(syscon_8xx.o)
 .group         0x00000000        0x8 C:\Users\Matt\Documents\LPCXpresso_7.3.0_186\workspace\lpc_chip_8xx\Debug\liblpc_chip_8xx.a(syscon_8xx.o)
 .group         0x00000000        0x8 C:\Users\Matt\Documents\LPCXpresso_7.3.0_186\workspace\lpc_chip_8xx\Debug\liblpc_chip_8xx.a(syscon_8xx.o)
 .text          0x00000000        0x0 C:\Users\Matt\Documents\LPCXpresso_7.3.0_186\workspace\lpc_chip_8xx\Debug\liblpc_chip_8xx.a(syscon_8xx.o)
 .data          0x00000000        0x0 C:\Users\Matt\Documents\LPCXpresso_7.3.0_186\workspace\lpc_chip_8xx\Debug\liblpc_chip_8xx.a(syscon_8xx.o)
 .bss           0x00000000        0x0 C:\Users\Matt\Documents\LPCXpresso_7.3.0_186\workspace\lpc_chip_8xx\Debug\liblpc_chip_8xx.a(syscon_8xx.o)
 .text.Chip_SYSCTL_SetDeepSleepPD
                0x00000000       0x1c C:\Users\Matt\Documents\LPCXpresso_7.3.0_186\workspace\lpc_chip_8xx\Debug\liblpc_chip_8xx.a(syscon_8xx.o)
 .text.Chip_SYSCTL_SetWakeup
                0x00000000       0x20 C:\Users\Matt\Documents\LPCXpresso_7.3.0_186\workspace\lpc_chip_8xx\Debug\liblpc_chip_8xx.a(syscon_8xx.o)
 .debug_macro   0x00000000      0x81a C:\Users\Matt\Documents\LPCXpresso_7.3.0_186\workspace\lpc_chip_8xx\Debug\liblpc_chip_8xx.a(syscon_8xx.o)
 .debug_macro   0x00000000       0x10 C:\Users\Matt\Documents\LPCXpresso_7.3.0_186\workspace\lpc_chip_8xx\Debug\liblpc_chip_8xx.a(syscon_8xx.o)
 .debug_macro   0x00000000      0x122 C:\Users\Matt\Documents\LPCXpresso_7.3.0_186\workspace\lpc_chip_8xx\Debug\liblpc_chip_8xx.a(syscon_8xx.o)
 .debug_macro   0x00000000      0x5b9 C:\Users\Matt\Documents\LPCXpresso_7.3.0_186\workspace\lpc_chip_8xx\Debug\liblpc_chip_8xx.a(syscon_8xx.o)
 .debug_macro   0x00000000       0x22 C:\Users\Matt\Documents\LPCXpresso_7.3.0_186\workspace\lpc_chip_8xx\Debug\liblpc_chip_8xx.a(syscon_8xx.o)
 .debug_macro   0x00000000       0x7b C:\Users\Matt\Documents\LPCXpresso_7.3.0_186\workspace\lpc_chip_8xx\Debug\liblpc_chip_8xx.a(syscon_8xx.o)
 .debug_macro   0x00000000       0x10 C:\Users\Matt\Documents\LPCXpresso_7.3.0_186\workspace\lpc_chip_8xx\Debug\liblpc_chip_8xx.a(syscon_8xx.o)
 .debug_macro   0x00000000       0x28 C:\Users\Matt\Documents\LPCXpresso_7.3.0_186\workspace\lpc_chip_8xx\Debug\liblpc_chip_8xx.a(syscon_8xx.o)
 .debug_macro   0x00000000       0x3a C:\Users\Matt\Documents\LPCXpresso_7.3.0_186\workspace\lpc_chip_8xx\Debug\liblpc_chip_8xx.a(syscon_8xx.o)
 .debug_macro   0x00000000       0x1f C:\Users\Matt\Documents\LPCXpresso_7.3.0_186\workspace\lpc_chip_8xx\Debug\liblpc_chip_8xx.a(syscon_8xx.o)
 .debug_macro   0x00000000      0x250 C:\Users\Matt\Documents\LPCXpresso_7.3.0_186\workspace\lpc_chip_8xx\Debug\liblpc_chip_8xx.a(syscon_8xx.o)
 .debug_macro   0x00000000      0x145 C:\Users\Matt\Documents\LPCXpresso_7.3.0_186\workspace\lpc_chip_8xx\Debug\liblpc_chip_8xx.a(syscon_8xx.o)
 .debug_macro   0x00000000       0xca C:\Users\Matt\Documents\LPCXpresso_7.3.0_186\workspace\lpc_chip_8xx\Debug\liblpc_chip_8xx.a(syscon_8xx.o)
 .debug_macro   0x00000000       0x6a C:\Users\Matt\Documents\LPCXpresso_7.3.0_186\workspace\lpc_chip_8xx\Debug\liblpc_chip_8xx.a(syscon_8xx.o)
 .debug_macro   0x00000000       0x70 C:\Users\Matt\Documents\LPCXpresso_7.3.0_186\workspace\lpc_chip_8xx\Debug\liblpc_chip_8xx.a(syscon_8xx.o)
 .debug_macro   0x00000000       0x28 C:\Users\Matt\Documents\LPCXpresso_7.3.0_186\workspace\lpc_chip_8xx\Debug\liblpc_chip_8xx.a(syscon_8xx.o)
 .debug_macro   0x00000000      0x190 C:\Users\Matt\Documents\LPCXpresso_7.3.0_186\workspace\lpc_chip_8xx\Debug\liblpc_chip_8xx.a(syscon_8xx.o)
 .debug_macro   0x00000000       0x1c C:\Users\Matt\Documents\LPCXpresso_7.3.0_186\workspace\lpc_chip_8xx\Debug\liblpc_chip_8xx.a(syscon_8xx.o)
 .debug_macro   0x00000000       0x64 C:\Users\Matt\Documents\LPCXpresso_7.3.0_186\workspace\lpc_chip_8xx\Debug\liblpc_chip_8xx.a(syscon_8xx.o)
 .debug_macro   0x00000000       0x10 C:\Users\Matt\Documents\LPCXpresso_7.3.0_186\workspace\lpc_chip_8xx\Debug\liblpc_chip_8xx.a(syscon_8xx.o)
 .debug_macro   0x00000000       0x22 C:\Users\Matt\Documents\LPCXpresso_7.3.0_186\workspace\lpc_chip_8xx\Debug\liblpc_chip_8xx.a(syscon_8xx.o)
 .debug_macro   0x00000000       0xb2 C:\Users\Matt\Documents\LPCXpresso_7.3.0_186\workspace\lpc_chip_8xx\Debug\liblpc_chip_8xx.a(syscon_8xx.o)
 .debug_macro   0x00000000       0x58 C:\Users\Matt\Documents\LPCXpresso_7.3.0_186\workspace\lpc_chip_8xx\Debug\liblpc_chip_8xx.a(syscon_8xx.o)
 .debug_macro   0x00000000       0x58 C:\Users\Matt\Documents\LPCXpresso_7.3.0_186\workspace\lpc_chip_8xx\Debug\liblpc_chip_8xx.a(syscon_8xx.o)
 .debug_macro   0x00000000       0x6a C:\Users\Matt\Documents\LPCXpresso_7.3.0_186\workspace\lpc_chip_8xx\Debug\liblpc_chip_8xx.a(syscon_8xx.o)
 .debug_macro   0x00000000       0x82 C:\Users\Matt\Documents\LPCXpresso_7.3.0_186\workspace\lpc_chip_8xx\Debug\liblpc_chip_8xx.a(syscon_8xx.o)
 .debug_macro   0x00000000       0x16 C:\Users\Matt\Documents\LPCXpresso_7.3.0_186\workspace\lpc_chip_8xx\Debug\liblpc_chip_8xx.a(syscon_8xx.o)
 .debug_macro   0x00000000      0x131 C:\Users\Matt\Documents\LPCXpresso_7.3.0_186\workspace\lpc_chip_8xx\Debug\liblpc_chip_8xx.a(syscon_8xx.o)
 .debug_macro   0x00000000       0x22 C:\Users\Matt\Documents\LPCXpresso_7.3.0_186\workspace\lpc_chip_8xx\Debug\liblpc_chip_8xx.a(syscon_8xx.o)
 .debug_macro   0x00000000       0x52 C:\Users\Matt\Documents\LPCXpresso_7.3.0_186\workspace\lpc_chip_8xx\Debug\liblpc_chip_8xx.a(syscon_8xx.o)
 .debug_macro   0x00000000      0x181 C:\Users\Matt\Documents\LPCXpresso_7.3.0_186\workspace\lpc_chip_8xx\Debug\liblpc_chip_8xx.a(syscon_8xx.o)
 .debug_macro   0x00000000      0x289 C:\Users\Matt\Documents\LPCXpresso_7.3.0_186\workspace\lpc_chip_8xx\Debug\liblpc_chip_8xx.a(syscon_8xx.o)
 .debug_macro   0x00000000      0x28b C:\Users\Matt\Documents\LPCXpresso_7.3.0_186\workspace\lpc_chip_8xx\Debug\liblpc_chip_8xx.a(syscon_8xx.o)
 .debug_macro   0x00000000       0x2e C:\Users\Matt\Documents\LPCXpresso_7.3.0_186\workspace\lpc_chip_8xx\Debug\liblpc_chip_8xx.a(syscon_8xx.o)
 .debug_macro   0x00000000       0x22 C:\Users\Matt\Documents\LPCXpresso_7.3.0_186\workspace\lpc_chip_8xx\Debug\liblpc_chip_8xx.a(syscon_8xx.o)
 .text          0x00000000        0x0 c:/nxp/lpcxpresso_7.3.0_186/lpcxpresso/tools/bin/../lib/gcc/arm-none-eabi/4.8.4/../../../../arm-none-eabi/lib/armv6-m\libcr_c.a(__weak__main.o)
 .data          0x00000000        0x0 c:/nxp/lpcxpresso_7.3.0_186/lpcxpresso/tools/bin/../lib/gcc/arm-none-eabi/4.8.4/../../../../arm-none-eabi/lib/armv6-m\libcr_c.a(__weak__main.o)
 .bss           0x00000000        0x0 c:/nxp/lpcxpresso_7.3.0_186/lpcxpresso/tools/bin/../lib/gcc/arm-none-eabi/4.8.4/../../../../arm-none-eabi/lib/armv6-m\libcr_c.a(__weak__main.o)
 .text          0x00000000        0x0 c:/nxp/lpcxpresso_7.3.0_186/lpcxpresso/tools/bin/../lib/gcc/arm-none-eabi/4.8.4/armv6-m\libcr_eabihelpers.a(division_32.o)
 .data          0x00000000        0x0 c:/nxp/lpcxpresso_7.3.0_186/lpcxpresso/tools/bin/../lib/gcc/arm-none-eabi/4.8.4/armv6-m\libcr_eabihelpers.a(division_32.o)
 .bss           0x00000000        0x0 c:/nxp/lpcxpresso_7.3.0_186/lpcxpresso/tools/bin/../lib/gcc/arm-none-eabi/4.8.4/armv6-m\libcr_eabihelpers.a(division_32.o)
 .text          0x00000000        0x0 c:/nxp/lpcxpresso_7.3.0_186/lpcxpresso/tools/bin/../lib/gcc/arm-none-eabi/4.8.4/armv6-m\libcr_eabihelpers.a(division_64.o)
 .data          0x00000000        0x0 c:/nxp/lpcxpresso_7.3.0_186/lpcxpresso/tools/bin/../lib/gcc/arm-none-eabi/4.8.4/armv6-m\libcr_eabihelpers.a(division_64.o)
 .bss           0x00000000        0x0 c:/nxp/lpcxpresso_7.3.0_186/lpcxpresso/tools/bin/../lib/gcc/arm-none-eabi/4.8.4/armv6-m\libcr_eabihelpers.a(division_64.o)
 .text.__aeabi_division_uldivmod
                0x00000000       0x5a c:/nxp/lpcxpresso_7.3.0_186/lpcxpresso/tools/bin/../lib/gcc/arm-none-eabi/4.8.4/armv6-m\libcr_eabihelpers.a(division_64.o)
 .text.__aeabi_division_ldivmod
                0x00000000       0x32 c:/nxp/lpcxpresso_7.3.0_186/lpcxpresso/tools/bin/../lib/gcc/arm-none-eabi/4.8.4/armv6-m\libcr_eabihelpers.a(division_64.o)
 .ARM.attributes
                0x00000000       0x21 c:/nxp/lpcxpresso_7.3.0_186/lpcxpresso/tools/bin/../lib/gcc/arm-none-eabi/4.8.4/armv6-m\libcr_eabihelpers.a(division_64.o)
 .text          0x00000000        0x0 c:/nxp/lpcxpresso_7.3.0_186/lpcxpresso/tools/bin/../lib/gcc/arm-none-eabi/4.8.4/armv6-m\libcr_eabihelpers.a(division_idiv0.o)
 .data          0x00000000        0x0 c:/nxp/lpcxpresso_7.3.0_186/lpcxpresso/tools/bin/../lib/gcc/arm-none-eabi/4.8.4/armv6-m\libcr_eabihelpers.a(division_idiv0.o)
 .bss           0x00000000        0x0 c:/nxp/lpcxpresso_7.3.0_186/lpcxpresso/tools/bin/../lib/gcc/arm-none-eabi/4.8.4/armv6-m\libcr_eabihelpers.a(division_idiv0.o)

Memory Configuration

Name             Origin             Length             Attributes
MFlash4          0x00000000         0x00001000         xr
RamLoc1          0x10000000         0x00000400         xrw
*default*        0x00000000         0xffffffff

Linker script and memory map

LOAD ./src/Etude-OpAmpADC.o
LOAD ./src/cr_startup_lpc8xx.o
LOAD ./src/crp.o
LOAD ./src/mtb.o
LOAD ./src/sysinit.o
LOAD C:\Users\Matt\Boston_Audio_Projects\Boston_Audio_Projects\ARM\BAP_LPC8xx_lib\Debug\libBAP_LPC8xx_lib.a
LOAD C:\Users\Matt\Documents\LPCXpresso_7.3.0_186\workspace\lpc_chip_8xx\Debug\liblpc_chip_8xx.a
START GROUP
LOAD c:/nxp/lpcxpresso_7.3.0_186/lpcxpresso/tools/bin/../lib/gcc/arm-none-eabi/4.8.4/../../../../arm-none-eabi/lib/armv6-m\libcr_c.a
LOAD c:/nxp/lpcxpresso_7.3.0_186/lpcxpresso/tools/bin/../lib/gcc/arm-none-eabi/4.8.4/armv6-m\libcr_eabihelpers.a
END GROUP
                0x00001000                __top_MFlash4 = 0x1000
                0x10000400                __top_RamLoc1 = 0x10000400

.text           0x00000000      0xa50
 FILL mask 0xff
                0x00000000                __vectors_start__ = ABSOLUTE (.)
 *(.isr_vector)
 .isr_vector    0x00000000       0xc0 ./src/cr_startup_lpc8xx.o
                0x00000000                g_pfnVectors
                0x000000c0                . = ALIGN (0x4)
                0x000000c0                __section_table_start = .
                0x000000c0                __data_section_table = .
                0x000000c0        0x4 LONG 0xa50 LOADADDR (.data)
                0x000000c4        0x4 LONG 0x10000000 ADDR (.data)
                0x000000c8        0x4 LONG 0x0 SIZEOF (.data)
                0x000000cc                __data_section_table_end = .
                0x000000cc                __bss_section_table = .
                0x000000cc        0x4 LONG 0x10000000 ADDR (.bss)
                0x000000d0        0x4 LONG 0xc SIZEOF (.bss)
                0x000000d4                __bss_section_table_end = .
                0x000000d4                __section_table_end = .
 *(.after_vectors*)
 .after_vectors
                0x000000d4      0x128 ./src/cr_startup_lpc8xx.o
                0x000000d4                data_init
                0x00000114                bss_init
                0x00000148                ResetISR
                0x000001cc                NMI_Handler
                0x000001d4                HardFault_Handler
                0x000001dc                SVC_Handler
                0x000001e4                PendSV_Handler
                0x000001ec                SysTick_Handler
                0x000001f4                PININT1_IRQHandler
                0x000001f4                UART1_IRQHandler
                0x000001f4                UART0_IRQHandler
                0x000001f4                PININT2_IRQHandler
                0x000001f4                WKT_IRQHandler
                0x000001f4                IntDefaultHandler
                0x000001f4                PININT7_IRQHandler
                0x000001f4                PININT3_IRQHandler
                0x000001f4                UART2_IRQHandler
                0x000001f4                PININT5_IRQHandler
                0x000001f4                PININT4_IRQHandler
                0x000001f4                BOD_IRQHandler
                0x000001f4                SCT_IRQHandler
                0x000001f4                I2C_IRQHandler
                0x000001f4                WDT_IRQHandler
                0x000001f4                SPI1_IRQHandler
                0x000001f4                PININT6_IRQHandler
                0x000001f4                SPI0_IRQHandler
                0x000001f4                CMP_IRQHandler
                0x000002fc                . = 0x2fc
 *fill*         0x000001fc      0x100 ff
                0x000002fc                PROVIDE (__CRP_WORD_START__, .)
 *(.crp)
 .crp           0x000002fc        0x4 ./src/crp.o
                0x000002fc                CRP_WORD
                0x00000300                PROVIDE (__CRP_WORD_END__, .)
                0x00000001                ASSERT (! ((__CRP_WORD_START__ == __CRP_WORD_END__)), Linker CRP Enabled, but no CRP_WORD provided within application)
 *(.text*)
 .text.NVIC_EnableIRQ
                0x00000300       0x2c ./src/Etude-OpAmpADC.o
 .text.Chip_SYSCTL_AssertPeriphReset
                0x0000032c       0x38 ./src/Etude-OpAmpADC.o
 .text.Chip_SYSCTL_DeassertPeriphReset
                0x00000364       0x34 ./src/Etude-OpAmpADC.o
 .text.Chip_SYSCTL_PeriphReset
                0x00000398       0x28 ./src/Etude-OpAmpADC.o
 .text.Chip_SYSCTL_SetPinInterrupt
                0x000003c0       0x20 ./src/Etude-OpAmpADC.o
 .text.Chip_Clock_EnablePeriphClock
                0x000003e0       0x38 ./src/Etude-OpAmpADC.o
 .text.Chip_PININT_SetPinModeEdge
                0x00000418       0x28 ./src/Etude-OpAmpADC.o
 .text.Chip_PININT_EnableIntHigh
                0x00000440       0x18 ./src/Etude-OpAmpADC.o
 .text.Chip_PININT_ClearIntStatus
                0x00000458       0x18 ./src/Etude-OpAmpADC.o
 .text.Chip_MRT_Init
                0x00000470       0x14 ./src/Etude-OpAmpADC.o
 .text.Chip_MRT_GetRegPtr
                0x00000484       0x24 ./src/Etude-OpAmpADC.o
 .text.Chip_MRT_SetInterval
                0x000004a8       0x18 ./src/Etude-OpAmpADC.o
 .text.Chip_MRT_SetEnabled
                0x000004c0       0x20 ./src/Etude-OpAmpADC.o
 .text.Chip_MRT_SetDisabled
                0x000004e0       0x1c ./src/Etude-OpAmpADC.o
 .text.Chip_MRT_SetMode
                0x000004fc       0x2c ./src/Etude-OpAmpADC.o
 .text.Chip_MRT_IntClear
                0x00000528       0x20 ./src/Etude-OpAmpADC.o
 .text.Chip_MRT_GetIntPending
                0x00000548       0x14 ./src/Etude-OpAmpADC.o
 .text.Chip_MRT_ClearIntPending
                0x0000055c       0x1c ./src/Etude-OpAmpADC.o
 .text.OpAmpADCInit
                0x00000578       0xf4 ./src/Etude-OpAmpADC.o
                0x00000578                OpAmpADCInit
 .text.MRT_IRQHandler
                0x0000066c       0x58 ./src/Etude-OpAmpADC.o
                0x0000066c                MRT_IRQHandler
 .text.PININT0_IRQHandler
                0x000006c4       0x48 ./src/Etude-OpAmpADC.o
                0x000006c4                PININT0_IRQHandler
 .text.main     0x0000070c       0x70 ./src/Etude-OpAmpADC.o
                0x0000070c                main
 .text.SystemInit
                0x0000077c        0xc ./src/sysinit.o
                0x0000077c                SystemInit
 .text.CoreClockInit_30Hz
                0x00000788       0x3c C:\Users\Matt\Boston_Audio_Projects\Boston_Audio_Projects\ARM\BAP_LPC8xx_lib\Debug\libBAP_LPC8xx_lib.a(BAP_Clk.o)
                0x00000788                CoreClockInit_30Hz
 .text.SystemCoreClockUpdate
                0x000007c4       0x10 C:\Users\Matt\Documents\LPCXpresso_7.3.0_186\workspace\lpc_chip_8xx\Debug\liblpc_chip_8xx.a(chip_8xx.o)
                0x000007c4                SystemCoreClockUpdate
 .text.Chip_Clock_GetWDTLFORate
                0x000007d4       0x20 C:\Users\Matt\Documents\LPCXpresso_7.3.0_186\workspace\lpc_chip_8xx\Debug\liblpc_chip_8xx.a(clock_8xx.o)
 .text.Chip_Clock_GetPLLFreq
                0x000007f4        0xc C:\Users\Matt\Documents\LPCXpresso_7.3.0_186\workspace\lpc_chip_8xx\Debug\liblpc_chip_8xx.a(clock_8xx.o)
 .text.Chip_Clock_SetSystemPLLSource
                0x00000800       0x14 C:\Users\Matt\Documents\LPCXpresso_7.3.0_186\workspace\lpc_chip_8xx\Debug\liblpc_chip_8xx.a(clock_8xx.o)
                0x00000800                Chip_Clock_SetSystemPLLSource
 .text.Chip_Clock_SetMainClockSource
                0x00000814       0x14 C:\Users\Matt\Documents\LPCXpresso_7.3.0_186\workspace\lpc_chip_8xx\Debug\liblpc_chip_8xx.a(clock_8xx.o)
                0x00000814                Chip_Clock_SetMainClockSource
 .text.Chip_Clock_GetWDTOSCRate
                0x00000828       0x14 C:\Users\Matt\Documents\LPCXpresso_7.3.0_186\workspace\lpc_chip_8xx\Debug\liblpc_chip_8xx.a(clock_8xx.o)
                0x00000828                Chip_Clock_GetWDTOSCRate
 .text.Chip_Clock_GetSystemPLLInClockRate
                0x0000083c       0x38 C:\Users\Matt\Documents\LPCXpresso_7.3.0_186\workspace\lpc_chip_8xx\Debug\liblpc_chip_8xx.a(clock_8xx.o)
                0x0000083c                Chip_Clock_GetSystemPLLInClockRate
 .text.Chip_Clock_GetSystemPLLOutClockRate
                0x00000874       0x1c C:\Users\Matt\Documents\LPCXpresso_7.3.0_186\workspace\lpc_chip_8xx\Debug\liblpc_chip_8xx.a(clock_8xx.o)
                0x00000874                Chip_Clock_GetSystemPLLOutClockRate
 .text.Chip_Clock_GetMainClockRate
                0x00000890       0x40 C:\Users\Matt\Documents\LPCXpresso_7.3.0_186\workspace\lpc_chip_8xx\Debug\liblpc_chip_8xx.a(clock_8xx.o)
                0x00000890                Chip_Clock_GetMainClockRate
 .text.Chip_Clock_GetSystemClockRate
                0x000008d0       0x18 C:\Users\Matt\Documents\LPCXpresso_7.3.0_186\workspace\lpc_chip_8xx\Debug\liblpc_chip_8xx.a(clock_8xx.o)
                0x000008d0                Chip_Clock_GetSystemClockRate
 .text.Chip_SetupIrcClocking
                0x000008e8       0x48 C:\Users\Matt\Documents\LPCXpresso_7.3.0_186\workspace\lpc_chip_8xx\Debug\liblpc_chip_8xx.a(sysinit_8xx.o)
                0x000008e8                Chip_SetupIrcClocking
 .text.Chip_SystemInit
                0x00000930        0x8 C:\Users\Matt\Documents\LPCXpresso_7.3.0_186\workspace\lpc_chip_8xx\Debug\liblpc_chip_8xx.a(sysinit_8xx.o)
                0x00000930                Chip_SystemInit
 .text.Chip_SYSCTL_PowerDown
                0x00000938       0x24 C:\Users\Matt\Documents\LPCXpresso_7.3.0_186\workspace\lpc_chip_8xx\Debug\liblpc_chip_8xx.a(syscon_8xx.o)
                0x00000938                Chip_SYSCTL_PowerDown
 .text.Chip_SYSCTL_PowerUp
                0x0000095c       0x28 C:\Users\Matt\Documents\LPCXpresso_7.3.0_186\workspace\lpc_chip_8xx\Debug\liblpc_chip_8xx.a(syscon_8xx.o)
                0x0000095c                Chip_SYSCTL_PowerUp
 .text.__weak_main
                0x00000984        0x8 c:/nxp/lpcxpresso_7.3.0_186/lpcxpresso/tools/bin/../lib/gcc/arm-none-eabi/4.8.4/../../../../arm-none-eabi/lib/armv6-m\libcr_c.a(__weak__main.o)
                0x00000984                __weak_main
                0x00000984                __main
 .text.__aeabi_division_idivmod
                0x0000098c       0x78 c:/nxp/lpcxpresso_7.3.0_186/lpcxpresso/tools/bin/../lib/gcc/arm-none-eabi/4.8.4/armv6-m\libcr_eabihelpers.a(division_32.o)
                0x0000098c                __aeabi_idivmod
                0x0000098c                __aeabi_idiv
                0x00000992                __aeabi_uidivmod
                0x00000992                __aeabi_uidiv
 .text.__aeabi_division_idiv0
                0x00000a04        0x2 c:/nxp/lpcxpresso_7.3.0_186/lpcxpresso/tools/bin/../lib/gcc/arm-none-eabi/4.8.4/armv6-m\libcr_eabihelpers.a(division_idiv0.o)
                0x00000a04                __aeabi_idiv0
 *(.rodata .rodata.* .constdata .constdata.*)
 *fill*         0x00000a06        0x2 
 .rodata.OscRateIn
                0x00000a08        0x4 ./src/sysinit.o
                0x00000a08                OscRateIn
 .rodata.ExtRateIn
                0x00000a0c        0x4 ./src/sysinit.o
                0x00000a0c                ExtRateIn
 .rodata.wdtOSCRate
                0x00000a10       0x40 C:\Users\Matt\Documents\LPCXpresso_7.3.0_186\workspace\lpc_chip_8xx\Debug\liblpc_chip_8xx.a(clock_8xx.o)
                0x00000a50                . = ALIGN (0x4)

.glue_7         0x00000a50        0x0
 .glue_7        0x00000000        0x0 linker stubs

.glue_7t        0x00000a50        0x0
 .glue_7t       0x00000000        0x0 linker stubs

.vfp11_veneer   0x00000a50        0x0
 .vfp11_veneer  0x00000000        0x0 linker stubs

.v4_bx          0x00000a50        0x0
 .v4_bx         0x00000000        0x0 linker stubs

.iplt           0x00000a50        0x0
 .iplt          0x00000000        0x0 ./src/Etude-OpAmpADC.o

.rel.dyn        0x00000a50        0x0
 .rel.iplt      0x00000000        0x0 ./src/Etude-OpAmpADC.o

.ARM.extab
 *(.ARM.extab* .gnu.linkonce.armextab.*)
                0x00000a50                __exidx_start = .

.ARM.exidx
 *(.ARM.exidx* .gnu.linkonce.armexidx.*)
                0x00000a50                __exidx_end = .
                0x00000a50                _etext = .

.mtb_buffer_default
 *(.mtb*)

.uninit_RESERVED
                0x10000000        0x0
 *(.bss.$RESERVED*)
                0x10000000                . = ALIGN (0x4)
                0x10000000                _end_uninit_RESERVED = .

.data           0x10000000        0x0 load address 0x00000a50
 FILL mask 0xff
                0x10000000                _data = .
 *(vtable)
 *(.ramfunc*)
 *(.data*)
                0x10000000                . = ALIGN (0x4)
                0x10000000                _edata = .

.igot.plt       0x10000000        0x0 load address 0x00000a50
 .igot.plt      0x00000000        0x0 ./src/Etude-OpAmpADC.o

.bss            0x10000000        0xc load address 0x00000a50
                0x10000000                _bss = .
 *(.bss*)
 *(COMMON)
 COMMON         0x10000000        0x8 ./src/Etude-OpAmpADC.o
                0x10000000                last_conversion
                0x10000004                lc_buff
 COMMON         0x10000008        0x4 C:\Users\Matt\Documents\LPCXpresso_7.3.0_186\workspace\lpc_chip_8xx\Debug\liblpc_chip_8xx.a(chip_8xx.o)
                0x10000008                SystemCoreClock
                0x1000000c                . = ALIGN (0x4)
                0x1000000c                _ebss = .
                0x1000000c                PROVIDE (end, .)

.noinit         0x1000000c        0x0 load address 0x00000a50
                0x1000000c                _noinit = .
 *(.noinit*)
                0x1000000c                . = ALIGN (0x4)
                0x1000000c                _end_noinit = .
                0x1000000c                PROVIDE (_pvHeapStart, .)
                0x10000400                PROVIDE (_vStackTop, (__top_RamLoc1 - 0x0))
OUTPUT(Etude-OpAmpADC.axf elf32-littlearm)

.debug_info     0x00000000     0x2dc4
 .debug_info    0x00000000      0xe03 ./src/Etude-OpAmpADC.o
 .debug_info    0x00000e03      0x1fe ./src/cr_startup_lpc8xx.o
 .debug_info    0x00001001       0x3f ./src/crp.o
 .debug_info    0x00001040       0xc8 ./src/sysinit.o
 .debug_info    0x00001108      0x409 C:\Users\Matt\Boston_Audio_Projects\Boston_Audio_Projects\ARM\BAP_LPC8xx_lib\Debug\libBAP_LPC8xx_lib.a(BAP_Clk.o)
 .debug_info    0x00001511       0xe7 C:\Users\Matt\Documents\LPCXpresso_7.3.0_186\workspace\lpc_chip_8xx\Debug\liblpc_chip_8xx.a(chip_8xx.o)
 .debug_info    0x000015f8      0xb7a C:\Users\Matt\Documents\LPCXpresso_7.3.0_186\workspace\lpc_chip_8xx\Debug\liblpc_chip_8xx.a(clock_8xx.o)
 .debug_info    0x00002172      0x7bd C:\Users\Matt\Documents\LPCXpresso_7.3.0_186\workspace\lpc_chip_8xx\Debug\liblpc_chip_8xx.a(sysinit_8xx.o)
 .debug_info    0x0000292f      0x495 C:\Users\Matt\Documents\LPCXpresso_7.3.0_186\workspace\lpc_chip_8xx\Debug\liblpc_chip_8xx.a(syscon_8xx.o)

.debug_abbrev   0x00000000      0xafc
 .debug_abbrev  0x00000000      0x270 ./src/Etude-OpAmpADC.o
 .debug_abbrev  0x00000270       0xe6 ./src/cr_startup_lpc8xx.o
 .debug_abbrev  0x00000356       0x36 ./src/crp.o
 .debug_abbrev  0x0000038c       0x6a ./src/sysinit.o
 .debug_abbrev  0x000003f6       0xca C:\Users\Matt\Boston_Audio_Projects\Boston_Audio_Projects\ARM\BAP_LPC8xx_lib\Debug\libBAP_LPC8xx_lib.a(BAP_Clk.o)
 .debug_abbrev  0x000004c0       0x9b C:\Users\Matt\Documents\LPCXpresso_7.3.0_186\workspace\lpc_chip_8xx\Debug\liblpc_chip_8xx.a(chip_8xx.o)
 .debug_abbrev  0x0000055b      0x313 C:\Users\Matt\Documents\LPCXpresso_7.3.0_186\workspace\lpc_chip_8xx\Debug\liblpc_chip_8xx.a(clock_8xx.o)
 .debug_abbrev  0x0000086e      0x1c0 C:\Users\Matt\Documents\LPCXpresso_7.3.0_186\workspace\lpc_chip_8xx\Debug\liblpc_chip_8xx.a(sysinit_8xx.o)
 .debug_abbrev  0x00000a2e       0xce C:\Users\Matt\Documents\LPCXpresso_7.3.0_186\workspace\lpc_chip_8xx\Debug\liblpc_chip_8xx.a(syscon_8xx.o)

.debug_aranges  0x00000000      0x298
 .debug_aranges
                0x00000000       0xc8 ./src/Etude-OpAmpADC.o
 .debug_aranges
                0x000000c8       0x60 ./src/cr_startup_lpc8xx.o
 .debug_aranges
                0x00000128       0x18 ./src/crp.o
 .debug_aranges
                0x00000140       0x20 ./src/sysinit.o
 .debug_aranges
                0x00000160       0x20 C:\Users\Matt\Boston_Audio_Projects\Boston_Audio_Projects\ARM\BAP_LPC8xx_lib\Debug\libBAP_LPC8xx_lib.a(BAP_Clk.o)
 .debug_aranges
                0x00000180       0x20 C:\Users\Matt\Documents\LPCXpresso_7.3.0_186\workspace\lpc_chip_8xx\Debug\liblpc_chip_8xx.a(chip_8xx.o)
 .debug_aranges
                0x000001a0       0x90 C:\Users\Matt\Documents\LPCXpresso_7.3.0_186\workspace\lpc_chip_8xx\Debug\liblpc_chip_8xx.a(clock_8xx.o)
 .debug_aranges
                0x00000230       0x30 C:\Users\Matt\Documents\LPCXpresso_7.3.0_186\workspace\lpc_chip_8xx\Debug\liblpc_chip_8xx.a(sysinit_8xx.o)
 .debug_aranges
                0x00000260       0x38 C:\Users\Matt\Documents\LPCXpresso_7.3.0_186\workspace\lpc_chip_8xx\Debug\liblpc_chip_8xx.a(syscon_8xx.o)

.debug_ranges   0x00000000      0x200
 .debug_ranges  0x00000000       0xb8 ./src/Etude-OpAmpADC.o
 .debug_ranges  0x000000b8       0x50 ./src/cr_startup_lpc8xx.o
 .debug_ranges  0x00000108       0x10 ./src/sysinit.o
 .debug_ranges  0x00000118       0x10 C:\Users\Matt\Boston_Audio_Projects\Boston_Audio_Projects\ARM\BAP_LPC8xx_lib\Debug\libBAP_LPC8xx_lib.a(BAP_Clk.o)
 .debug_ranges  0x00000128       0x10 C:\Users\Matt\Documents\LPCXpresso_7.3.0_186\workspace\lpc_chip_8xx\Debug\liblpc_chip_8xx.a(chip_8xx.o)
 .debug_ranges  0x00000138       0x80 C:\Users\Matt\Documents\LPCXpresso_7.3.0_186\workspace\lpc_chip_8xx\Debug\liblpc_chip_8xx.a(clock_8xx.o)
 .debug_ranges  0x000001b8       0x20 C:\Users\Matt\Documents\LPCXpresso_7.3.0_186\workspace\lpc_chip_8xx\Debug\liblpc_chip_8xx.a(sysinit_8xx.o)
 .debug_ranges  0x000001d8       0x28 C:\Users\Matt\Documents\LPCXpresso_7.3.0_186\workspace\lpc_chip_8xx\Debug\liblpc_chip_8xx.a(syscon_8xx.o)

.debug_macro    0x00000000     0x41ee
 .debug_macro   0x00000000      0x21d ./src/Etude-OpAmpADC.o
 .debug_macro   0x0000021d      0x84a ./src/Etude-OpAmpADC.o
 .debug_macro   0x00000a67       0x82 ./src/Etude-OpAmpADC.o
 .debug_macro   0x00000ae9       0x10 ./src/Etude-OpAmpADC.o
 .debug_macro   0x00000af9      0x122 ./src/Etude-OpAmpADC.o
 .debug_macro   0x00000c1b      0x5b9 ./src/Etude-OpAmpADC.o
 .debug_macro   0x000011d4       0x22 ./src/Etude-OpAmpADC.o
 .debug_macro   0x000011f6       0x7b ./src/Etude-OpAmpADC.o
 .debug_macro   0x00001271       0x10 ./src/Etude-OpAmpADC.o
 .debug_macro   0x00001281       0x28 ./src/Etude-OpAmpADC.o
 .debug_macro   0x000012a9       0x3a ./src/Etude-OpAmpADC.o
 .debug_macro   0x000012e3       0x1f ./src/Etude-OpAmpADC.o
 .debug_macro   0x00001302      0x250 ./src/Etude-OpAmpADC.o
 .debug_macro   0x00001552      0x145 ./src/Etude-OpAmpADC.o
 .debug_macro   0x00001697       0xca ./src/Etude-OpAmpADC.o
 .debug_macro   0x00001761       0x6a ./src/Etude-OpAmpADC.o
 .debug_macro   0x000017cb       0x70 ./src/Etude-OpAmpADC.o
 .debug_macro   0x0000183b       0x28 ./src/Etude-OpAmpADC.o
 .debug_macro   0x00001863      0x190 ./src/Etude-OpAmpADC.o
 .debug_macro   0x000019f3       0x1c ./src/Etude-OpAmpADC.o
 .debug_macro   0x00001a0f       0x64 ./src/Etude-OpAmpADC.o
 .debug_macro   0x00001a73       0x10 ./src/Etude-OpAmpADC.o
 .debug_macro   0x00001a83       0x22 ./src/Etude-OpAmpADC.o
 .debug_macro   0x00001aa5       0xb2 ./src/Etude-OpAmpADC.o
 .debug_macro   0x00001b57       0x58 ./src/Etude-OpAmpADC.o
 .debug_macro   0x00001baf       0x58 ./src/Etude-OpAmpADC.o
 .debug_macro   0x00001c07       0x6a ./src/Etude-OpAmpADC.o
 .debug_macro   0x00001c71       0x82 ./src/Etude-OpAmpADC.o
 .debug_macro   0x00001cf3       0x16 ./src/Etude-OpAmpADC.o
 .debug_macro   0x00001d09      0x131 ./src/Etude-OpAmpADC.o
 .debug_macro   0x00001e3a       0x22 ./src/Etude-OpAmpADC.o
 .debug_macro   0x00001e5c       0x52 ./src/Etude-OpAmpADC.o
 .debug_macro   0x00001eae      0x181 ./src/Etude-OpAmpADC.o
 .debug_macro   0x0000202f      0x289 ./src/Etude-OpAmpADC.o
 .debug_macro   0x000022b8      0x28b ./src/Etude-OpAmpADC.o
 .debug_macro   0x00002543       0x2e ./src/Etude-OpAmpADC.o
 .debug_macro   0x00002571       0x22 ./src/Etude-OpAmpADC.o
 .debug_macro   0x00002593       0x1c ./src/Etude-OpAmpADC.o
 .debug_macro   0x000025af       0x28 ./src/Etude-OpAmpADC.o
 .debug_macro   0x000025d7       0x2e ./src/Etude-OpAmpADC.o
 .debug_macro   0x00002605       0x1d ./src/cr_startup_lpc8xx.o
 .debug_macro   0x00002622       0x1a ./src/crp.o
 .debug_macro   0x0000263c       0x34 ./src/crp.o
 .debug_macro   0x00002670      0x1d5 ./src/sysinit.o
 .debug_macro   0x00002845      0x1e5 C:\Users\Matt\Boston_Audio_Projects\Boston_Audio_Projects\ARM\BAP_LPC8xx_lib\Debug\libBAP_LPC8xx_lib.a(BAP_Clk.o)
 .debug_macro   0x00002a2a      0x83e C:\Users\Matt\Boston_Audio_Projects\Boston_Audio_Projects\ARM\BAP_LPC8xx_lib\Debug\libBAP_LPC8xx_lib.a(BAP_Clk.o)
 .debug_macro   0x00003268      0x1d5 C:\Users\Matt\Documents\LPCXpresso_7.3.0_186\workspace\lpc_chip_8xx\Debug\liblpc_chip_8xx.a(chip_8xx.o)
 .debug_macro   0x0000343d      0x81a C:\Users\Matt\Documents\LPCXpresso_7.3.0_186\workspace\lpc_chip_8xx\Debug\liblpc_chip_8xx.a(chip_8xx.o)
 .debug_macro   0x00003c57      0x1d5 C:\Users\Matt\Documents\LPCXpresso_7.3.0_186\workspace\lpc_chip_8xx\Debug\liblpc_chip_8xx.a(clock_8xx.o)
 .debug_macro   0x00003e2c      0x1d5 C:\Users\Matt\Documents\LPCXpresso_7.3.0_186\workspace\lpc_chip_8xx\Debug\liblpc_chip_8xx.a(sysinit_8xx.o)
 .debug_macro   0x00004001      0x1ed C:\Users\Matt\Documents\LPCXpresso_7.3.0_186\workspace\lpc_chip_8xx\Debug\liblpc_chip_8xx.a(syscon_8xx.o)

.debug_line     0x00000000     0x1f99
 .debug_line    0x00000000      0x6b8 ./src/Etude-OpAmpADC.o
 .debug_line    0x000006b8       0xc1 ./src/cr_startup_lpc8xx.o
 .debug_line    0x00000779       0x78 ./src/crp.o
 .debug_line    0x000007f1      0x37a ./src/sysinit.o
 .debug_line    0x00000b6b      0x3e7 C:\Users\Matt\Boston_Audio_Projects\Boston_Audio_Projects\ARM\BAP_LPC8xx_lib\Debug\libBAP_LPC8xx_lib.a(BAP_Clk.o)
 .debug_line    0x00000f52      0x37b C:\Users\Matt\Documents\LPCXpresso_7.3.0_186\workspace\lpc_chip_8xx\Debug\liblpc_chip_8xx.a(chip_8xx.o)
 .debug_line    0x000012cd      0x50d C:\Users\Matt\Documents\LPCXpresso_7.3.0_186\workspace\lpc_chip_8xx\Debug\liblpc_chip_8xx.a(clock_8xx.o)
 .debug_line    0x000017da      0x407 C:\Users\Matt\Documents\LPCXpresso_7.3.0_186\workspace\lpc_chip_8xx\Debug\liblpc_chip_8xx.a(sysinit_8xx.o)
 .debug_line    0x00001be1      0x3b8 C:\Users\Matt\Documents\LPCXpresso_7.3.0_186\workspace\lpc_chip_8xx\Debug\liblpc_chip_8xx.a(syscon_8xx.o)

.debug_str      0x00000000     0xb7a5
 .debug_str     0x00000000     0xa99d ./src/Etude-OpAmpADC.o
                               0xaa8e (size before relaxing)
 .debug_str     0x0000a99d      0x177 ./src/cr_startup_lpc8xx.o
                               0x2513 (size before relaxing)
 .debug_str     0x0000ab14       0xe9 ./src/crp.o
                               0x2476 (size before relaxing)
 .debug_str     0x0000abfd       0x11 ./src/sysinit.o
                               0x99ea (size before relaxing)
 .debug_str     0x0000ac0e      0x179 C:\Users\Matt\Boston_Audio_Projects\Boston_Audio_Projects\ARM\BAP_LPC8xx_lib\Debug\libBAP_LPC8xx_lib.a(BAP_Clk.o)
                               0x9c02 (size before relaxing)
 .debug_str     0x0000ad87      0x14d C:\Users\Matt\Documents\LPCXpresso_7.3.0_186\workspace\lpc_chip_8xx\Debug\liblpc_chip_8xx.a(chip_8xx.o)
                               0x997a (size before relaxing)
 .debug_str     0x0000aed4      0x695 C:\Users\Matt\Documents\LPCXpresso_7.3.0_186\workspace\lpc_chip_8xx\Debug\liblpc_chip_8xx.a(clock_8xx.o)
                               0xa328 (size before relaxing)
 .debug_str     0x0000b569      0x152 C:\Users\Matt\Documents\LPCXpresso_7.3.0_186\workspace\lpc_chip_8xx\Debug\liblpc_chip_8xx.a(sysinit_8xx.o)
                               0x9e06 (size before relaxing)
 .debug_str     0x0000b6bb       0xea C:\Users\Matt\Documents\LPCXpresso_7.3.0_186\workspace\lpc_chip_8xx\Debug\liblpc_chip_8xx.a(syscon_8xx.o)
                               0x9c4c (size before relaxing)

.comment        0x00000000       0xe0
 .comment       0x00000000       0x70 ./src/Etude-OpAmpADC.o
                                 0x71 (size before relaxing)
 .comment       0x00000000       0x71 ./src/cr_startup_lpc8xx.o
 .comment       0x00000000       0x71 ./src/crp.o
 .comment       0x00000000       0x71 ./src/sysinit.o
 .comment       0x00000000       0x71 C:\Users\Matt\Boston_Audio_Projects\Boston_Audio_Projects\ARM\BAP_LPC8xx_lib\Debug\libBAP_LPC8xx_lib.a(BAP_Clk.o)
 .comment       0x00000000       0x71 C:\Users\Matt\Documents\LPCXpresso_7.3.0_186\workspace\lpc_chip_8xx\Debug\liblpc_chip_8xx.a(chip_8xx.o)
 .comment       0x00000000       0x71 C:\Users\Matt\Documents\LPCXpresso_7.3.0_186\workspace\lpc_chip_8xx\Debug\liblpc_chip_8xx.a(clock_8xx.o)
 .comment       0x00000000       0x71 C:\Users\Matt\Documents\LPCXpresso_7.3.0_186\workspace\lpc_chip_8xx\Debug\liblpc_chip_8xx.a(sysinit_8xx.o)
 .comment       0x00000000       0x71 C:\Users\Matt\Documents\LPCXpresso_7.3.0_186\workspace\lpc_chip_8xx\Debug\liblpc_chip_8xx.a(syscon_8xx.o)
 .comment       0x00000070       0x70 c:/nxp/lpcxpresso_7.3.0_186/lpcxpresso/tools/bin/../lib/gcc/arm-none-eabi/4.8.4/../../../../arm-none-eabi/lib/armv6-m\libcr_c.a(__weak__main.o)
                                 0x71 (size before relaxing)

.ARM.attributes
                0x00000000       0x2f
 .ARM.attributes
                0x00000000       0x31 ./src/Etude-OpAmpADC.o
 .ARM.attributes
                0x00000031       0x31 ./src/cr_startup_lpc8xx.o
 .ARM.attributes
                0x00000062       0x31 ./src/crp.o
 .ARM.attributes
                0x00000093       0x31 ./src/sysinit.o
 .ARM.attributes
                0x000000c4       0x31 C:\Users\Matt\Boston_Audio_Projects\Boston_Audio_Projects\ARM\BAP_LPC8xx_lib\Debug\libBAP_LPC8xx_lib.a(BAP_Clk.o)
 .ARM.attributes
                0x000000f5       0x31 C:\Users\Matt\Documents\LPCXpresso_7.3.0_186\workspace\lpc_chip_8xx\Debug\liblpc_chip_8xx.a(chip_8xx.o)
 .ARM.attributes
                0x00000126       0x31 C:\Users\Matt\Documents\LPCXpresso_7.3.0_186\workspace\lpc_chip_8xx\Debug\liblpc_chip_8xx.a(clock_8xx.o)
 .ARM.attributes
                0x00000157       0x31 C:\Users\Matt\Documents\LPCXpresso_7.3.0_186\workspace\lpc_chip_8xx\Debug\liblpc_chip_8xx.a(sysinit_8xx.o)
 .ARM.attributes
                0x00000188       0x31 C:\Users\Matt\Documents\LPCXpresso_7.3.0_186\workspace\lpc_chip_8xx\Debug\liblpc_chip_8xx.a(syscon_8xx.o)
 .ARM.attributes
                0x000001b9       0x31 c:/nxp/lpcxpresso_7.3.0_186/lpcxpresso/tools/bin/../lib/gcc/arm-none-eabi/4.8.4/../../../../arm-none-eabi/lib/armv6-m\libcr_c.a(__weak__main.o)
 .ARM.attributes
                0x000001ea       0x21 c:/nxp/lpcxpresso_7.3.0_186/lpcxpresso/tools/bin/../lib/gcc/arm-none-eabi/4.8.4/armv6-m\libcr_eabihelpers.a(division_32.o)
 .ARM.attributes
                0x0000020b       0x21 c:/nxp/lpcxpresso_7.3.0_186/lpcxpresso/tools/bin/../lib/gcc/arm-none-eabi/4.8.4/armv6-m\libcr_eabihelpers.a(division_idiv0.o)

.debug_frame    0x00000000      0x654
 .debug_frame   0x00000000      0x2c8 ./src/Etude-OpAmpADC.o
 .debug_frame   0x000002c8      0x118 ./src/cr_startup_lpc8xx.o
 .debug_frame   0x000003e0       0x2c ./src/sysinit.o
 .debug_frame   0x0000040c       0x28 C:\Users\Matt\Boston_Audio_Projects\Boston_Audio_Projects\ARM\BAP_LPC8xx_lib\Debug\libBAP_LPC8xx_lib.a(BAP_Clk.o)
 .debug_frame   0x00000434       0x28 C:\Users\Matt\Documents\LPCXpresso_7.3.0_186\workspace\lpc_chip_8xx\Debug\liblpc_chip_8xx.a(chip_8xx.o)
 .debug_frame   0x0000045c      0x148 C:\Users\Matt\Documents\LPCXpresso_7.3.0_186\workspace\lpc_chip_8xx\Debug\liblpc_chip_8xx.a(clock_8xx.o)
 .debug_frame   0x000005a4       0x58 C:\Users\Matt\Documents\LPCXpresso_7.3.0_186\workspace\lpc_chip_8xx\Debug\liblpc_chip_8xx.a(sysinit_8xx.o)
 .debug_frame   0x000005fc       0x58 C:\Users\Matt\Documents\LPCXpresso_7.3.0_186\workspace\lpc_chip_8xx\Debug\liblpc_chip_8xx.a(syscon_8xx.o)

.debug_loc      0x00000000      0x3f3
 .debug_loc     0x00000000      0x322 C:\Users\Matt\Documents\LPCXpresso_7.3.0_186\workspace\lpc_chip_8xx\Debug\liblpc_chip_8xx.a(clock_8xx.o)
 .debug_loc     0x00000322       0xd1 C:\Users\Matt\Documents\LPCXpresso_7.3.0_186\workspace\lpc_chip_8xx\Debug\liblpc_chip_8xx.a(syscon_8xx.o)
