Archive member included because of file (symbol)

C:\Users\Matt\Boston_Audio_Projects\Boston_Audio_Projects\ARM\BAP_LPC8xx_lib\Debug\libBAP_LPC8xx_lib.a(BAP_32Sel.o)
                              ./src/KPS_VoiceClock.o (Selector_Init)
C:\Users\Matt\Boston_Audio_Projects\Boston_Audio_Projects\ARM\BAP_LPC8xx_lib\Debug\libBAP_LPC8xx_lib.a(BAP_Clk.o)
                              ./src/KPS_VoiceClock.o (CoreClockInit_30Hz)
C:\Users\Matt\Boston_Audio_Projects\Boston_Audio_Projects\ARM\BAP_LPC8xx_lib\Debug\libBAP_LPC8xx_lib.a(BAP_Envelope.o)
                              ./src/KPS_VoiceClock.o (EnvInit)
C:\Users\Matt\Boston_Audio_Projects\Boston_Audio_Projects\ARM\BAP_LPC8xx_lib\Debug\libBAP_LPC8xx_lib.a(BAP_Midi.o)
                              ./src/KPS_VoiceClock.o (MIDI_USARTInit)
C:\Users\Matt\Boston_Audio_Projects\Boston_Audio_Projects\ARM\BAP_LPC8xx_lib\Debug\libBAP_LPC8xx_lib.a(BAP_TLC_DAC.o)
                              ./src/KPS_VoiceClock.o (TLC_Init)
C:\Users\Matt\Boston_Audio_Projects\Boston_Audio_Projects\ARM\BAP_LPC8xx_lib\Debug\libBAP_LPC8xx_lib.a(BAP_WaveGen.o)
                              ./src/KPS_VoiceClock.o (WaveGenStart)
C:\Users\Matt\Boston_Audio_Projects\Boston_Audio_Projects\ARM\BAP_LPC8xx_lib\Debug\libBAP_LPC8xx_lib.a(BAP_math.o)
                              ./src/KPS_VoiceClock.o (i_lscale)
C:\Users\Matt\Boston_Audio_Projects\Boston_Audio_Projects\ARM\BAP_LPC8xx_lib\Debug\libBAP_LPC8xx_lib.a(FrequencyMaps.o)
                              ./inc/LocalMIDIFunc.o (MIDItoFreq)
C:\Users\Matt\Documents\LPCXpresso_7.3.0_186\workspace\lpc_chip_8xx_lib\Debug\liblpc_chip_8xx_lib.a(acmp_8xx.o)
                              C:\Users\Matt\Boston_Audio_Projects\Boston_Audio_Projects\ARM\BAP_LPC8xx_lib\Debug\libBAP_LPC8xx_lib.a(BAP_32Sel.o) (Chip_ACMP_SetupAMCPRefs)
C:\Users\Matt\Documents\LPCXpresso_7.3.0_186\workspace\lpc_chip_8xx_lib\Debug\liblpc_chip_8xx_lib.a(chip_8xx.o)
                              C:\Users\Matt\Boston_Audio_Projects\Boston_Audio_Projects\ARM\BAP_LPC8xx_lib\Debug\libBAP_LPC8xx_lib.a(BAP_Clk.o) (SystemCoreClockUpdate)
C:\Users\Matt\Documents\LPCXpresso_7.3.0_186\workspace\lpc_chip_8xx_lib\Debug\liblpc_chip_8xx_lib.a(clock_8xx.o)
                              C:\Users\Matt\Boston_Audio_Projects\Boston_Audio_Projects\ARM\BAP_LPC8xx_lib\Debug\libBAP_LPC8xx_lib.a(BAP_WaveGen.o) (Chip_Clock_GetSystemClockRate)
C:\Users\Matt\Documents\LPCXpresso_7.3.0_186\workspace\lpc_chip_8xx_lib\Debug\liblpc_chip_8xx_lib.a(ring_buffer.o)
                              C:\Users\Matt\Boston_Audio_Projects\Boston_Audio_Projects\ARM\BAP_LPC8xx_lib\Debug\libBAP_LPC8xx_lib.a(BAP_Midi.o) (RingBuffer_Init)
C:\Users\Matt\Documents\LPCXpresso_7.3.0_186\workspace\lpc_chip_8xx_lib\Debug\liblpc_chip_8xx_lib.a(spi_8xx.o)
                              C:\Users\Matt\Boston_Audio_Projects\Boston_Audio_Projects\ARM\BAP_LPC8xx_lib\Debug\libBAP_LPC8xx_lib.a(BAP_TLC_DAC.o) (Chip_SPI_CalClkRateDivider)
C:\Users\Matt\Documents\LPCXpresso_7.3.0_186\workspace\lpc_chip_8xx_lib\Debug\liblpc_chip_8xx_lib.a(syscon_8xx.o)
                              C:\Users\Matt\Documents\LPCXpresso_7.3.0_186\workspace\lpc_chip_8xx_lib\Debug\liblpc_chip_8xx_lib.a(acmp_8xx.o) (Chip_SYSCTL_PowerDown)
C:\Users\Matt\Documents\LPCXpresso_7.3.0_186\workspace\lpc_chip_8xx_lib\Debug\liblpc_chip_8xx_lib.a(sysinit_8xx.o)
                              ./src/sysinit.o (Chip_SystemInit)
C:\Users\Matt\Documents\LPCXpresso_7.3.0_186\workspace\lpc_chip_8xx_lib\Debug\liblpc_chip_8xx_lib.a(uart_8xx.o)
                              C:\Users\Matt\Boston_Audio_Projects\Boston_Audio_Projects\ARM\BAP_LPC8xx_lib\Debug\libBAP_LPC8xx_lib.a(BAP_Midi.o) (Chip_UART_SetBaud)
c:/nxp/lpcxpresso_7.3.0_186/lpcxpresso/tools/bin/../lib/gcc/arm-none-eabi/4.8.4/../../../../arm-none-eabi/lib/armv6-m\libcr_c.a(memcpy.o)
                              C:\Users\Matt\Documents\LPCXpresso_7.3.0_186\workspace\lpc_chip_8xx_lib\Debug\liblpc_chip_8xx_lib.a(ring_buffer.o) (memcpy)
c:/nxp/lpcxpresso_7.3.0_186/lpcxpresso/tools/bin/../lib/gcc/arm-none-eabi/4.8.4/../../../../arm-none-eabi/lib/armv6-m\libcr_c.a(__weak__main.o)
                              ./src/cr_startup_lpc8xx.o (__main)
c:/nxp/lpcxpresso_7.3.0_186/lpcxpresso/tools/bin/../lib/gcc/arm-none-eabi/4.8.4/armv6-m\libcr_eabihelpers.a(division_32.o)
                              C:\Users\Matt\Boston_Audio_Projects\Boston_Audio_Projects\ARM\BAP_LPC8xx_lib\Debug\libBAP_LPC8xx_lib.a(BAP_math.o) (__aeabi_idiv)
c:/nxp/lpcxpresso_7.3.0_186/lpcxpresso/tools/bin/../lib/gcc/arm-none-eabi/4.8.4/armv6-m\libcr_eabihelpers.a(division_idiv0.o)
                              c:/nxp/lpcxpresso_7.3.0_186/lpcxpresso/tools/bin/../lib/gcc/arm-none-eabi/4.8.4/armv6-m\libcr_eabihelpers.a(division_32.o) (__aeabi_idiv0)
c:/nxp/lpcxpresso_7.3.0_186/lpcxpresso/tools/bin/../lib/gcc/arm-none-eabi/4.8.4/armv6-m\libcr_eabihelpers.a(double.o)
[...]
Memory Configuration

Name             Origin             Length             Attributes
MFlash4          0x00000000         0x00001000         xr
RamLoc1          0x10000000         0x00000400         xrw
*default*        0x00000000         0xffffffff

Linker script and memory map

LOAD ./src/KPS_VoiceClock.o
LOAD ./src/cr_startup_lpc8xx.o
LOAD ./src/crp.o
LOAD ./src/mtb.o
LOAD ./src/sysinit.o
LOAD ./inc/GlobalDEF.o
LOAD ./inc/KPS_Exciter.o
LOAD ./inc/LocalMIDIFunc.o
LOAD C:\Users\Matt\Boston_Audio_Projects\Boston_Audio_Projects\ARM\BAP_LPC8xx_lib\Debug\libBAP_LPC8xx_lib.a
LOAD C:\Users\Matt\Documents\LPCXpresso_7.3.0_186\workspace\lpc_chip_8xx_lib\Debug\liblpc_chip_8xx_lib.a
START GROUP
LOAD c:/nxp/lpcxpresso_7.3.0_186/lpcxpresso/tools/bin/../lib/gcc/arm-none-eabi/4.8.4/../../../../arm-none-eabi/lib/armv6-m\libcr_c.a
LOAD c:/nxp/lpcxpresso_7.3.0_186/lpcxpresso/tools/bin/../lib/gcc/arm-none-eabi/4.8.4/armv6-m\libcr_eabihelpers.a
END GROUP
                0x00001000                __top_MFlash4 = 0x1000
                0x10000400                __top_RamLoc1 = 0x10000400

.text           0x00000000      0xfd8
 FILL mask 0xff
                0x00000000                __vectors_start__ = ABSOLUTE (.)
 *(.isr_vector)
 .isr_vector    0x00000000       0xc0 ./src/cr_startup_lpc8xx.o
                0x00000000                g_pfnVectors
                0x000000c0                . = ALIGN (0x4)
                0x000000c0                __section_table_start = .
                0x000000c0                __data_section_table = .
                0x000000c0        0x4 LONG 0xfd8 LOADADDR (.data)
                0x000000c4        0x4 LONG 0x10000100 ADDR (.data)
                0x000000c8        0x4 LONG 0x18 SIZEOF (.data)
                0x000000cc                __data_section_table_end = .
                0x000000cc                __bss_section_table = .
                0x000000cc        0x4 LONG 0x10000118 ADDR (.bss)
                0x000000d0        0x4 LONG 0x44 SIZEOF (.bss)
                0x000000d4                __bss_section_table_end = .
                0x000000d4                __section_table_end = .
 *(.after_vectors*)
 .after_vectors
                0x000000d4       0x70 ./src/cr_startup_lpc8xx.o
                0x000000d4                NMI_Handler
                0x000000d6                HardFault_Handler
                0x000000d8                SVC_Handler
                0x000000da                PendSV_Handler
                0x000000dc                SysTick_Handler
                0x000000de                PININT1_IRQHandler
                0x000000de                PININT7_IRQHandler
                0x000000de                PININT2_IRQHandler
                0x000000de                WKT_IRQHandler
                0x000000de                MRT_IRQHandler
                0x000000de                UART1_IRQHandler
                0x000000de                SPI0_IRQHandler
                0x000000de                SPI1_IRQHandler
                0x000000de                IntDefaultHandler
                0x000000de                PININT6_IRQHandler
                0x000000de                PININT3_IRQHandler
                0x000000de                UART2_IRQHandler
                0x000000de                PININT5_IRQHandler
                0x000000de                PININT4_IRQHandler
                0x000000de                PININT0_IRQHandler
                0x000000de                BOD_IRQHandler
                0x000000de                I2C_IRQHandler
                0x000000de                WDT_IRQHandler
                0x000000de                CMP_IRQHandler
                0x000000e0                data_init
                0x000000f2                bss_init
                0x00000102                ResetISR
                0x000002fc                . = 0x2fc
 *fill*         0x00000144      0x1b8 ff
                0x000002fc                PROVIDE (__CRP_WORD_START__, .)
 *(.crp)
 .crp           0x000002fc        0x4 ./src/crp.o
                0x000002fc                CRP_WORD
                0x00000300                PROVIDE (__CRP_WORD_END__, .)
                0x00000001                ASSERT (! ((__CRP_WORD_START__ == __CRP_WORD_END__)), Linker CRP Enabled, but no CRP_WORD provided within application)
 *(.text*)
 .text.startup.main
                0x00000300      0x17c ./src/KPS_VoiceClock.o
                0x00000300                main
 .text.SCT_IRQHandler
                0x0000047c       0x18 ./src/KPS_VoiceClock.o
                0x0000047c                SCT_IRQHandler
 .text.SystemInit
                0x00000494        0x8 ./src/sysinit.o
                0x00000494                SystemInit
 .text.GenExciter
                0x0000049c       0x48 ./inc/KPS_Exciter.o
                0x0000049c                GenExciter
 .text.MIDI_NoteOff
                0x000004e4       0x30 ./inc/LocalMIDIFunc.o
                0x000004e4                MIDI_NoteOff
 .text.MIDI_NoteOn
                0x00000514       0xb0 ./inc/LocalMIDIFunc.o
                0x00000514                MIDI_NoteOn
 .text.Selector_Init
                0x000005c4       0x28 C:\Users\Matt\Boston_Audio_Projects\Boston_Audio_Projects\ARM\BAP_LPC8xx_lib\Debug\libBAP_LPC8xx_lib.a(BAP_32Sel.o)
                0x000005c4                Selector_Init
 .text.CoreClockInit_30Hz
                0x000005ec       0x3c C:\Users\Matt\Boston_Audio_Projects\Boston_Audio_Projects\ARM\BAP_LPC8xx_lib\Debug\libBAP_LPC8xx_lib.a(BAP_Clk.o)
                0x000005ec                CoreClockInit_30Hz
 .text.EnvInit  0x00000628        0xe C:\Users\Matt\Boston_Audio_Projects\Boston_Audio_Projects\ARM\BAP_LPC8xx_lib\Debug\libBAP_LPC8xx_lib.a(BAP_Envelope.o)
                0x00000628                EnvInit
 .text.EnvGenSample
                0x00000636       0x44 C:\Users\Matt\Boston_Audio_Projects\Boston_Audio_Projects\ARM\BAP_LPC8xx_lib\Debug\libBAP_LPC8xx_lib.a(BAP_Envelope.o)
                0x00000636                EnvGenSample
 .text.EnvRelease
                0x0000067a       0x16 C:\Users\Matt\Boston_Audio_Projects\Boston_Audio_Projects\ARM\BAP_LPC8xx_lib\Debug\libBAP_LPC8xx_lib.a(BAP_Envelope.o)
                0x0000067a                EnvRelease
 .text.EnvReset
                0x00000690        0xa C:\Users\Matt\Boston_Audio_Projects\Boston_Audio_Projects\ARM\BAP_LPC8xx_lib\Debug\libBAP_LPC8xx_lib.a(BAP_Envelope.o)
                0x00000690                EnvReset
 *fill*         0x0000069a        0x2 
 .text.MIDI_USARTInit
                0x0000069c       0x58 C:\Users\Matt\Boston_Audio_Projects\Boston_Audio_Projects\ARM\BAP_LPC8xx_lib\Debug\libBAP_LPC8xx_lib.a(BAP_Midi.o)
                0x0000069c                MIDI_USARTInit
 .text.MIDI_SetAddress
                0x000006f4        0xc C:\Users\Matt\Boston_Audio_Projects\Boston_Audio_Projects\ARM\BAP_LPC8xx_lib\Debug\libBAP_LPC8xx_lib.a(BAP_Midi.o)
                0x000006f4                MIDI_SetAddress
 .text.MIDI_Enable
                0x00000700        0xa C:\Users\Matt\Boston_Audio_Projects\Boston_Audio_Projects\ARM\BAP_LPC8xx_lib\Debug\libBAP_LPC8xx_lib.a(BAP_Midi.o)
                0x00000700                MIDI_Enable
 *fill*         0x0000070a        0x2 
 .text.MIDI_ProcessRXBuffer
                0x0000070c       0x8c C:\Users\Matt\Boston_Audio_Projects\Boston_Audio_Projects\ARM\BAP_LPC8xx_lib\Debug\libBAP_LPC8xx_lib.a(BAP_Midi.o)
                0x0000070c                MIDI_ProcessRXBuffer
 .text.UART0_IRQHandler
                0x00000798       0x14 C:\Users\Matt\Boston_Audio_Projects\Boston_Audio_Projects\ARM\BAP_LPC8xx_lib\Debug\libBAP_LPC8xx_lib.a(BAP_Midi.o)
                0x00000798                UART0_IRQHandler
 .text.TLC_Init
                0x000007ac       0x44 C:\Users\Matt\Boston_Audio_Projects\Boston_Audio_Projects\ARM\BAP_LPC8xx_lib\Debug\libBAP_LPC8xx_lib.a(BAP_TLC_DAC.o)
                0x000007ac                TLC_Init
 .text.TLC_SetDACValue
                0x000007f0       0x24 C:\Users\Matt\Boston_Audio_Projects\Boston_Audio_Projects\ARM\BAP_LPC8xx_lib\Debug\libBAP_LPC8xx_lib.a(BAP_TLC_DAC.o)
                0x000007f0                TLC_SetDACValue
 .text.WaveGenStart
                0x00000814       0x18 C:\Users\Matt\Boston_Audio_Projects\Boston_Audio_Projects\ARM\BAP_LPC8xx_lib\Debug\libBAP_LPC8xx_lib.a(BAP_WaveGen.o)
                0x00000814                WaveGenStart
 .text.setWidth
                0x0000082c       0x4c C:\Users\Matt\Boston_Audio_Projects\Boston_Audio_Projects\ARM\BAP_LPC8xx_lib\Debug\libBAP_LPC8xx_lib.a(BAP_WaveGen.o)
                0x0000082c                setWidth
 .text.WaveGenInit
                0x00000878       0x64 C:\Users\Matt\Boston_Audio_Projects\Boston_Audio_Projects\ARM\BAP_LPC8xx_lib\Debug\libBAP_LPC8xx_lib.a(BAP_WaveGen.o)
                0x00000878                WaveGenInit
 .text.setReload
                0x000008dc       0x10 C:\Users\Matt\Boston_Audio_Projects\Boston_Audio_Projects\ARM\BAP_LPC8xx_lib\Debug\libBAP_LPC8xx_lib.a(BAP_WaveGen.o)
                0x000008dc                setReload
 .text.updateFreq
                0x000008ec       0x2c C:\Users\Matt\Boston_Audio_Projects\Boston_Audio_Projects\ARM\BAP_LPC8xx_lib\Debug\libBAP_LPC8xx_lib.a(BAP_WaveGen.o)
                0x000008ec                updateFreq
 .text.i_lscale
                0x00000918       0x20 C:\Users\Matt\Boston_Audio_Projects\Boston_Audio_Projects\ARM\BAP_LPC8xx_lib\Debug\libBAP_LPC8xx_lib.a(BAP_math.o)
                0x00000918                i_lscale
 .text.LFSR     0x00000938       0x1c C:\Users\Matt\Boston_Audio_Projects\Boston_Audio_Projects\ARM\BAP_LPC8xx_lib\Debug\libBAP_LPC8xx_lib.a(BAP_math.o)
                0x00000938                LFSR
 .text.Chip_ACMP_SetupAMCPRefs
                0x00000954       0x1c C:\Users\Matt\Documents\LPCXpresso_7.3.0_186\workspace\lpc_chip_8xx_lib\Debug\liblpc_chip_8xx_lib.a(acmp_8xx.o)
                0x00000954                Chip_ACMP_SetupAMCPRefs
 .text.Chip_ACMP_SetupVoltLadder
                0x00000970       0x18 C:\Users\Matt\Documents\LPCXpresso_7.3.0_186\workspace\lpc_chip_8xx_lib\Debug\liblpc_chip_8xx_lib.a(acmp_8xx.o)
                0x00000970                Chip_ACMP_SetupVoltLadder
 .text.SystemCoreClockUpdate
                0x00000988       0x10 C:\Users\Matt\Documents\LPCXpresso_7.3.0_186\workspace\lpc_chip_8xx_lib\Debug\liblpc_chip_8xx_lib.a(chip_8xx.o)
                0x00000988                SystemCoreClockUpdate
 .text.Chip_Clock_GetWDTLFORate
                0x00000998       0x20 C:\Users\Matt\Documents\LPCXpresso_7.3.0_186\workspace\lpc_chip_8xx_lib\Debug\liblpc_chip_8xx_lib.a(clock_8xx.o)
 .text.Chip_Clock_GetPLLFreq
                0x000009b8        0xc C:\Users\Matt\Documents\LPCXpresso_7.3.0_186\workspace\lpc_chip_8xx_lib\Debug\liblpc_chip_8xx_lib.a(clock_8xx.o)
 .text.Chip_Clock_SetSystemPLLSource
                0x000009c4       0x14 C:\Users\Matt\Documents\LPCXpresso_7.3.0_186\workspace\lpc_chip_8xx_lib\Debug\liblpc_chip_8xx_lib.a(clock_8xx.o)
                0x000009c4                Chip_Clock_SetSystemPLLSource
 .text.Chip_Clock_SetMainClockSource
                0x000009d8       0x14 C:\Users\Matt\Documents\LPCXpresso_7.3.0_186\workspace\lpc_chip_8xx_lib\Debug\liblpc_chip_8xx_lib.a(clock_8xx.o)
                0x000009d8                Chip_Clock_SetMainClockSource
 .text.Chip_Clock_SetCLKOUTSource
                0x000009ec       0x1c C:\Users\Matt\Documents\LPCXpresso_7.3.0_186\workspace\lpc_chip_8xx_lib\Debug\liblpc_chip_8xx_lib.a(clock_8xx.o)
                0x000009ec                Chip_Clock_SetCLKOUTSource
 .text.Chip_Clock_GetWDTOSCRate
                0x00000a08       0x10 C:\Users\Matt\Documents\LPCXpresso_7.3.0_186\workspace\lpc_chip_8xx_lib\Debug\liblpc_chip_8xx_lib.a(clock_8xx.o)
                0x00000a08                Chip_Clock_GetWDTOSCRate
 .text.Chip_Clock_GetSystemPLLInClockRate
                0x00000a18       0x38 C:\Users\Matt\Documents\LPCXpresso_7.3.0_186\workspace\lpc_chip_8xx_lib\Debug\liblpc_chip_8xx_lib.a(clock_8xx.o)
                0x00000a18                Chip_Clock_GetSystemPLLInClockRate
 .text.Chip_Clock_GetSystemPLLOutClockRate
                0x00000a50       0x18 C:\Users\Matt\Documents\LPCXpresso_7.3.0_186\workspace\lpc_chip_8xx_lib\Debug\liblpc_chip_8xx_lib.a(clock_8xx.o)
                0x00000a50                Chip_Clock_GetSystemPLLOutClockRate
 .text.Chip_Clock_GetMainClockRate
                0x00000a68       0x40 C:\Users\Matt\Documents\LPCXpresso_7.3.0_186\workspace\lpc_chip_8xx_lib\Debug\liblpc_chip_8xx_lib.a(clock_8xx.o)
                0x00000a68                Chip_Clock_GetMainClockRate
 .text.Chip_Clock_GetSystemClockRate
                0x00000aa8       0x14 C:\Users\Matt\Documents\LPCXpresso_7.3.0_186\workspace\lpc_chip_8xx_lib\Debug\liblpc_chip_8xx_lib.a(clock_8xx.o)
                0x00000aa8                Chip_Clock_GetSystemClockRate
 .text.RingBuffer_Init
                0x00000abc       0x10 C:\Users\Matt\Documents\LPCXpresso_7.3.0_186\workspace\lpc_chip_8xx_lib\Debug\liblpc_chip_8xx_lib.a(ring_buffer.o)
                0x00000abc                RingBuffer_Init
 .text.RingBuffer_Insert
                0x00000acc       0x34 C:\Users\Matt\Documents\LPCXpresso_7.3.0_186\workspace\lpc_chip_8xx_lib\Debug\liblpc_chip_8xx_lib.a(ring_buffer.o)
                0x00000acc                RingBuffer_Insert
 .text.RingBuffer_PopMult
                0x00000b00       0x7c C:\Users\Matt\Documents\LPCXpresso_7.3.0_186\workspace\lpc_chip_8xx_lib\Debug\liblpc_chip_8xx_lib.a(ring_buffer.o)
                0x00000b00                RingBuffer_PopMult
 .text.Chip_SPI_CalClkRateDivider
                0x00000b7c       0x10 C:\Users\Matt\Documents\LPCXpresso_7.3.0_186\workspace\lpc_chip_8xx_lib\Debug\liblpc_chip_8xx_lib.a(spi_8xx.o)
                0x00000b7c                Chip_SPI_CalClkRateDivider
 .text.Chip_SPI_Int_Cmd
                0x00000b8c       0x14 C:\Users\Matt\Documents\LPCXpresso_7.3.0_186\workspace\lpc_chip_8xx_lib\Debug\liblpc_chip_8xx_lib.a(spi_8xx.o)
                0x00000b8c                Chip_SPI_Int_Cmd
 .text.Chip_SYSCTL_PowerDown
                0x00000ba0       0x24 C:\Users\Matt\Documents\LPCXpresso_7.3.0_186\workspace\lpc_chip_8xx_lib\Debug\liblpc_chip_8xx_lib.a(syscon_8xx.o)
                0x00000ba0                Chip_SYSCTL_PowerDown
 .text.Chip_SYSCTL_PowerUp
                0x00000bc4       0x28 C:\Users\Matt\Documents\LPCXpresso_7.3.0_186\workspace\lpc_chip_8xx_lib\Debug\liblpc_chip_8xx_lib.a(syscon_8xx.o)
                0x00000bc4                Chip_SYSCTL_PowerUp
 .text.Chip_SystemInit
                0x00000bec       0x58 C:\Users\Matt\Documents\LPCXpresso_7.3.0_186\workspace\lpc_chip_8xx_lib\Debug\liblpc_chip_8xx_lib.a(sysinit_8xx.o)
                0x00000bec                Chip_SystemInit
 .text.Chip_UART_SetBaud
                0x00000c44       0x3c C:\Users\Matt\Documents\LPCXpresso_7.3.0_186\workspace\lpc_chip_8xx_lib\Debug\liblpc_chip_8xx_lib.a(uart_8xx.o)
                0x00000c44                Chip_UART_SetBaud
 .text.Chip_UART_RXIntHandlerRB
                0x00000c80       0x28 C:\Users\Matt\Documents\LPCXpresso_7.3.0_186\workspace\lpc_chip_8xx_lib\Debug\liblpc_chip_8xx_lib.a(uart_8xx.o)
                0x00000c80                Chip_UART_RXIntHandlerRB
 .text.Chip_UART_ReadRB
                0x00000ca8       0x10 C:\Users\Matt\Documents\LPCXpresso_7.3.0_186\workspace\lpc_chip_8xx_lib\Debug\liblpc_chip_8xx_lib.a(uart_8xx.o)
                0x00000ca8                Chip_UART_ReadRB
 .text.memcpy   0x00000cb8        0x8 c:/nxp/lpcxpresso_7.3.0_186/lpcxpresso/tools/bin/../lib/gcc/arm-none-eabi/4.8.4/../../../../arm-none-eabi/lib/armv6-m\libcr_c.a(memcpy.o)
                0x00000cb8                memcpy
 .text.__weak_main
                0x00000cc0        0x8 c:/nxp/lpcxpresso_7.3.0_186/lpcxpresso/tools/bin/../lib/gcc/arm-none-eabi/4.8.4/../../../../arm-none-eabi/lib/armv6-m\libcr_c.a(__weak__main.o)
                0x00000cc0                __weak_main
                0x00000cc0                __main
 .text.__aeabi_division_idivmod
                0x00000cc8       0x78 c:/nxp/lpcxpresso_7.3.0_186/lpcxpresso/tools/bin/../lib/gcc/arm-none-eabi/4.8.4/armv6-m\libcr_eabihelpers.a(division_32.o)
                0x00000cc8                __aeabi_idivmod
                0x00000cc8                __aeabi_idiv
                0x00000cce                __aeabi_uidivmod
                0x00000cce                __aeabi_uidiv
 .text.__aeabi_division_idiv0
                0x00000d40        0x2 c:/nxp/lpcxpresso_7.3.0_186/lpcxpresso/tools/bin/../lib/gcc/arm-none-eabi/4.8.4/armv6-m\libcr_eabihelpers.a(division_idiv0.o)
                0x00000d40                __aeabi_idiv0
 *fill*         0x00000d42        0x2 
 .text.__aeabi_fdiv
                0x00000d44       0xe0 c:/nxp/lpcxpresso_7.3.0_186/lpcxpresso/tools/bin/../lib/gcc/arm-none-eabi/4.8.4/armv6-m\libcr_eabihelpers.a(float.o)
                0x00000d44                __aeabi_fdiv
 .text.__aeabi_f2uiz
                0x00000e24       0x26 c:/nxp/lpcxpresso_7.3.0_186/lpcxpresso/tools/bin/../lib/gcc/arm-none-eabi/4.8.4/armv6-m\libcr_eabihelpers.a(float.o)
                0x00000e24                __aeabi_f2uiz
 .text.__bhs_ui2f
                0x00000e4a       0x60 c:/nxp/lpcxpresso_7.3.0_186/lpcxpresso/tools/bin/../lib/gcc/arm-none-eabi/4.8.4/armv6-m\libcr_eabihelpers.a(float.o)
                0x00000e4a                __bhs_ui2f
 .text.__aeabi_ui2f
                0x00000eaa        0xc c:/nxp/lpcxpresso_7.3.0_186/lpcxpresso/tools/bin/../lib/gcc/arm-none-eabi/4.8.4/armv6-m\libcr_eabihelpers.a(float.o)
                0x00000eaa                __aeabi_ui2f
 .text.__aeabi_memcpy
                0x00000eb6       0x2c c:/nxp/lpcxpresso_7.3.0_186/lpcxpresso/tools/bin/../lib/gcc/arm-none-eabi/4.8.4/armv6-m\libcr_eabihelpers.a(memcpy.o)
                0x00000eb6                __aeabi_memcpy4
                0x00000eb6                __aeabi_memcpy8
                0x00000eb6                __aeabi_memcpy
 *(.rodata .rodata.* .constdata .constdata.*)
 *fill*         0x00000ee2        0x2 
 .rodata        0x00000ee4       0x24 ./src/KPS_VoiceClock.o
 .rodata.OscRateIn
                0x00000f08        0x4 ./src/sysinit.o
                0x00000f08                OscRateIn
 .rodata.ExtRateIn
                0x00000f0c        0x4 ./src/sysinit.o
                0x00000f0c                ExtRateIn
 .rodata.MIDIto30MhzReload
                0x00000f10       0x86 C:\Users\Matt\Boston_Audio_Projects\Boston_Audio_Projects\ARM\BAP_LPC8xx_lib\Debug\libBAP_LPC8xx_lib.a(FrequencyMaps.o)
                0x00000f10                MIDIto30MhzReload
 *fill*         0x00000f96        0x2 
 .rodata.wdtOSCRate
                0x00000f98       0x40 C:\Users\Matt\Documents\LPCXpresso_7.3.0_186\workspace\lpc_chip_8xx_lib\Debug\liblpc_chip_8xx_lib.a(clock_8xx.o)
                0x00000fd8                . = ALIGN (0x4)

.glue_7         0x00000fd8        0x0
 .glue_7        0x00000000        0x0 linker stubs

.glue_7t        0x00000fd8        0x0
 .glue_7t       0x00000000        0x0 linker stubs

.vfp11_veneer   0x00000fd8        0x0
 .vfp11_veneer  0x00000000        0x0 linker stubs

.v4_bx          0x00000fd8        0x0
 .v4_bx         0x00000000        0x0 linker stubs

.iplt           0x00000fd8        0x0
 .iplt          0x00000000        0x0 ./src/KPS_VoiceClock.o

.rel.dyn        0x00000fd8        0x0
 .rel.iplt      0x00000000        0x0 ./src/KPS_VoiceClock.o

.ARM.extab
 *(.ARM.extab* .gnu.linkonce.armextab.*)
                0x00000fd8                __exidx_start = .

.ARM.exidx
 *(.ARM.exidx* .gnu.linkonce.armexidx.*)
                0x00000fd8                __exidx_end = .
                0x00000fd8                _etext = .

.mtb_buffer_default
                0x10000000      0x100
 *(.mtb*)
 .mtb.$RAM1     0x10000000      0x100 ./src/mtb.o
                0x10000000                __mtb_buffer__

.uninit_RESERVED
                0x10000100        0x0
 *(.bss.$RESERVED*)
                0x10000100                . = ALIGN (0x4)
                0x10000100                _end_uninit_RESERVED = .

.data           0x10000100       0x18 load address 0x00000fd8
 FILL mask 0xff
                0x10000100                _data = .
 *(vtable)
 *(.ramfunc*)
 *(.data*)
 .data.ampTable
                0x10000100        0x6 ./inc/GlobalDEF.o
                0x10000100                ampTable
 .data.activeNote
                0x10000106        0x1 ./inc/GlobalDEF.o
                0x10000106                activeNote
 *fill*         0x10000107        0x1 
 .data.Generator1
                0x10000108        0xc C:\Users\Matt\Boston_Audio_Projects\Boston_Audio_Projects\ARM\BAP_LPC8xx_lib\Debug\libBAP_LPC8xx_lib.a(BAP_WaveGen.o)
                0x10000108                Generator1
 .data.lfsr.5908
                0x10000114        0x4 C:\Users\Matt\Boston_Audio_Projects\Boston_Audio_Projects\ARM\BAP_LPC8xx_lib\Debug\libBAP_LPC8xx_lib.a(BAP_math.o)
                0x10000118                . = ALIGN (0x4)
                0x10000118                _edata = .

.igot.plt       0x10000118        0x0 load address 0x00000ff0
 .igot.plt      0x00000000        0x0 ./src/KPS_VoiceClock.o

.bss            0x10000118       0x44 load address 0x00000ff0
                0x10000118                _bss = .
 *(.bss*)
 .bss.triggered
                0x10000118        0x1 ./src/KPS_VoiceClock.o
                0x10000118                triggered
 .bss.pluckStrength
                0x10000119        0x1 ./inc/GlobalDEF.o
                0x10000119                pluckStrength
 .bss.MIDI_Address
                0x1000011a        0x1 C:\Users\Matt\Boston_Audio_Projects\Boston_Audio_Projects\ARM\BAP_LPC8xx_lib\Debug\libBAP_LPC8xx_lib.a(BAP_Midi.o)
                0x1000011a                MIDI_Address
 .bss.MIDI_Status0
                0x1000011b        0x4 C:\Users\Matt\Boston_Audio_Projects\Boston_Audio_Projects\ARM\BAP_LPC8xx_lib\Debug\libBAP_LPC8xx_lib.a(BAP_Midi.o)
 *fill*         0x1000011f        0x1 
 .bss.MIDI_NoteOffFunc
                0x10000120        0x4 C:\Users\Matt\Boston_Audio_Projects\Boston_Audio_Projects\ARM\BAP_LPC8xx_lib\Debug\libBAP_LPC8xx_lib.a(BAP_Midi.o)
                0x10000120                MIDI_NoteOffFunc
 .bss.MIDI_NoteOnFunc
                0x10000124        0x4 C:\Users\Matt\Boston_Audio_Projects\Boston_Audio_Projects\ARM\BAP_LPC8xx_lib\Debug\libBAP_LPC8xx_lib.a(BAP_Midi.o)
                0x10000124                MIDI_NoteOnFunc
 .bss.MIDI_RxData
                0x10000128        0xa C:\Users\Matt\Boston_Audio_Projects\Boston_Audio_Projects\ARM\BAP_LPC8xx_lib\Debug\libBAP_LPC8xx_lib.a(BAP_Midi.o)
 *fill*         0x10000132        0x2 
 .bss.MIDI_RxBuffer
                0x10000134       0x14 C:\Users\Matt\Boston_Audio_Projects\Boston_Audio_Projects\ARM\BAP_LPC8xx_lib\Debug\libBAP_LPC8xx_lib.a(BAP_Midi.o)
 *(COMMON)
 COMMON         0x10000148       0x10 ./src/KPS_VoiceClock.o
                0x10000148                GlobalEnv
 COMMON         0x10000158        0x4 C:\Users\Matt\Documents\LPCXpresso_7.3.0_186\workspace\lpc_chip_8xx_lib\Debug\liblpc_chip_8xx_lib.a(chip_8xx.o)
                0x10000158                SystemCoreClock
                0x1000015c                . = ALIGN (0x4)
                0x1000015c                _ebss = .
                0x1000015c                PROVIDE (end, .)

.noinit         0x1000015c        0x0 load address 0x00000ff0
                0x1000015c                _noinit = .
 *(.noinit*)
                0x1000015c                . = ALIGN (0x4)
                0x1000015c                _end_noinit = .
                0x1000015c                PROVIDE (_pvHeapStart, .)
                0x10000400                PROVIDE (_vStackTop, (__top_RamLoc1 - 0x0))
OUTPUT(KPS_VoiceClock.axf elf32-littlearm)

.debug_info     0x00000000     0x9440
 .debug_info    0x00000000     0x12a0 ./src/KPS_VoiceClock.o
 .debug_info    0x000012a0      0x234 ./src/cr_startup_lpc8xx.o
 .debug_info    0x000014d4       0x3f ./src/crp.o
 .debug_info    0x00001513       0x51 ./src/mtb.o
 .debug_info    0x00001564       0xd6 ./src/sysinit.o
 .debug_info    0x0000163a      0x1b1 ./inc/GlobalDEF.o
 .debug_info    0x000017eb      0x2b9 ./inc/KPS_Exciter.o
 .debug_info    0x00001aa4      0xec2 ./inc/LocalMIDIFunc.o
 .debug_info    0x00002966      0x35c C:\Users\Matt\Boston_Audio_Projects\Boston_Audio_Projects\ARM\BAP_LPC8xx_lib\Debug\libBAP_LPC8xx_lib.a(BAP_32Sel.o)
 .debug_info    0x00002cc2      0x406 C:\Users\Matt\Boston_Audio_Projects\Boston_Audio_Projects\ARM\BAP_LPC8xx_lib\Debug\libBAP_LPC8xx_lib.a(BAP_Clk.o)
 .debug_info    0x000030c8      0x2b1 C:\Users\Matt\Boston_Audio_Projects\Boston_Audio_Projects\ARM\BAP_LPC8xx_lib\Debug\libBAP_LPC8xx_lib.a(BAP_Envelope.o)
 .debug_info    0x00003379      0xb46 C:\Users\Matt\Boston_Audio_Projects\Boston_Audio_Projects\ARM\BAP_LPC8xx_lib\Debug\libBAP_LPC8xx_lib.a(BAP_Midi.o)
 .debug_info    0x00003ebf      0x662 C:\Users\Matt\Boston_Audio_Projects\Boston_Audio_Projects\ARM\BAP_LPC8xx_lib\Debug\libBAP_LPC8xx_lib.a(BAP_TLC_DAC.o)
 .debug_info    0x00004521      0x976 C:\Users\Matt\Boston_Audio_Projects\Boston_Audio_Projects\ARM\BAP_LPC8xx_lib\Debug\libBAP_LPC8xx_lib.a(BAP_WaveGen.o)
 .debug_info    0x00004e97      0x21b C:\Users\Matt\Boston_Audio_Projects\Boston_Audio_Projects\ARM\BAP_LPC8xx_lib\Debug\libBAP_LPC8xx_lib.a(BAP_math.o)
 .debug_info    0x000050b2      0x14e C:\Users\Matt\Boston_Audio_Projects\Boston_Audio_Projects\ARM\BAP_LPC8xx_lib\Debug\libBAP_LPC8xx_lib.a(FrequencyMaps.o)
 .debug_info    0x00005200      0x846 C:\Users\Matt\Documents\LPCXpresso_7.3.0_186\workspace\lpc_chip_8xx_lib\Debug\liblpc_chip_8xx_lib.a(acmp_8xx.o)
 .debug_info    0x00005a46       0xe0 C:\Users\Matt\Documents\LPCXpresso_7.3.0_186\workspace\lpc_chip_8xx_lib\Debug\liblpc_chip_8xx_lib.a(chip_8xx.o)
 .debug_info    0x00005b26      0x781 C:\Users\Matt\Documents\LPCXpresso_7.3.0_186\workspace\lpc_chip_8xx_lib\Debug\liblpc_chip_8xx_lib.a(clock_8xx.o)
 .debug_info    0x000062a7      0x4a5 C:\Users\Matt\Documents\LPCXpresso_7.3.0_186\workspace\lpc_chip_8xx_lib\Debug\liblpc_chip_8xx_lib.a(ring_buffer.o)
 .debug_info    0x0000674c     0x1177 C:\Users\Matt\Documents\LPCXpresso_7.3.0_186\workspace\lpc_chip_8xx_lib\Debug\liblpc_chip_8xx_lib.a(spi_8xx.o)
 .debug_info    0x000078c3      0x492 C:\Users\Matt\Documents\LPCXpresso_7.3.0_186\workspace\lpc_chip_8xx_lib\Debug\liblpc_chip_8xx_lib.a(syscon_8xx.o)
 .debug_info    0x00007d55      0x6e4 C:\Users\Matt\Documents\LPCXpresso_7.3.0_186\workspace\lpc_chip_8xx_lib\Debug\liblpc_chip_8xx_lib.a(sysinit_8xx.o)
 .debug_info    0x00008439     0x1007 C:\Users\Matt\Documents\LPCXpresso_7.3.0_186\workspace\lpc_chip_8xx_lib\Debug\liblpc_chip_8xx_lib.a(uart_8xx.o)

.debug_abbrev   0x00000000     0x23f4
 .debug_abbrev  0x00000000      0x2d3 ./src/KPS_VoiceClock.o
 .debug_abbrev  0x000002d3       0xe8 ./src/cr_startup_lpc8xx.o
 .debug_abbrev  0x000003bb       0x36 ./src/crp.o
 .debug_abbrev  0x000003f1       0x41 ./src/mtb.o
 .debug_abbrev  0x00000432       0x88 ./src/sysinit.o
 .debug_abbrev  0x000004ba       0x96 ./inc/GlobalDEF.o
 .debug_abbrev  0x00000550      0x14a ./inc/KPS_Exciter.o
 .debug_abbrev  0x0000069a      0x2c1 ./inc/LocalMIDIFunc.o
 .debug_abbrev  0x0000095b      0x1db C:\Users\Matt\Boston_Audio_Projects\Boston_Audio_Projects\ARM\BAP_LPC8xx_lib\Debug\libBAP_LPC8xx_lib.a(BAP_32Sel.o)
 .debug_abbrev  0x00000b36       0xca C:\Users\Matt\Boston_Audio_Projects\Boston_Audio_Projects\ARM\BAP_LPC8xx_lib\Debug\libBAP_LPC8xx_lib.a(BAP_Clk.o)
 .debug_abbrev  0x00000c00      0x17e C:\Users\Matt\Boston_Audio_Projects\Boston_Audio_Projects\ARM\BAP_LPC8xx_lib\Debug\libBAP_LPC8xx_lib.a(BAP_Envelope.o)
 .debug_abbrev  0x00000d7e      0x302 C:\Users\Matt\Boston_Audio_Projects\Boston_Audio_Projects\ARM\BAP_LPC8xx_lib\Debug\libBAP_LPC8xx_lib.a(BAP_Midi.o)
 .debug_abbrev  0x00001080      0x238 C:\Users\Matt\Boston_Audio_Projects\Boston_Audio_Projects\ARM\BAP_LPC8xx_lib\Debug\libBAP_LPC8xx_lib.a(BAP_TLC_DAC.o)
 .debug_abbrev  0x000012b8      0x1f4 C:\Users\Matt\Boston_Audio_Projects\Boston_Audio_Projects\ARM\BAP_LPC8xx_lib\Debug\libBAP_LPC8xx_lib.a(BAP_WaveGen.o)
 .debug_abbrev  0x000014ac       0xfe C:\Users\Matt\Boston_Audio_Projects\Boston_Audio_Projects\ARM\BAP_LPC8xx_lib\Debug\libBAP_LPC8xx_lib.a(BAP_math.o)
 .debug_abbrev  0x000015aa       0x82 C:\Users\Matt\Boston_Audio_Projects\Boston_Audio_Projects\ARM\BAP_LPC8xx_lib\Debug\libBAP_LPC8xx_lib.a(FrequencyMaps.o)
 .debug_abbrev  0x0000162c      0x1ce C:\Users\Matt\Documents\LPCXpresso_7.3.0_186\workspace\lpc_chip_8xx_lib\Debug\liblpc_chip_8xx_lib.a(acmp_8xx.o)
 .debug_abbrev  0x000017fa       0x9b C:\Users\Matt\Documents\LPCXpresso_7.3.0_186\workspace\lpc_chip_8xx_lib\Debug\liblpc_chip_8xx_lib.a(chip_8xx.o)
 .debug_abbrev  0x00001895      0x1df C:\Users\Matt\Documents\LPCXpresso_7.3.0_186\workspace\lpc_chip_8xx_lib\Debug\liblpc_chip_8xx_lib.a(clock_8xx.o)
 .debug_abbrev  0x00001a74      0x164 C:\Users\Matt\Documents\LPCXpresso_7.3.0_186\workspace\lpc_chip_8xx_lib\Debug\liblpc_chip_8xx_lib.a(ring_buffer.o)
 .debug_abbrev  0x00001bd8      0x2be C:\Users\Matt\Documents\LPCXpresso_7.3.0_186\workspace\lpc_chip_8xx_lib\Debug\liblpc_chip_8xx_lib.a(spi_8xx.o)
 .debug_abbrev  0x00001e96       0xce C:\Users\Matt\Documents\LPCXpresso_7.3.0_186\workspace\lpc_chip_8xx_lib\Debug\liblpc_chip_8xx_lib.a(syscon_8xx.o)
 .debug_abbrev  0x00001f64      0x1b5 C:\Users\Matt\Documents\LPCXpresso_7.3.0_186\workspace\lpc_chip_8xx_lib\Debug\liblpc_chip_8xx_lib.a(sysinit_8xx.o)
 .debug_abbrev  0x00002119      0x2db C:\Users\Matt\Documents\LPCXpresso_7.3.0_186\workspace\lpc_chip_8xx_lib\Debug\liblpc_chip_8xx_lib.a(uart_8xx.o)

.debug_loc      0x00000000     0x2543
 .debug_loc     0x00000000       0x8e ./src/KPS_VoiceClock.o
 .debug_loc     0x0000008e      0x1bb ./src/cr_startup_lpc8xx.o
 .debug_loc     0x00000249       0x8e ./inc/KPS_Exciter.o
 .debug_loc     0x000002d7      0x105 ./inc/LocalMIDIFunc.o
 .debug_loc     0x000003dc       0x81 C:\Users\Matt\Boston_Audio_Projects\Boston_Audio_Projects\ARM\BAP_LPC8xx_lib\Debug\libBAP_LPC8xx_lib.a(BAP_32Sel.o)
 .debug_loc     0x0000045d      0x1bc C:\Users\Matt\Boston_Audio_Projects\Boston_Audio_Projects\ARM\BAP_LPC8xx_lib\Debug\libBAP_LPC8xx_lib.a(BAP_Envelope.o)
 .debug_loc     0x00000619       0xc5 C:\Users\Matt\Boston_Audio_Projects\Boston_Audio_Projects\ARM\BAP_LPC8xx_lib\Debug\libBAP_LPC8xx_lib.a(BAP_Midi.o)
 .debug_loc     0x000006de       0x63 C:\Users\Matt\Boston_Audio_Projects\Boston_Audio_Projects\ARM\BAP_LPC8xx_lib\Debug\libBAP_LPC8xx_lib.a(BAP_TLC_DAC.o)
 .debug_loc     0x00000741      0x201 C:\Users\Matt\Boston_Audio_Projects\Boston_Audio_Projects\ARM\BAP_LPC8xx_lib\Debug\libBAP_LPC8xx_lib.a(BAP_WaveGen.o)
 .debug_loc     0x00000942      0x243 C:\Users\Matt\Boston_Audio_Projects\Boston_Audio_Projects\ARM\BAP_LPC8xx_lib\Debug\libBAP_LPC8xx_lib.a(BAP_math.o)
 .debug_loc     0x00000b85      0x1b7 C:\Users\Matt\Documents\LPCXpresso_7.3.0_186\workspace\lpc_chip_8xx_lib\Debug\liblpc_chip_8xx_lib.a(acmp_8xx.o)
 .debug_loc     0x00000d3c      0x172 C:\Users\Matt\Documents\LPCXpresso_7.3.0_186\workspace\lpc_chip_8xx_lib\Debug\liblpc_chip_8xx_lib.a(clock_8xx.o)
 .debug_loc     0x00000eae      0x4d0 C:\Users\Matt\Documents\LPCXpresso_7.3.0_186\workspace\lpc_chip_8xx_lib\Debug\liblpc_chip_8xx_lib.a(ring_buffer.o)
 .debug_loc     0x0000137e      0x810 C:\Users\Matt\Documents\LPCXpresso_7.3.0_186\workspace\lpc_chip_8xx_lib\Debug\liblpc_chip_8xx_lib.a(spi_8xx.o)
 .debug_loc     0x00001b8e       0xd1 C:\Users\Matt\Documents\LPCXpresso_7.3.0_186\workspace\lpc_chip_8xx_lib\Debug\liblpc_chip_8xx_lib.a(syscon_8xx.o)
 .debug_loc     0x00001c5f       0x13 C:\Users\Matt\Documents\LPCXpresso_7.3.0_186\workspace\lpc_chip_8xx_lib\Debug\liblpc_chip_8xx_lib.a(sysinit_8xx.o)
 .debug_loc     0x00001c72      0x8d1 C:\Users\Matt\Documents\LPCXpresso_7.3.0_186\workspace\lpc_chip_8xx_lib\Debug\liblpc_chip_8xx_lib.a(uart_8xx.o)

.debug_aranges  0x00000000      0x570
 .debug_aranges
                0x00000000       0x28 ./src/KPS_VoiceClock.o
 .debug_aranges
                0x00000028       0x60 ./src/cr_startup_lpc8xx.o
 .debug_aranges
                0x00000088       0x18 ./src/crp.o
 .debug_aranges
                0x000000a0       0x18 ./src/mtb.o
 .debug_aranges
                0x000000b8       0x20 ./src/sysinit.o
 .debug_aranges
                0x000000d8       0x18 ./inc/GlobalDEF.o
 .debug_aranges
                0x000000f0       0x20 ./inc/KPS_Exciter.o
 .debug_aranges
                0x00000110       0x30 ./inc/LocalMIDIFunc.o
 .debug_aranges
                0x00000140       0x30 C:\Users\Matt\Boston_Audio_Projects\Boston_Audio_Projects\ARM\BAP_LPC8xx_lib\Debug\libBAP_LPC8xx_lib.a(BAP_32Sel.o)
 .debug_aranges
                0x00000170       0x20 C:\Users\Matt\Boston_Audio_Projects\Boston_Audio_Projects\ARM\BAP_LPC8xx_lib\Debug\libBAP_LPC8xx_lib.a(BAP_Clk.o)
 .debug_aranges
                0x00000190       0x40 C:\Users\Matt\Boston_Audio_Projects\Boston_Audio_Projects\ARM\BAP_LPC8xx_lib\Debug\libBAP_LPC8xx_lib.a(BAP_Envelope.o)
 .debug_aranges
                0x000001d0       0x50 C:\Users\Matt\Boston_Audio_Projects\Boston_Audio_Projects\ARM\BAP_LPC8xx_lib\Debug\libBAP_LPC8xx_lib.a(BAP_Midi.o)
 .debug_aranges
                0x00000220       0x28 C:\Users\Matt\Boston_Audio_Projects\Boston_Audio_Projects\ARM\BAP_LPC8xx_lib\Debug\libBAP_LPC8xx_lib.a(BAP_TLC_DAC.o)
 .debug_aranges
                0x00000248       0x50 C:\Users\Matt\Boston_Audio_Projects\Boston_Audio_Projects\ARM\BAP_LPC8xx_lib\Debug\libBAP_LPC8xx_lib.a(BAP_WaveGen.o)
 .debug_aranges
                0x00000298       0x38 C:\Users\Matt\Boston_Audio_Projects\Boston_Audio_Projects\ARM\BAP_LPC8xx_lib\Debug\libBAP_LPC8xx_lib.a(BAP_math.o)
 .debug_aranges
                0x000002d0       0x18 C:\Users\Matt\Boston_Audio_Projects\Boston_Audio_Projects\ARM\BAP_LPC8xx_lib\Debug\libBAP_LPC8xx_lib.a(FrequencyMaps.o)
 .debug_aranges
                0x000002e8       0x60 C:\Users\Matt\Documents\LPCXpresso_7.3.0_186\workspace\lpc_chip_8xx_lib\Debug\liblpc_chip_8xx_lib.a(acmp_8xx.o)
 .debug_aranges
                0x00000348       0x20 C:\Users\Matt\Documents\LPCXpresso_7.3.0_186\workspace\lpc_chip_8xx_lib\Debug\liblpc_chip_8xx_lib.a(chip_8xx.o)
 .debug_aranges
                0x00000368       0x70 C:\Users\Matt\Documents\LPCXpresso_7.3.0_186\workspace\lpc_chip_8xx_lib\Debug\liblpc_chip_8xx_lib.a(clock_8xx.o)
 .debug_aranges
                0x000003d8       0x40 C:\Users\Matt\Documents\LPCXpresso_7.3.0_186\workspace\lpc_chip_8xx_lib\Debug\liblpc_chip_8xx_lib.a(ring_buffer.o)
 .debug_aranges
                0x00000418       0x80 C:\Users\Matt\Documents\LPCXpresso_7.3.0_186\workspace\lpc_chip_8xx_lib\Debug\liblpc_chip_8xx_lib.a(spi_8xx.o)
 .debug_aranges
                0x00000498       0x38 C:\Users\Matt\Documents\LPCXpresso_7.3.0_186\workspace\lpc_chip_8xx_lib\Debug\liblpc_chip_8xx_lib.a(syscon_8xx.o)
 .debug_aranges
                0x000004d0       0x20 C:\Users\Matt\Documents\LPCXpresso_7.3.0_186\workspace\lpc_chip_8xx_lib\Debug\liblpc_chip_8xx_lib.a(sysinit_8xx.o)
 .debug_aranges
                0x000004f0       0x80 C:\Users\Matt\Documents\LPCXpresso_7.3.0_186\workspace\lpc_chip_8xx_lib\Debug\liblpc_chip_8xx_lib.a(uart_8xx.o)

.debug_ranges   0x00000000      0x490
 .debug_ranges  0x00000000       0x30 ./src/KPS_VoiceClock.o
 .debug_ranges  0x00000030       0x50 ./src/cr_startup_lpc8xx.o
 .debug_ranges  0x00000080       0x10 ./src/sysinit.o
 .debug_ranges  0x00000090       0x10 ./inc/KPS_Exciter.o
 .debug_ranges  0x000000a0       0x20 ./inc/LocalMIDIFunc.o
 .debug_ranges  0x000000c0       0x68 C:\Users\Matt\Boston_Audio_Projects\Boston_Audio_Projects\ARM\BAP_LPC8xx_lib\Debug\libBAP_LPC8xx_lib.a(BAP_32Sel.o)
 .debug_ranges  0x00000128       0x10 C:\Users\Matt\Boston_Audio_Projects\Boston_Audio_Projects\ARM\BAP_LPC8xx_lib\Debug\libBAP_LPC8xx_lib.a(BAP_Clk.o)
 .debug_ranges  0x00000138       0x48 C:\Users\Matt\Boston_Audio_Projects\Boston_Audio_Projects\ARM\BAP_LPC8xx_lib\Debug\libBAP_LPC8xx_lib.a(BAP_Envelope.o)
 .debug_ranges  0x00000180       0x58 C:\Users\Matt\Boston_Audio_Projects\Boston_Audio_Projects\ARM\BAP_LPC8xx_lib\Debug\libBAP_LPC8xx_lib.a(BAP_Midi.o)
 .debug_ranges  0x000001d8       0x30 C:\Users\Matt\Boston_Audio_Projects\Boston_Audio_Projects\ARM\BAP_LPC8xx_lib\Debug\libBAP_LPC8xx_lib.a(BAP_TLC_DAC.o)
 .debug_ranges  0x00000208       0x40 C:\Users\Matt\Boston_Audio_Projects\Boston_Audio_Projects\ARM\BAP_LPC8xx_lib\Debug\libBAP_LPC8xx_lib.a(BAP_WaveGen.o)
 .debug_ranges  0x00000248       0x28 C:\Users\Matt\Boston_Audio_Projects\Boston_Audio_Projects\ARM\BAP_LPC8xx_lib\Debug\libBAP_LPC8xx_lib.a(BAP_math.o)
 .debug_ranges  0x00000270       0x50 C:\Users\Matt\Documents\LPCXpresso_7.3.0_186\workspace\lpc_chip_8xx_lib\Debug\liblpc_chip_8xx_lib.a(acmp_8xx.o)
 .debug_ranges  0x000002c0       0x10 C:\Users\Matt\Documents\LPCXpresso_7.3.0_186\workspace\lpc_chip_8xx_lib\Debug\liblpc_chip_8xx_lib.a(chip_8xx.o)
 .debug_ranges  0x000002d0       0x60 C:\Users\Matt\Documents\LPCXpresso_7.3.0_186\workspace\lpc_chip_8xx_lib\Debug\liblpc_chip_8xx_lib.a(clock_8xx.o)
 .debug_ranges  0x00000330       0x30 C:\Users\Matt\Documents\LPCXpresso_7.3.0_186\workspace\lpc_chip_8xx_lib\Debug\liblpc_chip_8xx_lib.a(ring_buffer.o)
 .debug_ranges  0x00000360       0x70 C:\Users\Matt\Documents\LPCXpresso_7.3.0_186\workspace\lpc_chip_8xx_lib\Debug\liblpc_chip_8xx_lib.a(spi_8xx.o)
 .debug_ranges  0x000003d0       0x28 C:\Users\Matt\Documents\LPCXpresso_7.3.0_186\workspace\lpc_chip_8xx_lib\Debug\liblpc_chip_8xx_lib.a(syscon_8xx.o)
 .debug_ranges  0x000003f8       0x10 C:\Users\Matt\Documents\LPCXpresso_7.3.0_186\workspace\lpc_chip_8xx_lib\Debug\liblpc_chip_8xx_lib.a(sysinit_8xx.o)
 .debug_ranges  0x00000408       0x88 C:\Users\Matt\Documents\LPCXpresso_7.3.0_186\workspace\lpc_chip_8xx_lib\Debug\liblpc_chip_8xx_lib.a(uart_8xx.o)

.debug_macro    0x00000000     0x4ff1
 .debug_macro   0x00000000      0x1fd ./src/KPS_VoiceClock.o
 .debug_macro   0x000001fd      0x84a ./src/KPS_VoiceClock.o
 .debug_macro   0x00000a47       0x10 ./src/KPS_VoiceClock.o
 .debug_macro   0x00000a57      0x122 ./src/KPS_VoiceClock.o
 .debug_macro   0x00000b79      0x5b9 ./src/KPS_VoiceClock.o
 .debug_macro   0x00001132       0x22 ./src/KPS_VoiceClock.o
 .debug_macro   0x00001154       0x7b ./src/KPS_VoiceClock.o
 .debug_macro   0x000011cf       0x10 ./src/KPS_VoiceClock.o
 .debug_macro   0x000011df       0x22 ./src/KPS_VoiceClock.o
 .debug_macro   0x00001201       0x3a ./src/KPS_VoiceClock.o
 .debug_macro   0x0000123b      0x241 ./src/KPS_VoiceClock.o
 .debug_macro   0x0000147c      0x100 ./src/KPS_VoiceClock.o
 .debug_macro   0x0000157c       0x6a ./src/KPS_VoiceClock.o
 .debug_macro   0x000015e6       0x70 ./src/KPS_VoiceClock.o
 .debug_macro   0x00001656       0x1c ./src/KPS_VoiceClock.o
 .debug_macro   0x00001672       0xa0 ./src/KPS_VoiceClock.o
 .debug_macro   0x00001712       0x10 ./src/KPS_VoiceClock.o
 .debug_macro   0x00001722       0x64 ./src/KPS_VoiceClock.o
 .debug_macro   0x00001786       0x64 ./src/KPS_VoiceClock.o
 .debug_macro   0x000017ea       0x4c ./src/KPS_VoiceClock.o
 .debug_macro   0x00001836       0x4c ./src/KPS_VoiceClock.o
 .debug_macro   0x00001882       0x6a ./src/KPS_VoiceClock.o
 .debug_macro   0x000018ec       0x76 ./src/KPS_VoiceClock.o
 .debug_macro   0x00001962       0x16 ./src/KPS_VoiceClock.o
 .debug_macro   0x00001978      0x106 ./src/KPS_VoiceClock.o
 .debug_macro   0x00001a7e       0x1c ./src/KPS_VoiceClock.o
 .debug_macro   0x00001a9a       0x2e ./src/KPS_VoiceClock.o
 .debug_macro   0x00001ac8       0xd2 ./src/KPS_VoiceClock.o
 .debug_macro   0x00001b9a      0x201 ./src/KPS_VoiceClock.o
 .debug_macro   0x00001d9b       0x82 ./src/KPS_VoiceClock.o
 .debug_macro   0x00001e1d       0x22 ./src/KPS_VoiceClock.o
 .debug_macro   0x00001e3f       0x16 ./src/KPS_VoiceClock.o
 .debug_macro   0x00001e55       0x3a ./src/KPS_VoiceClock.o
 .debug_macro   0x00001e8f       0x46 ./src/KPS_VoiceClock.o
 .debug_macro   0x00001ed5       0x1c ./src/KPS_VoiceClock.o
 .debug_macro   0x00001ef1       0x1d ./src/cr_startup_lpc8xx.o
 .debug_macro   0x00001f0e       0x1a ./src/crp.o
 .debug_macro   0x00001f28       0x34 ./src/crp.o
 .debug_macro   0x00001f5c       0x29 ./src/mtb.o
 .debug_macro   0x00001f85       0x10 ./src/mtb.o
 .debug_macro   0x00001f95      0x18b ./src/sysinit.o
 .debug_macro   0x00002120      0x1ac ./inc/GlobalDEF.o
 .debug_macro   0x000022cc      0x1c0 ./inc/KPS_Exciter.o
 .debug_macro   0x0000248c      0x1e6 ./inc/LocalMIDIFunc.o
 .debug_macro   0x00002672      0x19a C:\Users\Matt\Boston_Audio_Projects\Boston_Audio_Projects\ARM\BAP_LPC8xx_lib\Debug\libBAP_LPC8xx_lib.a(BAP_32Sel.o)
 .debug_macro   0x0000280c      0x838 C:\Users\Matt\Boston_Audio_Projects\Boston_Audio_Projects\ARM\BAP_LPC8xx_lib\Debug\libBAP_LPC8xx_lib.a(BAP_32Sel.o)
 .debug_macro   0x00003044       0x16 C:\Users\Matt\Boston_Audio_Projects\Boston_Audio_Projects\ARM\BAP_LPC8xx_lib\Debug\libBAP_LPC8xx_lib.a(BAP_32Sel.o)
 .debug_macro   0x0000305a      0x19b C:\Users\Matt\Boston_Audio_Projects\Boston_Audio_Projects\ARM\BAP_LPC8xx_lib\Debug\libBAP_LPC8xx_lib.a(BAP_Clk.o)
 .debug_macro   0x000031f5      0x1a4 C:\Users\Matt\Boston_Audio_Projects\Boston_Audio_Projects\ARM\BAP_LPC8xx_lib\Debug\libBAP_LPC8xx_lib.a(BAP_Envelope.o)
 .debug_macro   0x00003399       0x10 C:\Users\Matt\Boston_Audio_Projects\Boston_Audio_Projects\ARM\BAP_LPC8xx_lib\Debug\libBAP_LPC8xx_lib.a(BAP_Envelope.o)
 .debug_macro   0x000033a9      0x1a6 C:\Users\Matt\Boston_Audio_Projects\Boston_Audio_Projects\ARM\BAP_LPC8xx_lib\Debug\libBAP_LPC8xx_lib.a(BAP_Midi.o)
 .debug_macro   0x0000354f       0x40 C:\Users\Matt\Boston_Audio_Projects\Boston_Audio_Projects\ARM\BAP_LPC8xx_lib\Debug\libBAP_LPC8xx_lib.a(BAP_Midi.o)
 .debug_macro   0x0000358f      0x194 C:\Users\Matt\Boston_Audio_Projects\Boston_Audio_Projects\ARM\BAP_LPC8xx_lib\Debug\libBAP_LPC8xx_lib.a(BAP_TLC_DAC.o)
 .debug_macro   0x00003723      0x195 C:\Users\Matt\Boston_Audio_Projects\Boston_Audio_Projects\ARM\BAP_LPC8xx_lib\Debug\libBAP_LPC8xx_lib.a(BAP_WaveGen.o)
 .debug_macro   0x000038b8      0x195 C:\Users\Matt\Boston_Audio_Projects\Boston_Audio_Projects\ARM\BAP_LPC8xx_lib\Debug\libBAP_LPC8xx_lib.a(BAP_math.o)
 .debug_macro   0x00003a4d      0x19e C:\Users\Matt\Boston_Audio_Projects\Boston_Audio_Projects\ARM\BAP_LPC8xx_lib\Debug\libBAP_LPC8xx_lib.a(FrequencyMaps.o)
 .debug_macro   0x00003beb      0x18b C:\Users\Matt\Documents\LPCXpresso_7.3.0_186\workspace\lpc_chip_8xx_lib\Debug\liblpc_chip_8xx_lib.a(acmp_8xx.o)
 .debug_macro   0x00003d76      0x81a C:\Users\Matt\Documents\LPCXpresso_7.3.0_186\workspace\lpc_chip_8xx_lib\Debug\liblpc_chip_8xx_lib.a(acmp_8xx.o)
 .debug_macro   0x00004590      0x18b C:\Users\Matt\Documents\LPCXpresso_7.3.0_186\workspace\lpc_chip_8xx_lib\Debug\liblpc_chip_8xx_lib.a(chip_8xx.o)
 .debug_macro   0x0000471b      0x18b C:\Users\Matt\Documents\LPCXpresso_7.3.0_186\workspace\lpc_chip_8xx_lib\Debug\liblpc_chip_8xx_lib.a(clock_8xx.o)
 .debug_macro   0x000048a6       0x83 C:\Users\Matt\Documents\LPCXpresso_7.3.0_186\workspace\lpc_chip_8xx_lib\Debug\liblpc_chip_8xx_lib.a(ring_buffer.o)
 .debug_macro   0x00004929       0x74 C:\Users\Matt\Documents\LPCXpresso_7.3.0_186\workspace\lpc_chip_8xx_lib\Debug\liblpc_chip_8xx_lib.a(ring_buffer.o)
 .debug_macro   0x0000499d       0x10 C:\Users\Matt\Documents\LPCXpresso_7.3.0_186\workspace\lpc_chip_8xx_lib\Debug\liblpc_chip_8xx_lib.a(ring_buffer.o)
 .debug_macro   0x000049ad      0x18b C:\Users\Matt\Documents\LPCXpresso_7.3.0_186\workspace\lpc_chip_8xx_lib\Debug\liblpc_chip_8xx_lib.a(spi_8xx.o)
 .debug_macro   0x00004b38      0x1a3 C:\Users\Matt\Documents\LPCXpresso_7.3.0_186\workspace\lpc_chip_8xx_lib\Debug\liblpc_chip_8xx_lib.a(syscon_8xx.o)
 .debug_macro   0x00004cdb      0x18b C:\Users\Matt\Documents\LPCXpresso_7.3.0_186\workspace\lpc_chip_8xx_lib\Debug\liblpc_chip_8xx_lib.a(sysinit_8xx.o)
 .debug_macro   0x00004e66      0x18b C:\Users\Matt\Documents\LPCXpresso_7.3.0_186\workspace\lpc_chip_8xx_lib\Debug\liblpc_chip_8xx_lib.a(uart_8xx.o)

.debug_line     0x00000000     0x5363
 .debug_line    0x00000000      0x53c ./src/KPS_VoiceClock.o
 .debug_line    0x0000053c       0x96 ./src/cr_startup_lpc8xx.o
 .debug_line    0x000005d2       0x78 ./src/crp.o
 .debug_line    0x0000064a       0x95 ./src/mtb.o
 .debug_line    0x000006df      0x311 ./src/sysinit.o
 .debug_line    0x000009f0      0x385 ./inc/GlobalDEF.o
 .debug_line    0x00000d75      0x3c3 ./inc/KPS_Exciter.o
 .debug_line    0x00001138      0x49d ./inc/LocalMIDIFunc.o
 .debug_line    0x000015d5      0x3bf C:\Users\Matt\Boston_Audio_Projects\Boston_Audio_Projects\ARM\BAP_LPC8xx_lib\Debug\libBAP_LPC8xx_lib.a(BAP_32Sel.o)
 .debug_line    0x00001994      0x37e C:\Users\Matt\Boston_Audio_Projects\Boston_Audio_Projects\ARM\BAP_LPC8xx_lib\Debug\libBAP_LPC8xx_lib.a(BAP_Clk.o)
 .debug_line    0x00001d12      0x403 C:\Users\Matt\Boston_Audio_Projects\Boston_Audio_Projects\ARM\BAP_LPC8xx_lib\Debug\libBAP_LPC8xx_lib.a(BAP_Envelope.o)
 .debug_line    0x00002115      0x434 C:\Users\Matt\Boston_Audio_Projects\Boston_Audio_Projects\ARM\BAP_LPC8xx_lib\Debug\libBAP_LPC8xx_lib.a(BAP_Midi.o)
 .debug_line    0x00002549      0x3d2 C:\Users\Matt\Boston_Audio_Projects\Boston_Audio_Projects\ARM\BAP_LPC8xx_lib\Debug\libBAP_LPC8xx_lib.a(BAP_TLC_DAC.o)
 .debug_line    0x0000291b      0x414 C:\Users\Matt\Boston_Audio_Projects\Boston_Audio_Projects\ARM\BAP_LPC8xx_lib\Debug\libBAP_LPC8xx_lib.a(BAP_WaveGen.o)
 .debug_line    0x00002d2f      0x3bd C:\Users\Matt\Boston_Audio_Projects\Boston_Audio_Projects\ARM\BAP_LPC8xx_lib\Debug\libBAP_LPC8xx_lib.a(BAP_math.o)
 .debug_line    0x000030ec      0x3bf C:\Users\Matt\Boston_Audio_Projects\Boston_Audio_Projects\ARM\BAP_LPC8xx_lib\Debug\libBAP_LPC8xx_lib.a(FrequencyMaps.o)
 .debug_line    0x000034ab      0x3c2 C:\Users\Matt\Documents\LPCXpresso_7.3.0_186\workspace\lpc_chip_8xx_lib\Debug\liblpc_chip_8xx_lib.a(acmp_8xx.o)
 .debug_line    0x0000386d      0x312 C:\Users\Matt\Documents\LPCXpresso_7.3.0_186\workspace\lpc_chip_8xx_lib\Debug\liblpc_chip_8xx_lib.a(chip_8xx.o)
 .debug_line    0x00003b7f      0x3fd C:\Users\Matt\Documents\LPCXpresso_7.3.0_186\workspace\lpc_chip_8xx_lib\Debug\liblpc_chip_8xx_lib.a(clock_8xx.o)
 .debug_line    0x00003f7c      0x249 C:\Users\Matt\Documents\LPCXpresso_7.3.0_186\workspace\lpc_chip_8xx_lib\Debug\liblpc_chip_8xx_lib.a(ring_buffer.o)
 .debug_line    0x000041c5      0x5ff C:\Users\Matt\Documents\LPCXpresso_7.3.0_186\workspace\lpc_chip_8xx_lib\Debug\liblpc_chip_8xx_lib.a(spi_8xx.o)
 .debug_line    0x000047c4      0x34e C:\Users\Matt\Documents\LPCXpresso_7.3.0_186\workspace\lpc_chip_8xx_lib\Debug\liblpc_chip_8xx_lib.a(syscon_8xx.o)
 .debug_line    0x00004b12      0x34b C:\Users\Matt\Documents\LPCXpresso_7.3.0_186\workspace\lpc_chip_8xx_lib\Debug\liblpc_chip_8xx_lib.a(sysinit_8xx.o)
 .debug_line    0x00004e5d      0x506 C:\Users\Matt\Documents\LPCXpresso_7.3.0_186\workspace\lpc_chip_8xx_lib\Debug\liblpc_chip_8xx_lib.a(uart_8xx.o)

.debug_str      0x00000000     0xa60b
 .debug_str     0x00000000     0x8856 ./src/KPS_VoiceClock.o
                               0x8949 (size before relaxing)
 .debug_str     0x00008856      0x17e ./src/cr_startup_lpc8xx.o
                               0x2522 (size before relaxing)
 .debug_str     0x000089d4       0xe9 ./src/crp.o
                               0x2473 (size before relaxing)
 .debug_str     0x00008abd       0xd0 ./src/mtb.o
                               0x28a4 (size before relaxing)
 .debug_str     0x00008b8d       0x21 ./src/sysinit.o
                               0x7991 (size before relaxing)
 .debug_str     0x00008bae       0x13 ./inc/GlobalDEF.o
                               0x7b41 (size before relaxing)
 .debug_str     0x00008bc1       0x34 ./inc/KPS_Exciter.o
                               0x7b9b (size before relaxing)
 .debug_str     0x00008bf5      0x31f ./inc/LocalMIDIFunc.o
                               0x8647 (size before relaxing)
 .debug_str     0x00008f14      0x24e C:\Users\Matt\Boston_Audio_Projects\Boston_Audio_Projects\ARM\BAP_LPC8xx_lib\Debug\libBAP_LPC8xx_lib.a(BAP_32Sel.o)
                               0x7c02 (size before relaxing)
 .debug_str     0x00009162       0x38 C:\Users\Matt\Boston_Audio_Projects\Boston_Audio_Projects\ARM\BAP_LPC8xx_lib\Debug\libBAP_LPC8xx_lib.a(BAP_Clk.o)
                               0x7b94 (size before relaxing)
 .debug_str     0x0000919a       0x28 C:\Users\Matt\Boston_Audio_Projects\Boston_Audio_Projects\ARM\BAP_LPC8xx_lib\Debug\libBAP_LPC8xx_lib.a(BAP_Envelope.o)
                               0x7a2b (size before relaxing)
 .debug_str     0x000091c2      0x1f2 C:\Users\Matt\Boston_Audio_Projects\Boston_Audio_Projects\ARM\BAP_LPC8xx_lib\Debug\libBAP_LPC8xx_lib.a(BAP_Midi.o)
                               0x80f1 (size before relaxing)
 .debug_str     0x000093b4      0x22f C:\Users\Matt\Boston_Audio_Projects\Boston_Audio_Projects\ARM\BAP_LPC8xx_lib\Debug\libBAP_LPC8xx_lib.a(BAP_TLC_DAC.o)
                               0x7ed6 (size before relaxing)
 .debug_str     0x000095e3       0x80 C:\Users\Matt\Boston_Audio_Projects\Boston_Audio_Projects\ARM\BAP_LPC8xx_lib\Debug\libBAP_LPC8xx_lib.a(BAP_WaveGen.o)
                               0x7c2d (size before relaxing)
 .debug_str     0x00009663       0x5b C:\Users\Matt\Boston_Audio_Projects\Boston_Audio_Projects\ARM\BAP_LPC8xx_lib\Debug\libBAP_LPC8xx_lib.a(BAP_math.o)
                               0x79bd (size before relaxing)
 .debug_str     0x000096be       0x17 C:\Users\Matt\Boston_Audio_Projects\Boston_Audio_Projects\ARM\BAP_LPC8xx_lib\Debug\libBAP_LPC8xx_lib.a(FrequencyMaps.o)
                               0x7dfc (size before relaxing)
 .debug_str     0x000096d5      0x1fe C:\Users\Matt\Documents\LPCXpresso_7.3.0_186\workspace\lpc_chip_8xx_lib\Debug\liblpc_chip_8xx_lib.a(acmp_8xx.o)
                               0x7f3c (size before relaxing)
 .debug_str     0x000098d3       0x22 C:\Users\Matt\Documents\LPCXpresso_7.3.0_186\workspace\lpc_chip_8xx_lib\Debug\liblpc_chip_8xx_lib.a(chip_8xx.o)
                               0x7908 (size before relaxing)
 .debug_str     0x000098f5      0x48d C:\Users\Matt\Documents\LPCXpresso_7.3.0_186\workspace\lpc_chip_8xx_lib\Debug\liblpc_chip_8xx_lib.a(clock_8xx.o)
                               0x7f6f (size before relaxing)
 .debug_str     0x00009d82      0x15c C:\Users\Matt\Documents\LPCXpresso_7.3.0_186\workspace\lpc_chip_8xx_lib\Debug\liblpc_chip_8xx_lib.a(ring_buffer.o)
                               0x3e28 (size before relaxing)
 .debug_str     0x00009ede      0x390 C:\Users\Matt\Documents\LPCXpresso_7.3.0_186\workspace\lpc_chip_8xx_lib\Debug\liblpc_chip_8xx_lib.a(spi_8xx.o)
                               0x828a (size before relaxing)
 .debug_str     0x0000a26e       0xea C:\Users\Matt\Documents\LPCXpresso_7.3.0_186\workspace\lpc_chip_8xx_lib\Debug\liblpc_chip_8xx_lib.a(syscon_8xx.o)
                               0x7bd2 (size before relaxing)
 .debug_str     0x0000a358       0xe7 C:\Users\Matt\Documents\LPCXpresso_7.3.0_186\workspace\lpc_chip_8xx_lib\Debug\liblpc_chip_8xx_lib.a(sysinit_8xx.o)
                               0x7df8 (size before relaxing)
 .debug_str     0x0000a43f      0x1cc C:\Users\Matt\Documents\LPCXpresso_7.3.0_186\workspace\lpc_chip_8xx_lib\Debug\liblpc_chip_8xx_lib.a(uart_8xx.o)
                               0x80c0 (size before relaxing)

.comment        0x00000000       0xe0
 .comment       0x00000000       0x70 ./src/KPS_VoiceClock.o
                                 0x71 (size before relaxing)
 .comment       0x00000000       0x71 ./src/cr_startup_lpc8xx.o
 .comment       0x00000000       0x71 ./src/crp.o
 .comment       0x00000000       0x71 ./src/mtb.o
 .comment       0x00000000       0x71 ./src/sysinit.o
 .comment       0x00000000       0x71 ./inc/GlobalDEF.o
 .comment       0x00000000       0x71 ./inc/KPS_Exciter.o
 .comment       0x00000000       0x71 ./inc/LocalMIDIFunc.o
 .comment       0x00000000       0x71 C:\Users\Matt\Boston_Audio_Projects\Boston_Audio_Projects\ARM\BAP_LPC8xx_lib\Debug\libBAP_LPC8xx_lib.a(BAP_32Sel.o)
 .comment       0x00000000       0x71 C:\Users\Matt\Boston_Audio_Projects\Boston_Audio_Projects\ARM\BAP_LPC8xx_lib\Debug\libBAP_LPC8xx_lib.a(BAP_Clk.o)
 .comment       0x00000000       0x71 C:\Users\Matt\Boston_Audio_Projects\Boston_Audio_Projects\ARM\BAP_LPC8xx_lib\Debug\libBAP_LPC8xx_lib.a(BAP_Envelope.o)
 .comment       0x00000000       0x71 C:\Users\Matt\Boston_Audio_Projects\Boston_Audio_Projects\ARM\BAP_LPC8xx_lib\Debug\libBAP_LPC8xx_lib.a(BAP_Midi.o)
 .comment       0x00000000       0x71 C:\Users\Matt\Boston_Audio_Projects\Boston_Audio_Projects\ARM\BAP_LPC8xx_lib\Debug\libBAP_LPC8xx_lib.a(BAP_TLC_DAC.o)
 .comment       0x00000000       0x71 C:\Users\Matt\Boston_Audio_Projects\Boston_Audio_Projects\ARM\BAP_LPC8xx_lib\Debug\libBAP_LPC8xx_lib.a(BAP_WaveGen.o)
 .comment       0x00000000       0x71 C:\Users\Matt\Boston_Audio_Projects\Boston_Audio_Projects\ARM\BAP_LPC8xx_lib\Debug\libBAP_LPC8xx_lib.a(BAP_math.o)
 .comment       0x00000000       0x71 C:\Users\Matt\Boston_Audio_Projects\Boston_Audio_Projects\ARM\BAP_LPC8xx_lib\Debug\libBAP_LPC8xx_lib.a(FrequencyMaps.o)
 .comment       0x00000000       0x71 C:\Users\Matt\Documents\LPCXpresso_7.3.0_186\workspace\lpc_chip_8xx_lib\Debug\liblpc_chip_8xx_lib.a(acmp_8xx.o)
 .comment       0x00000000       0x71 C:\Users\Matt\Documents\LPCXpresso_7.3.0_186\workspace\lpc_chip_8xx_lib\Debug\liblpc_chip_8xx_lib.a(chip_8xx.o)
 .comment       0x00000000       0x71 C:\Users\Matt\Documents\LPCXpresso_7.3.0_186\workspace\lpc_chip_8xx_lib\Debug\liblpc_chip_8xx_lib.a(clock_8xx.o)
 .comment       0x00000000       0x71 C:\Users\Matt\Documents\LPCXpresso_7.3.0_186\workspace\lpc_chip_8xx_lib\Debug\liblpc_chip_8xx_lib.a(ring_buffer.o)
 .comment       0x00000000       0x71 C:\Users\Matt\Documents\LPCXpresso_7.3.0_186\workspace\lpc_chip_8xx_lib\Debug\liblpc_chip_8xx_lib.a(spi_8xx.o)
 .comment       0x00000000       0x71 C:\Users\Matt\Documents\LPCXpresso_7.3.0_186\workspace\lpc_chip_8xx_lib\Debug\liblpc_chip_8xx_lib.a(syscon_8xx.o)
 .comment       0x00000000       0x71 C:\Users\Matt\Documents\LPCXpresso_7.3.0_186\workspace\lpc_chip_8xx_lib\Debug\liblpc_chip_8xx_lib.a(sysinit_8xx.o)
 .comment       0x00000000       0x71 C:\Users\Matt\Documents\LPCXpresso_7.3.0_186\workspace\lpc_chip_8xx_lib\Debug\liblpc_chip_8xx_lib.a(uart_8xx.o)
 .comment       0x00000070       0x70 c:/nxp/lpcxpresso_7.3.0_186/lpcxpresso/tools/bin/../lib/gcc/arm-none-eabi/4.8.4/../../../../arm-none-eabi/lib/armv6-m\libcr_c.a(memcpy.o)
                                 0x71 (size before relaxing)
 .comment       0x00000000       0x71 c:/nxp/lpcxpresso_7.3.0_186/lpcxpresso/tools/bin/../lib/gcc/arm-none-eabi/4.8.4/../../../../arm-none-eabi/lib/armv6-m\libcr_c.a(__weak__main.o)
 .comment       0x00000000       0x71 c:/nxp/lpcxpresso_7.3.0_186/lpcxpresso/tools/bin/../lib/gcc/arm-none-eabi/4.8.4/armv6-m\libcr_eabihelpers.a(float.o)

.ARM.attributes
                0x00000000       0x2f
 .ARM.attributes
                0x00000000       0x31 ./src/KPS_VoiceClock.o
 .ARM.attributes
                0x00000031       0x31 ./src/cr_startup_lpc8xx.o
 .ARM.attributes
                0x00000062       0x31 ./src/crp.o
 .ARM.attributes
                0x00000093       0x31 ./src/mtb.o
 .ARM.attributes
                0x000000c4       0x31 ./src/sysinit.o
 .ARM.attributes
                0x000000f5       0x31 ./inc/GlobalDEF.o
 .ARM.attributes
                0x00000126       0x31 ./inc/KPS_Exciter.o
 .ARM.attributes
                0x00000157       0x31 ./inc/LocalMIDIFunc.o
 .ARM.attributes
                0x00000188       0x31 C:\Users\Matt\Boston_Audio_Projects\Boston_Audio_Projects\ARM\BAP_LPC8xx_lib\Debug\libBAP_LPC8xx_lib.a(BAP_32Sel.o)
 .ARM.attributes
                0x000001b9       0x31 C:\Users\Matt\Boston_Audio_Projects\Boston_Audio_Projects\ARM\BAP_LPC8xx_lib\Debug\libBAP_LPC8xx_lib.a(BAP_Clk.o)
 .ARM.attributes
                0x000001ea       0x31 C:\Users\Matt\Boston_Audio_Projects\Boston_Audio_Projects\ARM\BAP_LPC8xx_lib\Debug\libBAP_LPC8xx_lib.a(BAP_Envelope.o)
 .ARM.attributes
                0x0000021b       0x31 C:\Users\Matt\Boston_Audio_Projects\Boston_Audio_Projects\ARM\BAP_LPC8xx_lib\Debug\libBAP_LPC8xx_lib.a(BAP_Midi.o)
 .ARM.attributes
                0x0000024c       0x31 C:\Users\Matt\Boston_Audio_Projects\Boston_Audio_Projects\ARM\BAP_LPC8xx_lib\Debug\libBAP_LPC8xx_lib.a(BAP_TLC_DAC.o)
 .ARM.attributes
                0x0000027d       0x31 C:\Users\Matt\Boston_Audio_Projects\Boston_Audio_Projects\ARM\BAP_LPC8xx_lib\Debug\libBAP_LPC8xx_lib.a(BAP_WaveGen.o)
 .ARM.attributes
                0x000002ae       0x31 C:\Users\Matt\Boston_Audio_Projects\Boston_Audio_Projects\ARM\BAP_LPC8xx_lib\Debug\libBAP_LPC8xx_lib.a(BAP_math.o)
 .ARM.attributes
                0x000002df       0x31 C:\Users\Matt\Boston_Audio_Projects\Boston_Audio_Projects\ARM\BAP_LPC8xx_lib\Debug\libBAP_LPC8xx_lib.a(FrequencyMaps.o)
 .ARM.attributes
                0x00000310       0x31 C:\Users\Matt\Documents\LPCXpresso_7.3.0_186\workspace\lpc_chip_8xx_lib\Debug\liblpc_chip_8xx_lib.a(acmp_8xx.o)
 .ARM.attributes
                0x00000341       0x31 C:\Users\Matt\Documents\LPCXpresso_7.3.0_186\workspace\lpc_chip_8xx_lib\Debug\liblpc_chip_8xx_lib.a(chip_8xx.o)
 .ARM.attributes
                0x00000372       0x31 C:\Users\Matt\Documents\LPCXpresso_7.3.0_186\workspace\lpc_chip_8xx_lib\Debug\liblpc_chip_8xx_lib.a(clock_8xx.o)
 .ARM.attributes
                0x000003a3       0x31 C:\Users\Matt\Documents\LPCXpresso_7.3.0_186\workspace\lpc_chip_8xx_lib\Debug\liblpc_chip_8xx_lib.a(ring_buffer.o)
 .ARM.attributes
                0x000003d4       0x31 C:\Users\Matt\Documents\LPCXpresso_7.3.0_186\workspace\lpc_chip_8xx_lib\Debug\liblpc_chip_8xx_lib.a(spi_8xx.o)
 .ARM.attributes
                0x00000405       0x31 C:\Users\Matt\Documents\LPCXpresso_7.3.0_186\workspace\lpc_chip_8xx_lib\Debug\liblpc_chip_8xx_lib.a(syscon_8xx.o)
 .ARM.attributes
                0x00000436       0x31 C:\Users\Matt\Documents\LPCXpresso_7.3.0_186\workspace\lpc_chip_8xx_lib\Debug\liblpc_chip_8xx_lib.a(sysinit_8xx.o)
 .ARM.attributes
                0x00000467       0x31 C:\Users\Matt\Documents\LPCXpresso_7.3.0_186\workspace\lpc_chip_8xx_lib\Debug\liblpc_chip_8xx_lib.a(uart_8xx.o)
 .ARM.attributes
                0x00000498       0x31 c:/nxp/lpcxpresso_7.3.0_186/lpcxpresso/tools/bin/../lib/gcc/arm-none-eabi/4.8.4/../../../../arm-none-eabi/lib/armv6-m\libcr_c.a(memcpy.o)
 .ARM.attributes
                0x000004c9       0x31 c:/nxp/lpcxpresso_7.3.0_186/lpcxpresso/tools/bin/../lib/gcc/arm-none-eabi/4.8.4/../../../../arm-none-eabi/lib/armv6-m\libcr_c.a(__weak__main.o)
 .ARM.attributes
                0x000004fa       0x21 c:/nxp/lpcxpresso_7.3.0_186/lpcxpresso/tools/bin/../lib/gcc/arm-none-eabi/4.8.4/armv6-m\libcr_eabihelpers.a(division_32.o)
 .ARM.attributes
                0x0000051b       0x21 c:/nxp/lpcxpresso_7.3.0_186/lpcxpresso/tools/bin/../lib/gcc/arm-none-eabi/4.8.4/armv6-m\libcr_eabihelpers.a(division_idiv0.o)
 .ARM.attributes
                0x0000053c       0x31 c:/nxp/lpcxpresso_7.3.0_186/lpcxpresso/tools/bin/../lib/gcc/arm-none-eabi/4.8.4/armv6-m\libcr_eabihelpers.a(float.o)
 .ARM.attributes
                0x0000056d       0x21 c:/nxp/lpcxpresso_7.3.0_186/lpcxpresso/tools/bin/../lib/gcc/arm-none-eabi/4.8.4/armv6-m\libcr_eabihelpers.a(memcpy.o)

.debug_frame    0x00000000      0xa7c
 .debug_frame   0x00000000       0x40 ./src/KPS_VoiceClock.o
 .debug_frame   0x00000040       0xb0 ./src/cr_startup_lpc8xx.o
 .debug_frame   0x000000f0       0x28 ./src/sysinit.o
 .debug_frame   0x00000118       0x30 ./inc/KPS_Exciter.o
 .debug_frame   0x00000148       0x6c ./inc/LocalMIDIFunc.o
 .debug_frame   0x000001b4       0x58 C:\Users\Matt\Boston_Audio_Projects\Boston_Audio_Projects\ARM\BAP_LPC8xx_lib\Debug\libBAP_LPC8xx_lib.a(BAP_32Sel.o)
 .debug_frame   0x0000020c       0x28 C:\Users\Matt\Boston_Audio_Projects\Boston_Audio_Projects\ARM\BAP_LPC8xx_lib\Debug\libBAP_LPC8xx_lib.a(BAP_Clk.o)
 .debug_frame   0x00000234       0x80 C:\Users\Matt\Boston_Audio_Projects\Boston_Audio_Projects\ARM\BAP_LPC8xx_lib\Debug\libBAP_LPC8xx_lib.a(BAP_Envelope.o)
 .debug_frame   0x000002b4       0xa4 C:\Users\Matt\Boston_Audio_Projects\Boston_Audio_Projects\ARM\BAP_LPC8xx_lib\Debug\libBAP_LPC8xx_lib.a(BAP_Midi.o)
 .debug_frame   0x00000358       0x38 C:\Users\Matt\Boston_Audio_Projects\Boston_Audio_Projects\ARM\BAP_LPC8xx_lib\Debug\libBAP_LPC8xx_lib.a(BAP_TLC_DAC.o)
 .debug_frame   0x00000390       0xb0 C:\Users\Matt\Boston_Audio_Projects\Boston_Audio_Projects\ARM\BAP_LPC8xx_lib\Debug\libBAP_LPC8xx_lib.a(BAP_WaveGen.o)
 .debug_frame   0x00000440       0x70 C:\Users\Matt\Boston_Audio_Projects\Boston_Audio_Projects\ARM\BAP_LPC8xx_lib\Debug\libBAP_LPC8xx_lib.a(BAP_math.o)
 .debug_frame   0x000004b0       0xc4 C:\Users\Matt\Documents\LPCXpresso_7.3.0_186\workspace\lpc_chip_8xx_lib\Debug\liblpc_chip_8xx_lib.a(acmp_8xx.o)
 .debug_frame   0x00000574       0x28 C:\Users\Matt\Documents\LPCXpresso_7.3.0_186\workspace\lpc_chip_8xx_lib\Debug\liblpc_chip_8xx_lib.a(chip_8xx.o)
 .debug_frame   0x0000059c       0xe8 C:\Users\Matt\Documents\LPCXpresso_7.3.0_186\workspace\lpc_chip_8xx_lib\Debug\liblpc_chip_8xx_lib.a(clock_8xx.o)
 .debug_frame   0x00000684       0x94 C:\Users\Matt\Documents\LPCXpresso_7.3.0_186\workspace\lpc_chip_8xx_lib\Debug\liblpc_chip_8xx_lib.a(ring_buffer.o)
 .debug_frame   0x00000718      0x15c C:\Users\Matt\Documents\LPCXpresso_7.3.0_186\workspace\lpc_chip_8xx_lib\Debug\liblpc_chip_8xx_lib.a(spi_8xx.o)
 .debug_frame   0x00000874       0x58 C:\Users\Matt\Documents\LPCXpresso_7.3.0_186\workspace\lpc_chip_8xx_lib\Debug\liblpc_chip_8xx_lib.a(syscon_8xx.o)
 .debug_frame   0x000008cc       0x28 C:\Users\Matt\Documents\LPCXpresso_7.3.0_186\workspace\lpc_chip_8xx_lib\Debug\liblpc_chip_8xx_lib.a(sysinit_8xx.o)
 .debug_frame   0x000008f4      0x188 C:\Users\Matt\Documents\LPCXpresso_7.3.0_186\workspace\lpc_chip_8xx_lib\Debug\liblpc_chip_8xx_lib.a(uart_8xx.o)
