Archive member included because of file (symbol)

C:\Users\Matt\Documents\LPCXpresso_7.3.0_186\workspace\lpc_chip_8xx_lib\Debug\liblpc_chip_8xx_lib.a(chip_8xx.o)
                              ./src/KPS_VoiceClock.o (SystemCoreClockUpdate)
C:\Users\Matt\Documents\LPCXpresso_7.3.0_186\workspace\lpc_chip_8xx_lib\Debug\liblpc_chip_8xx_lib.a(clock_8xx.o)
                              ./src/BAP_WaveGen.o (Chip_Clock_GetSystemClockRate)
C:\Users\Matt\Documents\LPCXpresso_7.3.0_186\workspace\lpc_chip_8xx_lib\Debug\liblpc_chip_8xx_lib.a(ring_buffer.o)
                              ./inc/BAP_TLV_DAC.o (RingBuffer_Init)
C:\Users\Matt\Documents\LPCXpresso_7.3.0_186\workspace\lpc_chip_8xx_lib\Debug\liblpc_chip_8xx_lib.a(sct_8xx.o)
                              ./src/BAP_WaveGen.o (Chip_SCT_Init)
C:\Users\Matt\Documents\LPCXpresso_7.3.0_186\workspace\lpc_chip_8xx_lib\Debug\liblpc_chip_8xx_lib.a(spi_8xx.o)
                              ./inc/BAP_TLV_DAC.o (Chip_SPI_CalClkRateDivider)
C:\Users\Matt\Documents\LPCXpresso_7.3.0_186\workspace\lpc_chip_8xx_lib\Debug\liblpc_chip_8xx_lib.a(sysinit_8xx.o)
                              ./src/sysinit.o (Chip_SystemInit)
C:\Users\Matt\Documents\LPCXpresso_7.3.0_186\workspace\lpc_chip_8xx_lib\Debug\liblpc_chip_8xx_lib.a(uart_8xx.o)
                              ./src/KPS_VoiceClock.o (Chip_UART_Init)
C:\Users\Matt\Documents\LPCXpresso_7.3.0_186\workspace\lpc_chip_8xx_lib\Debug\liblpc_chip_8xx_lib.a(syscon_8xx.o)
                              C:\Users\Matt\Documents\LPCXpresso_7.3.0_186\workspace\lpc_chip_8xx_lib\Debug\liblpc_chip_8xx_lib.a(sysinit_8xx.o) (Chip_SYSCTL_PowerDown)
c:/nxp/lpcxpresso_7.3.0_186/lpcxpresso/tools/bin/../lib/gcc/arm-none-eabi/4.8.4/../../../../arm-none-eabi/lib/armv6-m\libcr_c.a(memcpy.o)
                              C:\Users\Matt\Documents\LPCXpresso_7.3.0_186\workspace\lpc_chip_8xx_lib\Debug\liblpc_chip_8xx_lib.a(ring_buffer.o) (memcpy)
c:/nxp/lpcxpresso_7.3.0_186/lpcxpresso/tools/bin/../lib/gcc/arm-none-eabi/4.8.4/../../../../arm-none-eabi/lib/armv6-m\libcr_c.a(__weak__main.o)
                              ./src/cr_startup_lpc8xx.o (__main)
c:/nxp/lpcxpresso_7.3.0_186/lpcxpresso/tools/bin/../lib/gcc/arm-none-eabi/4.8.4/armv6-m\libcr_eabihelpers.a(division_32.o)
                              ./src/KPS_VoiceClock.o (__aeabi_idiv)
c:/nxp/lpcxpresso_7.3.0_186/lpcxpresso/tools/bin/../lib/gcc/arm-none-eabi/4.8.4/armv6-m\libcr_eabihelpers.a(division_idiv0.o)
                              c:/nxp/lpcxpresso_7.3.0_186/lpcxpresso/tools/bin/../lib/gcc/arm-none-eabi/4.8.4/armv6-m\libcr_eabihelpers.a(division_32.o) (__aeabi_idiv0)
c:/nxp/lpcxpresso_7.3.0_186/lpcxpresso/tools/bin/../lib/gcc/arm-none-eabi/4.8.4/armv6-m\libcr_eabihelpers.a(float.o)
                              ./src/BAP_WaveGen.o (__aeabi_fdiv)
c:/nxp/lpcxpresso_7.3.0_186/lpcxpresso/tools/bin/../lib/gcc/arm-none-eabi/4.8.4/armv6-m\libcr_eabihelpers.a(llong.o)
                              c:/nxp/lpcxpresso_7.3.0_186/lpcxpresso/tools/bin/../lib/gcc/arm-none-eabi/4.8.4/armv6-m\libcr_eabihelpers.a(float.o) (__aeabi_lmul)
c:/nxp/lpcxpresso_7.3.0_186/lpcxpresso/tools/bin/../lib/gcc/arm-none-eabi/4.8.4/armv6-m\libcr_eabihelpers.a(memcpy.o)
                              c:/nxp/lpcxpresso_7.3.0_186/lpcxpresso/tools/bin/../lib/gcc/arm-none-eabi/4.8.4/../../../../arm-none-eabi/lib/armv6-m\libcr_c.a(memcpy.o) (__aeabi_memcpy)

Allocating common symbols
Common symbol       size              file

SystemCoreClock     0x4               C:\Users\Matt\Documents\LPCXpresso_7.3.0_186\workspace\lpc_chip_8xx_lib\Debug\liblpc_chip_8xx_lib.a(chip_8xx.o)
TxBufData           0x0               ./inc/BAP_TLV_DAC.o
TxBuffer            0x14              ./inc/BAP_TLV_DAC.o

Discarded input sections

 .group         0x00000000        0x8 ./src/BAP_WaveGen.o
 .group         0x00000000        0x8 ./src/BAP_WaveGen.o
 .group         0x00000000        0x8 ./src/BAP_WaveGen.o
 .group         0x00000000        0x8 ./src/BAP_WaveGen.o
 .group         0x00000000        0x8 ./src/BAP_WaveGen.o
 .group         0x00000000        0x8 ./src/BAP_WaveGen.o
 .group         0x00000000        0x8 ./src/BAP_WaveGen.o
 .group         0x00000000        0x8 ./src/BAP_WaveGen.o
 .group         0x00000000        0x8 ./src/BAP_WaveGen.o
 .group         0x00000000        0x8 ./src/BAP_WaveGen.o
 .group         0x00000000        0x8 ./src/BAP_WaveGen.o
 .group         0x00000000        0x8 ./src/BAP_WaveGen.o
 .group         0x00000000        0x8 ./src/BAP_WaveGen.o
 .group         0x00000000        0x8 ./src/BAP_WaveGen.o
 .group         0x00000000        0x8 ./src/BAP_WaveGen.o
 .group         0x00000000        0x8 ./src/BAP_WaveGen.o
 .group         0x00000000        0x8 ./src/BAP_WaveGen.o
 .group         0x00000000        0x8 ./src/BAP_WaveGen.o
 .group         0x00000000        0x8 ./src/BAP_WaveGen.o
 .group         0x00000000        0x8 ./src/BAP_WaveGen.o
 .group         0x00000000        0x8 ./src/BAP_WaveGen.o
[...]
Memory Configuration

Name             Origin             Length             Attributes
MFlash4          0x00000000         0x00001000         xr
RamLoc1          0x10000000         0x00000400         xrw
*default*        0x00000000         0xffffffff

Linker script and memory map

LOAD ./src/BAP_WaveGen.o
LOAD ./src/KPS_VoiceClock.o
LOAD ./src/cr_startup_lpc8xx.o
LOAD ./src/crp.o
LOAD ./src/mtb.o
LOAD ./src/sysinit.o
LOAD ./inc/BAP_TLV_DAC.o
LOAD C:\Users\Matt\Documents\LPCXpresso_7.3.0_186\workspace\lpc_chip_8xx_lib\Debug\liblpc_chip_8xx_lib.a
START GROUP
LOAD c:/nxp/lpcxpresso_7.3.0_186/lpcxpresso/tools/bin/../lib/gcc/arm-none-eabi/4.8.4/../../../../arm-none-eabi/lib/armv6-m\libcr_c.a
LOAD c:/nxp/lpcxpresso_7.3.0_186/lpcxpresso/tools/bin/../lib/gcc/arm-none-eabi/4.8.4/armv6-m\libcr_eabihelpers.a
END GROUP
                0x00001000                __top_MFlash4 = 0x1000
                0x10000400                __top_RamLoc1 = 0x10000400

.text           0x00000000      0xfcc
 FILL mask 0xff
                0x00000000                __vectors_start__ = ABSOLUTE (.)
 *(.isr_vector)
 .isr_vector    0x00000000       0xc0 ./src/cr_startup_lpc8xx.o
                0x00000000                g_pfnVectors
                0x000000c0                . = ALIGN (0x4)
                0x000000c0                __section_table_start = .
                0x000000c0                __data_section_table = .
                0x000000c0        0x4 LONG 0xfcc LOADADDR (.data)
                0x000000c4        0x4 LONG 0x10000100 ADDR (.data)
                0x000000c8        0x4 LONG 0x10 SIZEOF (.data)
                0x000000cc                __data_section_table_end = .
                0x000000cc                __bss_section_table = .
                0x000000cc        0x4 LONG 0x10000110 ADDR (.bss)
                0x000000d0        0x4 LONG 0x20 SIZEOF (.bss)
                0x000000d4                __bss_section_table_end = .
                0x000000d4                __section_table_end = .
 *(.after_vectors*)
 .after_vectors
                0x000000d4       0x70 ./src/cr_startup_lpc8xx.o
                0x000000d4                NMI_Handler
                0x000000d6                HardFault_Handler
                0x000000d8                SVC_Handler
                0x000000da                PendSV_Handler
                0x000000dc                SysTick_Handler
                0x000000de                PININT1_IRQHandler
                0x000000de                PININT2_IRQHandler
                0x000000de                WKT_IRQHandler
                0x000000de                PININT7_IRQHandler
                0x000000de                MRT_IRQHandler
                0x000000de                UART1_IRQHandler
                0x000000de                UART0_IRQHandler
                0x000000de                PININT6_IRQHandler
                0x000000de                SPI1_IRQHandler
                0x000000de                IntDefaultHandler
                0x000000de                CMP_IRQHandler
                0x000000de                PININT3_IRQHandler
                0x000000de                UART2_IRQHandler
                0x000000de                PININT5_IRQHandler
                0x000000de                PININT4_IRQHandler
                0x000000de                PININT0_IRQHandler
                0x000000de                BOD_IRQHandler
                0x000000de                I2C_IRQHandler
                0x000000de                WDT_IRQHandler
                0x000000e0                data_init
                0x000000f2                bss_init
                0x00000102                ResetISR
                0x000002fc                . = 0x2fc
 *fill*         0x00000144      0x1b8 ff
                0x000002fc                PROVIDE (__CRP_WORD_START__, .)
 *(.crp)
 .crp           0x000002fc        0x4 ./src/crp.o
                0x000002fc                CRP_WORD
                0x00000300                PROVIDE (__CRP_WORD_END__, .)
                0x00000001                ASSERT (! ((__CRP_WORD_START__ == __CRP_WORD_END__)), Linker CRP Enabled, but no CRP_WORD provided within application)
 *(.text*)
 .text.setWidth
                0x00000300       0x4c ./src/BAP_WaveGen.o
                0x00000300                setWidth
 .text.WaveGenInit
                0x0000034c       0x8c ./src/BAP_WaveGen.o
                0x0000034c                WaveGenInit
 .text.setFreq  0x000003d8       0x40 ./src/BAP_WaveGen.o
                0x000003d8                setFreq
 .text.SCT_IRQHandler
                0x00000418       0x24 ./src/KPS_VoiceClock.o
                0x00000418                SCT_IRQHandler
 .text.serviceNote
                0x0000043c       0x5c ./src/KPS_VoiceClock.o
                0x0000043c                serviceNote
 .text.LFSR     0x00000498       0x1c ./src/KPS_VoiceClock.o
                0x00000498                LFSR
 .text.genNoiseService
                0x000004b4       0x50 ./src/KPS_VoiceClock.o
                0x000004b4                genNoiseService
 .text.genNoisePulse
                0x00000504       0x34 ./src/KPS_VoiceClock.o
                0x00000504                genNoisePulse
 .text.startup.main
                0x00000538      0x108 ./src/KPS_VoiceClock.o
                0x00000538                main
 .text.SystemInit
                0x00000640        0x8 ./src/sysinit.o
                0x00000640                SystemInit
 .text.TLV_Init
                0x00000648       0x74 ./inc/BAP_TLV_DAC.o
                0x00000648                TLV_Init
 .text.TLV_SetDACValue
                0x000006bc       0x64 ./inc/BAP_TLV_DAC.o
                0x000006bc                TLV_SetDACValue
 .text.SPI0_IRQHandler
                0x00000720       0x44 ./inc/BAP_TLV_DAC.o
                0x00000720                SPI0_IRQHandler
 .text.SystemCoreClockUpdate
                0x00000764       0x10 C:\Users\Matt\Documents\LPCXpresso_7.3.0_186\workspace\lpc_chip_8xx_lib\Debug\liblpc_chip_8xx_lib.a(chip_8xx.o)
                0x00000764                SystemCoreClockUpdate
 .text.Chip_Clock_GetWDTLFORate
                0x00000774       0x20 C:\Users\Matt\Documents\LPCXpresso_7.3.0_186\workspace\lpc_chip_8xx_lib\Debug\liblpc_chip_8xx_lib.a(clock_8xx.o)
 .text.Chip_Clock_GetPLLFreq
                0x00000794        0xc C:\Users\Matt\Documents\LPCXpresso_7.3.0_186\workspace\lpc_chip_8xx_lib\Debug\liblpc_chip_8xx_lib.a(clock_8xx.o)
 .text.Chip_Clock_SetSystemPLLSource
                0x000007a0       0x14 C:\Users\Matt\Documents\LPCXpresso_7.3.0_186\workspace\lpc_chip_8xx_lib\Debug\liblpc_chip_8xx_lib.a(clock_8xx.o)
                0x000007a0                Chip_Clock_SetSystemPLLSource
 .text.Chip_Clock_SetMainClockSource
                0x000007b4       0x14 C:\Users\Matt\Documents\LPCXpresso_7.3.0_186\workspace\lpc_chip_8xx_lib\Debug\liblpc_chip_8xx_lib.a(clock_8xx.o)
                0x000007b4                Chip_Clock_SetMainClockSource
 .text.Chip_Clock_SetCLKOUTSource
                0x000007c8       0x1c C:\Users\Matt\Documents\LPCXpresso_7.3.0_186\workspace\lpc_chip_8xx_lib\Debug\liblpc_chip_8xx_lib.a(clock_8xx.o)
                0x000007c8                Chip_Clock_SetCLKOUTSource
 .text.Chip_Clock_GetWDTOSCRate
                0x000007e4       0x10 C:\Users\Matt\Documents\LPCXpresso_7.3.0_186\workspace\lpc_chip_8xx_lib\Debug\liblpc_chip_8xx_lib.a(clock_8xx.o)
                0x000007e4                Chip_Clock_GetWDTOSCRate
 .text.Chip_Clock_GetSystemPLLInClockRate
                0x000007f4       0x38 C:\Users\Matt\Documents\LPCXpresso_7.3.0_186\workspace\lpc_chip_8xx_lib\Debug\liblpc_chip_8xx_lib.a(clock_8xx.o)
                0x000007f4                Chip_Clock_GetSystemPLLInClockRate
 .text.Chip_Clock_GetSystemPLLOutClockRate
                0x0000082c       0x18 C:\Users\Matt\Documents\LPCXpresso_7.3.0_186\workspace\lpc_chip_8xx_lib\Debug\liblpc_chip_8xx_lib.a(clock_8xx.o)
                0x0000082c                Chip_Clock_GetSystemPLLOutClockRate
 .text.Chip_Clock_GetMainClockRate
                0x00000844       0x40 C:\Users\Matt\Documents\LPCXpresso_7.3.0_186\workspace\lpc_chip_8xx_lib\Debug\liblpc_chip_8xx_lib.a(clock_8xx.o)
                0x00000844                Chip_Clock_GetMainClockRate
 .text.Chip_Clock_GetSystemClockRate
                0x00000884       0x14 C:\Users\Matt\Documents\LPCXpresso_7.3.0_186\workspace\lpc_chip_8xx_lib\Debug\liblpc_chip_8xx_lib.a(clock_8xx.o)
                0x00000884                Chip_Clock_GetSystemClockRate
 .text.RingBuffer_Init
                0x00000898       0x10 C:\Users\Matt\Documents\LPCXpresso_7.3.0_186\workspace\lpc_chip_8xx_lib\Debug\liblpc_chip_8xx_lib.a(ring_buffer.o)
                0x00000898                RingBuffer_Init
 .text.RingBuffer_Insert
                0x000008a8       0x34 C:\Users\Matt\Documents\LPCXpresso_7.3.0_186\workspace\lpc_chip_8xx_lib\Debug\liblpc_chip_8xx_lib.a(ring_buffer.o)
                0x000008a8                RingBuffer_Insert
 .text.RingBuffer_Pop
                0x000008dc       0x30 C:\Users\Matt\Documents\LPCXpresso_7.3.0_186\workspace\lpc_chip_8xx_lib\Debug\liblpc_chip_8xx_lib.a(ring_buffer.o)
                0x000008dc                RingBuffer_Pop
 .text.Chip_SCT_Init
                0x0000090c       0x28 C:\Users\Matt\Documents\LPCXpresso_7.3.0_186\workspace\lpc_chip_8xx_lib\Debug\liblpc_chip_8xx_lib.a(sct_8xx.o)
                0x0000090c                Chip_SCT_Init
 .text.Chip_SPI_CalClkRateDivider
                0x00000934       0x10 C:\Users\Matt\Documents\LPCXpresso_7.3.0_186\workspace\lpc_chip_8xx_lib\Debug\liblpc_chip_8xx_lib.a(spi_8xx.o)
                0x00000934                Chip_SPI_CalClkRateDivider
 .text.Chip_SPI_Int_Cmd
                0x00000944       0x14 C:\Users\Matt\Documents\LPCXpresso_7.3.0_186\workspace\lpc_chip_8xx_lib\Debug\liblpc_chip_8xx_lib.a(spi_8xx.o)
                0x00000944                Chip_SPI_Int_Cmd
 .text.Chip_SystemInit
                0x00000958       0x58 C:\Users\Matt\Documents\LPCXpresso_7.3.0_186\workspace\lpc_chip_8xx_lib\Debug\liblpc_chip_8xx_lib.a(sysinit_8xx.o)
                0x00000958                Chip_SystemInit
 .text.getUARTClockID
                0x000009b0       0x20 C:\Users\Matt\Documents\LPCXpresso_7.3.0_186\workspace\lpc_chip_8xx_lib\Debug\liblpc_chip_8xx_lib.a(uart_8xx.o)
 .text.Chip_UART_Init
                0x000009d0       0x68 C:\Users\Matt\Documents\LPCXpresso_7.3.0_186\workspace\lpc_chip_8xx_lib\Debug\liblpc_chip_8xx_lib.a(uart_8xx.o)
                0x000009d0                Chip_UART_Init
 .text.Chip_UART_Read
                0x00000a38       0x20 C:\Users\Matt\Documents\LPCXpresso_7.3.0_186\workspace\lpc_chip_8xx_lib\Debug\liblpc_chip_8xx_lib.a(uart_8xx.o)
                0x00000a38                Chip_UART_Read
 .text.Chip_UART_SetBaud
                0x00000a58       0x3c C:\Users\Matt\Documents\LPCXpresso_7.3.0_186\workspace\lpc_chip_8xx_lib\Debug\liblpc_chip_8xx_lib.a(uart_8xx.o)
                0x00000a58                Chip_UART_SetBaud
 .text.Chip_SYSCTL_PowerDown
                0x00000a94       0x24 C:\Users\Matt\Documents\LPCXpresso_7.3.0_186\workspace\lpc_chip_8xx_lib\Debug\liblpc_chip_8xx_lib.a(syscon_8xx.o)
                0x00000a94                Chip_SYSCTL_PowerDown
 .text.Chip_SYSCTL_PowerUp
                0x00000ab8       0x28 C:\Users\Matt\Documents\LPCXpresso_7.3.0_186\workspace\lpc_chip_8xx_lib\Debug\liblpc_chip_8xx_lib.a(syscon_8xx.o)
                0x00000ab8                Chip_SYSCTL_PowerUp
 .text.memcpy   0x00000ae0        0x8 c:/nxp/lpcxpresso_7.3.0_186/lpcxpresso/tools/bin/../lib/gcc/arm-none-eabi/4.8.4/../../../../arm-none-eabi/lib/armv6-m\libcr_c.a(memcpy.o)
                0x00000ae0                memcpy
 .text.__weak_main
                0x00000ae8        0x8 c:/nxp/lpcxpresso_7.3.0_186/lpcxpresso/tools/bin/../lib/gcc/arm-none-eabi/4.8.4/../../../../arm-none-eabi/lib/armv6-m\libcr_c.a(__weak__main.o)
                0x00000ae8                __weak_main
                0x00000ae8                __main
 .text.__aeabi_division_idivmod
                0x00000af0       0x78 c:/nxp/lpcxpresso_7.3.0_186/lpcxpresso/tools/bin/../lib/gcc/arm-none-eabi/4.8.4/armv6-m\libcr_eabihelpers.a(division_32.o)
                0x00000af0                __aeabi_idivmod
                0x00000af0                __aeabi_idiv
                0x00000af6                __aeabi_uidivmod
                0x00000af6                __aeabi_uidiv
 .text.__aeabi_division_idiv0
                0x00000b68        0x2 c:/nxp/lpcxpresso_7.3.0_186/lpcxpresso/tools/bin/../lib/gcc/arm-none-eabi/4.8.4/armv6-m\libcr_eabihelpers.a(division_idiv0.o)
                0x00000b68                __aeabi_idiv0
 *fill*         0x00000b6a        0x2 
 .text.__aeabi_fdiv
                0x00000b6c       0xe0 c:/nxp/lpcxpresso_7.3.0_186/lpcxpresso/tools/bin/../lib/gcc/arm-none-eabi/4.8.4/armv6-m\libcr_eabihelpers.a(float.o)
                0x00000b6c                __aeabi_fdiv
 .text.__aeabi_f2iz
                0x00000c4c       0x38 c:/nxp/lpcxpresso_7.3.0_186/lpcxpresso/tools/bin/../lib/gcc/arm-none-eabi/4.8.4/armv6-m\libcr_eabihelpers.a(float.o)
                0x00000c4c                __aeabi_f2iz
 .text.__aeabi_f2uiz
                0x00000c84       0x26 c:/nxp/lpcxpresso_7.3.0_186/lpcxpresso/tools/bin/../lib/gcc/arm-none-eabi/4.8.4/armv6-m\libcr_eabihelpers.a(float.o)
                0x00000c84                __aeabi_f2uiz
 .text.__bhs_ui2f
                0x00000caa       0x60 c:/nxp/lpcxpresso_7.3.0_186/lpcxpresso/tools/bin/../lib/gcc/arm-none-eabi/4.8.4/armv6-m\libcr_eabihelpers.a(float.o)
                0x00000caa                __bhs_ui2f
 .text.__aeabi_ui2f
                0x00000d0a        0xc c:/nxp/lpcxpresso_7.3.0_186/lpcxpresso/tools/bin/../lib/gcc/arm-none-eabi/4.8.4/armv6-m\libcr_eabihelpers.a(float.o)
                0x00000d0a                __aeabi_ui2f
 .text.__aeabi_fcmple
                0x00000d16       0x40 c:/nxp/lpcxpresso_7.3.0_186/lpcxpresso/tools/bin/../lib/gcc/arm-none-eabi/4.8.4/armv6-m\libcr_eabihelpers.a(float.o)
                0x00000d16                __aeabi_fcmple
 .text.__aeabi_memcpy
                0x00000d56       0x2c c:/nxp/lpcxpresso_7.3.0_186/lpcxpresso/tools/bin/../lib/gcc/arm-none-eabi/4.8.4/armv6-m\libcr_eabihelpers.a(memcpy.o)
                0x00000d56                __aeabi_memcpy4
                0x00000d56                __aeabi_memcpy8
                0x00000d56                __aeabi_memcpy
 *(.rodata .rodata.* .constdata .constdata.*)
 *fill*         0x00000d82        0x2 
 .rodata.MIDItoBBD
                0x00000d84      0x200 ./src/KPS_VoiceClock.o
                0x00000d84                MIDItoBBD
 .rodata.OscRateIn
                0x00000f84        0x4 ./src/sysinit.o
                0x00000f84                OscRateIn
 .rodata.ExtRateIn
                0x00000f88        0x4 ./src/sysinit.o
                0x00000f88                ExtRateIn
 .rodata.wdtOSCRate
                0x00000f8c       0x40 C:\Users\Matt\Documents\LPCXpresso_7.3.0_186\workspace\lpc_chip_8xx_lib\Debug\liblpc_chip_8xx_lib.a(clock_8xx.o)
                0x00000fcc                . = ALIGN (0x4)

.glue_7         0x00000fcc        0x0
 .glue_7        0x00000000        0x0 linker stubs

.glue_7t        0x00000fcc        0x0
 .glue_7t       0x00000000        0x0 linker stubs

.vfp11_veneer   0x00000fcc        0x0
 .vfp11_veneer  0x00000000        0x0 linker stubs

.v4_bx          0x00000fcc        0x0
 .v4_bx         0x00000000        0x0 linker stubs

.iplt           0x00000fcc        0x0
 .iplt          0x00000000        0x0 ./src/BAP_WaveGen.o

.rel.dyn        0x00000fcc        0x0
 .rel.iplt      0x00000000        0x0 ./src/BAP_WaveGen.o

.ARM.extab
 *(.ARM.extab* .gnu.linkonce.armextab.*)
                0x00000fcc                __exidx_start = .

.ARM.exidx
 *(.ARM.exidx* .gnu.linkonce.armexidx.*)
                0x00000fcc                __exidx_end = .
                0x00000fcc                _etext = .

.mtb_buffer_default
                0x10000000      0x100
 *(.mtb*)
 .mtb.$RAM1     0x10000000      0x100 ./src/mtb.o
                0x10000000                __mtb_buffer__

.uninit_RESERVED
                0x10000100        0x0
 *(.bss.$RESERVED*)
                0x10000100                . = ALIGN (0x4)
                0x10000100                _end_uninit_RESERVED = .

.data           0x10000100       0x10 load address 0x00000fcc
 FILL mask 0xff
                0x10000100                _data = .
 *(vtable)
 *(.ramfunc*)
 *(.data*)
 .data.Generator1
                0x10000100        0xc ./src/BAP_WaveGen.o
                0x10000100                Generator1
 .data.lfsr.5945
                0x1000010c        0x2 ./src/KPS_VoiceClock.o
                0x10000110                . = ALIGN (0x4)
 *fill*         0x1000010e        0x2 ff
                0x10000110                _edata = .

.igot.plt       0x10000110        0x0 load address 0x00000fdc
 .igot.plt      0x00000000        0x0 ./src/BAP_WaveGen.o

.bss            0x10000110       0x20 load address 0x00000fdc
                0x10000110                _bss = .
 *(.bss*)
 .bss.remainingNoise
                0x10000110        0x4 ./src/KPS_VoiceClock.o
                0x10000110                remainingNoise
 .bss.interruptFunc
                0x10000114        0x4 ./src/KPS_VoiceClock.o
                0x10000114                interruptFunc
 *(COMMON)
 COMMON         0x10000118       0x14 ./inc/BAP_TLV_DAC.o
                0x10000118                TxBuffer
                0x10000118                TxBufData
 COMMON         0x1000012c        0x4 C:\Users\Matt\Documents\LPCXpresso_7.3.0_186\workspace\lpc_chip_8xx_lib\Debug\liblpc_chip_8xx_lib.a(chip_8xx.o)
                0x1000012c                SystemCoreClock
                0x10000130                . = ALIGN (0x4)
                0x10000130                _ebss = .
                0x10000130                PROVIDE (end, .)

.noinit         0x10000130        0x0 load address 0x00000fdc
                0x10000130                _noinit = .
 *(.noinit*)
                0x10000130                . = ALIGN (0x4)
                0x10000130                _end_noinit = .
                0x10000130                PROVIDE (_pvHeapStart, .)
                0x10000400                PROVIDE (_vStackTop, (__top_RamLoc1 - 0x0))
OUTPUT(KPS_VoiceClock.axf elf32-littlearm)

.debug_info     0x00000000     0x7890
 .debug_info    0x00000000      0x8ff ./src/BAP_WaveGen.o
 .debug_info    0x000008ff     0x16d8 ./src/KPS_VoiceClock.o
 .debug_info    0x00001fd7      0x234 ./src/cr_startup_lpc8xx.o
 .debug_info    0x0000220b       0x3f ./src/crp.o
 .debug_info    0x0000224a       0x51 ./src/mtb.o
 .debug_info    0x0000229b       0xd6 ./src/sysinit.o
 .debug_info    0x00002371      0xd7e ./inc/BAP_TLV_DAC.o
 .debug_info    0x000030ef       0xe0 C:\Users\Matt\Documents\LPCXpresso_7.3.0_186\workspace\lpc_chip_8xx_lib\Debug\liblpc_chip_8xx_lib.a(chip_8xx.o)
 .debug_info    0x000031cf      0x781 C:\Users\Matt\Documents\LPCXpresso_7.3.0_186\workspace\lpc_chip_8xx_lib\Debug\liblpc_chip_8xx_lib.a(clock_8xx.o)
 .debug_info    0x00003950      0x4a5 C:\Users\Matt\Documents\LPCXpresso_7.3.0_186\workspace\lpc_chip_8xx_lib\Debug\liblpc_chip_8xx_lib.a(ring_buffer.o)
 .debug_info    0x00003df5      0xda7 C:\Users\Matt\Documents\LPCXpresso_7.3.0_186\workspace\lpc_chip_8xx_lib\Debug\liblpc_chip_8xx_lib.a(sct_8xx.o)
 .debug_info    0x00004b9c     0x1177 C:\Users\Matt\Documents\LPCXpresso_7.3.0_186\workspace\lpc_chip_8xx_lib\Debug\liblpc_chip_8xx_lib.a(spi_8xx.o)
 .debug_info    0x00005d13      0x6e4 C:\Users\Matt\Documents\LPCXpresso_7.3.0_186\workspace\lpc_chip_8xx_lib\Debug\liblpc_chip_8xx_lib.a(sysinit_8xx.o)
 .debug_info    0x000063f7     0x1007 C:\Users\Matt\Documents\LPCXpresso_7.3.0_186\workspace\lpc_chip_8xx_lib\Debug\liblpc_chip_8xx_lib.a(uart_8xx.o)
 .debug_info    0x000073fe      0x492 C:\Users\Matt\Documents\LPCXpresso_7.3.0_186\workspace\lpc_chip_8xx_lib\Debug\liblpc_chip_8xx_lib.a(syscon_8xx.o)

.debug_abbrev   0x00000000     0x1941
 .debug_abbrev  0x00000000      0x1c9 ./src/BAP_WaveGen.o
 .debug_abbrev  0x000001c9      0x494 ./src/KPS_VoiceClock.o
 .debug_abbrev  0x0000065d       0xe8 ./src/cr_startup_lpc8xx.o
 .debug_abbrev  0x00000745       0x36 ./src/crp.o
 .debug_abbrev  0x0000077b       0x41 ./src/mtb.o
 .debug_abbrev  0x000007bc       0x88 ./src/sysinit.o
 .debug_abbrev  0x00000844      0x303 ./inc/BAP_TLV_DAC.o
 .debug_abbrev  0x00000b47       0x9b C:\Users\Matt\Documents\LPCXpresso_7.3.0_186\workspace\lpc_chip_8xx_lib\Debug\liblpc_chip_8xx_lib.a(chip_8xx.o)
 .debug_abbrev  0x00000be2      0x1df C:\Users\Matt\Documents\LPCXpresso_7.3.0_186\workspace\lpc_chip_8xx_lib\Debug\liblpc_chip_8xx_lib.a(clock_8xx.o)
 .debug_abbrev  0x00000dc1      0x164 C:\Users\Matt\Documents\LPCXpresso_7.3.0_186\workspace\lpc_chip_8xx_lib\Debug\liblpc_chip_8xx_lib.a(ring_buffer.o)
 .debug_abbrev  0x00000f25      0x200 C:\Users\Matt\Documents\LPCXpresso_7.3.0_186\workspace\lpc_chip_8xx_lib\Debug\liblpc_chip_8xx_lib.a(sct_8xx.o)
 .debug_abbrev  0x00001125      0x2be C:\Users\Matt\Documents\LPCXpresso_7.3.0_186\workspace\lpc_chip_8xx_lib\Debug\liblpc_chip_8xx_lib.a(spi_8xx.o)
 .debug_abbrev  0x000013e3      0x1b5 C:\Users\Matt\Documents\LPCXpresso_7.3.0_186\workspace\lpc_chip_8xx_lib\Debug\liblpc_chip_8xx_lib.a(sysinit_8xx.o)
 .debug_abbrev  0x00001598      0x2db C:\Users\Matt\Documents\LPCXpresso_7.3.0_186\workspace\lpc_chip_8xx_lib\Debug\liblpc_chip_8xx_lib.a(uart_8xx.o)
 .debug_abbrev  0x00001873       0xce C:\Users\Matt\Documents\LPCXpresso_7.3.0_186\workspace\lpc_chip_8xx_lib\Debug\liblpc_chip_8xx_lib.a(syscon_8xx.o)

.debug_loc      0x00000000     0x21f8
 .debug_loc     0x00000000      0x1db ./src/BAP_WaveGen.o
 .debug_loc     0x000001db      0x3f2 ./src/KPS_VoiceClock.o
 .debug_loc     0x000005cd      0x1bb ./src/cr_startup_lpc8xx.o
 .debug_loc     0x00000788      0x145 ./inc/BAP_TLV_DAC.o
 .debug_loc     0x000008cd      0x172 C:\Users\Matt\Documents\LPCXpresso_7.3.0_186\workspace\lpc_chip_8xx_lib\Debug\liblpc_chip_8xx_lib.a(clock_8xx.o)
 .debug_loc     0x00000a3f      0x4d0 C:\Users\Matt\Documents\LPCXpresso_7.3.0_186\workspace\lpc_chip_8xx_lib\Debug\liblpc_chip_8xx_lib.a(ring_buffer.o)
 .debug_loc     0x00000f0f      0x118 C:\Users\Matt\Documents\LPCXpresso_7.3.0_186\workspace\lpc_chip_8xx_lib\Debug\liblpc_chip_8xx_lib.a(sct_8xx.o)
 .debug_loc     0x00001027      0x810 C:\Users\Matt\Documents\LPCXpresso_7.3.0_186\workspace\lpc_chip_8xx_lib\Debug\liblpc_chip_8xx_lib.a(spi_8xx.o)
 .debug_loc     0x00001837       0x13 C:\Users\Matt\Documents\LPCXpresso_7.3.0_186\workspace\lpc_chip_8xx_lib\Debug\liblpc_chip_8xx_lib.a(sysinit_8xx.o)
 .debug_loc     0x0000184a      0x8dd C:\Users\Matt\Documents\LPCXpresso_7.3.0_186\workspace\lpc_chip_8xx_lib\Debug\liblpc_chip_8xx_lib.a(uart_8xx.o)
 .debug_loc     0x00002127       0xd1 C:\Users\Matt\Documents\LPCXpresso_7.3.0_186\workspace\lpc_chip_8xx_lib\Debug\liblpc_chip_8xx_lib.a(syscon_8xx.o)

.debug_aranges  0x00000000      0x3c8
 .debug_aranges
                0x00000000       0x30 ./src/BAP_WaveGen.o
 .debug_aranges
                0x00000030       0x58 ./src/KPS_VoiceClock.o
 .debug_aranges
                0x00000088       0x60 ./src/cr_startup_lpc8xx.o
 .debug_aranges
                0x000000e8       0x18 ./src/crp.o
 .debug_aranges
                0x00000100       0x18 ./src/mtb.o
 .debug_aranges
                0x00000118       0x20 ./src/sysinit.o
 .debug_aranges
                0x00000138       0x30 ./inc/BAP_TLV_DAC.o
 .debug_aranges
                0x00000168       0x20 C:\Users\Matt\Documents\LPCXpresso_7.3.0_186\workspace\lpc_chip_8xx_lib\Debug\liblpc_chip_8xx_lib.a(chip_8xx.o)
 .debug_aranges
                0x00000188       0x70 C:\Users\Matt\Documents\LPCXpresso_7.3.0_186\workspace\lpc_chip_8xx_lib\Debug\liblpc_chip_8xx_lib.a(clock_8xx.o)
 .debug_aranges
                0x000001f8       0x40 C:\Users\Matt\Documents\LPCXpresso_7.3.0_186\workspace\lpc_chip_8xx_lib\Debug\liblpc_chip_8xx_lib.a(ring_buffer.o)
 .debug_aranges
                0x00000238       0x38 C:\Users\Matt\Documents\LPCXpresso_7.3.0_186\workspace\lpc_chip_8xx_lib\Debug\liblpc_chip_8xx_lib.a(sct_8xx.o)
 .debug_aranges
                0x00000270       0x80 C:\Users\Matt\Documents\LPCXpresso_7.3.0_186\workspace\lpc_chip_8xx_lib\Debug\liblpc_chip_8xx_lib.a(spi_8xx.o)
 .debug_aranges
                0x000002f0       0x20 C:\Users\Matt\Documents\LPCXpresso_7.3.0_186\workspace\lpc_chip_8xx_lib\Debug\liblpc_chip_8xx_lib.a(sysinit_8xx.o)
 .debug_aranges
                0x00000310       0x80 C:\Users\Matt\Documents\LPCXpresso_7.3.0_186\workspace\lpc_chip_8xx_lib\Debug\liblpc_chip_8xx_lib.a(uart_8xx.o)
 .debug_aranges
                0x00000390       0x38 C:\Users\Matt\Documents\LPCXpresso_7.3.0_186\workspace\lpc_chip_8xx_lib\Debug\liblpc_chip_8xx_lib.a(syscon_8xx.o)

.debug_ranges   0x00000000      0x408
 .debug_ranges  0x00000000       0x20 ./src/BAP_WaveGen.o
 .debug_ranges  0x00000020      0x110 ./src/KPS_VoiceClock.o
 .debug_ranges  0x00000130       0x50 ./src/cr_startup_lpc8xx.o
 .debug_ranges  0x00000180       0x10 ./src/sysinit.o
 .debug_ranges  0x00000190       0x80 ./inc/BAP_TLV_DAC.o
 .debug_ranges  0x00000210       0x10 C:\Users\Matt\Documents\LPCXpresso_7.3.0_186\workspace\lpc_chip_8xx_lib\Debug\liblpc_chip_8xx_lib.a(chip_8xx.o)
 .debug_ranges  0x00000220       0x60 C:\Users\Matt\Documents\LPCXpresso_7.3.0_186\workspace\lpc_chip_8xx_lib\Debug\liblpc_chip_8xx_lib.a(clock_8xx.o)
 .debug_ranges  0x00000280       0x30 C:\Users\Matt\Documents\LPCXpresso_7.3.0_186\workspace\lpc_chip_8xx_lib\Debug\liblpc_chip_8xx_lib.a(ring_buffer.o)
 .debug_ranges  0x000002b0       0x28 C:\Users\Matt\Documents\LPCXpresso_7.3.0_186\workspace\lpc_chip_8xx_lib\Debug\liblpc_chip_8xx_lib.a(sct_8xx.o)
 .debug_ranges  0x000002d8       0x70 C:\Users\Matt\Documents\LPCXpresso_7.3.0_186\workspace\lpc_chip_8xx_lib\Debug\liblpc_chip_8xx_lib.a(spi_8xx.o)
 .debug_ranges  0x00000348       0x10 C:\Users\Matt\Documents\LPCXpresso_7.3.0_186\workspace\lpc_chip_8xx_lib\Debug\liblpc_chip_8xx_lib.a(sysinit_8xx.o)
 .debug_ranges  0x00000358       0x88 C:\Users\Matt\Documents\LPCXpresso_7.3.0_186\workspace\lpc_chip_8xx_lib\Debug\liblpc_chip_8xx_lib.a(uart_8xx.o)
 .debug_ranges  0x000003e0       0x28 C:\Users\Matt\Documents\LPCXpresso_7.3.0_186\workspace\lpc_chip_8xx_lib\Debug\liblpc_chip_8xx_lib.a(syscon_8xx.o)

.debug_macro    0x00000000     0x3793
 .debug_macro   0x00000000      0x195 ./src/BAP_WaveGen.o
 .debug_macro   0x00000195      0x832 ./src/BAP_WaveGen.o
 .debug_macro   0x000009c7       0x10 ./src/BAP_WaveGen.o
 .debug_macro   0x000009d7      0x122 ./src/BAP_WaveGen.o
 .debug_macro   0x00000af9      0x5b9 ./src/BAP_WaveGen.o
 .debug_macro   0x000010b2       0x22 ./src/BAP_WaveGen.o
 .debug_macro   0x000010d4       0x7b ./src/BAP_WaveGen.o
 .debug_macro   0x0000114f       0x10 ./src/BAP_WaveGen.o
 .debug_macro   0x0000115f       0x22 ./src/BAP_WaveGen.o
 .debug_macro   0x00001181       0x3a ./src/BAP_WaveGen.o
 .debug_macro   0x000011bb      0x241 ./src/BAP_WaveGen.o
 .debug_macro   0x000013fc      0x100 ./src/BAP_WaveGen.o
 .debug_macro   0x000014fc       0x6a ./src/BAP_WaveGen.o
 .debug_macro   0x00001566       0x70 ./src/BAP_WaveGen.o
 .debug_macro   0x000015d6       0x1c ./src/BAP_WaveGen.o
 .debug_macro   0x000015f2       0xa0 ./src/BAP_WaveGen.o
 .debug_macro   0x00001692       0x10 ./src/BAP_WaveGen.o
 .debug_macro   0x000016a2       0x64 ./src/BAP_WaveGen.o
 .debug_macro   0x00001706       0x64 ./src/BAP_WaveGen.o
 .debug_macro   0x0000176a       0x4c ./src/BAP_WaveGen.o
 .debug_macro   0x000017b6       0x4c ./src/BAP_WaveGen.o
 .debug_macro   0x00001802       0x6a ./src/BAP_WaveGen.o
 .debug_macro   0x0000186c       0x76 ./src/BAP_WaveGen.o
 .debug_macro   0x000018e2       0x16 ./src/BAP_WaveGen.o
 .debug_macro   0x000018f8      0x106 ./src/BAP_WaveGen.o
 .debug_macro   0x000019fe       0x1c ./src/BAP_WaveGen.o
 .debug_macro   0x00001a1a       0x2e ./src/BAP_WaveGen.o
 .debug_macro   0x00001a48       0xd2 ./src/BAP_WaveGen.o
 .debug_macro   0x00001b1a      0x201 ./src/BAP_WaveGen.o
 .debug_macro   0x00001d1b      0x1f5 ./src/KPS_VoiceClock.o
 .debug_macro   0x00001f10       0x82 ./src/KPS_VoiceClock.o
 .debug_macro   0x00001f92       0x2e ./src/KPS_VoiceClock.o
 .debug_macro   0x00001fc0       0x1d ./src/cr_startup_lpc8xx.o
 .debug_macro   0x00001fdd       0x1a ./src/crp.o
 .debug_macro   0x00001ff7       0x34 ./src/crp.o
 .debug_macro   0x0000202b       0x29 ./src/mtb.o
 .debug_macro   0x00002054       0x10 ./src/mtb.o
 .debug_macro   0x00002064      0x18b ./src/sysinit.o
 .debug_macro   0x000021ef      0x19e ./inc/BAP_TLV_DAC.o
 .debug_macro   0x0000238d      0x18b C:\Users\Matt\Documents\LPCXpresso_7.3.0_186\workspace\lpc_chip_8xx_lib\Debug\liblpc_chip_8xx_lib.a(chip_8xx.o)
 .debug_macro   0x00002518      0x81a C:\Users\Matt\Documents\LPCXpresso_7.3.0_186\workspace\lpc_chip_8xx_lib\Debug\liblpc_chip_8xx_lib.a(chip_8xx.o)
 .debug_macro   0x00002d32      0x18b C:\Users\Matt\Documents\LPCXpresso_7.3.0_186\workspace\lpc_chip_8xx_lib\Debug\liblpc_chip_8xx_lib.a(clock_8xx.o)
 .debug_macro   0x00002ebd       0x83 C:\Users\Matt\Documents\LPCXpresso_7.3.0_186\workspace\lpc_chip_8xx_lib\Debug\liblpc_chip_8xx_lib.a(ring_buffer.o)
 .debug_macro   0x00002f40       0x74 C:\Users\Matt\Documents\LPCXpresso_7.3.0_186\workspace\lpc_chip_8xx_lib\Debug\liblpc_chip_8xx_lib.a(ring_buffer.o)
 .debug_macro   0x00002fb4       0x10 C:\Users\Matt\Documents\LPCXpresso_7.3.0_186\workspace\lpc_chip_8xx_lib\Debug\liblpc_chip_8xx_lib.a(ring_buffer.o)
 .debug_macro   0x00002fc4      0x18b C:\Users\Matt\Documents\LPCXpresso_7.3.0_186\workspace\lpc_chip_8xx_lib\Debug\liblpc_chip_8xx_lib.a(sct_8xx.o)
 .debug_macro   0x0000314f      0x18b C:\Users\Matt\Documents\LPCXpresso_7.3.0_186\workspace\lpc_chip_8xx_lib\Debug\liblpc_chip_8xx_lib.a(spi_8xx.o)
 .debug_macro   0x000032da      0x18b C:\Users\Matt\Documents\LPCXpresso_7.3.0_186\workspace\lpc_chip_8xx_lib\Debug\liblpc_chip_8xx_lib.a(sysinit_8xx.o)
 .debug_macro   0x00003465      0x18b C:\Users\Matt\Documents\LPCXpresso_7.3.0_186\workspace\lpc_chip_8xx_lib\Debug\liblpc_chip_8xx_lib.a(uart_8xx.o)
 .debug_macro   0x000035f0      0x1a3 C:\Users\Matt\Documents\LPCXpresso_7.3.0_186\workspace\lpc_chip_8xx_lib\Debug\liblpc_chip_8xx_lib.a(syscon_8xx.o)

.debug_line     0x00000000     0x3060
 .debug_line    0x00000000      0x381 ./src/BAP_WaveGen.o
 .debug_line    0x00000381      0x5e3 ./src/KPS_VoiceClock.o
 .debug_line    0x00000964       0x96 ./src/cr_startup_lpc8xx.o
 .debug_line    0x000009fa       0x78 ./src/crp.o
 .debug_line    0x00000a72       0x95 ./src/mtb.o
 .debug_line    0x00000b07      0x311 ./src/sysinit.o
 .debug_line    0x00000e18      0x3e1 ./inc/BAP_TLV_DAC.o
 .debug_line    0x000011f9      0x312 C:\Users\Matt\Documents\LPCXpresso_7.3.0_186\workspace\lpc_chip_8xx_lib\Debug\liblpc_chip_8xx_lib.a(chip_8xx.o)
 .debug_line    0x0000150b      0x3fd C:\Users\Matt\Documents\LPCXpresso_7.3.0_186\workspace\lpc_chip_8xx_lib\Debug\liblpc_chip_8xx_lib.a(clock_8xx.o)
 .debug_line    0x00001908      0x249 C:\Users\Matt\Documents\LPCXpresso_7.3.0_186\workspace\lpc_chip_8xx_lib\Debug\liblpc_chip_8xx_lib.a(ring_buffer.o)
 .debug_line    0x00001b51      0x371 C:\Users\Matt\Documents\LPCXpresso_7.3.0_186\workspace\lpc_chip_8xx_lib\Debug\liblpc_chip_8xx_lib.a(sct_8xx.o)
 .debug_line    0x00001ec2      0x5ff C:\Users\Matt\Documents\LPCXpresso_7.3.0_186\workspace\lpc_chip_8xx_lib\Debug\liblpc_chip_8xx_lib.a(spi_8xx.o)
 .debug_line    0x000024c1      0x34b C:\Users\Matt\Documents\LPCXpresso_7.3.0_186\workspace\lpc_chip_8xx_lib\Debug\liblpc_chip_8xx_lib.a(sysinit_8xx.o)
 .debug_line    0x0000280c      0x506 C:\Users\Matt\Documents\LPCXpresso_7.3.0_186\workspace\lpc_chip_8xx_lib\Debug\liblpc_chip_8xx_lib.a(uart_8xx.o)
 .debug_line    0x00002d12      0x34e C:\Users\Matt\Documents\LPCXpresso_7.3.0_186\workspace\lpc_chip_8xx_lib\Debug\liblpc_chip_8xx_lib.a(syscon_8xx.o)

.debug_str      0x00000000     0x9e5f
 .debug_str     0x00000000     0x7b44 ./src/BAP_WaveGen.o
                               0x7bfe (size before relaxing)
 .debug_str     0x00007b44      0xe1f ./src/KPS_VoiceClock.o
                               0x89d0 (size before relaxing)
 .debug_str     0x00008963      0x17e ./src/cr_startup_lpc8xx.o
                               0x24d3 (size before relaxing)
 .debug_str     0x00008ae1       0xe9 ./src/crp.o
                               0x2424 (size before relaxing)
 .debug_str     0x00008bca       0xd0 ./src/mtb.o
                               0x2855 (size before relaxing)
 .debug_str     0x00008c9a       0x21 ./src/sysinit.o
                               0x7942 (size before relaxing)
 .debug_str     0x00008cbb      0x3e2 ./inc/BAP_TLV_DAC.o
                               0x840f (size before relaxing)
 .debug_str     0x0000909d      0x11d C:\Users\Matt\Documents\LPCXpresso_7.3.0_186\workspace\lpc_chip_8xx_lib\Debug\liblpc_chip_8xx_lib.a(chip_8xx.o)
                               0x7908 (size before relaxing)
 .debug_str     0x000091ba      0x48d C:\Users\Matt\Documents\LPCXpresso_7.3.0_186\workspace\lpc_chip_8xx_lib\Debug\liblpc_chip_8xx_lib.a(clock_8xx.o)
                               0x7f6f (size before relaxing)
 .debug_str     0x00009647      0x11f C:\Users\Matt\Documents\LPCXpresso_7.3.0_186\workspace\lpc_chip_8xx_lib\Debug\liblpc_chip_8xx_lib.a(ring_buffer.o)
                               0x3e28 (size before relaxing)
 .debug_str     0x00009766       0x88 C:\Users\Matt\Documents\LPCXpresso_7.3.0_186\workspace\lpc_chip_8xx_lib\Debug\liblpc_chip_8xx_lib.a(sct_8xx.o)
                               0x7fec (size before relaxing)
 .debug_str     0x000097ee      0x282 C:\Users\Matt\Documents\LPCXpresso_7.3.0_186\workspace\lpc_chip_8xx_lib\Debug\liblpc_chip_8xx_lib.a(spi_8xx.o)
                               0x828a (size before relaxing)
 .debug_str     0x00009a70      0x111 C:\Users\Matt\Documents\LPCXpresso_7.3.0_186\workspace\lpc_chip_8xx_lib\Debug\liblpc_chip_8xx_lib.a(sysinit_8xx.o)
                               0x7df8 (size before relaxing)
 .debug_str     0x00009b81      0x1f4 C:\Users\Matt\Documents\LPCXpresso_7.3.0_186\workspace\lpc_chip_8xx_lib\Debug\liblpc_chip_8xx_lib.a(uart_8xx.o)
                               0x80c0 (size before relaxing)
 .debug_str     0x00009d75       0xea C:\Users\Matt\Documents\LPCXpresso_7.3.0_186\workspace\lpc_chip_8xx_lib\Debug\liblpc_chip_8xx_lib.a(syscon_8xx.o)
                               0x7bd2 (size before relaxing)

.comment        0x00000000       0xe0
 .comment       0x00000000       0x70 ./src/BAP_WaveGen.o
                                 0x71 (size before relaxing)
 .comment       0x00000000       0x71 ./src/KPS_VoiceClock.o
 .comment       0x00000000       0x71 ./src/cr_startup_lpc8xx.o
 .comment       0x00000000       0x71 ./src/crp.o
 .comment       0x00000000       0x71 ./src/mtb.o
 .comment       0x00000000       0x71 ./src/sysinit.o
 .comment       0x00000000       0x71 ./inc/BAP_TLV_DAC.o
 .comment       0x00000000       0x71 C:\Users\Matt\Documents\LPCXpresso_7.3.0_186\workspace\lpc_chip_8xx_lib\Debug\liblpc_chip_8xx_lib.a(chip_8xx.o)
 .comment       0x00000000       0x71 C:\Users\Matt\Documents\LPCXpresso_7.3.0_186\workspace\lpc_chip_8xx_lib\Debug\liblpc_chip_8xx_lib.a(clock_8xx.o)
 .comment       0x00000000       0x71 C:\Users\Matt\Documents\LPCXpresso_7.3.0_186\workspace\lpc_chip_8xx_lib\Debug\liblpc_chip_8xx_lib.a(ring_buffer.o)
 .comment       0x00000000       0x71 C:\Users\Matt\Documents\LPCXpresso_7.3.0_186\workspace\lpc_chip_8xx_lib\Debug\liblpc_chip_8xx_lib.a(sct_8xx.o)
 .comment       0x00000000       0x71 C:\Users\Matt\Documents\LPCXpresso_7.3.0_186\workspace\lpc_chip_8xx_lib\Debug\liblpc_chip_8xx_lib.a(spi_8xx.o)
 .comment       0x00000000       0x71 C:\Users\Matt\Documents\LPCXpresso_7.3.0_186\workspace\lpc_chip_8xx_lib\Debug\liblpc_chip_8xx_lib.a(sysinit_8xx.o)
 .comment       0x00000000       0x71 C:\Users\Matt\Documents\LPCXpresso_7.3.0_186\workspace\lpc_chip_8xx_lib\Debug\liblpc_chip_8xx_lib.a(uart_8xx.o)
 .comment       0x00000000       0x71 C:\Users\Matt\Documents\LPCXpresso_7.3.0_186\workspace\lpc_chip_8xx_lib\Debug\liblpc_chip_8xx_lib.a(syscon_8xx.o)
 .comment       0x00000070       0x70 c:/nxp/lpcxpresso_7.3.0_186/lpcxpresso/tools/bin/../lib/gcc/arm-none-eabi/4.8.4/../../../../arm-none-eabi/lib/armv6-m\libcr_c.a(memcpy.o)
                                 0x71 (size before relaxing)
 .comment       0x00000000       0x71 c:/nxp/lpcxpresso_7.3.0_186/lpcxpresso/tools/bin/../lib/gcc/arm-none-eabi/4.8.4/../../../../arm-none-eabi/lib/armv6-m\libcr_c.a(__weak__main.o)
 .comment       0x00000000       0x71 c:/nxp/lpcxpresso_7.3.0_186/lpcxpresso/tools/bin/../lib/gcc/arm-none-eabi/4.8.4/armv6-m\libcr_eabihelpers.a(float.o)

.ARM.attributes
                0x00000000       0x2f
 .ARM.attributes
                0x00000000       0x31 ./src/BAP_WaveGen.o
 .ARM.attributes
                0x00000031       0x31 ./src/KPS_VoiceClock.o
 .ARM.attributes
                0x00000062       0x31 ./src/cr_startup_lpc8xx.o
 .ARM.attributes
                0x00000093       0x31 ./src/crp.o
 .ARM.attributes
                0x000000c4       0x31 ./src/mtb.o
 .ARM.attributes
                0x000000f5       0x31 ./src/sysinit.o
 .ARM.attributes
                0x00000126       0x31 ./inc/BAP_TLV_DAC.o
 .ARM.attributes
                0x00000157       0x31 C:\Users\Matt\Documents\LPCXpresso_7.3.0_186\workspace\lpc_chip_8xx_lib\Debug\liblpc_chip_8xx_lib.a(chip_8xx.o)
 .ARM.attributes
                0x00000188       0x31 C:\Users\Matt\Documents\LPCXpresso_7.3.0_186\workspace\lpc_chip_8xx_lib\Debug\liblpc_chip_8xx_lib.a(clock_8xx.o)
 .ARM.attributes
                0x000001b9       0x31 C:\Users\Matt\Documents\LPCXpresso_7.3.0_186\workspace\lpc_chip_8xx_lib\Debug\liblpc_chip_8xx_lib.a(ring_buffer.o)
 .ARM.attributes
                0x000001ea       0x31 C:\Users\Matt\Documents\LPCXpresso_7.3.0_186\workspace\lpc_chip_8xx_lib\Debug\liblpc_chip_8xx_lib.a(sct_8xx.o)
 .ARM.attributes
                0x0000021b       0x31 C:\Users\Matt\Documents\LPCXpresso_7.3.0_186\workspace\lpc_chip_8xx_lib\Debug\liblpc_chip_8xx_lib.a(spi_8xx.o)
 .ARM.attributes
                0x0000024c       0x31 C:\Users\Matt\Documents\LPCXpresso_7.3.0_186\workspace\lpc_chip_8xx_lib\Debug\liblpc_chip_8xx_lib.a(sysinit_8xx.o)
 .ARM.attributes
                0x0000027d       0x31 C:\Users\Matt\Documents\LPCXpresso_7.3.0_186\workspace\lpc_chip_8xx_lib\Debug\liblpc_chip_8xx_lib.a(uart_8xx.o)
 .ARM.attributes
                0x000002ae       0x31 C:\Users\Matt\Documents\LPCXpresso_7.3.0_186\workspace\lpc_chip_8xx_lib\Debug\liblpc_chip_8xx_lib.a(syscon_8xx.o)
 .ARM.attributes
                0x000002df       0x31 c:/nxp/lpcxpresso_7.3.0_186/lpcxpresso/tools/bin/../lib/gcc/arm-none-eabi/4.8.4/../../../../arm-none-eabi/lib/armv6-m\libcr_c.a(memcpy.o)
 .ARM.attributes
                0x00000310       0x31 c:/nxp/lpcxpresso_7.3.0_186/lpcxpresso/tools/bin/../lib/gcc/arm-none-eabi/4.8.4/../../../../arm-none-eabi/lib/armv6-m\libcr_c.a(__weak__main.o)
 .ARM.attributes
                0x00000341       0x21 c:/nxp/lpcxpresso_7.3.0_186/lpcxpresso/tools/bin/../lib/gcc/arm-none-eabi/4.8.4/armv6-m\libcr_eabihelpers.a(division_32.o)
 .ARM.attributes
                0x00000362       0x21 c:/nxp/lpcxpresso_7.3.0_186/lpcxpresso/tools/bin/../lib/gcc/arm-none-eabi/4.8.4/armv6-m\libcr_eabihelpers.a(division_idiv0.o)
 .ARM.attributes
                0x00000383       0x31 c:/nxp/lpcxpresso_7.3.0_186/lpcxpresso/tools/bin/../lib/gcc/arm-none-eabi/4.8.4/armv6-m\libcr_eabihelpers.a(float.o)
 .ARM.attributes
                0x000003b4       0x21 c:/nxp/lpcxpresso_7.3.0_186/lpcxpresso/tools/bin/../lib/gcc/arm-none-eabi/4.8.4/armv6-m\libcr_eabihelpers.a(memcpy.o)

.debug_frame    0x00000000      0x7ec
 .debug_frame   0x00000000       0x6c ./src/BAP_WaveGen.o
 .debug_frame   0x0000006c       0xdc ./src/KPS_VoiceClock.o
 .debug_frame   0x00000148       0xb0 ./src/cr_startup_lpc8xx.o
 .debug_frame   0x000001f8       0x28 ./src/sysinit.o
 .debug_frame   0x00000220       0x6c ./inc/BAP_TLV_DAC.o
 .debug_frame   0x0000028c       0x28 C:\Users\Matt\Documents\LPCXpresso_7.3.0_186\workspace\lpc_chip_8xx_lib\Debug\liblpc_chip_8xx_lib.a(chip_8xx.o)
 .debug_frame   0x000002b4       0xe8 C:\Users\Matt\Documents\LPCXpresso_7.3.0_186\workspace\lpc_chip_8xx_lib\Debug\liblpc_chip_8xx_lib.a(clock_8xx.o)
 .debug_frame   0x0000039c       0x94 C:\Users\Matt\Documents\LPCXpresso_7.3.0_186\workspace\lpc_chip_8xx_lib\Debug\liblpc_chip_8xx_lib.a(ring_buffer.o)
 .debug_frame   0x00000430       0x58 C:\Users\Matt\Documents\LPCXpresso_7.3.0_186\workspace\lpc_chip_8xx_lib\Debug\liblpc_chip_8xx_lib.a(sct_8xx.o)
 .debug_frame   0x00000488      0x15c C:\Users\Matt\Documents\LPCXpresso_7.3.0_186\workspace\lpc_chip_8xx_lib\Debug\liblpc_chip_8xx_lib.a(spi_8xx.o)
 .debug_frame   0x000005e4       0x28 C:\Users\Matt\Documents\LPCXpresso_7.3.0_186\workspace\lpc_chip_8xx_lib\Debug\liblpc_chip_8xx_lib.a(sysinit_8xx.o)
 .debug_frame   0x0000060c      0x188 C:\Users\Matt\Documents\LPCXpresso_7.3.0_186\workspace\lpc_chip_8xx_lib\Debug\liblpc_chip_8xx_lib.a(uart_8xx.o)
 .debug_frame   0x00000794       0x58 C:\Users\Matt\Documents\LPCXpresso_7.3.0_186\workspace\lpc_chip_8xx_lib\Debug\liblpc_chip_8xx_lib.a(syscon_8xx.o)
