Archive member included because of file (symbol)

C:\Users\Matt\Documents\LPCXpresso_7.3.0_186\workspace\lpc_chip_8xx_lib\Debug\liblpc_chip_8xx_lib.a(sysinit_8xx.o)
                              ./src/sysinit.o (Chip_SystemInit)
C:\Users\Matt\Documents\LPCXpresso_7.3.0_186\workspace\lpc_chip_8xx_lib\Debug\liblpc_chip_8xx_lib.a(clock_8xx.o)
                              C:\Users\Matt\Documents\LPCXpresso_7.3.0_186\workspace\lpc_chip_8xx_lib\Debug\liblpc_chip_8xx_lib.a(sysinit_8xx.o) (Chip_Clock_SetSystemPLLSource)
C:\Users\Matt\Documents\LPCXpresso_7.3.0_186\workspace\lpc_chip_8xx_lib\Debug\liblpc_chip_8xx_lib.a(syscon_8xx.o)
                              C:\Users\Matt\Documents\LPCXpresso_7.3.0_186\workspace\lpc_chip_8xx_lib\Debug\liblpc_chip_8xx_lib.a(sysinit_8xx.o) (Chip_SYSCTL_PowerDown)
c:/nxp/lpcxpresso_7.3.0_186/lpcxpresso/tools/bin/../lib/gcc/arm-none-eabi/4.8.4/../../../../arm-none-eabi/lib/armv6-m\libcr_c.a(__weak__main.o)
                              ./src/cr_startup_lpc8xx.o (__main)
c:/nxp/lpcxpresso_7.3.0_186/lpcxpresso/tools/bin/../lib/gcc/arm-none-eabi/4.8.4/armv6-m\libcr_eabihelpers.a(division_32.o)
                              C:\Users\Matt\Documents\LPCXpresso_7.3.0_186\workspace\lpc_chip_8xx_lib\Debug\liblpc_chip_8xx_lib.a(clock_8xx.o) (__aeabi_uidiv)
c:/nxp/lpcxpresso_7.3.0_186/lpcxpresso/tools/bin/../lib/gcc/arm-none-eabi/4.8.4/armv6-m\libcr_eabihelpers.a(division_idiv0.o)
                              c:/nxp/lpcxpresso_7.3.0_186/lpcxpresso/tools/bin/../lib/gcc/arm-none-eabi/4.8.4/armv6-m\libcr_eabihelpers.a(division_32.o) (__aeabi_idiv0)
