Archive member included because of file (symbol)

c:/program files (x86)/atmel/atmel toolchain/avr8 gcc/native/3.4.1056/avr8-gnu-toolchain/bin/../lib/gcc/avr/4.8.1/../../../../avr/lib/avr25\libm.a(addsf3.o)
                              _baplib/FreqGen.o (__subsf3)
c:/program files (x86)/atmel/atmel toolchain/avr8 gcc/native/3.4.1056/avr8-gnu-toolchain/bin/../lib/gcc/avr/4.8.1/../../../../avr/lib/avr25\libm.a(addsf3x.o)
                              c:/program files (x86)/atmel/atmel toolchain/avr8 gcc/native/3.4.1056/avr8-gnu-toolchain/bin/../lib/gcc/avr/4.8.1/../../../../avr/lib/avr25\libm.a(addsf3.o) (__addsf3x)
c:/program files (x86)/atmel/atmel toolchain/avr8 gcc/native/3.4.1056/avr8-gnu-toolchain/bin/../lib/gcc/avr/4.8.1/../../../../avr/lib/avr25\libm.a(divsf3.o)
                              _baplib/FreqGen.o (__divsf3)
c:/program files (x86)/atmel/atmel toolchain/avr8 gcc/native/3.4.1056/avr8-gnu-toolchain/bin/../lib/gcc/avr/4.8.1/../../../../avr/lib/avr25\libm.a(divsf3x.o)
                              c:/program files (x86)/atmel/atmel toolchain/avr8 gcc/native/3.4.1056/avr8-gnu-toolchain/bin/../lib/gcc/avr/4.8.1/../../../../avr/lib/avr25\libm.a(divsf3.o) (__divsf3x)
c:/program files (x86)/atmel/atmel toolchain/avr8 gcc/native/3.4.1056/avr8-gnu-toolchain/bin/../lib/gcc/avr/4.8.1/../../../../avr/lib/avr25\libm.a(fixunssfsi.o)
                              _baplib/FreqGen.o (__fixunssfsi)
c:/program files (x86)/atmel/atmel toolchain/avr8 gcc/native/3.4.1056/avr8-gnu-toolchain/bin/../lib/gcc/avr/4.8.1/../../../../avr/lib/avr25\libm.a(fp_inf.o)
                              c:/program files (x86)/atmel/atmel toolchain/avr8 gcc/native/3.4.1056/avr8-gnu-toolchain/bin/../lib/gcc/avr/4.8.1/../../../../avr/lib/avr25\libm.a(addsf3x.o) (__fp_inf)
c:/program files (x86)/atmel/atmel toolchain/avr8 gcc/native/3.4.1056/avr8-gnu-toolchain/bin/../lib/gcc/avr/4.8.1/../../../../avr/lib/avr25\libm.a(fp_nan.o)
                              c:/program files (x86)/atmel/atmel toolchain/avr8 gcc/native/3.4.1056/avr8-gnu-toolchain/bin/../lib/gcc/avr/4.8.1/../../../../avr/lib/avr25\libm.a(addsf3x.o) (__fp_nan)
c:/program files (x86)/atmel/atmel toolchain/avr8 gcc/native/3.4.1056/avr8-gnu-toolchain/bin/../lib/gcc/avr/4.8.1/../../../../avr/lib/avr25\libm.a(fp_pscA.o)
                              c:/program files (x86)/atmel/atmel toolchain/avr8 gcc/native/3.4.1056/avr8-gnu-toolchain/bin/../lib/gcc/avr/4.8.1/../../../../avr/lib/avr25\libm.a(addsf3x.o) (__fp_pscA)
c:/program files (x86)/atmel/atmel toolchain/avr8 gcc/native/3.4.1056/avr8-gnu-toolchain/bin/../lib/gcc/avr/4.8.1/../../../../avr/lib/avr25\libm.a(fp_pscB.o)
                              c:/program files (x86)/atmel/atmel toolchain/avr8 gcc/native/3.4.1056/avr8-gnu-toolchain/bin/../lib/gcc/avr/4.8.1/../../../../avr/lib/avr25\libm.a(addsf3x.o) (__fp_pscB)
c:/program files (x86)/atmel/atmel toolchain/avr8 gcc/native/3.4.1056/avr8-gnu-toolchain/bin/../lib/gcc/avr/4.8.1/../../../../avr/lib/avr25\libm.a(fp_round.o)
                              c:/program files (x86)/atmel/atmel toolchain/avr8 gcc/native/3.4.1056/avr8-gnu-toolchain/bin/../lib/gcc/avr/4.8.1/../../../../avr/lib/avr25\libm.a(addsf3.o) (__fp_round)
c:/program files (x86)/atmel/atmel toolchain/avr8 gcc/native/3.4.1056/avr8-gnu-toolchain/bin/../lib/gcc/avr/4.8.1/../../../../avr/lib/avr25\libm.a(fp_split3.o)
                              c:/program files (x86)/atmel/atmel toolchain/avr8 gcc/native/3.4.1056/avr8-gnu-toolchain/bin/../lib/gcc/avr/4.8.1/../../../../avr/lib/avr25\libm.a(addsf3x.o) (__fp_split3)
c:/program files (x86)/atmel/atmel toolchain/avr8 gcc/native/3.4.1056/avr8-gnu-toolchain/bin/../lib/gcc/avr/4.8.1/../../../../avr/lib/avr25\libm.a(fp_zero.o)
                              c:/program files (x86)/atmel/atmel toolchain/avr8 gcc/native/3.4.1056/avr8-gnu-toolchain/bin/../lib/gcc/avr/4.8.1/../../../../avr/lib/avr25\libm.a(addsf3x.o) (__fp_zero)
c:/program files (x86)/atmel/atmel toolchain/avr8 gcc/native/3.4.1056/avr8-gnu-toolchain/bin/../lib/gcc/avr/4.8.1/../../../../avr/lib/avr25\libm.a(gesf2.o)
                              _baplib/FreqGen.o (__gtsf2)
c:/program files (x86)/atmel/atmel toolchain/avr8 gcc/native/3.4.1056/avr8-gnu-toolchain/bin/../lib/gcc/avr/4.8.1/../../../../avr/lib/avr25\libm.a(mulsf3.o)
                              _baplib/FreqGen.o (__mulsf3)
c:/program files (x86)/atmel/atmel toolchain/avr8 gcc/native/3.4.1056/avr8-gnu-toolchain/bin/../lib/gcc/avr/4.8.1/../../../../avr/lib/avr25\libm.a(mulsf3x.o)
                              c:/program files (x86)/atmel/atmel toolchain/avr8 gcc/native/3.4.1056/avr8-gnu-toolchain/bin/../lib/gcc/avr/4.8.1/../../../../avr/lib/avr25\libm.a(mulsf3.o) (__mulsf3x)
c:/program files (x86)/atmel/atmel toolchain/avr8 gcc/native/3.4.1056/avr8-gnu-toolchain/bin/../lib/gcc/avr/4.8.1/../../../../avr/lib/avr25\libm.a(fp_cmp.o)
                              c:/program files (x86)/atmel/atmel toolchain/avr8 gcc/native/3.4.1056/avr8-gnu-toolchain/bin/../lib/gcc/avr/4.8.1/../../../../avr/lib/avr25\libm.a(gesf2.o) (__fp_cmp)
c:/program files (x86)/atmel/atmel toolchain/avr8 gcc/native/3.4.1056/avr8-gnu-toolchain/bin/../lib/gcc/avr/4.8.1/avr25\libgcc.a(_udivmodqi4.o)
                              _baplib/FlagHandler.o (__udivmodqi4)
c:/program files (x86)/atmel/atmel toolchain/avr8 gcc/native/3.4.1056/avr8-gnu-toolchain/bin/../lib/gcc/avr/4.8.1/avr25\libgcc.a(_udivmodsi4.o)
                              _baplib/USART.o (__udivmodsi4)
c:/program files (x86)/atmel/atmel toolchain/avr8 gcc/native/3.4.1056/avr8-gnu-toolchain/bin/../lib/gcc/avr/4.8.1/avr25\libgcc.a(_exit.o)
                              c:/program files (x86)/atmel/atmel toolchain/avr8 gcc/native/3.4.1056/avr8-gnu-toolchain/bin/../lib/gcc/avr/4.8.1/../../../../avr/lib/avr25/crttn4313.o (exit)
c:/program files (x86)/atmel/atmel toolchain/avr8 gcc/native/3.4.1056/avr8-gnu-toolchain/bin/../lib/gcc/avr/4.8.1/avr25\libgcc.a(_copy_data.o)
                              Bawler2_5_CPP.o (__do_copy_data)
c:/program files (x86)/atmel/atmel toolchain/avr8 gcc/native/3.4.1056/avr8-gnu-toolchain/bin/../lib/gcc/avr/4.8.1/avr25\libgcc.a(_clear_bss.o)
                              Bawler2_5_CPP.o (__do_clear_bss)
c:/program files (x86)/atmel/atmel toolchain/avr8 gcc/native/3.4.1056/avr8-gnu-toolchain/bin/../lib/gcc/avr/4.8.1/avr25\libgcc.a(_ctors.o)
                              Bawler2_5_CPP.o (__do_global_ctors)
c:/program files (x86)/atmel/atmel toolchain/avr8 gcc/native/3.4.1056/avr8-gnu-toolchain/bin/../lib/gcc/avr/4.8.1/avr25\libgcc.a(_dtors.o)
                              Bawler2_5_CPP.o (__do_global_dtors)
c:/program files (x86)/atmel/atmel toolchain/avr8 gcc/native/3.4.1056/avr8-gnu-toolchain/bin/../lib/gcc/avr/4.8.1/avr25\libgcc.a(_tablejump.o)
                              c:/program files (x86)/atmel/atmel toolchain/avr8 gcc/native/3.4.1056/avr8-gnu-toolchain/bin/../lib/gcc/avr/4.8.1/avr25\libgcc.a(_ctors.o) (__tablejump__)
c:/program files (x86)/atmel/atmel toolchain/avr8 gcc/native/3.4.1056/avr8-gnu-toolchain/bin/../lib/gcc/avr/4.8.1/../../../../avr/lib/avr25\libc.a(malloc.o)
                              Bawler2_5_CPP.o (malloc)

Allocating common symbols
Common symbol       size              file

__brkval            0x2               c:/program files (x86)/atmel/atmel toolchain/avr8 gcc/native/3.4.1056/avr8-gnu-toolchain/bin/../lib/gcc/avr/4.8.1/../../../../avr/lib/avr25\libc.a(malloc.o)
__flp               0x2               c:/program files (x86)/atmel/atmel toolchain/avr8 gcc/native/3.4.1056/avr8-gnu-toolchain/bin/../lib/gcc/avr/4.8.1/../../../../avr/lib/avr25\libc.a(malloc.o)

Discarded input sections

 .bss           0x00000000        0x0 c:/program files (x86)/atmel/atmel toolchain/avr8 gcc/native/3.4.1056/avr8-gnu-toolchain/bin/../lib/gcc/avr/4.8.1/../../../../avr/lib/avr25/crttn4313.o
 .group         0x00000000        0x8 Bawler2_5_CPP.o
 .group         0x00000000        0x8 Bawler2_5_CPP.o
 .group         0x00000000        0x8 Bawler2_5_CPP.o
 .group         0x00000000        0x8 Bawler2_5_CPP.o
 .group         0x00000000        0x8 Bawler2_5_CPP.o
 .group         0x00000000        0x8 Bawler2_5_CPP.o
 .group         0x00000000        0x8 Bawler2_5_CPP.o
 .group         0x00000000        0x8 Bawler2_5_CPP.o
 .group         0x00000000        0x8 Bawler2_5_CPP.o
 .group         0x00000000        0x8 Bawler2_5_CPP.o
 .group         0x00000000        0x8 Bawler2_5_CPP.o
 .group         0x00000000        0x8 Bawler2_5_CPP.o
 .group         0x00000000        0x8 Bawler2_5_CPP.o
 .group         0x00000000        0x8 Bawler2_5_CPP.o
 .group         0x00000000        0x8 Bawler2_5_CPP.o
 .group         0x00000000        0x8 Bawler2_5_CPP.o
 .group         0x00000000        0x8 Bawler2_5_CPP.o
 .group         0x00000000        0x8 Bawler2_5_CPP.o
 .group         0x00000000        0x8 Bawler2_5_CPP.o
 .group         0x00000000        0x8 Bawler2_5_CPP.o
 .group         0x00000000        0x8 Bawler2_5_CPP.o
 .group         0x00000000        0x8 Bawler2_5_CPP.o
 .group         0x00000000        0x8 Bawler2_5_CPP.o
 .group         0x00000000        0x8 Bawler2_5_CPP.o
 .group         0x00000000        0x8 Bawler2_5_CPP.o
 .group         0x00000000        0x8 Bawler2_5_CPP.o
 .group         0x00000000        0x8 Bawler2_5_CPP.o
 .group         0x00000000        0x8 Bawler2_5_CPP.o
 .group         0x00000000        0x8 Bawler2_5_CPP.o
 .group         0x00000000        0x8 Bawler2_5_CPP.o
 .group         0x00000000        0x8 Bawler2_5_CPP.o
 .group         0x00000000        0x8 Bawler2_5_CPP.o
 .group         0x00000000        0x8 Bawler2_5_CPP.o
 .text          0x00000000        0x0 Bawler2_5_CPP.o
 .bss           0x00000000        0x0 Bawler2_5_CPP.o
 .text.__cxa_guard_acquire
                0x00000000       0x12 Bawler2_5_CPP.o
 .text.__cxa_guard_release
                0x00000000        0x8 Bawler2_5_CPP.o
 .text.__cxa_guard_abort
                0x00000000        0x2 Bawler2_5_CPP.o
 .text._Z8debouncePVhh
                0x00000000       0x22 Bawler2_5_CPP.o
 .text._Z8TapTempov
                0x00000000       0x44 Bawler2_5_CPP.o
 .bss._ZZ8TapTempovE8tapCount
                0x00000000        0x1 Bawler2_5_CPP.o
 .data._ZZ8TapTempovE14oldButtonState
                0x00000000        0x1 Bawler2_5_CPP.o
 .group         0x00000000        0x8 _baplib/Button.o
 .group         0x00000000        0x8 _baplib/Button.o
 .group         0x00000000        0x8 _baplib/Button.o
 .group         0x00000000        0x8 _baplib/Button.o
 .group         0x00000000        0x8 _baplib/Button.o
 .group         0x00000000        0x8 _baplib/Button.o
 .group         0x00000000        0x8 _baplib/Button.o
 .group         0x00000000        0x8 _baplib/Button.o
 .group         0x00000000        0x8 _baplib/Button.o
 .group         0x00000000        0x8 _baplib/Button.o
 .group         0x00000000        0x8 _baplib/Button.o
 .group         0x00000000        0x8 _baplib/Button.o
 .group         0x00000000        0x8 _baplib/Button.o
 .group         0x00000000        0x8 _baplib/Button.o
 .group         0x00000000        0x8 _baplib/Button.o
 .group         0x00000000        0x8 _baplib/Button.o
 .group         0x00000000        0x8 _baplib/Button.o
 .group         0x00000000        0x8 _baplib/Button.o
 .group         0x00000000        0x8 _baplib/Button.o
 .group         0x00000000        0x8 _baplib/Button.o
 .group         0x00000000        0x8 _baplib/Button.o
 .group         0x00000000        0x8 _baplib/Button.o
 .group         0x00000000        0x8 _baplib/Button.o
 .group         0x00000000        0x8 _baplib/Button.o
 .group         0x00000000        0x8 _baplib/Button.o
 .group         0x00000000        0x8 _baplib/Button.o
 .text          0x00000000        0x0 _baplib/Button.o
 .bss           0x00000000        0x0 _baplib/Button.o
 .text._ZN6ButtonC2EPVhhP17PeripheralHandler
                0x00000000        0xe _baplib/Button.o
 .text._ZN6ButtonD2Ev
                0x00000000        0x2 _baplib/Button.o
 .debug_macro   0x00000000      0xa0c _baplib/Button.o
 .debug_macro   0x00000000       0x10 _baplib/Button.o
 .debug_macro   0x00000000       0x1e _baplib/Button.o
 .debug_macro   0x00000000       0x9e _baplib/Button.o
 .debug_macro   0x00000000     0x108d _baplib/Button.o
 .debug_macro   0x00000000      0x114 _baplib/Button.o
 .debug_macro   0x00000000       0xbd _baplib/Button.o
 .debug_macro   0x00000000       0x34 _baplib/Button.o
 .debug_macro   0x00000000       0x18 _baplib/Button.o
 .debug_macro   0x00000000       0x34 _baplib/Button.o
 .debug_macro   0x00000000       0x69 _baplib/Button.o
 .debug_macro   0x00000000       0x34 _baplib/Button.o
 .debug_macro   0x00000000       0x28 _baplib/Button.o
 .debug_macro   0x00000000       0x11 _baplib/Button.o
 .debug_macro   0x00000000       0x16 _baplib/Button.o
 .group         0x00000000        0x8 _baplib/FlagHandler.o
 .group         0x00000000        0x8 _baplib/FlagHandler.o
 .group         0x00000000        0x8 _baplib/FlagHandler.o
 .group         0x00000000        0x8 _baplib/FlagHandler.o
 .group         0x00000000        0x8 _baplib/FlagHandler.o
 .group         0x00000000        0x8 _baplib/FlagHandler.o
 .group         0x00000000        0x8 _baplib/FlagHandler.o
 .group         0x00000000        0x8 _baplib/FlagHandler.o
 .group         0x00000000        0x8 _baplib/FlagHandler.o
 .group         0x00000000        0x8 _baplib/FlagHandler.o
 .group         0x00000000        0x8 _baplib/FlagHandler.o
 .group         0x00000000        0x8 _baplib/FlagHandler.o
 .group         0x00000000        0x8 _baplib/FlagHandler.o
 .text          0x00000000        0x0 _baplib/FlagHandler.o
 .bss           0x00000000        0x0 _baplib/FlagHandler.o
 .text._ZN11FlagHandlerC2EPVh
                0x00000000       0xa6 _baplib/FlagHandler.o
 .text._ZN11FlagHandler10GetNewFlagEv
                0x00000000       0x28 _baplib/FlagHandler.o
 .text._ZN11FlagHandler12GetFlagStateEh
                0x00000000       0x26 _baplib/FlagHandler.o
 .text._ZN11FlagHandler7SetFlagEh
                0x00000000       0x1c _baplib/FlagHandler.o
 .text._ZN11FlagHandler9ClearFlagEh
                0x00000000       0x1e _baplib/FlagHandler.o
 .text._ZN11FlagHandlerD2Ev
                0x00000000       0x20 _baplib/FlagHandler.o
 .debug_macro   0x00000000      0xa0c _baplib/FlagHandler.o
 .debug_macro   0x00000000       0x10 _baplib/FlagHandler.o
 .debug_macro   0x00000000       0x1e _baplib/FlagHandler.o
 .debug_macro   0x00000000       0x9e _baplib/FlagHandler.o
 .debug_macro   0x00000000     0x108d _baplib/FlagHandler.o
 .debug_macro   0x00000000      0x114 _baplib/FlagHandler.o
 .debug_macro   0x00000000       0xbd _baplib/FlagHandler.o
 .debug_macro   0x00000000       0x34 _baplib/FlagHandler.o
 .debug_macro   0x00000000       0x18 _baplib/FlagHandler.o
 .debug_macro   0x00000000       0x34 _baplib/FlagHandler.o
 .debug_macro   0x00000000       0x69 _baplib/FlagHandler.o
 .debug_macro   0x00000000       0x34 _baplib/FlagHandler.o
 .debug_macro   0x00000000       0x28 _baplib/FlagHandler.o
 .group         0x00000000        0x8 _baplib/MidiDevice.o
 .group         0x00000000        0x8 _baplib/MidiDevice.o
 .group         0x00000000        0x8 _baplib/MidiDevice.o
 .group         0x00000000        0x8 _baplib/MidiDevice.o
 .group         0x00000000        0x8 _baplib/MidiDevice.o
 .group         0x00000000        0x8 _baplib/MidiDevice.o
 .group         0x00000000        0x8 _baplib/MidiDevice.o
 .group         0x00000000        0x8 _baplib/MidiDevice.o
 .group         0x00000000        0x8 _baplib/MidiDevice.o
 .group         0x00000000        0x8 _baplib/MidiDevice.o
 .group         0x00000000        0x8 _baplib/MidiDevice.o
 .group         0x00000000        0x8 _baplib/MidiDevice.o
 .group         0x00000000        0x8 _baplib/MidiDevice.o
 .text          0x00000000        0x0 _baplib/MidiDevice.o
 .bss           0x00000000        0x0 _baplib/MidiDevice.o
 .text._ZN10MidiDeviceC2Ev
                0x00000000        0xa _baplib/MidiDevice.o
 .text._ZN10MidiDevice14Trigger_NoteOnEhh
                0x00000000       0x4c _baplib/MidiDevice.o
 .text._ZN10MidiDevice8IsStatusEh
                0x00000000        0xa _baplib/MidiDevice.o
 .text._ZN10MidiDevice6RouterEh
                0x00000000       0x32 _baplib/MidiDevice.o
 .text._ZN10MidiDevice26AssignFunction_MIDI_NoteOnEPFvhE
                0x00000000        0x8 _baplib/MidiDevice.o
 .debug_macro   0x00000000      0xa0c _baplib/MidiDevice.o
 .debug_macro   0x00000000       0x10 _baplib/MidiDevice.o
 .debug_macro   0x00000000       0x1e _baplib/MidiDevice.o
 .debug_macro   0x00000000     0x108d _baplib/MidiDevice.o
 .debug_macro   0x00000000      0x114 _baplib/MidiDevice.o
 .debug_macro   0x00000000       0xbd _baplib/MidiDevice.o
 .debug_macro   0x00000000       0x34 _baplib/MidiDevice.o
 .debug_macro   0x00000000       0x18 _baplib/MidiDevice.o
 .debug_macro   0x00000000       0x34 _baplib/MidiDevice.o
 .debug_macro   0x00000000       0x10 _baplib/MidiDevice.o
 .group         0x00000000        0x8 _baplib/PeripheralHandler.o
 .group         0x00000000        0x8 _baplib/PeripheralHandler.o
 .group         0x00000000        0x8 _baplib/PeripheralHandler.o
 .group         0x00000000        0x8 _baplib/PeripheralHandler.o
 .group         0x00000000        0x8 _baplib/PeripheralHandler.o
 .group         0x00000000        0x8 _baplib/PeripheralHandler.o
 .group         0x00000000        0x8 _baplib/PeripheralHandler.o
 .group         0x00000000        0x8 _baplib/PeripheralHandler.o
 .group         0x00000000        0x8 _baplib/PeripheralHandler.o
 .group         0x00000000        0x8 _baplib/PeripheralHandler.o
 .group         0x00000000        0x8 _baplib/PeripheralHandler.o
 .group         0x00000000        0x8 _baplib/PeripheralHandler.o
 .group         0x00000000        0x8 _baplib/PeripheralHandler.o
 .group         0x00000000        0x8 _baplib/PeripheralHandler.o
 .group         0x00000000        0x8 _baplib/PeripheralHandler.o
 .group         0x00000000        0x8 _baplib/PeripheralHandler.o
 .group         0x00000000        0x8 _baplib/PeripheralHandler.o
 .group         0x00000000        0x8 _baplib/PeripheralHandler.o
 .group         0x00000000        0x8 _baplib/PeripheralHandler.o
 .group         0x00000000        0x8 _baplib/PeripheralHandler.o
 .group         0x00000000        0x8 _baplib/PeripheralHandler.o
 .group         0x00000000        0x8 _baplib/PeripheralHandler.o
 .group         0x00000000        0x8 _baplib/PeripheralHandler.o
 .group         0x00000000        0x8 _baplib/PeripheralHandler.o
 .group         0x00000000        0x8 _baplib/PeripheralHandler.o
 .group         0x00000000        0x8 _baplib/PeripheralHandler.o
 .text          0x00000000        0x0 _baplib/PeripheralHandler.o
 .bss           0x00000000        0x0 _baplib/PeripheralHandler.o
 .text._ZN17PeripheralHandler12forward_MIDIEh
                0x00000000       0x4c _baplib/PeripheralHandler.o
 .text._ZN17PeripheralHandlerC2Ev
                0x00000000       0x1c _baplib/PeripheralHandler.o
 .text._ZN17PeripheralHandler16GetNewMidiDeviceEv
                0x00000000       0x78 _baplib/PeripheralHandler.o
 .text._ZN17PeripheralHandler11GetNewUSARTEm
                0x00000000       0x5e _baplib/PeripheralHandler.o
 .text._ZN17PeripheralHandler15GetNew8BitTimerEv
                0x00000000       0x26 _baplib/PeripheralHandler.o
 .text._ZN17PeripheralHandler15GetNew8BitTimerE15prescaleSetting
                0x00000000       0x40 _baplib/PeripheralHandler.o
 .text._ZN17PeripheralHandler15GetNewTWIMasterEv
                0x00000000       0x26 _baplib/PeripheralHandler.o
 .text._ZN17PeripheralHandler15FireRXInterruptEh
                0x00000000        0x8 _baplib/PeripheralHandler.o
 .text._ZN17PeripheralHandlerD2Ev
                0x00000000       0x14 _baplib/PeripheralHandler.o
 .debug_macro   0x00000000      0xa0c _baplib/PeripheralHandler.o
 .debug_macro   0x00000000       0x10 _baplib/PeripheralHandler.o
 .debug_macro   0x00000000       0x1e _baplib/PeripheralHandler.o
 .debug_macro   0x00000000       0x9e _baplib/PeripheralHandler.o
 .debug_macro   0x00000000     0x108d _baplib/PeripheralHandler.o
 .debug_macro   0x00000000      0x114 _baplib/PeripheralHandler.o
 .debug_macro   0x00000000       0xbd _baplib/PeripheralHandler.o
 .debug_macro   0x00000000       0x34 _baplib/PeripheralHandler.o
 .debug_macro   0x00000000       0x18 _baplib/PeripheralHandler.o
 .debug_macro   0x00000000       0x34 _baplib/PeripheralHandler.o
 .debug_macro   0x00000000       0x69 _baplib/PeripheralHandler.o
 .debug_macro   0x00000000       0x34 _baplib/PeripheralHandler.o
 .debug_macro   0x00000000       0x28 _baplib/PeripheralHandler.o
 .debug_macro   0x00000000       0x11 _baplib/PeripheralHandler.o
 .debug_macro   0x00000000       0x16 _baplib/PeripheralHandler.o
 .debug_macro   0x00000000       0x97 _baplib/PeripheralHandler.o
 .debug_macro   0x00000000       0x16 _baplib/PeripheralHandler.o
 .debug_macro   0x00000000       0xef _baplib/PeripheralHandler.o
 .debug_macro   0x00000000       0x5e _baplib/PeripheralHandler.o
 .debug_macro   0x00000000       0x4c _baplib/PeripheralHandler.o
 .debug_macro   0x00000000       0x34 _baplib/PeripheralHandler.o
 .debug_macro   0x00000000       0x10 _baplib/PeripheralHandler.o
 .debug_macro   0x00000000       0x35 _baplib/PeripheralHandler.o
 .debug_macro   0x00000000       0xe2 _baplib/PeripheralHandler.o
 .debug_macro   0x00000000       0x10 _baplib/PeripheralHandler.o
 .debug_macro   0x00000000       0x5e _baplib/PeripheralHandler.o
 .group         0x00000000        0x8 _baplib/Scheduler.o
 .group         0x00000000        0x8 _baplib/Scheduler.o
 .group         0x00000000        0x8 _baplib/Scheduler.o
 .group         0x00000000        0x8 _baplib/Scheduler.o
 .group         0x00000000        0x8 _baplib/Scheduler.o
 .group         0x00000000        0x8 _baplib/Scheduler.o
 .group         0x00000000        0x8 _baplib/Scheduler.o
 .group         0x00000000        0x8 _baplib/Scheduler.o
 .group         0x00000000        0x8 _baplib/Scheduler.o
 .group         0x00000000        0x8 _baplib/Scheduler.o
 .group         0x00000000        0x8 _baplib/Scheduler.o
 .group         0x00000000        0x8 _baplib/Scheduler.o
 .group         0x00000000        0x8 _baplib/Scheduler.o
 .group         0x00000000        0x8 _baplib/Scheduler.o
 .group         0x00000000        0x8 _baplib/Scheduler.o
 .group         0x00000000        0x8 _baplib/Scheduler.o
 .group         0x00000000        0x8 _baplib/Scheduler.o
 .group         0x00000000        0x8 _baplib/Scheduler.o
 .text          0x00000000        0x0 _baplib/Scheduler.o
 .bss           0x00000000        0x0 _baplib/Scheduler.o
 .debug_macro   0x00000000      0xa0c _baplib/Scheduler.o
 .debug_macro   0x00000000       0x10 _baplib/Scheduler.o
 .debug_macro   0x00000000       0x1e _baplib/Scheduler.o
 .debug_macro   0x00000000       0x9e _baplib/Scheduler.o
 .debug_macro   0x00000000     0x108d _baplib/Scheduler.o
 .debug_macro   0x00000000      0x114 _baplib/Scheduler.o
 .debug_macro   0x00000000       0xbd _baplib/Scheduler.o
 .debug_macro   0x00000000       0x34 _baplib/Scheduler.o
 .debug_macro   0x00000000       0x18 _baplib/Scheduler.o
 .debug_macro   0x00000000       0x34 _baplib/Scheduler.o
 .debug_macro   0x00000000       0x69 _baplib/Scheduler.o
 .debug_macro   0x00000000       0x34 _baplib/Scheduler.o
 .debug_macro   0x00000000       0x28 _baplib/Scheduler.o
 .debug_macro   0x00000000       0x11 _baplib/Scheduler.o
 .debug_macro   0x00000000       0x16 _baplib/Scheduler.o
 .debug_macro   0x00000000       0x97 _baplib/Scheduler.o
 .debug_macro   0x00000000       0x16 _baplib/Scheduler.o
 .debug_macro   0x00000000       0xef _baplib/Scheduler.o
 .group         0x00000000        0x8 _baplib/SoftTimer.o
 .group         0x00000000        0x8 _baplib/SoftTimer.o
 .group         0x00000000        0x8 _baplib/SoftTimer.o
 .group         0x00000000        0x8 _baplib/SoftTimer.o
 .group         0x00000000        0x8 _baplib/SoftTimer.o
 .group         0x00000000        0x8 _baplib/SoftTimer.o
 .group         0x00000000        0x8 _baplib/SoftTimer.o
 .group         0x00000000        0x8 _baplib/SoftTimer.o
 .group         0x00000000        0x8 _baplib/SoftTimer.o
 .group         0x00000000        0x8 _baplib/SoftTimer.o
 .group         0x00000000        0x8 _baplib/SoftTimer.o
 .group         0x00000000        0x8 _baplib/SoftTimer.o
 .group         0x00000000        0x8 _baplib/SoftTimer.o
 .group         0x00000000        0x8 _baplib/SoftTimer.o
 .group         0x00000000        0x8 _baplib/SoftTimer.o
 .group         0x00000000        0x8 _baplib/SoftTimer.o
 .group         0x00000000        0x8 _baplib/SoftTimer.o
 .group         0x00000000        0x8 _baplib/SoftTimer.o
 .text          0x00000000        0x0 _baplib/SoftTimer.o
 .bss           0x00000000        0x0 _baplib/SoftTimer.o
 .text._ZN9SoftTimerC2Ev
                0x00000000        0x2 _baplib/SoftTimer.o
 .text._ZN9SoftTimerD2Ev
                0x00000000        0x2 _baplib/SoftTimer.o
 .debug_macro   0x00000000      0xa0c _baplib/SoftTimer.o
 .debug_macro   0x00000000       0x10 _baplib/SoftTimer.o
 .debug_macro   0x00000000       0x1e _baplib/SoftTimer.o
 .debug_macro   0x00000000       0x9e _baplib/SoftTimer.o
 .debug_macro   0x00000000     0x108d _baplib/SoftTimer.o
 .debug_macro   0x00000000      0x114 _baplib/SoftTimer.o
 .debug_macro   0x00000000       0xbd _baplib/SoftTimer.o
 .debug_macro   0x00000000       0x34 _baplib/SoftTimer.o
 .debug_macro   0x00000000       0x18 _baplib/SoftTimer.o
 .debug_macro   0x00000000       0x34 _baplib/SoftTimer.o
 .debug_macro   0x00000000       0x69 _baplib/SoftTimer.o
 .debug_macro   0x00000000       0x34 _baplib/SoftTimer.o
 .debug_macro   0x00000000       0x28 _baplib/SoftTimer.o
 .debug_macro   0x00000000       0x11 _baplib/SoftTimer.o
 .debug_macro   0x00000000       0x16 _baplib/SoftTimer.o
 .debug_macro   0x00000000       0x97 _baplib/SoftTimer.o
 .debug_macro   0x00000000       0x16 _baplib/SoftTimer.o
 .debug_macro   0x00000000       0xef _baplib/SoftTimer.o
 .group         0x00000000        0x8 _baplib/Uint8_Buffer.o
 .text          0x00000000        0x0 _baplib/Uint8_Buffer.o
 .bss           0x00000000        0x0 _baplib/Uint8_Buffer.o
 .debug_macro   0x00000000      0xa0c _baplib/Uint8_Buffer.o
 .group         0x00000000        0x8 _baplib/FreqGen.o
 .group         0x00000000        0x8 _baplib/FreqGen.o
 .group         0x00000000        0x8 _baplib/FreqGen.o
 .group         0x00000000        0x8 _baplib/FreqGen.o
 .group         0x00000000        0x8 _baplib/FreqGen.o
 .group         0x00000000        0x8 _baplib/FreqGen.o
 .group         0x00000000        0x8 _baplib/FreqGen.o
 .group         0x00000000        0x8 _baplib/FreqGen.o
 .group         0x00000000        0x8 _baplib/FreqGen.o
 .group         0x00000000        0x8 _baplib/FreqGen.o
 .group         0x00000000        0x8 _baplib/FreqGen.o
 .group         0x00000000        0x8 _baplib/FreqGen.o
 .group         0x00000000        0x8 _baplib/FreqGen.o
 .group         0x00000000        0x8 _baplib/FreqGen.o
 .group         0x00000000        0x8 _baplib/FreqGen.o
 .group         0x00000000        0x8 _baplib/FreqGen.o
 .group         0x00000000        0x8 _baplib/FreqGen.o
 .group         0x00000000        0x8 _baplib/FreqGen.o
 .group         0x00000000        0x8 _baplib/FreqGen.o
 .group         0x00000000        0x8 _baplib/FreqGen.o
 .group         0x00000000        0x8 _baplib/FreqGen.o
 .text          0x00000000        0x0 _baplib/FreqGen.o
 .bss           0x00000000        0x0 _baplib/FreqGen.o
 .text._ZN15Generator_8_BitC2Ehf
                0x00000000      0x138 _baplib/FreqGen.o
 .text._ZN15Generator_8_Bit12SetFrequencyEf
                0x00000000      0x114 _baplib/FreqGen.o
 .text._ZN15Generator_8_Bit12GetFrequencyEv
                0x00000000        0x6 _baplib/FreqGen.o
 .text._ZN15Generator_8_Bit9SetOutputEh
                0x00000000       0x14 _baplib/FreqGen.o
 .text._ZN16Generator_16_BitC2Ehf
                0x00000000      0x13e _baplib/FreqGen.o
 .text._ZN16Generator_16_Bit12SetFrequencyEf
                0x00000000      0x114 _baplib/FreqGen.o
 .text._ZN16Generator_16_Bit9SetOutputEh
                0x00000000       0x18 _baplib/FreqGen.o
 .debug_macro   0x00000000      0xa0c _baplib/FreqGen.o
 .debug_macro   0x00000000       0x10 _baplib/FreqGen.o
 .debug_macro   0x00000000       0x1e _baplib/FreqGen.o
 .debug_macro   0x00000000       0x9e _baplib/FreqGen.o
 .debug_macro   0x00000000     0x108d _baplib/FreqGen.o
 .debug_macro   0x00000000      0x114 _baplib/FreqGen.o
 .debug_macro   0x00000000       0xbd _baplib/FreqGen.o
 .debug_macro   0x00000000       0x34 _baplib/FreqGen.o
 .debug_macro   0x00000000       0x18 _baplib/FreqGen.o
 .debug_macro   0x00000000       0x34 _baplib/FreqGen.o
 .debug_macro   0x00000000       0x28 _baplib/FreqGen.o
 .debug_macro   0x00000000       0x11 _baplib/FreqGen.o
 .debug_macro   0x00000000       0x16 _baplib/FreqGen.o
 .debug_macro   0x00000000       0x97 _baplib/FreqGen.o
 .debug_macro   0x00000000       0xef _baplib/FreqGen.o
 .debug_macro   0x00000000       0x4c _baplib/FreqGen.o
 .debug_macro   0x00000000       0x34 _baplib/FreqGen.o
 .group         0x00000000        0x8 _baplib/HardwareTimer.o
 .group         0x00000000        0x8 _baplib/HardwareTimer.o
 .group         0x00000000        0x8 _baplib/HardwareTimer.o
 .group         0x00000000        0x8 _baplib/HardwareTimer.o
 .group         0x00000000        0x8 _baplib/HardwareTimer.o
 .group         0x00000000        0x8 _baplib/HardwareTimer.o
 .group         0x00000000        0x8 _baplib/HardwareTimer.o
 .group         0x00000000        0x8 _baplib/HardwareTimer.o
 .group         0x00000000        0x8 _baplib/HardwareTimer.o
 .group         0x00000000        0x8 _baplib/HardwareTimer.o
 .group         0x00000000        0x8 _baplib/HardwareTimer.o
 .group         0x00000000        0x8 _baplib/HardwareTimer.o
 .group         0x00000000        0x8 _baplib/HardwareTimer.o
 .group         0x00000000        0x8 _baplib/HardwareTimer.o
 .group         0x00000000        0x8 _baplib/HardwareTimer.o
 .group         0x00000000        0x8 _baplib/HardwareTimer.o
 .group         0x00000000        0x8 _baplib/HardwareTimer.o
 .group         0x00000000        0x8 _baplib/HardwareTimer.o
 .group         0x00000000        0x8 _baplib/HardwareTimer.o
 .group         0x00000000        0x8 _baplib/HardwareTimer.o
 .group         0x00000000        0x8 _baplib/HardwareTimer.o
 .group         0x00000000        0x8 _baplib/HardwareTimer.o
 .group         0x00000000        0x8 _baplib/HardwareTimer.o
 .group         0x00000000        0x8 _baplib/HardwareTimer.o
 .group         0x00000000        0x8 _baplib/HardwareTimer.o
 .group         0x00000000        0x8 _baplib/HardwareTimer.o
 .group         0x00000000        0x8 _baplib/HardwareTimer.o
 .group         0x00000000        0x8 _baplib/HardwareTimer.o
 .group         0x00000000        0x8 _baplib/HardwareTimer.o
 .group         0x00000000        0x8 _baplib/HardwareTimer.o
 .group         0x00000000        0x8 _baplib/HardwareTimer.o
 .group         0x00000000        0x8 _baplib/HardwareTimer.o
 .group         0x00000000        0x8 _baplib/HardwareTimer.o
 .group         0x00000000        0x8 _baplib/HardwareTimer.o
 .text          0x00000000        0x0 _baplib/HardwareTimer.o
 .bss           0x00000000        0x0 _baplib/HardwareTimer.o
 .text._ZN8CPPTimer5pauseEv
                0x00000000        0x8 _baplib/HardwareTimer.o
 .text._ZN8CPPTimer5startEv
                0x00000000        0x2 _baplib/HardwareTimer.o
 .text._ZN8CPPTimer4stopEv
                0x00000000        0x2 _baplib/HardwareTimer.o
 .text._ZN8CPPTimer11setPrescaleE15prescaleSetting
                0x00000000        0x8 _baplib/HardwareTimer.o
 .text._ZN8CPPTimer11getPrescaleEv
                0x00000000        0x8 _baplib/HardwareTimer.o
 .text._ZN8CPPTimer7getTimeEv
                0x00000000        0x8 _baplib/HardwareTimer.o
 .text._ZN8CPPTimer15getTime_NoClearEv
                0x00000000        0x8 _baplib/HardwareTimer.o
 .text._ZN8CPPTimer17getTime_NoUpdatesEv
                0x00000000        0x8 _baplib/HardwareTimer.o
 .text._ZN8CPPTimerD2Ev
                0x00000000        0xc _baplib/HardwareTimer.o
 .text._ZN8CPPTimer10updateTimeEv
                0x00000000        0x2 _baplib/HardwareTimer.o
 .text._ZN19HardwareTimer_16Bit11getPrescaleEv
                0x00000000        0x8 _baplib/HardwareTimer.o
 .text._ZN8CPPTimerD0Ev
                0x00000000        0xc _baplib/HardwareTimer.o
 .text._ZN18HardwareTimer_8BitC2Ev
                0x00000000       0x26 _baplib/HardwareTimer.o
 .text._ZN19HardwareTimer_16BitC2Ev
                0x00000000       0x24 _baplib/HardwareTimer.o
 .text._ZN19HardwareTimer_16BitC2Eh
                0x00000000       0x24 _baplib/HardwareTimer.o
 .text._ZN19HardwareTimer_16Bit11setPrescaleEh
                0x00000000        0xa _baplib/HardwareTimer.o
 .rodata._ZTV8CPPTimer
                0x00000000       0x1a _baplib/HardwareTimer.o
 .debug_macro   0x00000000      0xa0c _baplib/HardwareTimer.o
 .debug_macro   0x00000000       0x10 _baplib/HardwareTimer.o
 .debug_macro   0x00000000       0x1e _baplib/HardwareTimer.o
 .debug_macro   0x00000000       0x9e _baplib/HardwareTimer.o
 .debug_macro   0x00000000     0x108d _baplib/HardwareTimer.o
 .debug_macro   0x00000000      0x114 _baplib/HardwareTimer.o
 .debug_macro   0x00000000       0xbd _baplib/HardwareTimer.o
 .debug_macro   0x00000000       0x34 _baplib/HardwareTimer.o
 .debug_macro   0x00000000       0x18 _baplib/HardwareTimer.o
 .debug_macro   0x00000000       0x34 _baplib/HardwareTimer.o
 .debug_macro   0x00000000       0x69 _baplib/HardwareTimer.o
 .debug_macro   0x00000000       0x34 _baplib/HardwareTimer.o
 .debug_macro   0x00000000       0x28 _baplib/HardwareTimer.o
 .debug_macro   0x00000000       0x11 _baplib/HardwareTimer.o
 .debug_macro   0x00000000       0x16 _baplib/HardwareTimer.o
 .debug_macro   0x00000000       0x97 _baplib/HardwareTimer.o
 .debug_macro   0x00000000       0x16 _baplib/HardwareTimer.o
 .debug_macro   0x00000000       0xef _baplib/HardwareTimer.o
 .group         0x00000000        0x8 _baplib/TWI.o
 .group         0x00000000        0x8 _baplib/TWI.o
 .group         0x00000000        0x8 _baplib/TWI.o
 .group         0x00000000        0x8 _baplib/TWI.o
 .group         0x00000000        0x8 _baplib/TWI.o
 .group         0x00000000        0x8 _baplib/TWI.o
 .group         0x00000000        0x8 _baplib/TWI.o
 .group         0x00000000        0x8 _baplib/TWI.o
 .group         0x00000000        0x8 _baplib/TWI.o
 .group         0x00000000        0x8 _baplib/TWI.o
 .group         0x00000000        0x8 _baplib/TWI.o
 .group         0x00000000        0x8 _baplib/TWI.o
 .group         0x00000000        0x8 _baplib/TWI.o
 .group         0x00000000        0x8 _baplib/TWI.o
 .group         0x00000000        0x8 _baplib/TWI.o
 .group         0x00000000        0x8 _baplib/TWI.o
 .group         0x00000000        0x8 _baplib/TWI.o
 .text          0x00000000        0x0 _baplib/TWI.o
 .bss           0x00000000        0x0 _baplib/TWI.o
 .text._ZN10TWI_MasterC2Ev
                0x00000000       0x16 _baplib/TWI.o
 .text._ZN10TWI_Master13sendDataBytesEPhh
                0x00000000      0x10c _baplib/TWI.o
 .text._ZN10TWI_Master10usiStartupEv
                0x00000000       0x16 _baplib/TWI.o
 .text._ZN10TWI_Master13sendStartCondEv
                0x00000000       0x26 _baplib/TWI.o
 .text._ZN10TWI_Master13startTransferEh
                0x00000000       0x32 _baplib/TWI.o
 .text._ZN10TWI_Master12sendStopCondEv
                0x00000000       0x2c _baplib/TWI.o
 .debug_macro   0x00000000      0xa0c _baplib/TWI.o
 .debug_macro   0x00000000       0x6a _baplib/TWI.o
 .debug_macro   0x00000000       0x4c _baplib/TWI.o
 .debug_macro   0x00000000       0x34 _baplib/TWI.o
 .debug_macro   0x00000000       0x10 _baplib/TWI.o
 .debug_macro   0x00000000       0x1e _baplib/TWI.o
 .debug_macro   0x00000000       0x9e _baplib/TWI.o
 .debug_macro   0x00000000     0x108d _baplib/TWI.o
 .debug_macro   0x00000000      0x114 _baplib/TWI.o
 .debug_macro   0x00000000       0xbd _baplib/TWI.o
 .debug_macro   0x00000000       0x34 _baplib/TWI.o
 .debug_macro   0x00000000       0x18 _baplib/TWI.o
 .debug_macro   0x00000000       0x34 _baplib/TWI.o
 .debug_macro   0x00000000      0x16d _baplib/TWI.o
 .debug_macro   0x00000000       0x28 _baplib/TWI.o
 .group         0x00000000        0x8 _baplib/USART.o
 .group         0x00000000        0x8 _baplib/USART.o
 .group         0x00000000        0x8 _baplib/USART.o
 .group         0x00000000        0x8 _baplib/USART.o
 .group         0x00000000        0x8 _baplib/USART.o
 .group         0x00000000        0x8 _baplib/USART.o
 .group         0x00000000        0x8 _baplib/USART.o
 .group         0x00000000        0x8 _baplib/USART.o
 .group         0x00000000        0x8 _baplib/USART.o
 .group         0x00000000        0x8 _baplib/USART.o
 .group         0x00000000        0x8 _baplib/USART.o
 .group         0x00000000        0x8 _baplib/USART.o
 .group         0x00000000        0x8 _baplib/USART.o
 .group         0x00000000        0x8 _baplib/USART.o
 .group         0x00000000        0x8 _baplib/USART.o
 .group         0x00000000        0x8 _baplib/USART.o
 .group         0x00000000        0x8 _baplib/USART.o
 .group         0x00000000        0x8 _baplib/USART.o
 .group         0x00000000        0x8 _baplib/USART.o
 .group         0x00000000        0x8 _baplib/USART.o
 .group         0x00000000        0x8 _baplib/USART.o
 .group         0x00000000        0x8 _baplib/USART.o
 .group         0x00000000        0x8 _baplib/USART.o
 .group         0x00000000        0x8 _baplib/USART.o
 .group         0x00000000        0x8 _baplib/USART.o
 .group         0x00000000        0x8 _baplib/USART.o
 .text          0x00000000        0x0 _baplib/USART.o
 .bss           0x00000000        0x0 _baplib/USART.o
 .text._ZN5USARTC2EmP11FlagHandler
                0x00000000       0x90 _baplib/USART.o
 .text._ZN5USARTC2EmP11FlagHandlerP17PeripheralHandler
                0x00000000       0x9c _baplib/USART.o
 .text._ZN5USART11SetBaudRateEm
                0x00000000       0x48 _baplib/USART.o
 .text._ZN5USART8EnableRXEh
                0x00000000       0x66 _baplib/USART.o
 .text._ZN5USART11HasDataInRXEv
                0x00000000       0x1c _baplib/USART.o
 .text._ZN5USART19GetByteFromRXBufferEv
                0x00000000        0x4 _baplib/USART.o
 .text._ZN5USART17AssignCallback_TXE10CBFunctor0
                0x00000000       0x50 _baplib/USART.o
 .text._ZN5USART17AssignCallback_RXE10CBFunctor1IhE
                0x00000000       0x50 _baplib/USART.o
 .text._ZN5USART30AssignHandlerFunction_USART_RXEM17PeripheralHandlerFvhE
                0x00000000        0xc _baplib/USART.o
 .text._ZN5USART23AssignFunction_USART_RXEPFvhE
                0x00000000        0x8 _baplib/USART.o
 .text._ZN5USART23AssignFunction_USART_TXEPFvvE
                0x00000000        0x8 _baplib/USART.o
 .text.USART_RX_vect
                0x00000000       0x92 _baplib/USART.o
 .text._ZN5USART15FireRXInterruptEh
                0x00000000       0x4e _baplib/USART.o
 .text._ZN5USARTD2Ev
                0x00000000        0x2 _baplib/USART.o
 .bss._ZN5USART19mp_InterruptHandlerE
                0x00000000        0x2 _baplib/USART.o
 .debug_macro   0x00000000      0xa0c _baplib/USART.o
 .debug_macro   0x00000000       0x10 _baplib/USART.o
 .debug_macro   0x00000000       0x1e _baplib/USART.o
 .debug_macro   0x00000000       0x9e _baplib/USART.o
 .debug_macro   0x00000000     0x108d _baplib/USART.o
 .debug_macro   0x00000000      0x114 _baplib/USART.o
 .debug_macro   0x00000000       0xbd _baplib/USART.o
 .debug_macro   0x00000000       0x34 _baplib/USART.o
 .debug_macro   0x00000000       0x18 _baplib/USART.o
 .debug_macro   0x00000000       0x34 _baplib/USART.o
 .debug_macro   0x00000000       0x11 _baplib/USART.o
 .debug_macro   0x00000000       0x16 _baplib/USART.o
 .debug_macro   0x00000000       0x97 _baplib/USART.o
 .debug_macro   0x00000000       0x16 _baplib/USART.o
 .debug_macro   0x00000000       0xef _baplib/USART.o
 .debug_macro   0x00000000       0x69 _baplib/USART.o
 .debug_macro   0x00000000       0x34 _baplib/USART.o
 .debug_macro   0x00000000       0x28 _baplib/USART.o
 .debug_macro   0x00000000       0x10 _baplib/USART.o
 .debug_macro   0x00000000       0x35 _baplib/USART.o
 .debug_macro   0x00000000       0xe2 _baplib/USART.o
 .debug_macro   0x00000000       0x10 _baplib/USART.o
 .debug_macro   0x00000000       0x5e _baplib/USART.o
 .debug_macro   0x00000000       0x5e _baplib/USART.o
 .debug_macro   0x00000000       0x4c _baplib/USART.o
 .debug_macro   0x00000000       0x34 _baplib/USART.o
 .text          0x00000000        0x0 c:/program files (x86)/atmel/atmel toolchain/avr8 gcc/native/3.4.1056/avr8-gnu-toolchain/bin/../lib/gcc/avr/4.8.1/../../../../avr/lib/avr25\libm.a(addsf3.o)
 .bss           0x00000000        0x0 c:/program files (x86)/atmel/atmel toolchain/avr8 gcc/native/3.4.1056/avr8-gnu-toolchain/bin/../lib/gcc/avr/4.8.1/../../../../avr/lib/avr25\libm.a(addsf3.o)
 .text.avr-libc.fplib
                0x00000000        0xa c:/program files (x86)/atmel/atmel toolchain/avr8 gcc/native/3.4.1056/avr8-gnu-toolchain/bin/../lib/gcc/avr/4.8.1/../../../../avr/lib/avr25\libm.a(addsf3.o)
 .text          0x00000000        0x0 c:/program files (x86)/atmel/atmel toolchain/avr8 gcc/native/3.4.1056/avr8-gnu-toolchain/bin/../lib/gcc/avr/4.8.1/../../../../avr/lib/avr25\libm.a(addsf3x.o)
 .bss           0x00000000        0x0 c:/program files (x86)/atmel/atmel toolchain/avr8 gcc/native/3.4.1056/avr8-gnu-toolchain/bin/../lib/gcc/avr/4.8.1/../../../../avr/lib/avr25\libm.a(addsf3x.o)
 .text.avr-libc.fplib
                0x00000000       0xc0 c:/program files (x86)/atmel/atmel toolchain/avr8 gcc/native/3.4.1056/avr8-gnu-toolchain/bin/../lib/gcc/avr/4.8.1/../../../../avr/lib/avr25\libm.a(addsf3x.o)
 .text          0x00000000        0x0 c:/program files (x86)/atmel/atmel toolchain/avr8 gcc/native/3.4.1056/avr8-gnu-toolchain/bin/../lib/gcc/avr/4.8.1/../../../../avr/lib/avr25\libm.a(divsf3.o)
 .bss           0x00000000        0x0 c:/program files (x86)/atmel/atmel toolchain/avr8 gcc/native/3.4.1056/avr8-gnu-toolchain/bin/../lib/gcc/avr/4.8.1/../../../../avr/lib/avr25\libm.a(divsf3.o)
 .text.avr-libc.fplib
                0x00000000        0x4 c:/program files (x86)/atmel/atmel toolchain/avr8 gcc/native/3.4.1056/avr8-gnu-toolchain/bin/../lib/gcc/avr/4.8.1/../../../../avr/lib/avr25\libm.a(divsf3.o)
 .text          0x00000000        0x0 c:/program files (x86)/atmel/atmel toolchain/avr8 gcc/native/3.4.1056/avr8-gnu-toolchain/bin/../lib/gcc/avr/4.8.1/../../../../avr/lib/avr25\libm.a(divsf3x.o)
 .bss           0x00000000        0x0 c:/program files (x86)/atmel/atmel toolchain/avr8 gcc/native/3.4.1056/avr8-gnu-toolchain/bin/../lib/gcc/avr/4.8.1/../../../../avr/lib/avr25\libm.a(divsf3x.o)
 .text.avr-libc.fplib
                0x00000000       0xcc c:/program files (x86)/atmel/atmel toolchain/avr8 gcc/native/3.4.1056/avr8-gnu-toolchain/bin/../lib/gcc/avr/4.8.1/../../../../avr/lib/avr25\libm.a(divsf3x.o)
 .text          0x00000000        0x0 c:/program files (x86)/atmel/atmel toolchain/avr8 gcc/native/3.4.1056/avr8-gnu-toolchain/bin/../lib/gcc/avr/4.8.1/../../../../avr/lib/avr25\libm.a(fixunssfsi.o)
 .bss           0x00000000        0x0 c:/program files (x86)/atmel/atmel toolchain/avr8 gcc/native/3.4.1056/avr8-gnu-toolchain/bin/../lib/gcc/avr/4.8.1/../../../../avr/lib/avr25\libm.a(fixunssfsi.o)
 .text.avr-libc.fplib
                0x00000000       0x58 c:/program files (x86)/atmel/atmel toolchain/avr8 gcc/native/3.4.1056/avr8-gnu-toolchain/bin/../lib/gcc/avr/4.8.1/../../../../avr/lib/avr25\libm.a(fixunssfsi.o)
 .text          0x00000000        0x0 c:/program files (x86)/atmel/atmel toolchain/avr8 gcc/native/3.4.1056/avr8-gnu-toolchain/bin/../lib/gcc/avr/4.8.1/../../../../avr/lib/avr25\libm.a(fp_inf.o)
 .bss           0x00000000        0x0 c:/program files (x86)/atmel/atmel toolchain/avr8 gcc/native/3.4.1056/avr8-gnu-toolchain/bin/../lib/gcc/avr/4.8.1/../../../../avr/lib/avr25\libm.a(fp_inf.o)
 .text.avr-libc.fplib
                0x00000000        0xc c:/program files (x86)/atmel/atmel toolchain/avr8 gcc/native/3.4.1056/avr8-gnu-toolchain/bin/../lib/gcc/avr/4.8.1/../../../../avr/lib/avr25\libm.a(fp_inf.o)
 .text          0x00000000        0x0 c:/program files (x86)/atmel/atmel toolchain/avr8 gcc/native/3.4.1056/avr8-gnu-toolchain/bin/../lib/gcc/avr/4.8.1/../../../../avr/lib/avr25\libm.a(fp_nan.o)
 .bss           0x00000000        0x0 c:/program files (x86)/atmel/atmel toolchain/avr8 gcc/native/3.4.1056/avr8-gnu-toolchain/bin/../lib/gcc/avr/4.8.1/../../../../avr/lib/avr25\libm.a(fp_nan.o)
 .text.avr-libc.fplib
                0x00000000        0x6 c:/program files (x86)/atmel/atmel toolchain/avr8 gcc/native/3.4.1056/avr8-gnu-toolchain/bin/../lib/gcc/avr/4.8.1/../../../../avr/lib/avr25\libm.a(fp_nan.o)
 .text          0x00000000        0x0 c:/program files (x86)/atmel/atmel toolchain/avr8 gcc/native/3.4.1056/avr8-gnu-toolchain/bin/../lib/gcc/avr/4.8.1/../../../../avr/lib/avr25\libm.a(fp_pscA.o)
 .bss           0x00000000        0x0 c:/program files (x86)/atmel/atmel toolchain/avr8 gcc/native/3.4.1056/avr8-gnu-toolchain/bin/../lib/gcc/avr/4.8.1/../../../../avr/lib/avr25\libm.a(fp_pscA.o)
 .text.avr-libc.fplib
                0x00000000        0xe c:/program files (x86)/atmel/atmel toolchain/avr8 gcc/native/3.4.1056/avr8-gnu-toolchain/bin/../lib/gcc/avr/4.8.1/../../../../avr/lib/avr25\libm.a(fp_pscA.o)
 .text          0x00000000        0x0 c:/program files (x86)/atmel/atmel toolchain/avr8 gcc/native/3.4.1056/avr8-gnu-toolchain/bin/../lib/gcc/avr/4.8.1/../../../../avr/lib/avr25\libm.a(fp_pscB.o)
 .bss           0x00000000        0x0 c:/program files (x86)/atmel/atmel toolchain/avr8 gcc/native/3.4.1056/avr8-gnu-toolchain/bin/../lib/gcc/avr/4.8.1/../../../../avr/lib/avr25\libm.a(fp_pscB.o)
 .text.avr-libc.fplib
                0x00000000        0xe c:/program files (x86)/atmel/atmel toolchain/avr8 gcc/native/3.4.1056/avr8-gnu-toolchain/bin/../lib/gcc/avr/4.8.1/../../../../avr/lib/avr25\libm.a(fp_pscB.o)
 .text          0x00000000        0x0 c:/program files (x86)/atmel/atmel toolchain/avr8 gcc/native/3.4.1056/avr8-gnu-toolchain/bin/../lib/gcc/avr/4.8.1/../../../../avr/lib/avr25\libm.a(fp_round.o)
 .bss           0x00000000        0x0 c:/program files (x86)/atmel/atmel toolchain/avr8 gcc/native/3.4.1056/avr8-gnu-toolchain/bin/../lib/gcc/avr/4.8.1/../../../../avr/lib/avr25\libm.a(fp_round.o)
 .text.avr-libc.fplib
                0x00000000       0x22 c:/program files (x86)/atmel/atmel toolchain/avr8 gcc/native/3.4.1056/avr8-gnu-toolchain/bin/../lib/gcc/avr/4.8.1/../../../../avr/lib/avr25\libm.a(fp_round.o)
 .text          0x00000000        0x0 c:/program files (x86)/atmel/atmel toolchain/avr8 gcc/native/3.4.1056/avr8-gnu-toolchain/bin/../lib/gcc/avr/4.8.1/../../../../avr/lib/avr25\libm.a(fp_split3.o)
 .bss           0x00000000        0x0 c:/program files (x86)/atmel/atmel toolchain/avr8 gcc/native/3.4.1056/avr8-gnu-toolchain/bin/../lib/gcc/avr/4.8.1/../../../../avr/lib/avr25\libm.a(fp_split3.o)
 .text.avr-libc.fplib
                0x00000000       0x44 c:/program files (x86)/atmel/atmel toolchain/avr8 gcc/native/3.4.1056/avr8-gnu-toolchain/bin/../lib/gcc/avr/4.8.1/../../../../avr/lib/avr25\libm.a(fp_split3.o)
 .text          0x00000000        0x0 c:/program files (x86)/atmel/atmel toolchain/avr8 gcc/native/3.4.1056/avr8-gnu-toolchain/bin/../lib/gcc/avr/4.8.1/../../../../avr/lib/avr25\libm.a(fp_zero.o)
 .bss           0x00000000        0x0 c:/program files (x86)/atmel/atmel toolchain/avr8 gcc/native/3.4.1056/avr8-gnu-toolchain/bin/../lib/gcc/avr/4.8.1/../../../../avr/lib/avr25\libm.a(fp_zero.o)
 .text.avr-libc.fplib
                0x00000000        0xe c:/program files (x86)/atmel/atmel toolchain/avr8 gcc/native/3.4.1056/avr8-gnu-toolchain/bin/../lib/gcc/avr/4.8.1/../../../../avr/lib/avr25\libm.a(fp_zero.o)
 .text          0x00000000        0x0 c:/program files (x86)/atmel/atmel toolchain/avr8 gcc/native/3.4.1056/avr8-gnu-toolchain/bin/../lib/gcc/avr/4.8.1/../../../../avr/lib/avr25\libm.a(gesf2.o)
 .bss           0x00000000        0x0 c:/program files (x86)/atmel/atmel toolchain/avr8 gcc/native/3.4.1056/avr8-gnu-toolchain/bin/../lib/gcc/avr/4.8.1/../../../../avr/lib/avr25\libm.a(gesf2.o)
 .text.avr-libc.fplib
                0x00000000        0x8 c:/program files (x86)/atmel/atmel toolchain/avr8 gcc/native/3.4.1056/avr8-gnu-toolchain/bin/../lib/gcc/avr/4.8.1/../../../../avr/lib/avr25\libm.a(gesf2.o)
 .text          0x00000000        0x0 c:/program files (x86)/atmel/atmel toolchain/avr8 gcc/native/3.4.1056/avr8-gnu-toolchain/bin/../lib/gcc/avr/4.8.1/../../../../avr/lib/avr25\libm.a(mulsf3.o)
 .bss           0x00000000        0x0 c:/program files (x86)/atmel/atmel toolchain/avr8 gcc/native/3.4.1056/avr8-gnu-toolchain/bin/../lib/gcc/avr/4.8.1/../../../../avr/lib/avr25\libm.a(mulsf3.o)
 .text.avr-libc.fplib
                0x00000000        0x4 c:/program files (x86)/atmel/atmel toolchain/avr8 gcc/native/3.4.1056/avr8-gnu-toolchain/bin/../lib/gcc/avr/4.8.1/../../../../avr/lib/avr25\libm.a(mulsf3.o)
 .text          0x00000000        0x0 c:/program files (x86)/atmel/atmel toolchain/avr8 gcc/native/3.4.1056/avr8-gnu-toolchain/bin/../lib/gcc/avr/4.8.1/../../../../avr/lib/avr25\libm.a(mulsf3x.o)
 .bss           0x00000000        0x0 c:/program files (x86)/atmel/atmel toolchain/avr8 gcc/native/3.4.1056/avr8-gnu-toolchain/bin/../lib/gcc/avr/4.8.1/../../../../avr/lib/avr25\libm.a(mulsf3x.o)
 .text.avr-libc.fplib
                0x00000000       0xd2 c:/program files (x86)/atmel/atmel toolchain/avr8 gcc/native/3.4.1056/avr8-gnu-toolchain/bin/../lib/gcc/avr/4.8.1/../../../../avr/lib/avr25\libm.a(mulsf3x.o)
 .text          0x00000000        0x0 c:/program files (x86)/atmel/atmel toolchain/avr8 gcc/native/3.4.1056/avr8-gnu-toolchain/bin/../lib/gcc/avr/4.8.1/../../../../avr/lib/avr25\libm.a(fp_cmp.o)
 .bss           0x00000000        0x0 c:/program files (x86)/atmel/atmel toolchain/avr8 gcc/native/3.4.1056/avr8-gnu-toolchain/bin/../lib/gcc/avr/4.8.1/../../../../avr/lib/avr25\libm.a(fp_cmp.o)
 .text.avr-libc.fplib
                0x00000000       0x48 c:/program files (x86)/atmel/atmel toolchain/avr8 gcc/native/3.4.1056/avr8-gnu-toolchain/bin/../lib/gcc/avr/4.8.1/../../../../avr/lib/avr25\libm.a(fp_cmp.o)
 .text          0x00000000        0x0 c:/program files (x86)/atmel/atmel toolchain/avr8 gcc/native/3.4.1056/avr8-gnu-toolchain/bin/../lib/gcc/avr/4.8.1/avr25\libgcc.a(_udivmodqi4.o)
 .bss           0x00000000        0x0 c:/program files (x86)/atmel/atmel toolchain/avr8 gcc/native/3.4.1056/avr8-gnu-toolchain/bin/../lib/gcc/avr/4.8.1/avr25\libgcc.a(_udivmodqi4.o)
 .text.libgcc.mul
                0x00000000        0x0 c:/program files (x86)/atmel/atmel toolchain/avr8 gcc/native/3.4.1056/avr8-gnu-toolchain/bin/../lib/gcc/avr/4.8.1/avr25\libgcc.a(_udivmodqi4.o)
 .text.libgcc   0x00000000        0x0 c:/program files (x86)/atmel/atmel toolchain/avr8 gcc/native/3.4.1056/avr8-gnu-toolchain/bin/../lib/gcc/avr/4.8.1/avr25\libgcc.a(_udivmodqi4.o)
 .text.libgcc.prologue
                0x00000000        0x0 c:/program files (x86)/atmel/atmel toolchain/avr8 gcc/native/3.4.1056/avr8-gnu-toolchain/bin/../lib/gcc/avr/4.8.1/avr25\libgcc.a(_udivmodqi4.o)
 .text.libgcc.builtins
                0x00000000        0x0 c:/program files (x86)/atmel/atmel toolchain/avr8 gcc/native/3.4.1056/avr8-gnu-toolchain/bin/../lib/gcc/avr/4.8.1/avr25\libgcc.a(_udivmodqi4.o)
 .text.libgcc.fmul
                0x00000000        0x0 c:/program files (x86)/atmel/atmel toolchain/avr8 gcc/native/3.4.1056/avr8-gnu-toolchain/bin/../lib/gcc/avr/4.8.1/avr25\libgcc.a(_udivmodqi4.o)
 .text.libgcc.fixed
                0x00000000        0x0 c:/program files (x86)/atmel/atmel toolchain/avr8 gcc/native/3.4.1056/avr8-gnu-toolchain/bin/../lib/gcc/avr/4.8.1/avr25\libgcc.a(_udivmodqi4.o)
 .text          0x00000000        0x0 c:/program files (x86)/atmel/atmel toolchain/avr8 gcc/native/3.4.1056/avr8-gnu-toolchain/bin/../lib/gcc/avr/4.8.1/avr25\libgcc.a(_udivmodsi4.o)
 .bss           0x00000000        0x0 c:/program files (x86)/atmel/atmel toolchain/avr8 gcc/native/3.4.1056/avr8-gnu-toolchain/bin/../lib/gcc/avr/4.8.1/avr25\libgcc.a(_udivmodsi4.o)
 .text.libgcc.mul
                0x00000000        0x0 c:/program files (x86)/atmel/atmel toolchain/avr8 gcc/native/3.4.1056/avr8-gnu-toolchain/bin/../lib/gcc/avr/4.8.1/avr25\libgcc.a(_udivmodsi4.o)
 .text.libgcc.div
                0x00000000       0x44 c:/program files (x86)/atmel/atmel toolchain/avr8 gcc/native/3.4.1056/avr8-gnu-toolchain/bin/../lib/gcc/avr/4.8.1/avr25\libgcc.a(_udivmodsi4.o)
 .text.libgcc   0x00000000        0x0 c:/program files (x86)/atmel/atmel toolchain/avr8 gcc/native/3.4.1056/avr8-gnu-toolchain/bin/../lib/gcc/avr/4.8.1/avr25\libgcc.a(_udivmodsi4.o)
 .text.libgcc.prologue
                0x00000000        0x0 c:/program files (x86)/atmel/atmel toolchain/avr8 gcc/native/3.4.1056/avr8-gnu-toolchain/bin/../lib/gcc/avr/4.8.1/avr25\libgcc.a(_udivmodsi4.o)
 .text.libgcc.builtins
                0x00000000        0x0 c:/program files (x86)/atmel/atmel toolchain/avr8 gcc/native/3.4.1056/avr8-gnu-toolchain/bin/../lib/gcc/avr/4.8.1/avr25\libgcc.a(_udivmodsi4.o)
 .text.libgcc.fmul
                0x00000000        0x0 c:/program files (x86)/atmel/atmel toolchain/avr8 gcc/native/3.4.1056/avr8-gnu-toolchain/bin/../lib/gcc/avr/4.8.1/avr25\libgcc.a(_udivmodsi4.o)
 .text.libgcc.fixed
                0x00000000        0x0 c:/program files (x86)/atmel/atmel toolchain/avr8 gcc/native/3.4.1056/avr8-gnu-toolchain/bin/../lib/gcc/avr/4.8.1/avr25\libgcc.a(_udivmodsi4.o)
 .text          0x00000000        0x0 c:/program files (x86)/atmel/atmel toolchain/avr8 gcc/native/3.4.1056/avr8-gnu-toolchain/bin/../lib/gcc/avr/4.8.1/avr25\libgcc.a(_exit.o)
 .bss           0x00000000        0x0 c:/program files (x86)/atmel/atmel toolchain/avr8 gcc/native/3.4.1056/avr8-gnu-toolchain/bin/../lib/gcc/avr/4.8.1/avr25\libgcc.a(_exit.o)
 .text.libgcc.mul
                0x00000000        0x0 c:/program files (x86)/atmel/atmel toolchain/avr8 gcc/native/3.4.1056/avr8-gnu-toolchain/bin/../lib/gcc/avr/4.8.1/avr25\libgcc.a(_exit.o)
 .text.libgcc.div
                0x00000000        0x0 c:/program files (x86)/atmel/atmel toolchain/avr8 gcc/native/3.4.1056/avr8-gnu-toolchain/bin/../lib/gcc/avr/4.8.1/avr25\libgcc.a(_exit.o)
 .text.libgcc   0x00000000        0x0 c:/program files (x86)/atmel/atmel toolchain/avr8 gcc/native/3.4.1056/avr8-gnu-toolchain/bin/../lib/gcc/avr/4.8.1/avr25\libgcc.a(_exit.o)
 .text.libgcc.prologue
                0x00000000        0x0 c:/program files (x86)/atmel/atmel toolchain/avr8 gcc/native/3.4.1056/avr8-gnu-toolchain/bin/../lib/gcc/avr/4.8.1/avr25\libgcc.a(_exit.o)
 .text.libgcc.builtins
                0x00000000        0x0 c:/program files (x86)/atmel/atmel toolchain/avr8 gcc/native/3.4.1056/avr8-gnu-toolchain/bin/../lib/gcc/avr/4.8.1/avr25\libgcc.a(_exit.o)
 .text.libgcc.fmul
                0x00000000        0x0 c:/program files (x86)/atmel/atmel toolchain/avr8 gcc/native/3.4.1056/avr8-gnu-toolchain/bin/../lib/gcc/avr/4.8.1/avr25\libgcc.a(_exit.o)
 .text.libgcc.fixed
                0x00000000        0x0 c:/program files (x86)/atmel/atmel toolchain/avr8 gcc/native/3.4.1056/avr8-gnu-toolchain/bin/../lib/gcc/avr/4.8.1/avr25\libgcc.a(_exit.o)
 .text          0x00000000        0x0 c:/program files (x86)/atmel/atmel toolchain/avr8 gcc/native/3.4.1056/avr8-gnu-toolchain/bin/../lib/gcc/avr/4.8.1/avr25\libgcc.a(_copy_data.o)
 .bss           0x00000000        0x0 c:/program files (x86)/atmel/atmel toolchain/avr8 gcc/native/3.4.1056/avr8-gnu-toolchain/bin/../lib/gcc/avr/4.8.1/avr25\libgcc.a(_copy_data.o)
 .text.libgcc.mul
                0x00000000        0x0 c:/program files (x86)/atmel/atmel toolchain/avr8 gcc/native/3.4.1056/avr8-gnu-toolchain/bin/../lib/gcc/avr/4.8.1/avr25\libgcc.a(_copy_data.o)
 .text.libgcc.div
                0x00000000        0x0 c:/program files (x86)/atmel/atmel toolchain/avr8 gcc/native/3.4.1056/avr8-gnu-toolchain/bin/../lib/gcc/avr/4.8.1/avr25\libgcc.a(_copy_data.o)
 .text.libgcc   0x00000000        0x0 c:/program files (x86)/atmel/atmel toolchain/avr8 gcc/native/3.4.1056/avr8-gnu-toolchain/bin/../lib/gcc/avr/4.8.1/avr25\libgcc.a(_copy_data.o)
 .text.libgcc.prologue
                0x00000000        0x0 c:/program files (x86)/atmel/atmel toolchain/avr8 gcc/native/3.4.1056/avr8-gnu-toolchain/bin/../lib/gcc/avr/4.8.1/avr25\libgcc.a(_copy_data.o)
 .text.libgcc.builtins
                0x00000000        0x0 c:/program files (x86)/atmel/atmel toolchain/avr8 gcc/native/3.4.1056/avr8-gnu-toolchain/bin/../lib/gcc/avr/4.8.1/avr25\libgcc.a(_copy_data.o)
 .text.libgcc.fmul
                0x00000000        0x0 c:/program files (x86)/atmel/atmel toolchain/avr8 gcc/native/3.4.1056/avr8-gnu-toolchain/bin/../lib/gcc/avr/4.8.1/avr25\libgcc.a(_copy_data.o)
 .text.libgcc.fixed
                0x00000000        0x0 c:/program files (x86)/atmel/atmel toolchain/avr8 gcc/native/3.4.1056/avr8-gnu-toolchain/bin/../lib/gcc/avr/4.8.1/avr25\libgcc.a(_copy_data.o)
 .text          0x00000000        0x0 c:/program files (x86)/atmel/atmel toolchain/avr8 gcc/native/3.4.1056/avr8-gnu-toolchain/bin/../lib/gcc/avr/4.8.1/avr25\libgcc.a(_clear_bss.o)
 .bss           0x00000000        0x0 c:/program files (x86)/atmel/atmel toolchain/avr8 gcc/native/3.4.1056/avr8-gnu-toolchain/bin/../lib/gcc/avr/4.8.1/avr25\libgcc.a(_clear_bss.o)
 .text.libgcc.mul
                0x00000000        0x0 c:/program files (x86)/atmel/atmel toolchain/avr8 gcc/native/3.4.1056/avr8-gnu-toolchain/bin/../lib/gcc/avr/4.8.1/avr25\libgcc.a(_clear_bss.o)
 .text.libgcc.div
                0x00000000        0x0 c:/program files (x86)/atmel/atmel toolchain/avr8 gcc/native/3.4.1056/avr8-gnu-toolchain/bin/../lib/gcc/avr/4.8.1/avr25\libgcc.a(_clear_bss.o)
 .text.libgcc   0x00000000        0x0 c:/program files (x86)/atmel/atmel toolchain/avr8 gcc/native/3.4.1056/avr8-gnu-toolchain/bin/../lib/gcc/avr/4.8.1/avr25\libgcc.a(_clear_bss.o)
 .text.libgcc.prologue
                0x00000000        0x0 c:/program files (x86)/atmel/atmel toolchain/avr8 gcc/native/3.4.1056/avr8-gnu-toolchain/bin/../lib/gcc/avr/4.8.1/avr25\libgcc.a(_clear_bss.o)
 .text.libgcc.builtins
                0x00000000        0x0 c:/program files (x86)/atmel/atmel toolchain/avr8 gcc/native/3.4.1056/avr8-gnu-toolchain/bin/../lib/gcc/avr/4.8.1/avr25\libgcc.a(_clear_bss.o)
 .text.libgcc.fmul
                0x00000000        0x0 c:/program files (x86)/atmel/atmel toolchain/avr8 gcc/native/3.4.1056/avr8-gnu-toolchain/bin/../lib/gcc/avr/4.8.1/avr25\libgcc.a(_clear_bss.o)
 .text.libgcc.fixed
                0x00000000        0x0 c:/program files (x86)/atmel/atmel toolchain/avr8 gcc/native/3.4.1056/avr8-gnu-toolchain/bin/../lib/gcc/avr/4.8.1/avr25\libgcc.a(_clear_bss.o)
 .text          0x00000000        0x0 c:/program files (x86)/atmel/atmel toolchain/avr8 gcc/native/3.4.1056/avr8-gnu-toolchain/bin/../lib/gcc/avr/4.8.1/avr25\libgcc.a(_ctors.o)
 .bss           0x00000000        0x0 c:/program files (x86)/atmel/atmel toolchain/avr8 gcc/native/3.4.1056/avr8-gnu-toolchain/bin/../lib/gcc/avr/4.8.1/avr25\libgcc.a(_ctors.o)
 .text.libgcc.mul
                0x00000000        0x0 c:/program files (x86)/atmel/atmel toolchain/avr8 gcc/native/3.4.1056/avr8-gnu-toolchain/bin/../lib/gcc/avr/4.8.1/avr25\libgcc.a(_ctors.o)
 .text.libgcc.div
                0x00000000        0x0 c:/program files (x86)/atmel/atmel toolchain/avr8 gcc/native/3.4.1056/avr8-gnu-toolchain/bin/../lib/gcc/avr/4.8.1/avr25\libgcc.a(_ctors.o)
 .text.libgcc   0x00000000        0x0 c:/program files (x86)/atmel/atmel toolchain/avr8 gcc/native/3.4.1056/avr8-gnu-toolchain/bin/../lib/gcc/avr/4.8.1/avr25\libgcc.a(_ctors.o)
 .text.libgcc.prologue
                0x00000000        0x0 c:/program files (x86)/atmel/atmel toolchain/avr8 gcc/native/3.4.1056/avr8-gnu-toolchain/bin/../lib/gcc/avr/4.8.1/avr25\libgcc.a(_ctors.o)
 .text.libgcc.builtins
                0x00000000        0x0 c:/program files (x86)/atmel/atmel toolchain/avr8 gcc/native/3.4.1056/avr8-gnu-toolchain/bin/../lib/gcc/avr/4.8.1/avr25\libgcc.a(_ctors.o)
 .text.libgcc.fmul
                0x00000000        0x0 c:/program files (x86)/atmel/atmel toolchain/avr8 gcc/native/3.4.1056/avr8-gnu-toolchain/bin/../lib/gcc/avr/4.8.1/avr25\libgcc.a(_ctors.o)
 .text.libgcc.fixed
                0x00000000        0x0 c:/program files (x86)/atmel/atmel toolchain/avr8 gcc/native/3.4.1056/avr8-gnu-toolchain/bin/../lib/gcc/avr/4.8.1/avr25\libgcc.a(_ctors.o)
 .text          0x00000000        0x0 c:/program files (x86)/atmel/atmel toolchain/avr8 gcc/native/3.4.1056/avr8-gnu-toolchain/bin/../lib/gcc/avr/4.8.1/avr25\libgcc.a(_dtors.o)
 .bss           0x00000000        0x0 c:/program files (x86)/atmel/atmel toolchain/avr8 gcc/native/3.4.1056/avr8-gnu-toolchain/bin/../lib/gcc/avr/4.8.1/avr25\libgcc.a(_dtors.o)
 .text.libgcc.mul
                0x00000000        0x0 c:/program files (x86)/atmel/atmel toolchain/avr8 gcc/native/3.4.1056/avr8-gnu-toolchain/bin/../lib/gcc/avr/4.8.1/avr25\libgcc.a(_dtors.o)
 .text.libgcc.div
                0x00000000        0x0 c:/program files (x86)/atmel/atmel toolchain/avr8 gcc/native/3.4.1056/avr8-gnu-toolchain/bin/../lib/gcc/avr/4.8.1/avr25\libgcc.a(_dtors.o)
 .text.libgcc   0x00000000        0x0 c:/program files (x86)/atmel/atmel toolchain/avr8 gcc/native/3.4.1056/avr8-gnu-toolchain/bin/../lib/gcc/avr/4.8.1/avr25\libgcc.a(_dtors.o)
 .text.libgcc.prologue
                0x00000000        0x0 c:/program files (x86)/atmel/atmel toolchain/avr8 gcc/native/3.4.1056/avr8-gnu-toolchain/bin/../lib/gcc/avr/4.8.1/avr25\libgcc.a(_dtors.o)
 .text.libgcc.builtins
                0x00000000        0x0 c:/program files (x86)/atmel/atmel toolchain/avr8 gcc/native/3.4.1056/avr8-gnu-toolchain/bin/../lib/gcc/avr/4.8.1/avr25\libgcc.a(_dtors.o)
 .text.libgcc.fmul
                0x00000000        0x0 c:/program files (x86)/atmel/atmel toolchain/avr8 gcc/native/3.4.1056/avr8-gnu-toolchain/bin/../lib/gcc/avr/4.8.1/avr25\libgcc.a(_dtors.o)
 .text.libgcc.fixed
                0x00000000        0x0 c:/program files (x86)/atmel/atmel toolchain/avr8 gcc/native/3.4.1056/avr8-gnu-toolchain/bin/../lib/gcc/avr/4.8.1/avr25\libgcc.a(_dtors.o)
 .text          0x00000000        0x0 c:/program files (x86)/atmel/atmel toolchain/avr8 gcc/native/3.4.1056/avr8-gnu-toolchain/bin/../lib/gcc/avr/4.8.1/avr25\libgcc.a(_tablejump.o)
 .bss           0x00000000        0x0 c:/program files (x86)/atmel/atmel toolchain/avr8 gcc/native/3.4.1056/avr8-gnu-toolchain/bin/../lib/gcc/avr/4.8.1/avr25\libgcc.a(_tablejump.o)
 .text.libgcc.mul
                0x00000000        0x0 c:/program files (x86)/atmel/atmel toolchain/avr8 gcc/native/3.4.1056/avr8-gnu-toolchain/bin/../lib/gcc/avr/4.8.1/avr25\libgcc.a(_tablejump.o)
 .text.libgcc.div
                0x00000000        0x0 c:/program files (x86)/atmel/atmel toolchain/avr8 gcc/native/3.4.1056/avr8-gnu-toolchain/bin/../lib/gcc/avr/4.8.1/avr25\libgcc.a(_tablejump.o)
 .text.libgcc.prologue
                0x00000000        0x0 c:/program files (x86)/atmel/atmel toolchain/avr8 gcc/native/3.4.1056/avr8-gnu-toolchain/bin/../lib/gcc/avr/4.8.1/avr25\libgcc.a(_tablejump.o)
 .text.libgcc.builtins
                0x00000000        0x0 c:/program files (x86)/atmel/atmel toolchain/avr8 gcc/native/3.4.1056/avr8-gnu-toolchain/bin/../lib/gcc/avr/4.8.1/avr25\libgcc.a(_tablejump.o)
 .text.libgcc.fmul
                0x00000000        0x0 c:/program files (x86)/atmel/atmel toolchain/avr8 gcc/native/3.4.1056/avr8-gnu-toolchain/bin/../lib/gcc/avr/4.8.1/avr25\libgcc.a(_tablejump.o)
 .text.libgcc.fixed
                0x00000000        0x0 c:/program files (x86)/atmel/atmel toolchain/avr8 gcc/native/3.4.1056/avr8-gnu-toolchain/bin/../lib/gcc/avr/4.8.1/avr25\libgcc.a(_tablejump.o)
 .text          0x00000000        0x0 c:/program files (x86)/atmel/atmel toolchain/avr8 gcc/native/3.4.1056/avr8-gnu-toolchain/bin/../lib/gcc/avr/4.8.1/../../../../avr/lib/avr25\libc.a(malloc.o)
 .bss           0x00000000        0x0 c:/program files (x86)/atmel/atmel toolchain/avr8 gcc/native/3.4.1056/avr8-gnu-toolchain/bin/../lib/gcc/avr/4.8.1/../../../../avr/lib/avr25\libc.a(malloc.o)

Memory Configuration

Name             Origin             Length             Attributes
text             0x00000000         0x00002000         xr
data             0x00800060         0x0000ffa0         rw !x
eeprom           0x00810000         0x00010000         rw !x
fuse             0x00820000         0x00000400         rw !x
lock             0x00830000         0x00000400         rw !x
signature        0x00840000         0x00000400         rw !x
user_signatures  0x00850000         0x00000400         rw !x
*default*        0x00000000         0xffffffff

Linker script and memory map

LOAD c:/program files (x86)/atmel/atmel toolchain/avr8 gcc/native/3.4.1056/avr8-gnu-toolchain/bin/../lib/gcc/avr/4.8.1/../../../../avr/lib/avr25/crttn4313.o
LOAD Bawler2_5_CPP.o
LOAD _baplib/Button.o
LOAD _baplib/FlagHandler.o
LOAD _baplib/MidiDevice.o
LOAD _baplib/PeripheralHandler.o
LOAD _baplib/Scheduler.o
LOAD _baplib/SoftTimer.o
LOAD _baplib/Uint8_Buffer.o
LOAD _baplib/FreqGen.o
LOAD _baplib/HardwareTimer.o
LOAD _baplib/TWI.o
LOAD _baplib/USART.o
START GROUP
LOAD c:/program files (x86)/atmel/atmel toolchain/avr8 gcc/native/3.4.1056/avr8-gnu-toolchain/bin/../lib/gcc/avr/4.8.1/../../../../avr/lib/avr25\libm.a
END GROUP
LOAD c:/program files (x86)/atmel/atmel toolchain/avr8 gcc/native/3.4.1056/avr8-gnu-toolchain/bin/../lib/gcc/avr/4.8.1/avr25\libgcc.a
LOAD c:/program files (x86)/atmel/atmel toolchain/avr8 gcc/native/3.4.1056/avr8-gnu-toolchain/bin/../lib/gcc/avr/4.8.1/../../../../avr/lib/avr25\libm.a
START GROUP
LOAD c:/program files (x86)/atmel/atmel toolchain/avr8 gcc/native/3.4.1056/avr8-gnu-toolchain/bin/../lib/gcc/avr/4.8.1/avr25\libgcc.a
LOAD c:/program files (x86)/atmel/atmel toolchain/avr8 gcc/native/3.4.1056/avr8-gnu-toolchain/bin/../lib/gcc/avr/4.8.1/../../../../avr/lib/avr25\libm.a
LOAD c:/program files (x86)/atmel/atmel toolchain/avr8 gcc/native/3.4.1056/avr8-gnu-toolchain/bin/../lib/gcc/avr/4.8.1/../../../../avr/lib/avr25\libc.a
END GROUP

.hash
 *(.hash)

.dynsym
 *(.dynsym)

.dynstr
 *(.dynstr)

.gnu.version
 *(.gnu.version)

.gnu.version_d
 *(.gnu.version_d)

.gnu.version_r
 *(.gnu.version_r)

.rel.init
 *(.rel.init)

.rela.init
 *(.rela.init)

.rel.text
 *(.rel.text)
 *(.rel.text.*)
 *(.rel.gnu.linkonce.t*)

.rela.text
 *(.rela.text)
 *(.rela.text.*)
 *(.rela.gnu.linkonce.t*)

.rel.fini
 *(.rel.fini)

.rela.fini
 *(.rela.fini)

.rel.rodata
 *(.rel.rodata)
 *(.rel.rodata.*)
 *(.rel.gnu.linkonce.r*)

.rela.rodata
 *(.rela.rodata)
 *(.rela.rodata.*)
 *(.rela.gnu.linkonce.r*)

.rel.data
 *(.rel.data)
 *(.rel.data.*)
 *(.rel.gnu.linkonce.d*)

.rela.data
 *(.rela.data)
 *(.rela.data.*)
 *(.rela.gnu.linkonce.d*)

.rel.ctors
 *(.rel.ctors)

.rela.ctors
 *(.rela.ctors)

.rel.dtors
 *(.rel.dtors)

.rela.dtors
 *(.rela.dtors)

.rel.got
 *(.rel.got)

.rela.got
 *(.rela.got)

.rel.bss
 *(.rel.bss)

.rela.bss
 *(.rela.bss)

.rel.plt
 *(.rel.plt)

.rela.plt
 *(.rela.plt)

.text           0x00000000      0x8dc
 *(.vectors)
 .vectors       0x00000000       0x2a c:/program files (x86)/atmel/atmel toolchain/avr8 gcc/native/3.4.1056/avr8-gnu-toolchain/bin/../lib/gcc/avr/4.8.1/../../../../avr/lib/avr25/crttn4313.o
                0x00000000                __vector_default
                0x00000000                __vectors
 *(.vectors)
 *(.progmem.gcc*)
                0x0000002a                . = ALIGN (0x2)
                0x0000002a                __trampolines_start = .
 *(.trampolines)
 .trampolines   0x0000002a        0x0 linker stubs
 *(.trampolines*)
                0x0000002a                __trampolines_end = .
 *(.progmem*)
                0x0000002a                . = ALIGN (0x2)
 *(.jumptables)
 *(.jumptables*)
 *(.lowtext)
 *(.lowtext*)
                0x0000002a                __ctors_start = .
 *(.ctors)
 .ctors         0x0000002a        0x2 Bawler2_5_CPP.o
                0x0000002c                __ctors_end = .
                0x0000002c                __dtors_start = .
 *(.dtors)
 .dtors         0x0000002c        0x2 Bawler2_5_CPP.o
                0x0000002e                __dtors_end = .
 SORT(*)(.ctors)
 SORT(*)(.dtors)
 *(.init0)
 .init0         0x0000002e        0x0 c:/program files (x86)/atmel/atmel toolchain/avr8 gcc/native/3.4.1056/avr8-gnu-toolchain/bin/../lib/gcc/avr/4.8.1/../../../../avr/lib/avr25/crttn4313.o
                0x0000002e                __init
 *(.init0)
 *(.init1)
 *(.init1)
 *(.init2)
 .init2         0x0000002e        0xc c:/program files (x86)/atmel/atmel toolchain/avr8 gcc/native/3.4.1056/avr8-gnu-toolchain/bin/../lib/gcc/avr/4.8.1/../../../../avr/lib/avr25/crttn4313.o
 *(.init2)
 *(.init3)
 *(.init3)
 *(.init4)
 .init4         0x0000003a       0x16 c:/program files (x86)/atmel/atmel toolchain/avr8 gcc/native/3.4.1056/avr8-gnu-toolchain/bin/../lib/gcc/avr/4.8.1/avr25\libgcc.a(_copy_data.o)
                0x0000003a                __do_copy_data
 .init4         0x00000050       0x10 c:/program files (x86)/atmel/atmel toolchain/avr8 gcc/native/3.4.1056/avr8-gnu-toolchain/bin/../lib/gcc/avr/4.8.1/avr25\libgcc.a(_clear_bss.o)
                0x00000050                __do_clear_bss
 *(.init4)
 *(.init5)
 *(.init5)
 *(.init6)
 .init6         0x00000060       0x14 c:/program files (x86)/atmel/atmel toolchain/avr8 gcc/native/3.4.1056/avr8-gnu-toolchain/bin/../lib/gcc/avr/4.8.1/avr25\libgcc.a(_ctors.o)
                0x00000060                __do_global_ctors
 *(.init6)
 *(.init7)
 *(.init7)
 *(.init8)
 *(.init8)
 *(.init9)
 .init9         0x00000074        0x4 c:/program files (x86)/atmel/atmel toolchain/avr8 gcc/native/3.4.1056/avr8-gnu-toolchain/bin/../lib/gcc/avr/4.8.1/../../../../avr/lib/avr25/crttn4313.o
 *(.init9)
 *(.text)
 .text          0x00000078        0x2 c:/program files (x86)/atmel/atmel toolchain/avr8 gcc/native/3.4.1056/avr8-gnu-toolchain/bin/../lib/gcc/avr/4.8.1/../../../../avr/lib/avr25/crttn4313.o
                0x00000078                __vector_1
                0x00000078                __vector_12
                0x00000078                __bad_interrupt
                0x00000078                __vector_3
                0x00000078                __vector_11
                0x00000078                __vector_13
                0x00000078                __vector_17
                0x00000078                __vector_19
                0x00000078                __vector_7
                0x00000078                __vector_5
                0x00000078                __vector_4
                0x00000078                __vector_9
                0x00000078                __vector_2
                0x00000078                __vector_15
                0x00000078                __vector_8
                0x00000078                __vector_14
                0x00000078                __vector_10
                0x00000078                __vector_16
                0x00000078                __vector_18
                0x00000078                __vector_20
                0x0000007a                . = ALIGN (0x2)
 *(.text.*)
 .text._ZN8CPPTimer5pauseEv
                0x0000007a        0x8 Bawler2_5_CPP.o
                0x0000007a                _ZN8CPPTimer5pauseEv
 .text._ZN8CPPTimer5startEv
                0x00000082        0x2 Bawler2_5_CPP.o
                0x00000082                _ZN8CPPTimer5startEv
 .text._ZN8CPPTimer4stopEv
                0x00000084        0x2 Bawler2_5_CPP.o
                0x00000084                _ZN8CPPTimer4stopEv
 .text._ZN8CPPTimer11setPrescaleE15prescaleSetting
                0x00000086        0x8 Bawler2_5_CPP.o
                0x00000086                _ZN8CPPTimer11setPrescaleE15prescaleSetting
 .text._ZN8CPPTimer11getPrescaleEv
                0x0000008e        0x8 Bawler2_5_CPP.o
                0x0000008e                _ZN8CPPTimer11getPrescaleEv
 .text._ZN8CPPTimer7getTimeEv
                0x00000096        0x8 Bawler2_5_CPP.o
                0x00000096                _ZN8CPPTimer7getTimeEv
 .text._ZN8CPPTimer15getTime_NoClearEv
                0x0000009e        0x8 Bawler2_5_CPP.o
                0x0000009e                _ZN8CPPTimer15getTime_NoClearEv
 .text._ZN8CPPTimer17getTime_NoUpdatesEv
                0x000000a6        0x8 Bawler2_5_CPP.o
                0x000000a6                _ZN8CPPTimer17getTime_NoUpdatesEv
 .text._ZN8CPPTimerD2Ev
                0x000000ae        0xc Bawler2_5_CPP.o
                0x000000ae                _ZN8CPPTimerD2Ev
                0x000000ae                _ZN8CPPTimerD1Ev
 .text._ZN8CPPTimer10updateTimeEv
                0x000000ba        0x2 Bawler2_5_CPP.o
                0x000000ba                _ZN8CPPTimer10updateTimeEv
 .text._Z9testFunc1v
                0x000000bc        0x6 Bawler2_5_CPP.o
                0x000000bc                _Z9testFunc1v
 .text._Z9testFunc2v
                0x000000c2        0x6 Bawler2_5_CPP.o
                0x000000c2                _Z9testFunc2v
 .text._Z9testFunc3v
                0x000000c8        0x6 Bawler2_5_CPP.o
                0x000000c8                _Z9testFunc3v
 .text._ZN8CPPTimerD0Ev
                0x000000ce        0xc Bawler2_5_CPP.o
                0x000000ce                _ZN8CPPTimerD0Ev
 .text._Z12SortOveragesv
                0x000000da        0xc Bawler2_5_CPP.o
                0x000000da                _Z12SortOveragesv
 .text._Znwj    0x000000e6        0x2 Bawler2_5_CPP.o
                0x000000e6                _Znwj
 .text._ZdlPv   0x000000e8        0x2 Bawler2_5_CPP.o
                0x000000e8                _ZdlPv
 .text._Znaj    0x000000ea        0x2 Bawler2_5_CPP.o
                0x000000ea                _Znaj
 .text._ZdaPv   0x000000ec        0x8 Bawler2_5_CPP.o
                0x000000ec                _ZdaPv
 .text.startup.main
                0x000000f4       0xba Bawler2_5_CPP.o
                0x000000f4                main
 .text.startup._GLOBAL__sub_I__Znwj
                0x000001ae       0x14 Bawler2_5_CPP.o
 .text.exit._GLOBAL__sub_D__Znwj
                0x000001c2       0x14 Bawler2_5_CPP.o
 .text._ZN9SchedulerC2EP18HardwareTimer_8Bit
                0x000001d6       0x82 _baplib/Scheduler.o
                0x000001d6                _ZN9SchedulerC2EP18HardwareTimer_8Bit
                0x000001d6                _ZN9SchedulerC1EP18HardwareTimer_8Bit
 .text._ZN9Scheduler15ScheduleAnEventE14ScheduledEvent
                0x00000258      0x108 _baplib/Scheduler.o
                0x00000258                _ZN9Scheduler15ScheduleAnEventE14ScheduledEvent
 .text._ZN9Scheduler11ProcessTimeE4time
                0x00000360      0x102 _baplib/Scheduler.o
                0x00000360                _ZN9Scheduler11ProcessTimeE4time
 .text._ZN9SchedulerD2Ev
                0x00000462       0x36 _baplib/Scheduler.o
                0x00000462                _ZN9SchedulerD1Ev
                0x00000462                _ZN9SchedulerD2Ev
 .text._ZN18HardwareTimer_8Bit5pauseEv
                0x00000498       0x12 _baplib/HardwareTimer.o
                0x00000498                _ZN18HardwareTimer_8Bit5pauseEv
 .text._ZN18HardwareTimer_8Bit4stopEv
                0x000004aa       0x12 _baplib/HardwareTimer.o
                0x000004aa                _ZN18HardwareTimer_8Bit4stopEv
 .text._ZN18HardwareTimer_8Bit11getPrescaleEv
                0x000004bc        0x8 _baplib/HardwareTimer.o
                0x000004bc                _ZN18HardwareTimer_8Bit11getPrescaleEv
 .text._ZN18HardwareTimer_8Bit5startEv
                0x000004c4       0x5a _baplib/HardwareTimer.o
                0x000004c4                _ZN18HardwareTimer_8Bit5startEv
 .text._ZN18HardwareTimer_8Bit10updateTimeEv
                0x0000051e        0x8 _baplib/HardwareTimer.o
                0x0000051e                _ZN18HardwareTimer_8Bit10updateTimeEv
 .text._ZN18HardwareTimer_8Bit7getTimeEv
                0x00000526       0x22 _baplib/HardwareTimer.o
                0x00000526                _ZN18HardwareTimer_8Bit7getTimeEv
 .text._ZN18HardwareTimer_8Bit17getTime_NoUpdatesEv
                0x00000548        0x8 _baplib/HardwareTimer.o
                0x00000548                _ZN18HardwareTimer_8Bit17getTime_NoUpdatesEv
 .text._ZN18HardwareTimer_8Bit15getTime_NoClearEv
                0x00000550       0x1c _baplib/HardwareTimer.o
                0x00000550                _ZN18HardwareTimer_8Bit15getTime_NoClearEv
 .text._ZN18HardwareTimer_8BitD2Ev
                0x0000056c        0xc _baplib/HardwareTimer.o
                0x0000056c                _ZN18HardwareTimer_8BitD1Ev
                0x0000056c                _ZN18HardwareTimer_8BitD2Ev
 .text._ZN18HardwareTimer_8BitD0Ev
                0x00000578        0xc _baplib/HardwareTimer.o
                0x00000578                _ZN18HardwareTimer_8BitD0Ev
 .text._ZN18HardwareTimer_8Bit11setPrescaleE15prescaleSetting
                0x00000584       0x4e _baplib/HardwareTimer.o
                0x00000584                _ZN18HardwareTimer_8Bit11setPrescaleE15prescaleSetting
 .text._ZN18HardwareTimer_8BitC2E15prescaleSetting
                0x000005d2       0x22 _baplib/HardwareTimer.o
                0x000005d2                _ZN18HardwareTimer_8BitC1E15prescaleSetting
                0x000005d2                _ZN18HardwareTimer_8BitC2E15prescaleSetting
 .text.__vector_6
                0x000005f4       0x5e _baplib/HardwareTimer.o
                0x000005f4                __vector_6
 .text.libgcc.div
                0x00000652       0x18 c:/program files (x86)/atmel/atmel toolchain/avr8 gcc/native/3.4.1056/avr8-gnu-toolchain/bin/../lib/gcc/avr/4.8.1/avr25\libgcc.a(_udivmodqi4.o)
                0x00000652                __udivmodqi4
 .text.libgcc   0x0000066a        0xc c:/program files (x86)/atmel/atmel toolchain/avr8 gcc/native/3.4.1056/avr8-gnu-toolchain/bin/../lib/gcc/avr/4.8.1/avr25\libgcc.a(_tablejump.o)
                0x0000066a                __tablejump2__
                0x0000066e                __tablejump__
 .text.avr-libc
                0x00000676      0x24e c:/program files (x86)/atmel/atmel toolchain/avr8 gcc/native/3.4.1056/avr8-gnu-toolchain/bin/../lib/gcc/avr/4.8.1/../../../../avr/lib/avr25\libc.a(malloc.o)
                0x00000676                malloc
                0x000007a6                free
                0x000008c4                . = ALIGN (0x2)
 *(.fini9)
 .fini9         0x000008c4        0x0 c:/program files (x86)/atmel/atmel toolchain/avr8 gcc/native/3.4.1056/avr8-gnu-toolchain/bin/../lib/gcc/avr/4.8.1/avr25\libgcc.a(_exit.o)
                0x000008c4                _exit
                0x000008c4                exit
 *(.fini9)
 *(.fini8)
 *(.fini8)
 *(.fini7)
 *(.fini7)
 *(.fini6)
 .fini6         0x000008c4       0x14 c:/program files (x86)/atmel/atmel toolchain/avr8 gcc/native/3.4.1056/avr8-gnu-toolchain/bin/../lib/gcc/avr/4.8.1/avr25\libgcc.a(_dtors.o)
                0x000008c4                __do_global_dtors
 *(.fini6)
 *(.fini5)
 *(.fini5)
 *(.fini4)
 *(.fini4)
 *(.fini3)
 *(.fini3)
 *(.fini2)
 *(.fini2)
 *(.fini1)
 *(.fini1)
 *(.fini0)
 .fini0         0x000008d8        0x4 c:/program files (x86)/atmel/atmel toolchain/avr8 gcc/native/3.4.1056/avr8-gnu-toolchain/bin/../lib/gcc/avr/4.8.1/avr25\libgcc.a(_exit.o)
 *(.fini0)
                0x000008dc                _etext = .

.data           0x00800060       0x58 load address 0x000008dc
                0x00800060                PROVIDE (__data_start, .)
 *(.data)
 .data          0x00800060        0x0 c:/program files (x86)/atmel/atmel toolchain/avr8 gcc/native/3.4.1056/avr8-gnu-toolchain/bin/../lib/gcc/avr/4.8.1/../../../../avr/lib/avr25/crttn4313.o
 .data          0x00800060        0x0 Bawler2_5_CPP.o
 .data          0x00800060        0x0 _baplib/Button.o
 .data          0x00800060        0x0 _baplib/FlagHandler.o
 .data          0x00800060        0x0 _baplib/MidiDevice.o
 .data          0x00800060        0x0 _baplib/PeripheralHandler.o
 .data          0x00800060        0x0 _baplib/Scheduler.o
 .data          0x00800060        0x0 _baplib/SoftTimer.o
 .data          0x00800060        0x0 _baplib/Uint8_Buffer.o
 .data          0x00800060        0x0 _baplib/FreqGen.o
 .data          0x00800060        0x0 _baplib/HardwareTimer.o
 .data          0x00800060        0x0 _baplib/TWI.o
 .data          0x00800060        0x0 _baplib/USART.o
 .data          0x00800060        0x0 c:/program files (x86)/atmel/atmel toolchain/avr8 gcc/native/3.4.1056/avr8-gnu-toolchain/bin/../lib/gcc/avr/4.8.1/../../../../avr/lib/avr25\libm.a(addsf3.o)
 .data          0x00800060        0x0 c:/program files (x86)/atmel/atmel toolchain/avr8 gcc/native/3.4.1056/avr8-gnu-toolchain/bin/../lib/gcc/avr/4.8.1/../../../../avr/lib/avr25\libm.a(addsf3x.o)
 .data          0x00800060        0x0 c:/program files (x86)/atmel/atmel toolchain/avr8 gcc/native/3.4.1056/avr8-gnu-toolchain/bin/../lib/gcc/avr/4.8.1/../../../../avr/lib/avr25\libm.a(divsf3.o)
 .data          0x00800060        0x0 c:/program files (x86)/atmel/atmel toolchain/avr8 gcc/native/3.4.1056/avr8-gnu-toolchain/bin/../lib/gcc/avr/4.8.1/../../../../avr/lib/avr25\libm.a(divsf3x.o)
 .data          0x00800060        0x0 c:/program files (x86)/atmel/atmel toolchain/avr8 gcc/native/3.4.1056/avr8-gnu-toolchain/bin/../lib/gcc/avr/4.8.1/../../../../avr/lib/avr25\libm.a(fixunssfsi.o)
 .data          0x00800060        0x0 c:/program files (x86)/atmel/atmel toolchain/avr8 gcc/native/3.4.1056/avr8-gnu-toolchain/bin/../lib/gcc/avr/4.8.1/../../../../avr/lib/avr25\libm.a(fp_inf.o)
 .data          0x00800060        0x0 c:/program files (x86)/atmel/atmel toolchain/avr8 gcc/native/3.4.1056/avr8-gnu-toolchain/bin/../lib/gcc/avr/4.8.1/../../../../avr/lib/avr25\libm.a(fp_nan.o)
 .data          0x00800060        0x0 c:/program files (x86)/atmel/atmel toolchain/avr8 gcc/native/3.4.1056/avr8-gnu-toolchain/bin/../lib/gcc/avr/4.8.1/../../../../avr/lib/avr25\libm.a(fp_pscA.o)
 .data          0x00800060        0x0 c:/program files (x86)/atmel/atmel toolchain/avr8 gcc/native/3.4.1056/avr8-gnu-toolchain/bin/../lib/gcc/avr/4.8.1/../../../../avr/lib/avr25\libm.a(fp_pscB.o)
 .data          0x00800060        0x0 c:/program files (x86)/atmel/atmel toolchain/avr8 gcc/native/3.4.1056/avr8-gnu-toolchain/bin/../lib/gcc/avr/4.8.1/../../../../avr/lib/avr25\libm.a(fp_round.o)
 .data          0x00800060        0x0 c:/program files (x86)/atmel/atmel toolchain/avr8 gcc/native/3.4.1056/avr8-gnu-toolchain/bin/../lib/gcc/avr/4.8.1/../../../../avr/lib/avr25\libm.a(fp_split3.o)
 .data          0x00800060        0x0 c:/program files (x86)/atmel/atmel toolchain/avr8 gcc/native/3.4.1056/avr8-gnu-toolchain/bin/../lib/gcc/avr/4.8.1/../../../../avr/lib/avr25\libm.a(fp_zero.o)
 .data          0x00800060        0x0 c:/program files (x86)/atmel/atmel toolchain/avr8 gcc/native/3.4.1056/avr8-gnu-toolchain/bin/../lib/gcc/avr/4.8.1/../../../../avr/lib/avr25\libm.a(gesf2.o)
 .data          0x00800060        0x0 c:/program files (x86)/atmel/atmel toolchain/avr8 gcc/native/3.4.1056/avr8-gnu-toolchain/bin/../lib/gcc/avr/4.8.1/../../../../avr/lib/avr25\libm.a(mulsf3.o)
 .data          0x00800060        0x0 c:/program files (x86)/atmel/atmel toolchain/avr8 gcc/native/3.4.1056/avr8-gnu-toolchain/bin/../lib/gcc/avr/4.8.1/../../../../avr/lib/avr25\libm.a(mulsf3x.o)
 .data          0x00800060        0x0 c:/program files (x86)/atmel/atmel toolchain/avr8 gcc/native/3.4.1056/avr8-gnu-toolchain/bin/../lib/gcc/avr/4.8.1/../../../../avr/lib/avr25\libm.a(fp_cmp.o)
 .data          0x00800060        0x0 c:/program files (x86)/atmel/atmel toolchain/avr8 gcc/native/3.4.1056/avr8-gnu-toolchain/bin/../lib/gcc/avr/4.8.1/avr25\libgcc.a(_udivmodqi4.o)
 .data          0x00800060        0x0 c:/program files (x86)/atmel/atmel toolchain/avr8 gcc/native/3.4.1056/avr8-gnu-toolchain/bin/../lib/gcc/avr/4.8.1/avr25\libgcc.a(_udivmodsi4.o)
 .data          0x00800060        0x0 c:/program files (x86)/atmel/atmel toolchain/avr8 gcc/native/3.4.1056/avr8-gnu-toolchain/bin/../lib/gcc/avr/4.8.1/avr25\libgcc.a(_exit.o)
 .data          0x00800060        0x0 c:/program files (x86)/atmel/atmel toolchain/avr8 gcc/native/3.4.1056/avr8-gnu-toolchain/bin/../lib/gcc/avr/4.8.1/avr25\libgcc.a(_copy_data.o)
 .data          0x00800060        0x0 c:/program files (x86)/atmel/atmel toolchain/avr8 gcc/native/3.4.1056/avr8-gnu-toolchain/bin/../lib/gcc/avr/4.8.1/avr25\libgcc.a(_clear_bss.o)
 .data          0x00800060        0x0 c:/program files (x86)/atmel/atmel toolchain/avr8 gcc/native/3.4.1056/avr8-gnu-toolchain/bin/../lib/gcc/avr/4.8.1/avr25\libgcc.a(_ctors.o)
 .data          0x00800060        0x0 c:/program files (x86)/atmel/atmel toolchain/avr8 gcc/native/3.4.1056/avr8-gnu-toolchain/bin/../lib/gcc/avr/4.8.1/avr25\libgcc.a(_dtors.o)
 .data          0x00800060        0x0 c:/program files (x86)/atmel/atmel toolchain/avr8 gcc/native/3.4.1056/avr8-gnu-toolchain/bin/../lib/gcc/avr/4.8.1/avr25\libgcc.a(_tablejump.o)
 .data          0x00800060        0x6 c:/program files (x86)/atmel/atmel toolchain/avr8 gcc/native/3.4.1056/avr8-gnu-toolchain/bin/../lib/gcc/avr/4.8.1/../../../../avr/lib/avr25\libc.a(malloc.o)
                0x00800060                __malloc_heap_end
                0x00800062                __malloc_heap_start
                0x00800064                __malloc_margin
 *(.data*)
 *(.rodata)
 .rodata        0x00800066       0x1e Bawler2_5_CPP.o
 *(.rodata*)
 .rodata._ZTV8CPPTimer
                0x00800084       0x1a Bawler2_5_CPP.o
                0x00800084                _ZTV8CPPTimer
 .rodata._ZTV18HardwareTimer_8Bit
                0x0080009e       0x1a _baplib/HardwareTimer.o
                0x0080009e                _ZTV18HardwareTimer_8Bit
 *(.gnu.linkonce.d*)
                0x008000b8                . = ALIGN (0x2)
                0x008000b8                _edata = .
                0x008000b8                PROVIDE (__data_end, .)

.bss            0x008000b8       0x16
                0x008000b8                PROVIDE (__bss_start, .)
 *(.bss)
 *(.bss*)
 .bss.EventSchedule
                0x008000b8        0x6 Bawler2_5_CPP.o
                0x008000b8                EventSchedule
 .bss.CoreTimer
                0x008000be        0xa Bawler2_5_CPP.o
                0x008000be                CoreTimer
 .bss._ZN18HardwareTimer_8Bit11accessTOIE0E
                0x008000c8        0x2 _baplib/HardwareTimer.o
                0x008000c8                _ZN18HardwareTimer_8Bit11accessTOIE0E
 *(COMMON)
 COMMON         0x008000ca        0x4 c:/program files (x86)/atmel/atmel toolchain/avr8 gcc/native/3.4.1056/avr8-gnu-toolchain/bin/../lib/gcc/avr/4.8.1/../../../../avr/lib/avr25\libc.a(malloc.o)
                0x008000ca                __brkval
                0x008000cc                __flp
                0x008000ce                PROVIDE (__bss_end, .)
                0x000008dc                __data_load_start = LOADADDR (.data)
                0x00000934                __data_load_end = (__data_load_start + SIZEOF (.data))

.noinit         0x008000ce        0x0
                0x008000ce                PROVIDE (__noinit_start, .)
 *(.noinit*)
                0x008000ce                PROVIDE (__noinit_end, .)
                0x008000ce                _end = .
                0x008000ce                PROVIDE (__heap_start, .)

.eeprom         0x00810000        0x0
 *(.eeprom*)
                0x00810000                __eeprom_end = .

.fuse
 *(.fuse)
 *(.lfuse)
 *(.hfuse)
 *(.efuse)

.lock
 *(.lock*)

.signature
 *(.signature*)

.user_signatures
 *(.user_signatures*)

.stab
 *(.stab)

.stabstr
 *(.stabstr)

.stab.excl
 *(.stab.excl)

.stab.exclstr
 *(.stab.exclstr)

.stab.index
 *(.stab.index)

.stab.indexstr
 *(.stab.indexstr)

.comment        0x00000000       0x30
 *(.comment)
 .comment       0x00000000       0x30 Bawler2_5_CPP.o
                                 0x31 (size before relaxing)
 .comment       0x00000000       0x31 _baplib/Button.o
 .comment       0x00000000       0x31 _baplib/FlagHandler.o
 .comment       0x00000000       0x31 _baplib/MidiDevice.o
 .comment       0x00000000       0x31 _baplib/PeripheralHandler.o
 .comment       0x00000000       0x31 _baplib/Scheduler.o
 .comment       0x00000000       0x31 _baplib/SoftTimer.o
 .comment       0x00000000       0x31 _baplib/Uint8_Buffer.o
 .comment       0x00000000       0x31 _baplib/FreqGen.o
 .comment       0x00000000       0x31 _baplib/HardwareTimer.o
 .comment       0x00000000       0x31 _baplib/TWI.o
 .comment       0x00000000       0x31 _baplib/USART.o
 .comment       0x00000000       0x31 c:/program files (x86)/atmel/atmel toolchain/avr8 gcc/native/3.4.1056/avr8-gnu-toolchain/bin/../lib/gcc/avr/4.8.1/../../../../avr/lib/avr25\libc.a(malloc.o)

.note.gnu.build-id
 *(.note.gnu.build-id)

.debug
 *(.debug)

.line
 *(.line)

.debug_srcinfo
 *(.debug_srcinfo)

.debug_sfnames
 *(.debug_sfnames)

.debug_aranges  0x00000000      0x498
 *(.debug_aranges)
 .debug_aranges
                0x00000000       0xf0 Bawler2_5_CPP.o
 .debug_aranges
                0x000000f0       0x28 _baplib/Button.o
 .debug_aranges
                0x00000118       0x48 _baplib/FlagHandler.o
 .debug_aranges
                0x00000160       0x40 _baplib/MidiDevice.o
 .debug_aranges
                0x000001a0       0x60 _baplib/PeripheralHandler.o
 .debug_aranges
                0x00000200       0x38 _baplib/Scheduler.o
 .debug_aranges
                0x00000238       0x28 _baplib/SoftTimer.o
 .debug_aranges
                0x00000260       0x18 _baplib/Uint8_Buffer.o
 .debug_aranges
                0x00000278       0x50 _baplib/FreqGen.o
 .debug_aranges
                0x000002c8      0x100 _baplib/HardwareTimer.o
 .debug_aranges
                0x000003c8       0x48 _baplib/TWI.o
 .debug_aranges
                0x00000410       0x88 _baplib/USART.o

.debug_pubnames
 *(.debug_pubnames)

.debug_info     0x00000000     0x9790
 *(.debug_info .gnu.linkonce.wi.*)
 .debug_info    0x00000000      0xfe5 Bawler2_5_CPP.o
 .debug_info    0x00000fe5     0x146e _baplib/Button.o
 .debug_info    0x00002453      0x923 _baplib/FlagHandler.o
 .debug_info    0x00002d76      0x473 _baplib/MidiDevice.o
 .debug_info    0x000031e9     0x16d5 _baplib/PeripheralHandler.o
 .debug_info    0x000048be      0xc9a _baplib/Scheduler.o
 .debug_info    0x00005558      0x4fd _baplib/SoftTimer.o
 .debug_info    0x00005a55       0x21 _baplib/Uint8_Buffer.o
 .debug_info    0x00005a76      0xb32 _baplib/FreqGen.o
 .debug_info    0x000065a8      0xeae _baplib/HardwareTimer.o
 .debug_info    0x00007456      0x857 _baplib/TWI.o
 .debug_info    0x00007cad     0x1ae3 _baplib/USART.o

.debug_abbrev   0x00000000     0x2815
 *(.debug_abbrev)
 .debug_abbrev  0x00000000      0x4fb Bawler2_5_CPP.o
 .debug_abbrev  0x000004fb      0x413 _baplib/Button.o
 .debug_abbrev  0x0000090e      0x2c1 _baplib/FlagHandler.o
 .debug_abbrev  0x00000bcf      0x219 _baplib/MidiDevice.o
 .debug_abbrev  0x00000de8      0x4de _baplib/PeripheralHandler.o
 .debug_abbrev  0x000012c6      0x3b2 _baplib/Scheduler.o
 .debug_abbrev  0x00001678      0x21f _baplib/SoftTimer.o
 .debug_abbrev  0x00001897       0x13 _baplib/Uint8_Buffer.o
 .debug_abbrev  0x000018aa      0x31b _baplib/FreqGen.o
 .debug_abbrev  0x00001bc5      0x3f9 _baplib/HardwareTimer.o
 .debug_abbrev  0x00001fbe      0x282 _baplib/TWI.o
 .debug_abbrev  0x00002240      0x5d5 _baplib/USART.o

.debug_line     0x00000000     0x2e35
 *(.debug_line .debug_line.* .debug_line_end)
 .debug_line    0x00000000      0x56d Bawler2_5_CPP.o
 .debug_line    0x0000056d      0x3c7 _baplib/Button.o
 .debug_line    0x00000934      0x3d7 _baplib/FlagHandler.o
 .debug_line    0x00000d0b      0x2ab _baplib/MidiDevice.o
 .debug_line    0x00000fb6      0x45b _baplib/PeripheralHandler.o
 .debug_line    0x00001411      0x3eb _baplib/Scheduler.o
 .debug_line    0x000017fc      0x334 _baplib/SoftTimer.o
 .debug_line    0x00001b30       0x39 _baplib/Uint8_Buffer.o
 .debug_line    0x00001b69      0x38d _baplib/FreqGen.o
 .debug_line    0x00001ef6      0x58c _baplib/HardwareTimer.o
 .debug_line    0x00002482      0x489 _baplib/TWI.o
 .debug_line    0x0000290b      0x52a _baplib/USART.o

.debug_frame    0x00000000      0xb98
 *(.debug_frame)
 .debug_frame   0x00000000      0x1d4 Bawler2_5_CPP.o
 .debug_frame   0x000001d4       0x34 _baplib/Button.o
 .debug_frame   0x00000208       0xa4 _baplib/FlagHandler.o
 .debug_frame   0x000002ac       0x64 _baplib/MidiDevice.o
 .debug_frame   0x00000310      0x164 _baplib/PeripheralHandler.o
 .debug_frame   0x00000474       0xe4 _baplib/Scheduler.o
 .debug_frame   0x00000558       0x34 _baplib/SoftTimer.o
 .debug_frame   0x0000058c      0x15c _baplib/FreqGen.o
 .debug_frame   0x000006e8      0x244 _baplib/HardwareTimer.o
 .debug_frame   0x0000092c       0x7c _baplib/TWI.o
 .debug_frame   0x000009a8      0x1f0 _baplib/USART.o

.debug_str      0x00000000     0x9d45
 *(.debug_str)
 .debug_str     0x00000000     0x6b72 Bawler2_5_CPP.o
                               0x6dbd (size before relaxing)
 .debug_str     0x00006b72     0x23ff _baplib/Button.o
                               0x8724 (size before relaxing)
 .debug_str     0x00008f71       0xbb _baplib/FlagHandler.o
                               0x5e2d (size before relaxing)
 .debug_str     0x0000902c       0x3d _baplib/MidiDevice.o
                               0x68eb (size before relaxing)
 .debug_str     0x00009069       0x6f _baplib/PeripheralHandler.o
                               0x86ad (size before relaxing)
 .debug_str     0x000090d8       0x71 _baplib/Scheduler.o
                               0x676e (size before relaxing)
 .debug_str     0x00009149       0xb5 _baplib/SoftTimer.o
                               0x6244 (size before relaxing)
 .debug_str     0x000091fe       0x1c _baplib/Uint8_Buffer.o
                               0x2a18 (size before relaxing)
 .debug_str     0x0000921a      0x657 _baplib/FreqGen.o
                               0x6514 (size before relaxing)
 .debug_str     0x00009871      0x317 _baplib/HardwareTimer.o
                               0x6549 (size before relaxing)
 .debug_str     0x00009b88       0xeb _baplib/TWI.o
                               0x5e0c (size before relaxing)
 .debug_str     0x00009c73       0xd2 _baplib/USART.o
                               0x8788 (size before relaxing)

.debug_loc      0x00000000     0x3276
 *(.debug_loc)
 .debug_loc     0x00000000      0x253 Bawler2_5_CPP.o
 .debug_loc     0x00000253      0x4c5 _baplib/FlagHandler.o
 .debug_loc     0x00000718      0x420 _baplib/MidiDevice.o
 .debug_loc     0x00000b38      0x5c8 _baplib/PeripheralHandler.o
 .debug_loc     0x00001100      0x5de _baplib/Scheduler.o
 .debug_loc     0x000016de      0x90a _baplib/FreqGen.o
 .debug_loc     0x00001fe8      0x627 _baplib/HardwareTimer.o
 .debug_loc     0x0000260f      0x33c _baplib/TWI.o
 .debug_loc     0x0000294b      0x92b _baplib/USART.o

.debug_macinfo
 *(.debug_macinfo)

.debug_weaknames
 *(.debug_weaknames)

.debug_funcnames
 *(.debug_funcnames)

.debug_typenames
 *(.debug_typenames)

.debug_varnames
 *(.debug_varnames)

.debug_pubtypes
 *(.debug_pubtypes)

.debug_ranges   0x00000000      0x640
 *(.debug_ranges)
 .debug_ranges  0x00000000      0x100 Bawler2_5_CPP.o
 .debug_ranges  0x00000100       0x18 _baplib/Button.o
 .debug_ranges  0x00000118       0x98 _baplib/FlagHandler.o
 .debug_ranges  0x000001b0       0x60 _baplib/MidiDevice.o
 .debug_ranges  0x00000210       0x50 _baplib/PeripheralHandler.o
 .debug_ranges  0x00000260       0x70 _baplib/Scheduler.o
 .debug_ranges  0x000002d0       0x18 _baplib/SoftTimer.o
 .debug_ranges  0x000002e8       0xd8 _baplib/FreqGen.o
 .debug_ranges  0x000003c0      0x140 _baplib/HardwareTimer.o
 .debug_ranges  0x00000500       0x98 _baplib/TWI.o
 .debug_ranges  0x00000598       0xa8 _baplib/USART.o

.debug_macro    0x00000000     0x35da
 *(.debug_macro)
 .debug_macro   0x00000000      0x139 Bawler2_5_CPP.o
 .debug_macro   0x00000139      0xa0c Bawler2_5_CPP.o
 .debug_macro   0x00000b45       0x10 Bawler2_5_CPP.o
 .debug_macro   0x00000b55       0x1e Bawler2_5_CPP.o
 .debug_macro   0x00000b73       0x9e Bawler2_5_CPP.o
 .debug_macro   0x00000c11     0x108d Bawler2_5_CPP.o
 .debug_macro   0x00001c9e      0x114 Bawler2_5_CPP.o
 .debug_macro   0x00001db2       0xbd Bawler2_5_CPP.o
 .debug_macro   0x00001e6f       0x34 Bawler2_5_CPP.o
 .debug_macro   0x00001ea3       0x18 Bawler2_5_CPP.o
 .debug_macro   0x00001ebb       0x34 Bawler2_5_CPP.o
 .debug_macro   0x00001eef       0x76 Bawler2_5_CPP.o
 .debug_macro   0x00001f65       0x28 Bawler2_5_CPP.o
 .debug_macro   0x00001f8d       0x1c Bawler2_5_CPP.o
 .debug_macro   0x00001fa9      0x10e Bawler2_5_CPP.o
 .debug_macro   0x000020b7       0x66 Bawler2_5_CPP.o
 .debug_macro   0x0000211d       0x69 Bawler2_5_CPP.o
 .debug_macro   0x00002186       0x34 Bawler2_5_CPP.o
 .debug_macro   0x000021ba       0x11 Bawler2_5_CPP.o
 .debug_macro   0x000021cb       0x16 Bawler2_5_CPP.o
 .debug_macro   0x000021e1       0x20 Bawler2_5_CPP.o
 .debug_macro   0x00002201       0x7f Bawler2_5_CPP.o
 .debug_macro   0x00002280      0x17c _baplib/Button.o
 .debug_macro   0x000023fc       0x97 _baplib/Button.o
 .debug_macro   0x00002493       0x16 _baplib/Button.o
 .debug_macro   0x000024a9       0xef _baplib/Button.o
 .debug_macro   0x00002598       0x5e _baplib/Button.o
 .debug_macro   0x000025f6       0x4c _baplib/Button.o
 .debug_macro   0x00002642       0x34 _baplib/Button.o
 .debug_macro   0x00002676       0x10 _baplib/Button.o
 .debug_macro   0x00002686       0x35 _baplib/Button.o
 .debug_macro   0x000026bb       0xe2 _baplib/Button.o
 .debug_macro   0x0000279d       0x10 _baplib/Button.o
 .debug_macro   0x000027ad       0x5e _baplib/Button.o
 .debug_macro   0x0000280b       0xbb _baplib/FlagHandler.o
 .debug_macro   0x000028c6       0xa3 _baplib/MidiDevice.o
 .debug_macro   0x00002969       0x89 _baplib/MidiDevice.o
 .debug_macro   0x000029f2       0xaa _baplib/MidiDevice.o
 .debug_macro   0x00002a9c       0xee _baplib/MidiDevice.o
 .debug_macro   0x00002b8a      0x172 _baplib/PeripheralHandler.o
 .debug_macro   0x00002cfc      0x104 _baplib/Scheduler.o
 .debug_macro   0x00002e00      0x10e _baplib/SoftTimer.o
 .debug_macro   0x00002f0e       0x11 _baplib/Uint8_Buffer.o
 .debug_macro   0x00002f1f      0x111 _baplib/FreqGen.o
 .debug_macro   0x00003030      0x16d _baplib/FreqGen.o
 .debug_macro   0x0000319d       0x10 _baplib/FreqGen.o
 .debug_macro   0x000031ad       0x16 _baplib/FreqGen.o
 .debug_macro   0x000031c3       0x6a _baplib/FreqGen.o
 .debug_macro   0x0000322d       0xfc _baplib/HardwareTimer.o
 .debug_macro   0x00003329       0xd7 _baplib/TWI.o
 .debug_macro   0x00003400       0x10 _baplib/TWI.o
 .debug_macro   0x00003410       0x58 _baplib/TWI.o
 .debug_macro   0x00003468      0x172 _baplib/USART.o
OUTPUT(Bawler2_5_CPP.elf elf32-avr)
LOAD linker stubs
