Archive member included because of file (symbol)

c:/program files (x86)/atmel/atmel toolchain/avr8 gcc/native/3.4.1056/avr8-gnu-toolchain/bin/../lib/gcc/avr/4.8.1/../../../../avr/lib/avr25\libm.a(addsf3.o)
                              _baplib/FreqGen.o (__subsf3)
c:/program files (x86)/atmel/atmel toolchain/avr8 gcc/native/3.4.1056/avr8-gnu-toolchain/bin/../lib/gcc/avr/4.8.1/../../../../avr/lib/avr25\libm.a(addsf3x.o)
                              c:/program files (x86)/atmel/atmel toolchain/avr8 gcc/native/3.4.1056/avr8-gnu-toolchain/bin/../lib/gcc/avr/4.8.1/../../../../avr/lib/avr25\libm.a(addsf3.o) (__addsf3x)
c:/program files (x86)/atmel/atmel toolchain/avr8 gcc/native/3.4.1056/avr8-gnu-toolchain/bin/../lib/gcc/avr/4.8.1/../../../../avr/lib/avr25\libm.a(divsf3.o)
                              _baplib/FreqGen.o (__divsf3)
c:/program files (x86)/atmel/atmel toolchain/avr8 gcc/native/3.4.1056/avr8-gnu-toolchain/bin/../lib/gcc/avr/4.8.1/../../../../avr/lib/avr25\libm.a(divsf3x.o)
                              c:/program files (x86)/atmel/atmel toolchain/avr8 gcc/native/3.4.1056/avr8-gnu-toolchain/bin/../lib/gcc/avr/4.8.1/../../../../avr/lib/avr25\libm.a(divsf3.o) (__divsf3x)
c:/program files (x86)/atmel/atmel toolchain/avr8 gcc/native/3.4.1056/avr8-gnu-toolchain/bin/../lib/gcc/avr/4.8.1/../../../../avr/lib/avr25\libm.a(fixunssfsi.o)
                              _baplib/FreqGen.o (__fixunssfsi)
c:/program files (x86)/atmel/atmel toolchain/avr8 gcc/native/3.4.1056/avr8-gnu-toolchain/bin/../lib/gcc/avr/4.8.1/../../../../avr/lib/avr25\libm.a(fp_inf.o)
                              c:/program files (x86)/atmel/atmel toolchain/avr8 gcc/native/3.4.1056/avr8-gnu-toolchain/bin/../lib/gcc/avr/4.8.1/../../../../avr/lib/avr25\libm.a(addsf3x.o) (__fp_inf)
c:/program files (x86)/atmel/atmel toolchain/avr8 gcc/native/3.4.1056/avr8-gnu-toolchain/bin/../lib/gcc/avr/4.8.1/../../../../avr/lib/avr25\libm.a(fp_nan.o)
                              c:/program files (x86)/atmel/atmel toolchain/avr8 gcc/native/3.4.1056/avr8-gnu-toolchain/bin/../lib/gcc/avr/4.8.1/../../../../avr/lib/avr25\libm.a(addsf3x.o) (__fp_nan)
c:/program files (x86)/atmel/atmel toolchain/avr8 gcc/native/3.4.1056/avr8-gnu-toolchain/bin/../lib/gcc/avr/4.8.1/../../../../avr/lib/avr25\libm.a(fp_pscA.o)
                              c:/program files (x86)/atmel/atmel toolchain/avr8 gcc/native/3.4.1056/avr8-gnu-toolchain/bin/../lib/gcc/avr/4.8.1/../../../../avr/lib/avr25\libm.a(addsf3x.o) (__fp_pscA)
c:/program files (x86)/atmel/atmel toolchain/avr8 gcc/native/3.4.1056/avr8-gnu-toolchain/bin/../lib/gcc/avr/4.8.1/../../../../avr/lib/avr25\libm.a(fp_pscB.o)
                              c:/program files (x86)/atmel/atmel toolchain/avr8 gcc/native/3.4.1056/avr8-gnu-toolchain/bin/../lib/gcc/avr/4.8.1/../../../../avr/lib/avr25\libm.a(addsf3x.o) (__fp_pscB)
c:/program files (x86)/atmel/atmel toolchain/avr8 gcc/native/3.4.1056/avr8-gnu-toolchain/bin/../lib/gcc/avr/4.8.1/../../../../avr/lib/avr25\libm.a(fp_round.o)
                              c:/program files (x86)/atmel/atmel toolchain/avr8 gcc/native/3.4.1056/avr8-gnu-toolchain/bin/../lib/gcc/avr/4.8.1/../../../../avr/lib/avr25\libm.a(addsf3.o) (__fp_round)
c:/program files (x86)/atmel/atmel toolchain/avr8 gcc/native/3.4.1056/avr8-gnu-toolchain/bin/../lib/gcc/avr/4.8.1/../../../../avr/lib/avr25\libm.a(fp_split3.o)
                              c:/program files (x86)/atmel/atmel toolchain/avr8 gcc/native/3.4.1056/avr8-gnu-toolchain/bin/../lib/gcc/avr/4.8.1/../../../../avr/lib/avr25\libm.a(addsf3x.o) (__fp_split3)
c:/program files (x86)/atmel/atmel toolchain/avr8 gcc/native/3.4.1056/avr8-gnu-toolchain/bin/../lib/gcc/avr/4.8.1/../../../../avr/lib/avr25\libm.a(fp_zero.o)
                              c:/program files (x86)/atmel/atmel toolchain/avr8 gcc/native/3.4.1056/avr8-gnu-toolchain/bin/../lib/gcc/avr/4.8.1/../../../../avr/lib/avr25\libm.a(addsf3x.o) (__fp_zero)
c:/program files (x86)/atmel/atmel toolchain/avr8 gcc/native/3.4.1056/avr8-gnu-toolchain/bin/../lib/gcc/avr/4.8.1/../../../../avr/lib/avr25\libm.a(gesf2.o)
                              _baplib/FreqGen.o (__gtsf2)
c:/program files (x86)/atmel/atmel toolchain/avr8 gcc/native/3.4.1056/avr8-gnu-toolchain/bin/../lib/gcc/avr/4.8.1/../../../../avr/lib/avr25\libm.a(mulsf3.o)
                              _baplib/FreqGen.o (__mulsf3)
c:/program files (x86)/atmel/atmel toolchain/avr8 gcc/native/3.4.1056/avr8-gnu-toolchain/bin/../lib/gcc/avr/4.8.1/../../../../avr/lib/avr25\libm.a(mulsf3x.o)
                              c:/program files (x86)/atmel/atmel toolchain/avr8 gcc/native/3.4.1056/avr8-gnu-toolchain/bin/../lib/gcc/avr/4.8.1/../../../../avr/lib/avr25\libm.a(mulsf3.o) (__mulsf3x)
c:/program files (x86)/atmel/atmel toolchain/avr8 gcc/native/3.4.1056/avr8-gnu-toolchain/bin/../lib/gcc/avr/4.8.1/../../../../avr/lib/avr25\libm.a(fp_cmp.o)
                              c:/program files (x86)/atmel/atmel toolchain/avr8 gcc/native/3.4.1056/avr8-gnu-toolchain/bin/../lib/gcc/avr/4.8.1/../../../../avr/lib/avr25\libm.a(gesf2.o) (__fp_cmp)
c:/program files (x86)/atmel/atmel toolchain/avr8 gcc/native/3.4.1056/avr8-gnu-toolchain/bin/../lib/gcc/avr/4.8.1/avr25\libgcc.a(_udivmodqi4.o)
                              Bawler2_5_CPP.o (__udivmodqi4)
c:/program files (x86)/atmel/atmel toolchain/avr8 gcc/native/3.4.1056/avr8-gnu-toolchain/bin/../lib/gcc/avr/4.8.1/avr25\libgcc.a(_udivmodsi4.o)
                              _baplib/USART.o (__udivmodsi4)
c:/program files (x86)/atmel/atmel toolchain/avr8 gcc/native/3.4.1056/avr8-gnu-toolchain/bin/../lib/gcc/avr/4.8.1/avr25\libgcc.a(_exit.o)
                              c:/program files (x86)/atmel/atmel toolchain/avr8 gcc/native/3.4.1056/avr8-gnu-toolchain/bin/../lib/gcc/avr/4.8.1/../../../../avr/lib/avr25/crttn4313.o (exit)
c:/program files (x86)/atmel/atmel toolchain/avr8 gcc/native/3.4.1056/avr8-gnu-toolchain/bin/../lib/gcc/avr/4.8.1/avr25\libgcc.a(_copy_data.o)
                              _baplib/HardwareTimer.o (__do_copy_data)
c:/program files (x86)/atmel/atmel toolchain/avr8 gcc/native/3.4.1056/avr8-gnu-toolchain/bin/../lib/gcc/avr/4.8.1/avr25\libgcc.a(_clear_bss.o)
                              Bawler2_5_CPP.o (__do_clear_bss)
c:/program files (x86)/atmel/atmel toolchain/avr8 gcc/native/3.4.1056/avr8-gnu-toolchain/bin/../lib/gcc/avr/4.8.1/avr25\libgcc.a(_ctors.o)
                              Bawler2_5_CPP.o (__do_global_ctors)
c:/program files (x86)/atmel/atmel toolchain/avr8 gcc/native/3.4.1056/avr8-gnu-toolchain/bin/../lib/gcc/avr/4.8.1/avr25\libgcc.a(_dtors.o)
                              Bawler2_5_CPP.o (__do_global_dtors)
c:/program files (x86)/atmel/atmel toolchain/avr8 gcc/native/3.4.1056/avr8-gnu-toolchain/bin/../lib/gcc/avr/4.8.1/avr25\libgcc.a(_tablejump.o)
                              c:/program files (x86)/atmel/atmel toolchain/avr8 gcc/native/3.4.1056/avr8-gnu-toolchain/bin/../lib/gcc/avr/4.8.1/avr25\libgcc.a(_ctors.o) (__tablejump__)
c:/program files (x86)/atmel/atmel toolchain/avr8 gcc/native/3.4.1056/avr8-gnu-toolchain/bin/../lib/gcc/avr/4.8.1/../../../../avr/lib/avr25\libc.a(malloc.o)
                              Bawler2_5_CPP.o (malloc)

Allocating common symbols
Common symbol       size              file

__brkval            0x2               c:/program files (x86)/atmel/atmel toolchain/avr8 gcc/native/3.4.1056/avr8-gnu-toolchain/bin/../lib/gcc/avr/4.8.1/../../../../avr/lib/avr25\libc.a(malloc.o)
__flp               0x2               c:/program files (x86)/atmel/atmel toolchain/avr8 gcc/native/3.4.1056/avr8-gnu-toolchain/bin/../lib/gcc/avr/4.8.1/../../../../avr/lib/avr25\libc.a(malloc.o)

Discarded input sections

 .bss           0x00000000        0x0 c:/program files (x86)/atmel/atmel toolchain/avr8 gcc/native/3.4.1056/avr8-gnu-toolchain/bin/../lib/gcc/avr/4.8.1/../../../../avr/lib/avr25/crttn4313.o
 .group         0x00000000        0x8 Bawler2_5_CPP.o
 .group         0x00000000        0x8 Bawler2_5_CPP.o
 .group         0x00000000        0x8 Bawler2_5_CPP.o
 .group         0x00000000        0x8 Bawler2_5_CPP.o
 .group         0x00000000        0x8 Bawler2_5_CPP.o
 .group         0x00000000        0x8 Bawler2_5_CPP.o
 .group         0x00000000        0x8 Bawler2_5_CPP.o
 .group         0x00000000        0x8 Bawler2_5_CPP.o
 .group         0x00000000        0x8 Bawler2_5_CPP.o
 .group         0x00000000        0x8 Bawler2_5_CPP.o
 .group         0x00000000        0x8 Bawler2_5_CPP.o
 .group         0x00000000        0x8 Bawler2_5_CPP.o
 .group         0x00000000        0x8 Bawler2_5_CPP.o
 .group         0x00000000        0x8 Bawler2_5_CPP.o
 .group         0x00000000        0x8 Bawler2_5_CPP.o
 .group         0x00000000        0x8 Bawler2_5_CPP.o
 .group         0x00000000        0x8 Bawler2_5_CPP.o
 .text          0x00000000        0x0 Bawler2_5_CPP.o
 .bss           0x00000000        0x0 Bawler2_5_CPP.o
 .text._Znwj    0x00000000        0x2 Bawler2_5_CPP.o
 .text._ZdlPv   0x00000000        0x2 Bawler2_5_CPP.o
 .text._Znaj    0x00000000        0x2 Bawler2_5_CPP.o
 .text._ZdaPv   0x00000000        0x8 Bawler2_5_CPP.o
 .text.__cxa_guard_acquire
                0x00000000       0x12 Bawler2_5_CPP.o
 .text.__cxa_guard_release
                0x00000000        0x8 Bawler2_5_CPP.o
 .text.__cxa_guard_abort
                0x00000000        0x2 Bawler2_5_CPP.o
 .text._Z9testFunc1v
                0x00000000        0x6 Bawler2_5_CPP.o
 .text._Z9testFunc2v
                0x00000000        0x6 Bawler2_5_CPP.o
 .text._Z9testFunc3v
                0x00000000        0x6 Bawler2_5_CPP.o
 .group         0x00000000        0x8 _baplib/Button.o
 .group         0x00000000        0x8 _baplib/Button.o
 .group         0x00000000        0x8 _baplib/Button.o
 .group         0x00000000        0x8 _baplib/Button.o
 .group         0x00000000        0x8 _baplib/Button.o
 .group         0x00000000        0x8 _baplib/Button.o
 .group         0x00000000        0x8 _baplib/Button.o
 .group         0x00000000        0x8 _baplib/Button.o
 .group         0x00000000        0x8 _baplib/Button.o
 .group         0x00000000        0x8 _baplib/Button.o
 .group         0x00000000        0x8 _baplib/Button.o
 .group         0x00000000        0x8 _baplib/Button.o
 .group         0x00000000        0x8 _baplib/Button.o
 .group         0x00000000        0x8 _baplib/Button.o
 .group         0x00000000        0x8 _baplib/Button.o
 .group         0x00000000        0x8 _baplib/Button.o
 .group         0x00000000        0x8 _baplib/Button.o
 .group         0x00000000        0x8 _baplib/Button.o
 .group         0x00000000        0x8 _baplib/Button.o
 .group         0x00000000        0x8 _baplib/Button.o
 .group         0x00000000        0x8 _baplib/Button.o
 .group         0x00000000        0x8 _baplib/Button.o
 .group         0x00000000        0x8 _baplib/Button.o
 .group         0x00000000        0x8 _baplib/Button.o
 .group         0x00000000        0x8 _baplib/Button.o
 .group         0x00000000        0x8 _baplib/Button.o
 .text          0x00000000        0x0 _baplib/Button.o
 .bss           0x00000000        0x0 _baplib/Button.o
 .text._ZN6ButtonC2EPVhhP17PeripheralHandler
                0x00000000        0xe _baplib/Button.o
 .text._ZN6ButtonD2Ev
                0x00000000        0x2 _baplib/Button.o
 .debug_macro   0x00000000      0xa0c _baplib/Button.o
 .debug_macro   0x00000000       0x10 _baplib/Button.o
 .debug_macro   0x00000000       0x1e _baplib/Button.o
 .debug_macro   0x00000000       0x9e _baplib/Button.o
 .debug_macro   0x00000000     0x108d _baplib/Button.o
 .debug_macro   0x00000000      0x114 _baplib/Button.o
 .debug_macro   0x00000000       0xbd _baplib/Button.o
 .debug_macro   0x00000000       0x34 _baplib/Button.o
 .debug_macro   0x00000000       0x18 _baplib/Button.o
 .debug_macro   0x00000000       0x34 _baplib/Button.o
 .debug_macro   0x00000000       0x69 _baplib/Button.o
 .debug_macro   0x00000000       0x34 _baplib/Button.o
 .debug_macro   0x00000000       0x28 _baplib/Button.o
 .group         0x00000000        0x8 _baplib/FlagHandler.o
 .group         0x00000000        0x8 _baplib/FlagHandler.o
 .group         0x00000000        0x8 _baplib/FlagHandler.o
 .group         0x00000000        0x8 _baplib/FlagHandler.o
 .group         0x00000000        0x8 _baplib/FlagHandler.o
 .group         0x00000000        0x8 _baplib/FlagHandler.o
 .group         0x00000000        0x8 _baplib/FlagHandler.o
 .group         0x00000000        0x8 _baplib/FlagHandler.o
 .group         0x00000000        0x8 _baplib/FlagHandler.o
 .group         0x00000000        0x8 _baplib/FlagHandler.o
 .group         0x00000000        0x8 _baplib/FlagHandler.o
 .group         0x00000000        0x8 _baplib/FlagHandler.o
 .group         0x00000000        0x8 _baplib/FlagHandler.o
 .text          0x00000000        0x0 _baplib/FlagHandler.o
 .bss           0x00000000        0x0 _baplib/FlagHandler.o
 .text._ZN11FlagHandlerC2EPVh
                0x00000000       0xa6 _baplib/FlagHandler.o
 .text._ZN11FlagHandler10GetNewFlagEv
                0x00000000       0xbc _baplib/FlagHandler.o
 .text._ZN11FlagHandler12GetFlagStateEh
                0x00000000       0x26 _baplib/FlagHandler.o
 .text._ZN11FlagHandler7SetFlagEh
                0x00000000       0x1c _baplib/FlagHandler.o
 .text._ZN11FlagHandler9ClearFlagEh
                0x00000000       0x1e _baplib/FlagHandler.o
 .text._ZN11FlagHandlerD2Ev
                0x00000000       0x20 _baplib/FlagHandler.o
 .debug_macro   0x00000000      0xa0c _baplib/FlagHandler.o
 .debug_macro   0x00000000       0x10 _baplib/FlagHandler.o
 .debug_macro   0x00000000       0x1e _baplib/FlagHandler.o
 .debug_macro   0x00000000       0x9e _baplib/FlagHandler.o
 .debug_macro   0x00000000     0x108d _baplib/FlagHandler.o
 .debug_macro   0x00000000      0x114 _baplib/FlagHandler.o
 .debug_macro   0x00000000       0xbd _baplib/FlagHandler.o
 .debug_macro   0x00000000       0x34 _baplib/FlagHandler.o
 .debug_macro   0x00000000       0x18 _baplib/FlagHandler.o
 .debug_macro   0x00000000       0x34 _baplib/FlagHandler.o
 .debug_macro   0x00000000       0x69 _baplib/FlagHandler.o
 .debug_macro   0x00000000       0x34 _baplib/FlagHandler.o
 .debug_macro   0x00000000       0x28 _baplib/FlagHandler.o
 .group         0x00000000        0x8 _baplib/MidiDevice.o
 .group         0x00000000        0x8 _baplib/MidiDevice.o
 .group         0x00000000        0x8 _baplib/MidiDevice.o
 .group         0x00000000        0x8 _baplib/MidiDevice.o
 .group         0x00000000        0x8 _baplib/MidiDevice.o
 .group         0x00000000        0x8 _baplib/MidiDevice.o
 .group         0x00000000        0x8 _baplib/MidiDevice.o
 .group         0x00000000        0x8 _baplib/MidiDevice.o
 .group         0x00000000        0x8 _baplib/MidiDevice.o
 .group         0x00000000        0x8 _baplib/MidiDevice.o
 .group         0x00000000        0x8 _baplib/MidiDevice.o
 .group         0x00000000        0x8 _baplib/MidiDevice.o
 .group         0x00000000        0x8 _baplib/MidiDevice.o
 .text          0x00000000        0x0 _baplib/MidiDevice.o
 .bss           0x00000000        0x0 _baplib/MidiDevice.o
 .text._ZN10MidiDeviceC2Ev
                0x00000000        0xa _baplib/MidiDevice.o
 .text._ZN10MidiDevice14Trigger_NoteOnEhh
                0x00000000       0x4c _baplib/MidiDevice.o
 .text._ZN10MidiDevice8IsStatusEh
                0x00000000        0xa _baplib/MidiDevice.o
 .text._ZN10MidiDevice6RouterEh
                0x00000000       0x32 _baplib/MidiDevice.o
 .text._ZN10MidiDevice26AssignFunction_MIDI_NoteOnEPFvhE
                0x00000000        0x8 _baplib/MidiDevice.o
 .debug_macro   0x00000000      0xa0c _baplib/MidiDevice.o
 .debug_macro   0x00000000       0x10 _baplib/MidiDevice.o
 .debug_macro   0x00000000       0x1e _baplib/MidiDevice.o
 .debug_macro   0x00000000     0x108d _baplib/MidiDevice.o
 .debug_macro   0x00000000      0x114 _baplib/MidiDevice.o
 .debug_macro   0x00000000       0xbd _baplib/MidiDevice.o
 .debug_macro   0x00000000       0x34 _baplib/MidiDevice.o
 .debug_macro   0x00000000       0x18 _baplib/MidiDevice.o
 .debug_macro   0x00000000       0x34 _baplib/MidiDevice.o
 .debug_macro   0x00000000       0x10 _baplib/MidiDevice.o
 .group         0x00000000        0x8 _baplib/PeripheralHandler.o
 .group         0x00000000        0x8 _baplib/PeripheralHandler.o
 .group         0x00000000        0x8 _baplib/PeripheralHandler.o
 .group         0x00000000        0x8 _baplib/PeripheralHandler.o
 .group         0x00000000        0x8 _baplib/PeripheralHandler.o
 .group         0x00000000        0x8 _baplib/PeripheralHandler.o
 .group         0x00000000        0x8 _baplib/PeripheralHandler.o
 .group         0x00000000        0x8 _baplib/PeripheralHandler.o
 .group         0x00000000        0x8 _baplib/PeripheralHandler.o
 .group         0x00000000        0x8 _baplib/PeripheralHandler.o
 .group         0x00000000        0x8 _baplib/PeripheralHandler.o
 .group         0x00000000        0x8 _baplib/PeripheralHandler.o
 .group         0x00000000        0x8 _baplib/PeripheralHandler.o
 .group         0x00000000        0x8 _baplib/PeripheralHandler.o
 .group         0x00000000        0x8 _baplib/PeripheralHandler.o
 .group         0x00000000        0x8 _baplib/PeripheralHandler.o
 .group         0x00000000        0x8 _baplib/PeripheralHandler.o
 .group         0x00000000        0x8 _baplib/PeripheralHandler.o
 .group         0x00000000        0x8 _baplib/PeripheralHandler.o
 .group         0x00000000        0x8 _baplib/PeripheralHandler.o
 .group         0x00000000        0x8 _baplib/PeripheralHandler.o
 .group         0x00000000        0x8 _baplib/PeripheralHandler.o
 .group         0x00000000        0x8 _baplib/PeripheralHandler.o
 .group         0x00000000        0x8 _baplib/PeripheralHandler.o
 .group         0x00000000        0x8 _baplib/PeripheralHandler.o
 .group         0x00000000        0x8 _baplib/PeripheralHandler.o
 .text          0x00000000        0x0 _baplib/PeripheralHandler.o
 .bss           0x00000000        0x0 _baplib/PeripheralHandler.o
 .text._ZN17PeripheralHandler12forward_MIDIEh
                0x00000000       0x4c _baplib/PeripheralHandler.o
 .text._ZN17PeripheralHandlerC2Ev
                0x00000000       0x1c _baplib/PeripheralHandler.o
 .text._ZN17PeripheralHandler16GetNewMidiDeviceEv
                0x00000000       0x78 _baplib/PeripheralHandler.o
 .text._ZN17PeripheralHandler11GetNewUSARTEm
                0x00000000       0x5e _baplib/PeripheralHandler.o
 .text._ZN17PeripheralHandler15GetNew8BitTimerEv
                0x00000000       0x26 _baplib/PeripheralHandler.o
 .text._ZN17PeripheralHandler15GetNew8BitTimerE15prescaleSetting
                0x00000000       0x40 _baplib/PeripheralHandler.o
 .text._ZN17PeripheralHandler15GetNewTWIMasterEv
                0x00000000       0x26 _baplib/PeripheralHandler.o
 .text._ZN17PeripheralHandler15FireRXInterruptEh
                0x00000000        0x8 _baplib/PeripheralHandler.o
 .text._ZN17PeripheralHandlerD2Ev
                0x00000000       0x14 _baplib/PeripheralHandler.o
 .debug_macro   0x00000000      0xa0c _baplib/PeripheralHandler.o
 .debug_macro   0x00000000       0x10 _baplib/PeripheralHandler.o
 .debug_macro   0x00000000       0x1e _baplib/PeripheralHandler.o
 .debug_macro   0x00000000       0x9e _baplib/PeripheralHandler.o
 .debug_macro   0x00000000     0x108d _baplib/PeripheralHandler.o
 .debug_macro   0x00000000      0x114 _baplib/PeripheralHandler.o
 .debug_macro   0x00000000       0xbd _baplib/PeripheralHandler.o
 .debug_macro   0x00000000       0x34 _baplib/PeripheralHandler.o
 .debug_macro   0x00000000       0x18 _baplib/PeripheralHandler.o
 .debug_macro   0x00000000       0x34 _baplib/PeripheralHandler.o
 .debug_macro   0x00000000       0x69 _baplib/PeripheralHandler.o
 .debug_macro   0x00000000       0x34 _baplib/PeripheralHandler.o
 .debug_macro   0x00000000       0x28 _baplib/PeripheralHandler.o
 .debug_macro   0x00000000       0x11 _baplib/PeripheralHandler.o
 .debug_macro   0x00000000       0x16 _baplib/PeripheralHandler.o
 .debug_macro   0x00000000       0x97 _baplib/PeripheralHandler.o
 .debug_macro   0x00000000       0x16 _baplib/PeripheralHandler.o
 .debug_macro   0x00000000       0xef _baplib/PeripheralHandler.o
 .debug_macro   0x00000000       0x5e _baplib/PeripheralHandler.o
 .debug_macro   0x00000000       0x4c _baplib/PeripheralHandler.o
 .debug_macro   0x00000000       0x2e _baplib/PeripheralHandler.o
 .debug_macro   0x00000000       0x10 _baplib/PeripheralHandler.o
 .debug_macro   0x00000000       0x35 _baplib/PeripheralHandler.o
 .debug_macro   0x00000000       0xe2 _baplib/PeripheralHandler.o
 .debug_macro   0x00000000       0x10 _baplib/PeripheralHandler.o
 .debug_macro   0x00000000       0x5e _baplib/PeripheralHandler.o
 .group         0x00000000        0x8 _baplib/Scheduler.o
 .group         0x00000000        0x8 _baplib/Scheduler.o
 .group         0x00000000        0x8 _baplib/Scheduler.o
 .group         0x00000000        0x8 _baplib/Scheduler.o
 .group         0x00000000        0x8 _baplib/Scheduler.o
 .group         0x00000000        0x8 _baplib/Scheduler.o
 .group         0x00000000        0x8 _baplib/Scheduler.o
 .group         0x00000000        0x8 _baplib/Scheduler.o
 .group         0x00000000        0x8 _baplib/Scheduler.o
 .group         0x00000000        0x8 _baplib/Scheduler.o
 .group         0x00000000        0x8 _baplib/Scheduler.o
 .group         0x00000000        0x8 _baplib/Scheduler.o
 .group         0x00000000        0x8 _baplib/Scheduler.o
 .group         0x00000000        0x8 _baplib/Scheduler.o
 .group         0x00000000        0x8 _baplib/Scheduler.o
 .group         0x00000000        0x8 _baplib/Scheduler.o
 .group         0x00000000        0x8 _baplib/Scheduler.o
 .group         0x00000000        0x8 _baplib/Scheduler.o
 .text          0x00000000        0x0 _baplib/Scheduler.o
 .bss           0x00000000        0x0 _baplib/Scheduler.o
 .text._ZN9SchedulerC2EP18HardwareTimer_8Bit
                0x00000000       0x54 _baplib/Scheduler.o
 .text._ZN9Scheduler15ScheduleAnEventE14ScheduledEvent
                0x00000000       0xee _baplib/Scheduler.o
 .text._ZN9Scheduler11ProcessTimeE4time
                0x00000000      0x24c _baplib/Scheduler.o
 .text._ZN9SchedulerD2Ev
                0x00000000       0x20 _baplib/Scheduler.o
 .debug_macro   0x00000000      0xa0c _baplib/Scheduler.o
 .debug_macro   0x00000000       0x10 _baplib/Scheduler.o
 .debug_macro   0x00000000       0x1e _baplib/Scheduler.o
 .debug_macro   0x00000000       0x9e _baplib/Scheduler.o
 .debug_macro   0x00000000     0x108d _baplib/Scheduler.o
 .debug_macro   0x00000000      0x114 _baplib/Scheduler.o
 .debug_macro   0x00000000       0xbd _baplib/Scheduler.o
 .debug_macro   0x00000000       0x34 _baplib/Scheduler.o
 .debug_macro   0x00000000       0x18 _baplib/Scheduler.o
 .debug_macro   0x00000000       0x34 _baplib/Scheduler.o
 .debug_macro   0x00000000       0x69 _baplib/Scheduler.o
 .debug_macro   0x00000000       0x34 _baplib/Scheduler.o
 .debug_macro   0x00000000       0x28 _baplib/Scheduler.o
 .debug_macro   0x00000000       0x11 _baplib/Scheduler.o
 .debug_macro   0x00000000       0x16 _baplib/Scheduler.o
 .debug_macro   0x00000000       0x97 _baplib/Scheduler.o
 .debug_macro   0x00000000       0x16 _baplib/Scheduler.o
 .debug_macro   0x00000000       0xef _baplib/Scheduler.o
 .group         0x00000000        0x8 _baplib/SoftTimer.o
 .group         0x00000000        0x8 _baplib/SoftTimer.o
 .group         0x00000000        0x8 _baplib/SoftTimer.o
 .group         0x00000000        0x8 _baplib/SoftTimer.o
 .group         0x00000000        0x8 _baplib/SoftTimer.o
 .group         0x00000000        0x8 _baplib/SoftTimer.o
 .group         0x00000000        0x8 _baplib/SoftTimer.o
 .group         0x00000000        0x8 _baplib/SoftTimer.o
 .group         0x00000000        0x8 _baplib/SoftTimer.o
 .group         0x00000000        0x8 _baplib/SoftTimer.o
 .group         0x00000000        0x8 _baplib/SoftTimer.o
 .group         0x00000000        0x8 _baplib/SoftTimer.o
 .group         0x00000000        0x8 _baplib/SoftTimer.o
 .group         0x00000000        0x8 _baplib/SoftTimer.o
 .group         0x00000000        0x8 _baplib/SoftTimer.o
 .group         0x00000000        0x8 _baplib/SoftTimer.o
 .group         0x00000000        0x8 _baplib/SoftTimer.o
 .group         0x00000000        0x8 _baplib/SoftTimer.o
 .text          0x00000000        0x0 _baplib/SoftTimer.o
 .bss           0x00000000        0x0 _baplib/SoftTimer.o
 .text._ZN9SoftTimerC2Ev
                0x00000000        0x2 _baplib/SoftTimer.o
 .text._ZN9SoftTimerD2Ev
                0x00000000        0x2 _baplib/SoftTimer.o
 .debug_macro   0x00000000      0xa0c _baplib/SoftTimer.o
 .debug_macro   0x00000000       0x10 _baplib/SoftTimer.o
 .debug_macro   0x00000000       0x1e _baplib/SoftTimer.o
 .debug_macro   0x00000000       0x9e _baplib/SoftTimer.o
 .debug_macro   0x00000000     0x108d _baplib/SoftTimer.o
 .debug_macro   0x00000000      0x114 _baplib/SoftTimer.o
 .debug_macro   0x00000000       0xbd _baplib/SoftTimer.o
 .debug_macro   0x00000000       0x34 _baplib/SoftTimer.o
 .debug_macro   0x00000000       0x18 _baplib/SoftTimer.o
 .debug_macro   0x00000000       0x34 _baplib/SoftTimer.o
 .debug_macro   0x00000000       0x69 _baplib/SoftTimer.o
 .debug_macro   0x00000000       0x34 _baplib/SoftTimer.o
 .debug_macro   0x00000000       0x28 _baplib/SoftTimer.o
 .debug_macro   0x00000000       0x11 _baplib/SoftTimer.o
 .debug_macro   0x00000000       0x16 _baplib/SoftTimer.o
 .debug_macro   0x00000000       0x97 _baplib/SoftTimer.o
 .debug_macro   0x00000000       0x16 _baplib/SoftTimer.o
 .debug_macro   0x00000000       0xef _baplib/SoftTimer.o
 .group         0x00000000        0x8 _baplib/Uint8_Buffer.o
 .text          0x00000000        0x0 _baplib/Uint8_Buffer.o
 .bss           0x00000000        0x0 _baplib/Uint8_Buffer.o
 .debug_macro   0x00000000      0xa0c _baplib/Uint8_Buffer.o
 .group         0x00000000        0x8 _baplib/FreqGen.o
 .group         0x00000000        0x8 _baplib/FreqGen.o
 .group         0x00000000        0x8 _baplib/FreqGen.o
 .group         0x00000000        0x8 _baplib/FreqGen.o
 .group         0x00000000        0x8 _baplib/FreqGen.o
 .group         0x00000000        0x8 _baplib/FreqGen.o
 .group         0x00000000        0x8 _baplib/FreqGen.o
 .group         0x00000000        0x8 _baplib/FreqGen.o
 .group         0x00000000        0x8 _baplib/FreqGen.o
 .group         0x00000000        0x8 _baplib/FreqGen.o
 .group         0x00000000        0x8 _baplib/FreqGen.o
 .group         0x00000000        0x8 _baplib/FreqGen.o
 .group         0x00000000        0x8 _baplib/FreqGen.o
 .group         0x00000000        0x8 _baplib/FreqGen.o
 .group         0x00000000        0x8 _baplib/FreqGen.o
 .group         0x00000000        0x8 _baplib/FreqGen.o
 .group         0x00000000        0x8 _baplib/FreqGen.o
 .group         0x00000000        0x8 _baplib/FreqGen.o
 .group         0x00000000        0x8 _baplib/FreqGen.o
 .group         0x00000000        0x8 _baplib/FreqGen.o
 .group         0x00000000        0x8 _baplib/FreqGen.o
 .text          0x00000000        0x0 _baplib/FreqGen.o
 .bss           0x00000000        0x0 _baplib/FreqGen.o
 .text._ZN15Generator_8_BitC2Ehf
                0x00000000      0x138 _baplib/FreqGen.o
 .text._ZN15Generator_8_Bit12SetFrequencyEf
                0x00000000      0x114 _baplib/FreqGen.o
 .text._ZN15Generator_8_Bit12GetFrequencyEv
                0x00000000        0x6 _baplib/FreqGen.o
 .text._ZN15Generator_8_Bit9SetOutputEh
                0x00000000       0x14 _baplib/FreqGen.o
 .text._ZN16Generator_16_BitC2Ehf
                0x00000000      0x13e _baplib/FreqGen.o
 .text._ZN16Generator_16_Bit12SetFrequencyEf
                0x00000000      0x114 _baplib/FreqGen.o
 .text._ZN16Generator_16_Bit9SetOutputEh
                0x00000000       0x18 _baplib/FreqGen.o
 .debug_macro   0x00000000      0xa0c _baplib/FreqGen.o
 .debug_macro   0x00000000       0x10 _baplib/FreqGen.o
 .debug_macro   0x00000000       0x1e _baplib/FreqGen.o
 .debug_macro   0x00000000       0x9e _baplib/FreqGen.o
 .debug_macro   0x00000000     0x108d _baplib/FreqGen.o
 .debug_macro   0x00000000      0x114 _baplib/FreqGen.o
 .debug_macro   0x00000000       0xbd _baplib/FreqGen.o
 .debug_macro   0x00000000       0x34 _baplib/FreqGen.o
 .debug_macro   0x00000000       0x18 _baplib/FreqGen.o
 .debug_macro   0x00000000       0x34 _baplib/FreqGen.o
 .debug_macro   0x00000000       0x28 _baplib/FreqGen.o
 .debug_macro   0x00000000       0x11 _baplib/FreqGen.o
 .debug_macro   0x00000000       0x16 _baplib/FreqGen.o
 .debug_macro   0x00000000       0x97 _baplib/FreqGen.o
 .debug_macro   0x00000000       0xef _baplib/FreqGen.o
 .debug_macro   0x00000000       0x4c _baplib/FreqGen.o
 .debug_macro   0x00000000       0x2e _baplib/FreqGen.o
 .group         0x00000000        0x8 _baplib/HardwareTimer.o
 .group         0x00000000        0x8 _baplib/HardwareTimer.o
 .group         0x00000000        0x8 _baplib/HardwareTimer.o
 .group         0x00000000        0x8 _baplib/HardwareTimer.o
 .group         0x00000000        0x8 _baplib/HardwareTimer.o
 .group         0x00000000        0x8 _baplib/HardwareTimer.o
 .group         0x00000000        0x8 _baplib/HardwareTimer.o
 .group         0x00000000        0x8 _baplib/HardwareTimer.o
 .group         0x00000000        0x8 _baplib/HardwareTimer.o
 .group         0x00000000        0x8 _baplib/HardwareTimer.o
 .group         0x00000000        0x8 _baplib/HardwareTimer.o
 .group         0x00000000        0x8 _baplib/HardwareTimer.o
 .group         0x00000000        0x8 _baplib/HardwareTimer.o
 .group         0x00000000        0x8 _baplib/HardwareTimer.o
 .group         0x00000000        0x8 _baplib/HardwareTimer.o
 .group         0x00000000        0x8 _baplib/HardwareTimer.o
 .group         0x00000000        0x8 _baplib/HardwareTimer.o
 .group         0x00000000        0x8 _baplib/HardwareTimer.o
 .group         0x00000000        0x8 _baplib/HardwareTimer.o
 .group         0x00000000        0x8 _baplib/HardwareTimer.o
 .group         0x00000000        0x8 _baplib/HardwareTimer.o
 .group         0x00000000        0x8 _baplib/HardwareTimer.o
 .group         0x00000000        0x8 _baplib/HardwareTimer.o
 .group         0x00000000        0x8 _baplib/HardwareTimer.o
 .group         0x00000000        0x8 _baplib/HardwareTimer.o
 .group         0x00000000        0x8 _baplib/HardwareTimer.o
 .group         0x00000000        0x8 _baplib/HardwareTimer.o
 .group         0x00000000        0x8 _baplib/HardwareTimer.o
 .group         0x00000000        0x8 _baplib/HardwareTimer.o
 .group         0x00000000        0x8 _baplib/HardwareTimer.o
 .group         0x00000000        0x8 _baplib/HardwareTimer.o
 .group         0x00000000        0x8 _baplib/HardwareTimer.o
 .group         0x00000000        0x8 _baplib/HardwareTimer.o
 .group         0x00000000        0x8 _baplib/HardwareTimer.o
 .text          0x00000000        0x0 _baplib/HardwareTimer.o
 .bss           0x00000000        0x0 _baplib/HardwareTimer.o
 .text._ZN8CPPTimer5pauseEv
                0x00000000        0x8 _baplib/HardwareTimer.o
 .text._ZN8CPPTimer5startEv
                0x00000000        0x2 _baplib/HardwareTimer.o
 .text._ZN8CPPTimer4stopEv
                0x00000000        0x2 _baplib/HardwareTimer.o
 .text._ZN8CPPTimer11setPrescaleE15prescaleSetting
                0x00000000        0x8 _baplib/HardwareTimer.o
 .text._ZN8CPPTimer11getPrescaleEv
                0x00000000        0x8 _baplib/HardwareTimer.o
 .text._ZN8CPPTimer7getTimeEv
                0x00000000        0x8 _baplib/HardwareTimer.o
 .text._ZN8CPPTimer15getTime_NoClearEv
                0x00000000        0x8 _baplib/HardwareTimer.o
 .text._ZN8CPPTimer17getTime_NoUpdatesEv
                0x00000000        0x8 _baplib/HardwareTimer.o
 .text._ZN8CPPTimerD2Ev
                0x00000000        0xc _baplib/HardwareTimer.o
 .text._ZN8CPPTimer10updateTimeEv
                0x00000000        0x2 _baplib/HardwareTimer.o
 .text._ZN18HardwareTimer_8Bit5pauseEv
                0x00000000       0x12 _baplib/HardwareTimer.o
 .text._ZN18HardwareTimer_8Bit4stopEv
                0x00000000       0x12 _baplib/HardwareTimer.o
 .text._ZN18HardwareTimer_8Bit11getPrescaleEv
                0x00000000        0x8 _baplib/HardwareTimer.o
 .text._ZN18HardwareTimer_8Bit5startEv
                0x00000000       0x5a _baplib/HardwareTimer.o
 .text._ZN18HardwareTimer_8Bit10updateTimeEv
                0x00000000        0x8 _baplib/HardwareTimer.o
 .text._ZN18HardwareTimer_8Bit7getTimeEv
                0x00000000       0x22 _baplib/HardwareTimer.o
 .text._ZN18HardwareTimer_8Bit17getTime_NoUpdatesEv
                0x00000000        0x8 _baplib/HardwareTimer.o
 .text._ZN18HardwareTimer_8Bit15getTime_NoClearEv
                0x00000000       0x1c _baplib/HardwareTimer.o
 .text._ZN19HardwareTimer_16Bit11getPrescaleEv
                0x00000000        0x8 _baplib/HardwareTimer.o
 .text._ZN18HardwareTimer_8BitD2Ev
                0x00000000        0xc _baplib/HardwareTimer.o
 .text._ZN8CPPTimerD0Ev
                0x00000000        0xc _baplib/HardwareTimer.o
 .text._ZN18HardwareTimer_8BitD0Ev
                0x00000000        0xc _baplib/HardwareTimer.o
 .text._ZN18HardwareTimer_8Bit11setPrescaleE15prescaleSetting
                0x00000000       0x4e _baplib/HardwareTimer.o
 .text._ZN18HardwareTimer_8BitC2Ev
                0x00000000       0x26 _baplib/HardwareTimer.o
 .text._ZN18HardwareTimer_8BitC2E15prescaleSetting
                0x00000000       0x20 _baplib/HardwareTimer.o
 .text._ZN19HardwareTimer_16BitC2Ev
                0x00000000       0x24 _baplib/HardwareTimer.o
 .text._ZN19HardwareTimer_16BitC2Eh
                0x00000000       0x24 _baplib/HardwareTimer.o
 .text._ZN19HardwareTimer_16Bit11setPrescaleEh
                0x00000000        0xa _baplib/HardwareTimer.o
 .rodata._ZTV8CPPTimer
                0x00000000       0x1a _baplib/HardwareTimer.o
 .rodata._ZTV18HardwareTimer_8Bit
                0x00000000       0x1a _baplib/HardwareTimer.o
 .debug_macro   0x00000000      0xa0c _baplib/HardwareTimer.o
 .debug_macro   0x00000000       0x10 _baplib/HardwareTimer.o
 .debug_macro   0x00000000       0x1e _baplib/HardwareTimer.o
 .debug_macro   0x00000000       0x9e _baplib/HardwareTimer.o
 .debug_macro   0x00000000     0x108d _baplib/HardwareTimer.o
 .debug_macro   0x00000000      0x114 _baplib/HardwareTimer.o
 .debug_macro   0x00000000       0xbd _baplib/HardwareTimer.o
 .debug_macro   0x00000000       0x34 _baplib/HardwareTimer.o
 .debug_macro   0x00000000       0x18 _baplib/HardwareTimer.o
 .debug_macro   0x00000000       0x34 _baplib/HardwareTimer.o
 .debug_macro   0x00000000       0x69 _baplib/HardwareTimer.o
 .debug_macro   0x00000000       0x34 _baplib/HardwareTimer.o
 .debug_macro   0x00000000       0x28 _baplib/HardwareTimer.o
 .debug_macro   0x00000000       0x11 _baplib/HardwareTimer.o
 .debug_macro   0x00000000       0x16 _baplib/HardwareTimer.o
 .debug_macro   0x00000000       0x97 _baplib/HardwareTimer.o
 .debug_macro   0x00000000       0x16 _baplib/HardwareTimer.o
 .debug_macro   0x00000000       0xef _baplib/HardwareTimer.o
 .group         0x00000000        0x8 _baplib/TWI.o
 .group         0x00000000        0x8 _baplib/TWI.o
 .group         0x00000000        0x8 _baplib/TWI.o
 .group         0x00000000        0x8 _baplib/TWI.o
 .group         0x00000000        0x8 _baplib/TWI.o
 .group         0x00000000        0x8 _baplib/TWI.o
 .group         0x00000000        0x8 _baplib/TWI.o
 .group         0x00000000        0x8 _baplib/TWI.o
 .group         0x00000000        0x8 _baplib/TWI.o
 .group         0x00000000        0x8 _baplib/TWI.o
 .group         0x00000000        0x8 _baplib/TWI.o
 .group         0x00000000        0x8 _baplib/TWI.o
 .group         0x00000000        0x8 _baplib/TWI.o
 .group         0x00000000        0x8 _baplib/TWI.o
 .group         0x00000000        0x8 _baplib/TWI.o
 .group         0x00000000        0x8 _baplib/TWI.o
 .group         0x00000000        0x8 _baplib/TWI.o
 .text          0x00000000        0x0 _baplib/TWI.o
 .bss           0x00000000        0x0 _baplib/TWI.o
 .text._ZN10TWI_MasterC2Ev
                0x00000000       0x16 _baplib/TWI.o
 .text._ZN10TWI_Master13sendDataBytesEPhh
                0x00000000      0x10c _baplib/TWI.o
 .text._ZN10TWI_Master10usiStartupEv
                0x00000000       0x16 _baplib/TWI.o
 .text._ZN10TWI_Master13sendStartCondEv
                0x00000000       0x26 _baplib/TWI.o
 .text._ZN10TWI_Master13startTransferEh
                0x00000000       0x32 _baplib/TWI.o
 .text._ZN10TWI_Master12sendStopCondEv
                0x00000000       0x2c _baplib/TWI.o
 .debug_macro   0x00000000      0xa0c _baplib/TWI.o
 .debug_macro   0x00000000       0x6a _baplib/TWI.o
 .debug_macro   0x00000000       0x4c _baplib/TWI.o
 .debug_macro   0x00000000       0x2e _baplib/TWI.o
 .debug_macro   0x00000000       0x10 _baplib/TWI.o
 .debug_macro   0x00000000       0x1e _baplib/TWI.o
 .debug_macro   0x00000000       0x9e _baplib/TWI.o
 .debug_macro   0x00000000     0x108d _baplib/TWI.o
 .debug_macro   0x00000000      0x114 _baplib/TWI.o
 .debug_macro   0x00000000       0xbd _baplib/TWI.o
 .debug_macro   0x00000000       0x34 _baplib/TWI.o
 .debug_macro   0x00000000       0x18 _baplib/TWI.o
 .debug_macro   0x00000000       0x34 _baplib/TWI.o
 .debug_macro   0x00000000      0x16d _baplib/TWI.o
 .debug_macro   0x00000000       0x28 _baplib/TWI.o
 .group         0x00000000        0x8 _baplib/USART.o
 .group         0x00000000        0x8 _baplib/USART.o
 .group         0x00000000        0x8 _baplib/USART.o
 .group         0x00000000        0x8 _baplib/USART.o
 .group         0x00000000        0x8 _baplib/USART.o
 .group         0x00000000        0x8 _baplib/USART.o
 .group         0x00000000        0x8 _baplib/USART.o
 .group         0x00000000        0x8 _baplib/USART.o
 .group         0x00000000        0x8 _baplib/USART.o
 .group         0x00000000        0x8 _baplib/USART.o
 .group         0x00000000        0x8 _baplib/USART.o
 .group         0x00000000        0x8 _baplib/USART.o
 .group         0x00000000        0x8 _baplib/USART.o
 .group         0x00000000        0x8 _baplib/USART.o
 .group         0x00000000        0x8 _baplib/USART.o
 .group         0x00000000        0x8 _baplib/USART.o
 .group         0x00000000        0x8 _baplib/USART.o
 .group         0x00000000        0x8 _baplib/USART.o
 .group         0x00000000        0x8 _baplib/USART.o
 .group         0x00000000        0x8 _baplib/USART.o
 .group         0x00000000        0x8 _baplib/USART.o
 .group         0x00000000        0x8 _baplib/USART.o
 .group         0x00000000        0x8 _baplib/USART.o
 .group         0x00000000        0x8 _baplib/USART.o
 .group         0x00000000        0x8 _baplib/USART.o
 .group         0x00000000        0x8 _baplib/USART.o
 .text          0x00000000        0x0 _baplib/USART.o
 .bss           0x00000000        0x0 _baplib/USART.o
 .text._ZN5USARTC2EmP11FlagHandler
                0x00000000       0x90 _baplib/USART.o
 .text._ZN5USARTC2EmP11FlagHandlerP17PeripheralHandler
                0x00000000       0x9c _baplib/USART.o
 .text._ZN5USART11SetBaudRateEm
                0x00000000       0x48 _baplib/USART.o
 .text._ZN5USART8EnableRXEh
                0x00000000       0x66 _baplib/USART.o
 .text._ZN5USART11HasDataInRXEv
                0x00000000       0x1c _baplib/USART.o
 .text._ZN5USART19GetByteFromRXBufferEv
                0x00000000        0x4 _baplib/USART.o
 .text._ZN5USART17AssignCallback_TXE10CBFunctor0
                0x00000000       0x50 _baplib/USART.o
 .text._ZN5USART17AssignCallback_RXE10CBFunctor1IhE
                0x00000000       0x50 _baplib/USART.o
 .text._ZN5USART30AssignHandlerFunction_USART_RXEM17PeripheralHandlerFvhE
                0x00000000        0xc _baplib/USART.o
 .text._ZN5USART23AssignFunction_USART_RXEPFvhE
                0x00000000        0x8 _baplib/USART.o
 .text._ZN5USART23AssignFunction_USART_TXEPFvvE
                0x00000000        0x8 _baplib/USART.o
 .text.USART_RX_vect
                0x00000000       0x92 _baplib/USART.o
 .text._ZN5USART15FireRXInterruptEh
                0x00000000       0x4e _baplib/USART.o
 .text._ZN5USARTD2Ev
                0x00000000        0x2 _baplib/USART.o
 .bss._ZN5USART19mp_InterruptHandlerE
                0x00000000        0x2 _baplib/USART.o
 .debug_macro   0x00000000      0xa0c _baplib/USART.o
 .debug_macro   0x00000000       0x10 _baplib/USART.o
 .debug_macro   0x00000000       0x1e _baplib/USART.o
 .debug_macro   0x00000000       0x9e _baplib/USART.o
 .debug_macro   0x00000000     0x108d _baplib/USART.o
 .debug_macro   0x00000000      0x114 _baplib/USART.o
 .debug_macro   0x00000000       0xbd _baplib/USART.o
 .debug_macro   0x00000000       0x34 _baplib/USART.o
 .debug_macro   0x00000000       0x18 _baplib/USART.o
 .debug_macro   0x00000000       0x34 _baplib/USART.o
 .debug_macro   0x00000000       0x11 _baplib/USART.o
 .debug_macro   0x00000000       0x16 _baplib/USART.o
 .debug_macro   0x00000000       0x97 _baplib/USART.o
 .debug_macro   0x00000000       0x16 _baplib/USART.o
 .debug_macro   0x00000000       0xef _baplib/USART.o
 .debug_macro   0x00000000       0x69 _baplib/USART.o
 .debug_macro   0x00000000       0x34 _baplib/USART.o
 .debug_macro   0x00000000       0x28 _baplib/USART.o
 .debug_macro   0x00000000       0x10 _baplib/USART.o
 .debug_macro   0x00000000       0x35 _baplib/USART.o
 .debug_macro   0x00000000       0xe2 _baplib/USART.o
 .debug_macro   0x00000000       0x10 _baplib/USART.o
 .debug_macro   0x00000000       0x5e _baplib/USART.o
 .debug_macro   0x00000000       0x5e _baplib/USART.o
 .debug_macro   0x00000000       0x4c _baplib/USART.o
 .debug_macro   0x00000000       0x2e _baplib/USART.o
 .text          0x00000000        0x0 c:/program files (x86)/atmel/atmel toolchain/avr8 gcc/native/3.4.1056/avr8-gnu-toolchain/bin/../lib/gcc/avr/4.8.1/../../../../avr/lib/avr25\libm.a(addsf3.o)
 .bss           0x00000000        0x0 c:/program files (x86)/atmel/atmel toolchain/avr8 gcc/native/3.4.1056/avr8-gnu-toolchain/bin/../lib/gcc/avr/4.8.1/../../../../avr/lib/avr25\libm.a(addsf3.o)
 .text.avr-libc.fplib
                0x00000000        0xa c:/program files (x86)/atmel/atmel toolchain/avr8 gcc/native/3.4.1056/avr8-gnu-toolchain/bin/../lib/gcc/avr/4.8.1/../../../../avr/lib/avr25\libm.a(addsf3.o)
 .text          0x00000000        0x0 c:/program files (x86)/atmel/atmel toolchain/avr8 gcc/native/3.4.1056/avr8-gnu-toolchain/bin/../lib/gcc/avr/4.8.1/../../../../avr/lib/avr25\libm.a(addsf3x.o)
 .bss           0x00000000        0x0 c:/program files (x86)/atmel/atmel toolchain/avr8 gcc/native/3.4.1056/avr8-gnu-toolchain/bin/../lib/gcc/avr/4.8.1/../../../../avr/lib/avr25\libm.a(addsf3x.o)
 .text.avr-libc.fplib
                0x00000000       0xc0 c:/program files (x86)/atmel/atmel toolchain/avr8 gcc/native/3.4.1056/avr8-gnu-toolchain/bin/../lib/gcc/avr/4.8.1/../../../../avr/lib/avr25\libm.a(addsf3x.o)
 .text          0x00000000        0x0 c:/program files (x86)/atmel/atmel toolchain/avr8 gcc/native/3.4.1056/avr8-gnu-toolchain/bin/../lib/gcc/avr/4.8.1/../../../../avr/lib/avr25\libm.a(divsf3.o)
 .bss           0x00000000        0x0 c:/program files (x86)/atmel/atmel toolchain/avr8 gcc/native/3.4.1056/avr8-gnu-toolchain/bin/../lib/gcc/avr/4.8.1/../../../../avr/lib/avr25\libm.a(divsf3.o)
 .text.avr-libc.fplib
                0x00000000        0x4 c:/program files (x86)/atmel/atmel toolchain/avr8 gcc/native/3.4.1056/avr8-gnu-toolchain/bin/../lib/gcc/avr/4.8.1/../../../../avr/lib/avr25\libm.a(divsf3.o)
 .text          0x00000000        0x0 c:/program files (x86)/atmel/atmel toolchain/avr8 gcc/native/3.4.1056/avr8-gnu-toolchain/bin/../lib/gcc/avr/4.8.1/../../../../avr/lib/avr25\libm.a(divsf3x.o)
 .bss           0x00000000        0x0 c:/program files (x86)/atmel/atmel toolchain/avr8 gcc/native/3.4.1056/avr8-gnu-toolchain/bin/../lib/gcc/avr/4.8.1/../../../../avr/lib/avr25\libm.a(divsf3x.o)
 .text.avr-libc.fplib
                0x00000000       0xcc c:/program files (x86)/atmel/atmel toolchain/avr8 gcc/native/3.4.1056/avr8-gnu-toolchain/bin/../lib/gcc/avr/4.8.1/../../../../avr/lib/avr25\libm.a(divsf3x.o)
 .text          0x00000000        0x0 c:/program files (x86)/atmel/atmel toolchain/avr8 gcc/native/3.4.1056/avr8-gnu-toolchain/bin/../lib/gcc/avr/4.8.1/../../../../avr/lib/avr25\libm.a(fixunssfsi.o)
 .bss           0x00000000        0x0 c:/program files (x86)/atmel/atmel toolchain/avr8 gcc/native/3.4.1056/avr8-gnu-toolchain/bin/../lib/gcc/avr/4.8.1/../../../../avr/lib/avr25\libm.a(fixunssfsi.o)
 .text.avr-libc.fplib
                0x00000000       0x58 c:/program files (x86)/atmel/atmel toolchain/avr8 gcc/native/3.4.1056/avr8-gnu-toolchain/bin/../lib/gcc/avr/4.8.1/../../../../avr/lib/avr25\libm.a(fixunssfsi.o)
 .text          0x00000000        0x0 c:/program files (x86)/atmel/atmel toolchain/avr8 gcc/native/3.4.1056/avr8-gnu-toolchain/bin/../lib/gcc/avr/4.8.1/../../../../avr/lib/avr25\libm.a(fp_inf.o)
 .bss           0x00000000        0x0 c:/program files (x86)/atmel/atmel toolchain/avr8 gcc/native/3.4.1056/avr8-gnu-toolchain/bin/../lib/gcc/avr/4.8.1/../../../../avr/lib/avr25\libm.a(fp_inf.o)
 .text.avr-libc.fplib
                0x00000000        0xc c:/program files (x86)/atmel/atmel toolchain/avr8 gcc/native/3.4.1056/avr8-gnu-toolchain/bin/../lib/gcc/avr/4.8.1/../../../../avr/lib/avr25\libm.a(fp_inf.o)
 .text          0x00000000        0x0 c:/program files (x86)/atmel/atmel toolchain/avr8 gcc/native/3.4.1056/avr8-gnu-toolchain/bin/../lib/gcc/avr/4.8.1/../../../../avr/lib/avr25\libm.a(fp_nan.o)
 .bss           0x00000000        0x0 c:/program files (x86)/atmel/atmel toolchain/avr8 gcc/native/3.4.1056/avr8-gnu-toolchain/bin/../lib/gcc/avr/4.8.1/../../../../avr/lib/avr25\libm.a(fp_nan.o)
 .text.avr-libc.fplib
                0x00000000        0x6 c:/program files (x86)/atmel/atmel toolchain/avr8 gcc/native/3.4.1056/avr8-gnu-toolchain/bin/../lib/gcc/avr/4.8.1/../../../../avr/lib/avr25\libm.a(fp_nan.o)
 .text          0x00000000        0x0 c:/program files (x86)/atmel/atmel toolchain/avr8 gcc/native/3.4.1056/avr8-gnu-toolchain/bin/../lib/gcc/avr/4.8.1/../../../../avr/lib/avr25\libm.a(fp_pscA.o)
 .bss           0x00000000        0x0 c:/program files (x86)/atmel/atmel toolchain/avr8 gcc/native/3.4.1056/avr8-gnu-toolchain/bin/../lib/gcc/avr/4.8.1/../../../../avr/lib/avr25\libm.a(fp_pscA.o)
 .text.avr-libc.fplib
                0x00000000        0xe c:/program files (x86)/atmel/atmel toolchain/avr8 gcc/native/3.4.1056/avr8-gnu-toolchain/bin/../lib/gcc/avr/4.8.1/../../../../avr/lib/avr25\libm.a(fp_pscA.o)
 .text          0x00000000        0x0 c:/program files (x86)/atmel/atmel toolchain/avr8 gcc/native/3.4.1056/avr8-gnu-toolchain/bin/../lib/gcc/avr/4.8.1/../../../../avr/lib/avr25\libm.a(fp_pscB.o)
 .bss           0x00000000        0x0 c:/program files (x86)/atmel/atmel toolchain/avr8 gcc/native/3.4.1056/avr8-gnu-toolchain/bin/../lib/gcc/avr/4.8.1/../../../../avr/lib/avr25\libm.a(fp_pscB.o)
 .text.avr-libc.fplib
                0x00000000        0xe c:/program files (x86)/atmel/atmel toolchain/avr8 gcc/native/3.4.1056/avr8-gnu-toolchain/bin/../lib/gcc/avr/4.8.1/../../../../avr/lib/avr25\libm.a(fp_pscB.o)
 .text          0x00000000        0x0 c:/program files (x86)/atmel/atmel toolchain/avr8 gcc/native/3.4.1056/avr8-gnu-toolchain/bin/../lib/gcc/avr/4.8.1/../../../../avr/lib/avr25\libm.a(fp_round.o)
 .bss           0x00000000        0x0 c:/program files (x86)/atmel/atmel toolchain/avr8 gcc/native/3.4.1056/avr8-gnu-toolchain/bin/../lib/gcc/avr/4.8.1/../../../../avr/lib/avr25\libm.a(fp_round.o)
 .text.avr-libc.fplib
                0x00000000       0x22 c:/program files (x86)/atmel/atmel toolchain/avr8 gcc/native/3.4.1056/avr8-gnu-toolchain/bin/../lib/gcc/avr/4.8.1/../../../../avr/lib/avr25\libm.a(fp_round.o)
 .text          0x00000000        0x0 c:/program files (x86)/atmel/atmel toolchain/avr8 gcc/native/3.4.1056/avr8-gnu-toolchain/bin/../lib/gcc/avr/4.8.1/../../../../avr/lib/avr25\libm.a(fp_split3.o)
 .bss           0x00000000        0x0 c:/program files (x86)/atmel/atmel toolchain/avr8 gcc/native/3.4.1056/avr8-gnu-toolchain/bin/../lib/gcc/avr/4.8.1/../../../../avr/lib/avr25\libm.a(fp_split3.o)
 .text.avr-libc.fplib
                0x00000000       0x44 c:/program files (x86)/atmel/atmel toolchain/avr8 gcc/native/3.4.1056/avr8-gnu-toolchain/bin/../lib/gcc/avr/4.8.1/../../../../avr/lib/avr25\libm.a(fp_split3.o)
 .text          0x00000000        0x0 c:/program files (x86)/atmel/atmel toolchain/avr8 gcc/native/3.4.1056/avr8-gnu-toolchain/bin/../lib/gcc/avr/4.8.1/../../../../avr/lib/avr25\libm.a(fp_zero.o)
 .bss           0x00000000        0x0 c:/program files (x86)/atmel/atmel toolchain/avr8 gcc/native/3.4.1056/avr8-gnu-toolchain/bin/../lib/gcc/avr/4.8.1/../../../../avr/lib/avr25\libm.a(fp_zero.o)
 .text.avr-libc.fplib
                0x00000000        0xe c:/program files (x86)/atmel/atmel toolchain/avr8 gcc/native/3.4.1056/avr8-gnu-toolchain/bin/../lib/gcc/avr/4.8.1/../../../../avr/lib/avr25\libm.a(fp_zero.o)
 .text          0x00000000        0x0 c:/program files (x86)/atmel/atmel toolchain/avr8 gcc/native/3.4.1056/avr8-gnu-toolchain/bin/../lib/gcc/avr/4.8.1/../../../../avr/lib/avr25\libm.a(gesf2.o)
 .bss           0x00000000        0x0 c:/program files (x86)/atmel/atmel toolchain/avr8 gcc/native/3.4.1056/avr8-gnu-toolchain/bin/../lib/gcc/avr/4.8.1/../../../../avr/lib/avr25\libm.a(gesf2.o)
 .text.avr-libc.fplib
                0x00000000        0x8 c:/program files (x86)/atmel/atmel toolchain/avr8 gcc/native/3.4.1056/avr8-gnu-toolchain/bin/../lib/gcc/avr/4.8.1/../../../../avr/lib/avr25\libm.a(gesf2.o)
 .text          0x00000000        0x0 c:/program files (x86)/atmel/atmel toolchain/avr8 gcc/native/3.4.1056/avr8-gnu-toolchain/bin/../lib/gcc/avr/4.8.1/../../../../avr/lib/avr25\libm.a(mulsf3.o)
 .bss           0x00000000        0x0 c:/program files (x86)/atmel/atmel toolchain/avr8 gcc/native/3.4.1056/avr8-gnu-toolchain/bin/../lib/gcc/avr/4.8.1/../../../../avr/lib/avr25\libm.a(mulsf3.o)
 .text.avr-libc.fplib
                0x00000000        0x4 c:/program files (x86)/atmel/atmel toolchain/avr8 gcc/native/3.4.1056/avr8-gnu-toolchain/bin/../lib/gcc/avr/4.8.1/../../../../avr/lib/avr25\libm.a(mulsf3.o)
 .text          0x00000000        0x0 c:/program files (x86)/atmel/atmel toolchain/avr8 gcc/native/3.4.1056/avr8-gnu-toolchain/bin/../lib/gcc/avr/4.8.1/../../../../avr/lib/avr25\libm.a(mulsf3x.o)
 .bss           0x00000000        0x0 c:/program files (x86)/atmel/atmel toolchain/avr8 gcc/native/3.4.1056/avr8-gnu-toolchain/bin/../lib/gcc/avr/4.8.1/../../../../avr/lib/avr25\libm.a(mulsf3x.o)
 .text.avr-libc.fplib
                0x00000000       0xd2 c:/program files (x86)/atmel/atmel toolchain/avr8 gcc/native/3.4.1056/avr8-gnu-toolchain/bin/../lib/gcc/avr/4.8.1/../../../../avr/lib/avr25\libm.a(mulsf3x.o)
 .text          0x00000000        0x0 c:/program files (x86)/atmel/atmel toolchain/avr8 gcc/native/3.4.1056/avr8-gnu-toolchain/bin/../lib/gcc/avr/4.8.1/../../../../avr/lib/avr25\libm.a(fp_cmp.o)
 .bss           0x00000000        0x0 c:/program files (x86)/atmel/atmel toolchain/avr8 gcc/native/3.4.1056/avr8-gnu-toolchain/bin/../lib/gcc/avr/4.8.1/../../../../avr/lib/avr25\libm.a(fp_cmp.o)
 .text.avr-libc.fplib
                0x00000000       0x48 c:/program files (x86)/atmel/atmel toolchain/avr8 gcc/native/3.4.1056/avr8-gnu-toolchain/bin/../lib/gcc/avr/4.8.1/../../../../avr/lib/avr25\libm.a(fp_cmp.o)
 .text          0x00000000        0x0 c:/program files (x86)/atmel/atmel toolchain/avr8 gcc/native/3.4.1056/avr8-gnu-toolchain/bin/../lib/gcc/avr/4.8.1/avr25\libgcc.a(_udivmodqi4.o)
 .bss           0x00000000        0x0 c:/program files (x86)/atmel/atmel toolchain/avr8 gcc/native/3.4.1056/avr8-gnu-toolchain/bin/../lib/gcc/avr/4.8.1/avr25\libgcc.a(_udivmodqi4.o)
 .text.libgcc.mul
                0x00000000        0x0 c:/program files (x86)/atmel/atmel toolchain/avr8 gcc/native/3.4.1056/avr8-gnu-toolchain/bin/../lib/gcc/avr/4.8.1/avr25\libgcc.a(_udivmodqi4.o)
 .text.libgcc   0x00000000        0x0 c:/program files (x86)/atmel/atmel toolchain/avr8 gcc/native/3.4.1056/avr8-gnu-toolchain/bin/../lib/gcc/avr/4.8.1/avr25\libgcc.a(_udivmodqi4.o)
 .text.libgcc.prologue
                0x00000000        0x0 c:/program files (x86)/atmel/atmel toolchain/avr8 gcc/native/3.4.1056/avr8-gnu-toolchain/bin/../lib/gcc/avr/4.8.1/avr25\libgcc.a(_udivmodqi4.o)
 .text.libgcc.builtins
                0x00000000        0x0 c:/program files (x86)/atmel/atmel toolchain/avr8 gcc/native/3.4.1056/avr8-gnu-toolchain/bin/../lib/gcc/avr/4.8.1/avr25\libgcc.a(_udivmodqi4.o)
 .text.libgcc.fmul
                0x00000000        0x0 c:/program files (x86)/atmel/atmel toolchain/avr8 gcc/native/3.4.1056/avr8-gnu-toolchain/bin/../lib/gcc/avr/4.8.1/avr25\libgcc.a(_udivmodqi4.o)
 .text.libgcc.fixed
                0x00000000        0x0 c:/program files (x86)/atmel/atmel toolchain/avr8 gcc/native/3.4.1056/avr8-gnu-toolchain/bin/../lib/gcc/avr/4.8.1/avr25\libgcc.a(_udivmodqi4.o)
 .text          0x00000000        0x0 c:/program files (x86)/atmel/atmel toolchain/avr8 gcc/native/3.4.1056/avr8-gnu-toolchain/bin/../lib/gcc/avr/4.8.1/avr25\libgcc.a(_udivmodsi4.o)
 .bss           0x00000000        0x0 c:/program files (x86)/atmel/atmel toolchain/avr8 gcc/native/3.4.1056/avr8-gnu-toolchain/bin/../lib/gcc/avr/4.8.1/avr25\libgcc.a(_udivmodsi4.o)
 .text.libgcc.mul
                0x00000000        0x0 c:/program files (x86)/atmel/atmel toolchain/avr8 gcc/native/3.4.1056/avr8-gnu-toolchain/bin/../lib/gcc/avr/4.8.1/avr25\libgcc.a(_udivmodsi4.o)
 .text.libgcc.div
                0x00000000       0x44 c:/program files (x86)/atmel/atmel toolchain/avr8 gcc/native/3.4.1056/avr8-gnu-toolchain/bin/../lib/gcc/avr/4.8.1/avr25\libgcc.a(_udivmodsi4.o)
 .text.libgcc   0x00000000        0x0 c:/program files (x86)/atmel/atmel toolchain/avr8 gcc/native/3.4.1056/avr8-gnu-toolchain/bin/../lib/gcc/avr/4.8.1/avr25\libgcc.a(_udivmodsi4.o)
 .text.libgcc.prologue
                0x00000000        0x0 c:/program files (x86)/atmel/atmel toolchain/avr8 gcc/native/3.4.1056/avr8-gnu-toolchain/bin/../lib/gcc/avr/4.8.1/avr25\libgcc.a(_udivmodsi4.o)
 .text.libgcc.builtins
                0x00000000        0x0 c:/program files (x86)/atmel/atmel toolchain/avr8 gcc/native/3.4.1056/avr8-gnu-toolchain/bin/../lib/gcc/avr/4.8.1/avr25\libgcc.a(_udivmodsi4.o)
 .text.libgcc.fmul
                0x00000000        0x0 c:/program files (x86)/atmel/atmel toolchain/avr8 gcc/native/3.4.1056/avr8-gnu-toolchain/bin/../lib/gcc/avr/4.8.1/avr25\libgcc.a(_udivmodsi4.o)
 .text.libgcc.fixed
                0x00000000        0x0 c:/program files (x86)/atmel/atmel toolchain/avr8 gcc/native/3.4.1056/avr8-gnu-toolchain/bin/../lib/gcc/avr/4.8.1/avr25\libgcc.a(_udivmodsi4.o)
 .text          0x00000000        0x0 c:/program files (x86)/atmel/atmel toolchain/avr8 gcc/native/3.4.1056/avr8-gnu-toolchain/bin/../lib/gcc/avr/4.8.1/avr25\libgcc.a(_exit.o)
 .bss           0x00000000        0x0 c:/program files (x86)/atmel/atmel toolchain/avr8 gcc/native/3.4.1056/avr8-gnu-toolchain/bin/../lib/gcc/avr/4.8.1/avr25\libgcc.a(_exit.o)
 .text.libgcc.mul
                0x00000000        0x0 c:/program files (x86)/atmel/atmel toolchain/avr8 gcc/native/3.4.1056/avr8-gnu-toolchain/bin/../lib/gcc/avr/4.8.1/avr25\libgcc.a(_exit.o)
 .text.libgcc.div
                0x00000000        0x0 c:/program files (x86)/atmel/atmel toolchain/avr8 gcc/native/3.4.1056/avr8-gnu-toolchain/bin/../lib/gcc/avr/4.8.1/avr25\libgcc.a(_exit.o)
 .text.libgcc   0x00000000        0x0 c:/program files (x86)/atmel/atmel toolchain/avr8 gcc/native/3.4.1056/avr8-gnu-toolchain/bin/../lib/gcc/avr/4.8.1/avr25\libgcc.a(_exit.o)
 .text.libgcc.prologue
                0x00000000        0x0 c:/program files (x86)/atmel/atmel toolchain/avr8 gcc/native/3.4.1056/avr8-gnu-toolchain/bin/../lib/gcc/avr/4.8.1/avr25\libgcc.a(_exit.o)
 .text.libgcc.builtins
                0x00000000        0x0 c:/program files (x86)/atmel/atmel toolchain/avr8 gcc/native/3.4.1056/avr8-gnu-toolchain/bin/../lib/gcc/avr/4.8.1/avr25\libgcc.a(_exit.o)
 .text.libgcc.fmul
                0x00000000        0x0 c:/program files (x86)/atmel/atmel toolchain/avr8 gcc/native/3.4.1056/avr8-gnu-toolchain/bin/../lib/gcc/avr/4.8.1/avr25\libgcc.a(_exit.o)
 .text.libgcc.fixed
                0x00000000        0x0 c:/program files (x86)/atmel/atmel toolchain/avr8 gcc/native/3.4.1056/avr8-gnu-toolchain/bin/../lib/gcc/avr/4.8.1/avr25\libgcc.a(_exit.o)
 .text          0x00000000        0x0 c:/program files (x86)/atmel/atmel toolchain/avr8 gcc/native/3.4.1056/avr8-gnu-toolchain/bin/../lib/gcc/avr/4.8.1/avr25\libgcc.a(_copy_data.o)
 .bss           0x00000000        0x0 c:/program files (x86)/atmel/atmel toolchain/avr8 gcc/native/3.4.1056/avr8-gnu-toolchain/bin/../lib/gcc/avr/4.8.1/avr25\libgcc.a(_copy_data.o)
 .text.libgcc.mul
                0x00000000        0x0 c:/program files (x86)/atmel/atmel toolchain/avr8 gcc/native/3.4.1056/avr8-gnu-toolchain/bin/../lib/gcc/avr/4.8.1/avr25\libgcc.a(_copy_data.o)
 .text.libgcc.div
                0x00000000        0x0 c:/program files (x86)/atmel/atmel toolchain/avr8 gcc/native/3.4.1056/avr8-gnu-toolchain/bin/../lib/gcc/avr/4.8.1/avr25\libgcc.a(_copy_data.o)
 .text.libgcc   0x00000000        0x0 c:/program files (x86)/atmel/atmel toolchain/avr8 gcc/native/3.4.1056/avr8-gnu-toolchain/bin/../lib/gcc/avr/4.8.1/avr25\libgcc.a(_copy_data.o)
 .text.libgcc.prologue
                0x00000000        0x0 c:/program files (x86)/atmel/atmel toolchain/avr8 gcc/native/3.4.1056/avr8-gnu-toolchain/bin/../lib/gcc/avr/4.8.1/avr25\libgcc.a(_copy_data.o)
 .text.libgcc.builtins
                0x00000000        0x0 c:/program files (x86)/atmel/atmel toolchain/avr8 gcc/native/3.4.1056/avr8-gnu-toolchain/bin/../lib/gcc/avr/4.8.1/avr25\libgcc.a(_copy_data.o)
 .text.libgcc.fmul
                0x00000000        0x0 c:/program files (x86)/atmel/atmel toolchain/avr8 gcc/native/3.4.1056/avr8-gnu-toolchain/bin/../lib/gcc/avr/4.8.1/avr25\libgcc.a(_copy_data.o)
 .text.libgcc.fixed
                0x00000000        0x0 c:/program files (x86)/atmel/atmel toolchain/avr8 gcc/native/3.4.1056/avr8-gnu-toolchain/bin/../lib/gcc/avr/4.8.1/avr25\libgcc.a(_copy_data.o)
 .text          0x00000000        0x0 c:/program files (x86)/atmel/atmel toolchain/avr8 gcc/native/3.4.1056/avr8-gnu-toolchain/bin/../lib/gcc/avr/4.8.1/avr25\libgcc.a(_clear_bss.o)
 .bss           0x00000000        0x0 c:/program files (x86)/atmel/atmel toolchain/avr8 gcc/native/3.4.1056/avr8-gnu-toolchain/bin/../lib/gcc/avr/4.8.1/avr25\libgcc.a(_clear_bss.o)
 .text.libgcc.mul
                0x00000000        0x0 c:/program files (x86)/atmel/atmel toolchain/avr8 gcc/native/3.4.1056/avr8-gnu-toolchain/bin/../lib/gcc/avr/4.8.1/avr25\libgcc.a(_clear_bss.o)
 .text.libgcc.div
                0x00000000        0x0 c:/program files (x86)/atmel/atmel toolchain/avr8 gcc/native/3.4.1056/avr8-gnu-toolchain/bin/../lib/gcc/avr/4.8.1/avr25\libgcc.a(_clear_bss.o)
 .text.libgcc   0x00000000        0x0 c:/program files (x86)/atmel/atmel toolchain/avr8 gcc/native/3.4.1056/avr8-gnu-toolchain/bin/../lib/gcc/avr/4.8.1/avr25\libgcc.a(_clear_bss.o)
 .text.libgcc.prologue
                0x00000000        0x0 c:/program files (x86)/atmel/atmel toolchain/avr8 gcc/native/3.4.1056/avr8-gnu-toolchain/bin/../lib/gcc/avr/4.8.1/avr25\libgcc.a(_clear_bss.o)
 .text.libgcc.builtins
                0x00000000        0x0 c:/program files (x86)/atmel/atmel toolchain/avr8 gcc/native/3.4.1056/avr8-gnu-toolchain/bin/../lib/gcc/avr/4.8.1/avr25\libgcc.a(_clear_bss.o)
 .text.libgcc.fmul
                0x00000000        0x0 c:/program files (x86)/atmel/atmel toolchain/avr8 gcc/native/3.4.1056/avr8-gnu-toolchain/bin/../lib/gcc/avr/4.8.1/avr25\libgcc.a(_clear_bss.o)
 .text.libgcc.fixed
                0x00000000        0x0 c:/program files (x86)/atmel/atmel toolchain/avr8 gcc/native/3.4.1056/avr8-gnu-toolchain/bin/../lib/gcc/avr/4.8.1/avr25\libgcc.a(_clear_bss.o)
 .text          0x00000000        0x0 c:/program files (x86)/atmel/atmel toolchain/avr8 gcc/native/3.4.1056/avr8-gnu-toolchain/bin/../lib/gcc/avr/4.8.1/avr25\libgcc.a(_ctors.o)
 .bss           0x00000000        0x0 c:/program files (x86)/atmel/atmel toolchain/avr8 gcc/native/3.4.1056/avr8-gnu-toolchain/bin/../lib/gcc/avr/4.8.1/avr25\libgcc.a(_ctors.o)
 .text.libgcc.mul
                0x00000000        0x0 c:/program files (x86)/atmel/atmel toolchain/avr8 gcc/native/3.4.1056/avr8-gnu-toolchain/bin/../lib/gcc/avr/4.8.1/avr25\libgcc.a(_ctors.o)
 .text.libgcc.div
                0x00000000        0x0 c:/program files (x86)/atmel/atmel toolchain/avr8 gcc/native/3.4.1056/avr8-gnu-toolchain/bin/../lib/gcc/avr/4.8.1/avr25\libgcc.a(_ctors.o)
 .text.libgcc   0x00000000        0x0 c:/program files (x86)/atmel/atmel toolchain/avr8 gcc/native/3.4.1056/avr8-gnu-toolchain/bin/../lib/gcc/avr/4.8.1/avr25\libgcc.a(_ctors.o)
 .text.libgcc.prologue
                0x00000000        0x0 c:/program files (x86)/atmel/atmel toolchain/avr8 gcc/native/3.4.1056/avr8-gnu-toolchain/bin/../lib/gcc/avr/4.8.1/avr25\libgcc.a(_ctors.o)
 .text.libgcc.builtins
                0x00000000        0x0 c:/program files (x86)/atmel/atmel toolchain/avr8 gcc/native/3.4.1056/avr8-gnu-toolchain/bin/../lib/gcc/avr/4.8.1/avr25\libgcc.a(_ctors.o)
 .text.libgcc.fmul
                0x00000000        0x0 c:/program files (x86)/atmel/atmel toolchain/avr8 gcc/native/3.4.1056/avr8-gnu-toolchain/bin/../lib/gcc/avr/4.8.1/avr25\libgcc.a(_ctors.o)
 .text.libgcc.fixed
                0x00000000        0x0 c:/program files (x86)/atmel/atmel toolchain/avr8 gcc/native/3.4.1056/avr8-gnu-toolchain/bin/../lib/gcc/avr/4.8.1/avr25\libgcc.a(_ctors.o)
 .text          0x00000000        0x0 c:/program files (x86)/atmel/atmel toolchain/avr8 gcc/native/3.4.1056/avr8-gnu-toolchain/bin/../lib/gcc/avr/4.8.1/avr25\libgcc.a(_dtors.o)
 .bss           0x00000000        0x0 c:/program files (x86)/atmel/atmel toolchain/avr8 gcc/native/3.4.1056/avr8-gnu-toolchain/bin/../lib/gcc/avr/4.8.1/avr25\libgcc.a(_dtors.o)
 .text.libgcc.mul
                0x00000000        0x0 c:/program files (x86)/atmel/atmel toolchain/avr8 gcc/native/3.4.1056/avr8-gnu-toolchain/bin/../lib/gcc/avr/4.8.1/avr25\libgcc.a(_dtors.o)
 .text.libgcc.div
                0x00000000        0x0 c:/program files (x86)/atmel/atmel toolchain/avr8 gcc/native/3.4.1056/avr8-gnu-toolchain/bin/../lib/gcc/avr/4.8.1/avr25\libgcc.a(_dtors.o)
 .text.libgcc   0x00000000        0x0 c:/program files (x86)/atmel/atmel toolchain/avr8 gcc/native/3.4.1056/avr8-gnu-toolchain/bin/../lib/gcc/avr/4.8.1/avr25\libgcc.a(_dtors.o)
 .text.libgcc.prologue
                0x00000000        0x0 c:/program files (x86)/atmel/atmel toolchain/avr8 gcc/native/3.4.1056/avr8-gnu-toolchain/bin/../lib/gcc/avr/4.8.1/avr25\libgcc.a(_dtors.o)
 .text.libgcc.builtins
                0x00000000        0x0 c:/program files (x86)/atmel/atmel toolchain/avr8 gcc/native/3.4.1056/avr8-gnu-toolchain/bin/../lib/gcc/avr/4.8.1/avr25\libgcc.a(_dtors.o)
 .text.libgcc.fmul
                0x00000000        0x0 c:/program files (x86)/atmel/atmel toolchain/avr8 gcc/native/3.4.1056/avr8-gnu-toolchain/bin/../lib/gcc/avr/4.8.1/avr25\libgcc.a(_dtors.o)
 .text.libgcc.fixed
                0x00000000        0x0 c:/program files (x86)/atmel/atmel toolchain/avr8 gcc/native/3.4.1056/avr8-gnu-toolchain/bin/../lib/gcc/avr/4.8.1/avr25\libgcc.a(_dtors.o)
 .text          0x00000000        0x0 c:/program files (x86)/atmel/atmel toolchain/avr8 gcc/native/3.4.1056/avr8-gnu-toolchain/bin/../lib/gcc/avr/4.8.1/avr25\libgcc.a(_tablejump.o)
 .bss           0x00000000        0x0 c:/program files (x86)/atmel/atmel toolchain/avr8 gcc/native/3.4.1056/avr8-gnu-toolchain/bin/../lib/gcc/avr/4.8.1/avr25\libgcc.a(_tablejump.o)
 .text.libgcc.mul
                0x00000000        0x0 c:/program files (x86)/atmel/atmel toolchain/avr8 gcc/native/3.4.1056/avr8-gnu-toolchain/bin/../lib/gcc/avr/4.8.1/avr25\libgcc.a(_tablejump.o)
 .text.libgcc.div
                0x00000000        0x0 c:/program files (x86)/atmel/atmel toolchain/avr8 gcc/native/3.4.1056/avr8-gnu-toolchain/bin/../lib/gcc/avr/4.8.1/avr25\libgcc.a(_tablejump.o)
 .text.libgcc.prologue
                0x00000000        0x0 c:/program files (x86)/atmel/atmel toolchain/avr8 gcc/native/3.4.1056/avr8-gnu-toolchain/bin/../lib/gcc/avr/4.8.1/avr25\libgcc.a(_tablejump.o)
 .text.libgcc.builtins
                0x00000000        0x0 c:/program files (x86)/atmel/atmel toolchain/avr8 gcc/native/3.4.1056/avr8-gnu-toolchain/bin/../lib/gcc/avr/4.8.1/avr25\libgcc.a(_tablejump.o)
 .text.libgcc.fmul
                0x00000000        0x0 c:/program files (x86)/atmel/atmel toolchain/avr8 gcc/native/3.4.1056/avr8-gnu-toolchain/bin/../lib/gcc/avr/4.8.1/avr25\libgcc.a(_tablejump.o)
 .text.libgcc.fixed
                0x00000000        0x0 c:/program files (x86)/atmel/atmel toolchain/avr8 gcc/native/3.4.1056/avr8-gnu-toolchain/bin/../lib/gcc/avr/4.8.1/avr25\libgcc.a(_tablejump.o)
 .text          0x00000000        0x0 c:/program files (x86)/atmel/atmel toolchain/avr8 gcc/native/3.4.1056/avr8-gnu-toolchain/bin/../lib/gcc/avr/4.8.1/../../../../avr/lib/avr25\libc.a(malloc.o)
 .bss           0x00000000        0x0 c:/program files (x86)/atmel/atmel toolchain/avr8 gcc/native/3.4.1056/avr8-gnu-toolchain/bin/../lib/gcc/avr/4.8.1/../../../../avr/lib/avr25\libc.a(malloc.o)

Memory Configuration

Name             Origin             Length             Attributes
text             0x00000000         0x00002000         xr
data             0x00800060         0x0000ffa0         rw !x
eeprom           0x00810000         0x00010000         rw !x
fuse             0x00820000         0x00000400         rw !x
lock             0x00830000         0x00000400         rw !x
signature        0x00840000         0x00000400         rw !x
user_signatures  0x00850000         0x00000400         rw !x
*default*        0x00000000         0xffffffff

Linker script and memory map

LOAD c:/program files (x86)/atmel/atmel toolchain/avr8 gcc/native/3.4.1056/avr8-gnu-toolchain/bin/../lib/gcc/avr/4.8.1/../../../../avr/lib/avr25/crttn4313.o
LOAD Bawler2_5_CPP.o
LOAD _baplib/Button.o
LOAD _baplib/FlagHandler.o
LOAD _baplib/MidiDevice.o
LOAD _baplib/PeripheralHandler.o
LOAD _baplib/Scheduler.o
LOAD _baplib/SoftTimer.o
LOAD _baplib/Uint8_Buffer.o
LOAD _baplib/FreqGen.o
LOAD _baplib/HardwareTimer.o
LOAD _baplib/TWI.o
LOAD _baplib/USART.o
START GROUP
LOAD c:/program files (x86)/atmel/atmel toolchain/avr8 gcc/native/3.4.1056/avr8-gnu-toolchain/bin/../lib/gcc/avr/4.8.1/../../../../avr/lib/avr25\libm.a
END GROUP
LOAD c:/program files (x86)/atmel/atmel toolchain/avr8 gcc/native/3.4.1056/avr8-gnu-toolchain/bin/../lib/gcc/avr/4.8.1/avr25\libgcc.a
LOAD c:/program files (x86)/atmel/atmel toolchain/avr8 gcc/native/3.4.1056/avr8-gnu-toolchain/bin/../lib/gcc/avr/4.8.1/../../../../avr/lib/avr25\libm.a
START GROUP
LOAD c:/program files (x86)/atmel/atmel toolchain/avr8 gcc/native/3.4.1056/avr8-gnu-toolchain/bin/../lib/gcc/avr/4.8.1/avr25\libgcc.a
LOAD c:/program files (x86)/atmel/atmel toolchain/avr8 gcc/native/3.4.1056/avr8-gnu-toolchain/bin/../lib/gcc/avr/4.8.1/../../../../avr/lib/avr25\libm.a
LOAD c:/program files (x86)/atmel/atmel toolchain/avr8 gcc/native/3.4.1056/avr8-gnu-toolchain/bin/../lib/gcc/avr/4.8.1/../../../../avr/lib/avr25\libc.a
END GROUP

.hash
 *(.hash)

.dynsym
 *(.dynsym)

.dynstr
 *(.dynstr)

.gnu.version
 *(.gnu.version)

.gnu.version_d
 *(.gnu.version_d)

.gnu.version_r
 *(.gnu.version_r)

.rel.init
 *(.rel.init)

.rela.init
 *(.rela.init)

.rel.text
 *(.rel.text)
 *(.rel.text.*)
 *(.rel.gnu.linkonce.t*)

.rela.text
 *(.rela.text)
 *(.rela.text.*)
 *(.rela.gnu.linkonce.t*)

.rel.fini
 *(.rel.fini)

.rela.fini
 *(.rela.fini)

.rel.rodata
 *(.rel.rodata)
 *(.rel.rodata.*)
 *(.rel.gnu.linkonce.r*)

.rela.rodata
 *(.rela.rodata)
 *(.rela.rodata.*)
 *(.rela.gnu.linkonce.r*)

.rel.data
 *(.rel.data)
 *(.rel.data.*)
 *(.rel.gnu.linkonce.d*)

.rela.data
 *(.rela.data)
 *(.rela.data.*)
 *(.rela.gnu.linkonce.d*)

.rel.ctors
 *(.rel.ctors)

.rela.ctors
 *(.rela.ctors)

.rel.dtors
 *(.rel.dtors)

.rela.dtors
 *(.rela.dtors)

.rel.got
 *(.rel.got)

.rela.got
 *(.rela.got)

.rel.bss
 *(.rel.bss)

.rela.bss
 *(.rela.bss)

.rel.plt
 *(.rel.plt)

.rela.plt
 *(.rela.plt)

.text           0x00000000      0x412
 *(.vectors)
 .vectors       0x00000000       0x2a c:/program files (x86)/atmel/atmel toolchain/avr8 gcc/native/3.4.1056/avr8-gnu-toolchain/bin/../lib/gcc/avr/4.8.1/../../../../avr/lib/avr25/crttn4313.o
                0x00000000                __vector_default
                0x00000000                __vectors
 *(.vectors)
 *(.progmem.gcc*)
                0x0000002a                . = ALIGN (0x2)
                0x0000002a                __trampolines_start = .
 *(.trampolines)
 .trampolines   0x0000002a        0x0 linker stubs
 *(.trampolines*)
                0x0000002a                __trampolines_end = .
 *(.progmem*)
                0x0000002a                . = ALIGN (0x2)
 *(.jumptables)
 *(.jumptables*)
 *(.lowtext)
 *(.lowtext*)
                0x0000002a                __ctors_start = .
 *(.ctors)
 .ctors         0x0000002a        0x2 Bawler2_5_CPP.o
                0x0000002c                __ctors_end = .
                0x0000002c                __dtors_start = .
 *(.dtors)
 .dtors         0x0000002c        0x2 Bawler2_5_CPP.o
                0x0000002e                __dtors_end = .
 SORT(*)(.ctors)
 SORT(*)(.dtors)
 *(.init0)
 .init0         0x0000002e        0x0 c:/program files (x86)/atmel/atmel toolchain/avr8 gcc/native/3.4.1056/avr8-gnu-toolchain/bin/../lib/gcc/avr/4.8.1/../../../../avr/lib/avr25/crttn4313.o
                0x0000002e                __init
 *(.init0)
 *(.init1)
 *(.init1)
 *(.init2)
 .init2         0x0000002e        0xc c:/program files (x86)/atmel/atmel toolchain/avr8 gcc/native/3.4.1056/avr8-gnu-toolchain/bin/../lib/gcc/avr/4.8.1/../../../../avr/lib/avr25/crttn4313.o
 *(.init2)
 *(.init3)
 *(.init3)
 *(.init4)
 .init4         0x0000003a       0x16 c:/program files (x86)/atmel/atmel toolchain/avr8 gcc/native/3.4.1056/avr8-gnu-toolchain/bin/../lib/gcc/avr/4.8.1/avr25\libgcc.a(_copy_data.o)
                0x0000003a                __do_copy_data
 .init4         0x00000050       0x10 c:/program files (x86)/atmel/atmel toolchain/avr8 gcc/native/3.4.1056/avr8-gnu-toolchain/bin/../lib/gcc/avr/4.8.1/avr25\libgcc.a(_clear_bss.o)
                0x00000050                __do_clear_bss
 *(.init4)
 *(.init5)
 *(.init5)
 *(.init6)
 .init6         0x00000060       0x14 c:/program files (x86)/atmel/atmel toolchain/avr8 gcc/native/3.4.1056/avr8-gnu-toolchain/bin/../lib/gcc/avr/4.8.1/avr25\libgcc.a(_ctors.o)
                0x00000060                __do_global_ctors
 *(.init6)
 *(.init7)
 *(.init7)
 *(.init8)
 *(.init8)
 *(.init9)
 .init9         0x00000074        0x4 c:/program files (x86)/atmel/atmel toolchain/avr8 gcc/native/3.4.1056/avr8-gnu-toolchain/bin/../lib/gcc/avr/4.8.1/../../../../avr/lib/avr25/crttn4313.o
 *(.init9)
 *(.text)
 .text          0x00000078        0x2 c:/program files (x86)/atmel/atmel toolchain/avr8 gcc/native/3.4.1056/avr8-gnu-toolchain/bin/../lib/gcc/avr/4.8.1/../../../../avr/lib/avr25/crttn4313.o
                0x00000078                __vector_1
                0x00000078                __vector_12
                0x00000078                __bad_interrupt
                0x00000078                __vector_3
                0x00000078                __vector_11
                0x00000078                __vector_13
                0x00000078                __vector_17
                0x00000078                __vector_19
                0x00000078                __vector_7
                0x00000078                __vector_5
                0x00000078                __vector_4
                0x00000078                __vector_9
                0x00000078                __vector_2
                0x00000078                __vector_15
                0x00000078                __vector_8
                0x00000078                __vector_14
                0x00000078                __vector_10
                0x00000078                __vector_16
                0x00000078                __vector_18
                0x00000078                __vector_20
                0x0000007a                . = ALIGN (0x2)
 *(.text.*)
 .text.startup.main
                0x0000007a       0x58 Bawler2_5_CPP.o
                0x0000007a                main
 .text.startup._GLOBAL__sub_I__Znwj
                0x000000d2       0x3a Bawler2_5_CPP.o
 .text.exit._GLOBAL__sub_D__Znwj
                0x0000010c       0x1e Bawler2_5_CPP.o
 .text.__vector_6
                0x0000012a       0x5e _baplib/HardwareTimer.o
                0x0000012a                __vector_6
 .text.libgcc.div
                0x00000188       0x18 c:/program files (x86)/atmel/atmel toolchain/avr8 gcc/native/3.4.1056/avr8-gnu-toolchain/bin/../lib/gcc/avr/4.8.1/avr25\libgcc.a(_udivmodqi4.o)
                0x00000188                __udivmodqi4
 .text.libgcc   0x000001a0        0xc c:/program files (x86)/atmel/atmel toolchain/avr8 gcc/native/3.4.1056/avr8-gnu-toolchain/bin/../lib/gcc/avr/4.8.1/avr25\libgcc.a(_tablejump.o)
                0x000001a0                __tablejump2__
                0x000001a4                __tablejump__
 .text.avr-libc
                0x000001ac      0x24e c:/program files (x86)/atmel/atmel toolchain/avr8 gcc/native/3.4.1056/avr8-gnu-toolchain/bin/../lib/gcc/avr/4.8.1/../../../../avr/lib/avr25\libc.a(malloc.o)
                0x000001ac                malloc
                0x000002dc                free
                0x000003fa                . = ALIGN (0x2)
 *(.fini9)
 .fini9         0x000003fa        0x0 c:/program files (x86)/atmel/atmel toolchain/avr8 gcc/native/3.4.1056/avr8-gnu-toolchain/bin/../lib/gcc/avr/4.8.1/avr25\libgcc.a(_exit.o)
                0x000003fa                _exit
                0x000003fa                exit
 *(.fini9)
 *(.fini8)
 *(.fini8)
 *(.fini7)
 *(.fini7)
 *(.fini6)
 .fini6         0x000003fa       0x14 c:/program files (x86)/atmel/atmel toolchain/avr8 gcc/native/3.4.1056/avr8-gnu-toolchain/bin/../lib/gcc/avr/4.8.1/avr25\libgcc.a(_dtors.o)
                0x000003fa                __do_global_dtors
 *(.fini6)
 *(.fini5)
 *(.fini5)
 *(.fini4)
 *(.fini4)
 *(.fini3)
 *(.fini3)
 *(.fini2)
 *(.fini2)
 *(.fini1)
 *(.fini1)
 *(.fini0)
 .fini0         0x0000040e        0x4 c:/program files (x86)/atmel/atmel toolchain/avr8 gcc/native/3.4.1056/avr8-gnu-toolchain/bin/../lib/gcc/avr/4.8.1/avr25\libgcc.a(_exit.o)
 *(.fini0)
                0x00000412                _etext = .

.data           0x00800060        0x6 load address 0x00000412
                0x00800060                PROVIDE (__data_start, .)
 *(.data)
 .data          0x00800060        0x0 c:/program files (x86)/atmel/atmel toolchain/avr8 gcc/native/3.4.1056/avr8-gnu-toolchain/bin/../lib/gcc/avr/4.8.1/../../../../avr/lib/avr25/crttn4313.o
 .data          0x00800060        0x0 Bawler2_5_CPP.o
 .data          0x00800060        0x0 _baplib/Button.o
 .data          0x00800060        0x0 _baplib/FlagHandler.o
 .data          0x00800060        0x0 _baplib/MidiDevice.o
 .data          0x00800060        0x0 _baplib/PeripheralHandler.o
 .data          0x00800060        0x0 _baplib/Scheduler.o
 .data          0x00800060        0x0 _baplib/SoftTimer.o
 .data          0x00800060        0x0 _baplib/Uint8_Buffer.o
 .data          0x00800060        0x0 _baplib/FreqGen.o
 .data          0x00800060        0x0 _baplib/HardwareTimer.o
 .data          0x00800060        0x0 _baplib/TWI.o
 .data          0x00800060        0x0 _baplib/USART.o
 .data          0x00800060        0x0 c:/program files (x86)/atmel/atmel toolchain/avr8 gcc/native/3.4.1056/avr8-gnu-toolchain/bin/../lib/gcc/avr/4.8.1/../../../../avr/lib/avr25\libm.a(addsf3.o)
 .data          0x00800060        0x0 c:/program files (x86)/atmel/atmel toolchain/avr8 gcc/native/3.4.1056/avr8-gnu-toolchain/bin/../lib/gcc/avr/4.8.1/../../../../avr/lib/avr25\libm.a(addsf3x.o)
 .data          0x00800060        0x0 c:/program files (x86)/atmel/atmel toolchain/avr8 gcc/native/3.4.1056/avr8-gnu-toolchain/bin/../lib/gcc/avr/4.8.1/../../../../avr/lib/avr25\libm.a(divsf3.o)
 .data          0x00800060        0x0 c:/program files (x86)/atmel/atmel toolchain/avr8 gcc/native/3.4.1056/avr8-gnu-toolchain/bin/../lib/gcc/avr/4.8.1/../../../../avr/lib/avr25\libm.a(divsf3x.o)
 .data          0x00800060        0x0 c:/program files (x86)/atmel/atmel toolchain/avr8 gcc/native/3.4.1056/avr8-gnu-toolchain/bin/../lib/gcc/avr/4.8.1/../../../../avr/lib/avr25\libm.a(fixunssfsi.o)
 .data          0x00800060        0x0 c:/program files (x86)/atmel/atmel toolchain/avr8 gcc/native/3.4.1056/avr8-gnu-toolchain/bin/../lib/gcc/avr/4.8.1/../../../../avr/lib/avr25\libm.a(fp_inf.o)
 .data          0x00800060        0x0 c:/program files (x86)/atmel/atmel toolchain/avr8 gcc/native/3.4.1056/avr8-gnu-toolchain/bin/../lib/gcc/avr/4.8.1/../../../../avr/lib/avr25\libm.a(fp_nan.o)
 .data          0x00800060        0x0 c:/program files (x86)/atmel/atmel toolchain/avr8 gcc/native/3.4.1056/avr8-gnu-toolchain/bin/../lib/gcc/avr/4.8.1/../../../../avr/lib/avr25\libm.a(fp_pscA.o)
 .data          0x00800060        0x0 c:/program files (x86)/atmel/atmel toolchain/avr8 gcc/native/3.4.1056/avr8-gnu-toolchain/bin/../lib/gcc/avr/4.8.1/../../../../avr/lib/avr25\libm.a(fp_pscB.o)
 .data          0x00800060        0x0 c:/program files (x86)/atmel/atmel toolchain/avr8 gcc/native/3.4.1056/avr8-gnu-toolchain/bin/../lib/gcc/avr/4.8.1/../../../../avr/lib/avr25\libm.a(fp_round.o)
 .data          0x00800060        0x0 c:/program files (x86)/atmel/atmel toolchain/avr8 gcc/native/3.4.1056/avr8-gnu-toolchain/bin/../lib/gcc/avr/4.8.1/../../../../avr/lib/avr25\libm.a(fp_split3.o)
 .data          0x00800060        0x0 c:/program files (x86)/atmel/atmel toolchain/avr8 gcc/native/3.4.1056/avr8-gnu-toolchain/bin/../lib/gcc/avr/4.8.1/../../../../avr/lib/avr25\libm.a(fp_zero.o)
 .data          0x00800060        0x0 c:/program files (x86)/atmel/atmel toolchain/avr8 gcc/native/3.4.1056/avr8-gnu-toolchain/bin/../lib/gcc/avr/4.8.1/../../../../avr/lib/avr25\libm.a(gesf2.o)
 .data          0x00800060        0x0 c:/program files (x86)/atmel/atmel toolchain/avr8 gcc/native/3.4.1056/avr8-gnu-toolchain/bin/../lib/gcc/avr/4.8.1/../../../../avr/lib/avr25\libm.a(mulsf3.o)
 .data          0x00800060        0x0 c:/program files (x86)/atmel/atmel toolchain/avr8 gcc/native/3.4.1056/avr8-gnu-toolchain/bin/../lib/gcc/avr/4.8.1/../../../../avr/lib/avr25\libm.a(mulsf3x.o)
 .data          0x00800060        0x0 c:/program files (x86)/atmel/atmel toolchain/avr8 gcc/native/3.4.1056/avr8-gnu-toolchain/bin/../lib/gcc/avr/4.8.1/../../../../avr/lib/avr25\libm.a(fp_cmp.o)
 .data          0x00800060        0x0 c:/program files (x86)/atmel/atmel toolchain/avr8 gcc/native/3.4.1056/avr8-gnu-toolchain/bin/../lib/gcc/avr/4.8.1/avr25\libgcc.a(_udivmodqi4.o)
 .data          0x00800060        0x0 c:/program files (x86)/atmel/atmel toolchain/avr8 gcc/native/3.4.1056/avr8-gnu-toolchain/bin/../lib/gcc/avr/4.8.1/avr25\libgcc.a(_udivmodsi4.o)
 .data          0x00800060        0x0 c:/program files (x86)/atmel/atmel toolchain/avr8 gcc/native/3.4.1056/avr8-gnu-toolchain/bin/../lib/gcc/avr/4.8.1/avr25\libgcc.a(_exit.o)
 .data          0x00800060        0x0 c:/program files (x86)/atmel/atmel toolchain/avr8 gcc/native/3.4.1056/avr8-gnu-toolchain/bin/../lib/gcc/avr/4.8.1/avr25\libgcc.a(_copy_data.o)
 .data          0x00800060        0x0 c:/program files (x86)/atmel/atmel toolchain/avr8 gcc/native/3.4.1056/avr8-gnu-toolchain/bin/../lib/gcc/avr/4.8.1/avr25\libgcc.a(_clear_bss.o)
 .data          0x00800060        0x0 c:/program files (x86)/atmel/atmel toolchain/avr8 gcc/native/3.4.1056/avr8-gnu-toolchain/bin/../lib/gcc/avr/4.8.1/avr25\libgcc.a(_ctors.o)
 .data          0x00800060        0x0 c:/program files (x86)/atmel/atmel toolchain/avr8 gcc/native/3.4.1056/avr8-gnu-toolchain/bin/../lib/gcc/avr/4.8.1/avr25\libgcc.a(_dtors.o)
 .data          0x00800060        0x0 c:/program files (x86)/atmel/atmel toolchain/avr8 gcc/native/3.4.1056/avr8-gnu-toolchain/bin/../lib/gcc/avr/4.8.1/avr25\libgcc.a(_tablejump.o)
 .data          0x00800060        0x6 c:/program files (x86)/atmel/atmel toolchain/avr8 gcc/native/3.4.1056/avr8-gnu-toolchain/bin/../lib/gcc/avr/4.8.1/../../../../avr/lib/avr25\libc.a(malloc.o)
                0x00800060                __malloc_heap_end
                0x00800062                __malloc_heap_start
                0x00800064                __malloc_margin
 *(.data*)
 *(.rodata)
 *(.rodata*)
 *(.gnu.linkonce.d*)
                0x00800066                . = ALIGN (0x2)
                0x00800066                _edata = .
                0x00800066                PROVIDE (__data_end, .)

.bss            0x00800066        0x8
                0x00800066                PROVIDE (__bss_start, .)
 *(.bss)
 *(.bss*)
 .bss.testBuff  0x00800066        0x2 Bawler2_5_CPP.o
                0x00800066                testBuff
 .bss._ZN18HardwareTimer_8Bit11accessTOIE0E
                0x00800068        0x2 _baplib/HardwareTimer.o
                0x00800068                _ZN18HardwareTimer_8Bit11accessTOIE0E
 *(COMMON)
 COMMON         0x0080006a        0x4 c:/program files (x86)/atmel/atmel toolchain/avr8 gcc/native/3.4.1056/avr8-gnu-toolchain/bin/../lib/gcc/avr/4.8.1/../../../../avr/lib/avr25\libc.a(malloc.o)
                0x0080006a                __brkval
                0x0080006c                __flp
                0x0080006e                PROVIDE (__bss_end, .)
                0x00000412                __data_load_start = LOADADDR (.data)
                0x00000418                __data_load_end = (__data_load_start + SIZEOF (.data))

.noinit         0x0080006e        0x0
                0x0080006e                PROVIDE (__noinit_start, .)
 *(.noinit*)
                0x0080006e                PROVIDE (__noinit_end, .)
                0x0080006e                _end = .
                0x0080006e                PROVIDE (__heap_start, .)

.eeprom         0x00810000        0x0
 *(.eeprom*)
                0x00810000                __eeprom_end = .

.fuse
 *(.fuse)
 *(.lfuse)
 *(.hfuse)
 *(.efuse)

.lock
 *(.lock*)

.signature
 *(.signature*)

.user_signatures
 *(.user_signatures*)

.stab
 *(.stab)

.stabstr
 *(.stabstr)

.stab.excl
 *(.stab.excl)

.stab.exclstr
 *(.stab.exclstr)

.stab.index
 *(.stab.index)

.stab.indexstr
 *(.stab.indexstr)

.comment        0x00000000       0x30
 *(.comment)
 .comment       0x00000000       0x30 Bawler2_5_CPP.o
                                 0x31 (size before relaxing)
 .comment       0x00000000       0x31 _baplib/Button.o
 .comment       0x00000000       0x31 _baplib/FlagHandler.o
 .comment       0x00000000       0x31 _baplib/MidiDevice.o
 .comment       0x00000000       0x31 _baplib/PeripheralHandler.o
 .comment       0x00000000       0x31 _baplib/Scheduler.o
 .comment       0x00000000       0x31 _baplib/SoftTimer.o
 .comment       0x00000000       0x31 _baplib/Uint8_Buffer.o
 .comment       0x00000000       0x31 _baplib/FreqGen.o
 .comment       0x00000000       0x31 _baplib/HardwareTimer.o
 .comment       0x00000000       0x31 _baplib/TWI.o
 .comment       0x00000000       0x31 _baplib/USART.o
 .comment       0x00000000       0x31 c:/program files (x86)/atmel/atmel toolchain/avr8 gcc/native/3.4.1056/avr8-gnu-toolchain/bin/../lib/gcc/avr/4.8.1/../../../../avr/lib/avr25\libc.a(malloc.o)

.note.gnu.build-id
 *(.note.gnu.build-id)

.debug
 *(.debug)

.line
 *(.line)

.debug_srcinfo
 *(.debug_srcinfo)

.debug_sfnames
 *(.debug_sfnames)

.debug_aranges  0x00000000      0x428
 *(.debug_aranges)
 .debug_aranges
                0x00000000       0x80 Bawler2_5_CPP.o
 .debug_aranges
                0x00000080       0x28 _baplib/Button.o
 .debug_aranges
                0x000000a8       0x48 _baplib/FlagHandler.o
 .debug_aranges
                0x000000f0       0x40 _baplib/MidiDevice.o
 .debug_aranges
                0x00000130       0x60 _baplib/PeripheralHandler.o
 .debug_aranges
                0x00000190       0x38 _baplib/Scheduler.o
 .debug_aranges
                0x000001c8       0x28 _baplib/SoftTimer.o
 .debug_aranges
                0x000001f0       0x18 _baplib/Uint8_Buffer.o
 .debug_aranges
                0x00000208       0x50 _baplib/FreqGen.o
 .debug_aranges
                0x00000258      0x100 _baplib/HardwareTimer.o
 .debug_aranges
                0x00000358       0x48 _baplib/TWI.o
 .debug_aranges
                0x000003a0       0x88 _baplib/USART.o

.debug_pubnames
 *(.debug_pubnames)

.debug_info     0x00000000     0x9434
 *(.debug_info .gnu.linkonce.wi.*)
 .debug_info    0x00000000      0x8fa Bawler2_5_CPP.o
 .debug_info    0x000008fa     0x144d _baplib/Button.o
 .debug_info    0x00001d47      0xb66 _baplib/FlagHandler.o
 .debug_info    0x000028ad      0x473 _baplib/MidiDevice.o
 .debug_info    0x00002d20     0x16b4 _baplib/PeripheralHandler.o
 .debug_info    0x000043d4      0xe4d _baplib/Scheduler.o
 .debug_info    0x00005221      0x4fc _baplib/SoftTimer.o
 .debug_info    0x0000571d       0x21 _baplib/Uint8_Buffer.o
 .debug_info    0x0000573e      0xb31 _baplib/FreqGen.o
 .debug_info    0x0000626f      0xeac _baplib/HardwareTimer.o
 .debug_info    0x0000711b      0x857 _baplib/TWI.o
 .debug_info    0x00007972     0x1ac2 _baplib/USART.o

.debug_abbrev   0x00000000     0x2689
 *(.debug_abbrev)
 .debug_abbrev  0x00000000      0x322 Bawler2_5_CPP.o
 .debug_abbrev  0x00000322      0x413 _baplib/Button.o
 .debug_abbrev  0x00000735      0x2d9 _baplib/FlagHandler.o
 .debug_abbrev  0x00000a0e      0x219 _baplib/MidiDevice.o
 .debug_abbrev  0x00000c27      0x4de _baplib/PeripheralHandler.o
 .debug_abbrev  0x00001105      0x3e7 _baplib/Scheduler.o
 .debug_abbrev  0x000014ec      0x21f _baplib/SoftTimer.o
 .debug_abbrev  0x0000170b       0x13 _baplib/Uint8_Buffer.o
 .debug_abbrev  0x0000171e      0x31b _baplib/FreqGen.o
 .debug_abbrev  0x00001a39      0x3f9 _baplib/HardwareTimer.o
 .debug_abbrev  0x00001e32      0x282 _baplib/TWI.o
 .debug_abbrev  0x000020b4      0x5d5 _baplib/USART.o

.debug_line     0x00000000     0x2d8d
 *(.debug_line .debug_line.* .debug_line_end)
 .debug_line    0x00000000      0x432 Bawler2_5_CPP.o
 .debug_line    0x00000432      0x3c7 _baplib/Button.o
 .debug_line    0x000007f9      0x410 _baplib/FlagHandler.o
 .debug_line    0x00000c09      0x2ab _baplib/MidiDevice.o
 .debug_line    0x00000eb4      0x45b _baplib/PeripheralHandler.o
 .debug_line    0x0000130f      0x446 _baplib/Scheduler.o
 .debug_line    0x00001755      0x334 _baplib/SoftTimer.o
 .debug_line    0x00001a89       0x39 _baplib/Uint8_Buffer.o
 .debug_line    0x00001ac2      0x38d _baplib/FreqGen.o
 .debug_line    0x00001e4f      0x58b _baplib/HardwareTimer.o
 .debug_line    0x000023da      0x489 _baplib/TWI.o
 .debug_line    0x00002863      0x52a _baplib/USART.o

.debug_frame    0x00000000      0xae4
 *(.debug_frame)
 .debug_frame   0x00000000       0xf4 Bawler2_5_CPP.o
 .debug_frame   0x000000f4       0x34 _baplib/Button.o
 .debug_frame   0x00000128       0xb4 _baplib/FlagHandler.o
 .debug_frame   0x000001dc       0x64 _baplib/MidiDevice.o
 .debug_frame   0x00000240      0x164 _baplib/PeripheralHandler.o
 .debug_frame   0x000003a4      0x100 _baplib/Scheduler.o
 .debug_frame   0x000004a4       0x34 _baplib/SoftTimer.o
 .debug_frame   0x000004d8      0x15c _baplib/FreqGen.o
 .debug_frame   0x00000634      0x244 _baplib/HardwareTimer.o
 .debug_frame   0x00000878       0x7c _baplib/TWI.o
 .debug_frame   0x000008f4      0x1f0 _baplib/USART.o

.debug_str      0x00000000     0x9c02
 *(.debug_str)
 .debug_str     0x00000000     0x635a Bawler2_5_CPP.o
                               0x6512 (size before relaxing)
 .debug_str     0x0000635a     0x276b _baplib/Button.o
                               0x86f1 (size before relaxing)
 .debug_str     0x00008ac5       0x92 _baplib/FlagHandler.o
                               0x5e22 (size before relaxing)
 .debug_str     0x00008b57       0x3d _baplib/MidiDevice.o
                               0x68e8 (size before relaxing)
 .debug_str     0x00008b94       0x78 _baplib/PeripheralHandler.o
                               0x867a (size before relaxing)
 .debug_str     0x00008c0c      0x3c4 _baplib/Scheduler.o
                               0x66e2 (size before relaxing)
 .debug_str     0x00008fd0       0xb5 _baplib/SoftTimer.o
                               0x6241 (size before relaxing)
 .debug_str     0x00009085       0x1c _baplib/Uint8_Buffer.o
                               0x2a15 (size before relaxing)
 .debug_str     0x000090a1      0x66b _baplib/FreqGen.o
                               0x650c (size before relaxing)
 .debug_str     0x0000970c      0x339 _baplib/HardwareTimer.o
                               0x6546 (size before relaxing)
 .debug_str     0x00009a45       0xeb _baplib/TWI.o
                               0x5e04 (size before relaxing)
 .debug_str     0x00009b30       0xd2 _baplib/USART.o
                               0x8755 (size before relaxing)

.debug_loc      0x00000000     0x35aa
 *(.debug_loc)
 .debug_loc     0x00000000      0x1ae Bawler2_5_CPP.o
 .debug_loc     0x000001ae      0x68e _baplib/FlagHandler.o
 .debug_loc     0x0000083c      0x420 _baplib/MidiDevice.o
 .debug_loc     0x00000c5c      0x5c8 _baplib/PeripheralHandler.o
 .debug_loc     0x00001224      0x7ee _baplib/Scheduler.o
 .debug_loc     0x00001a12      0x90a _baplib/FreqGen.o
 .debug_loc     0x0000231c      0x627 _baplib/HardwareTimer.o
 .debug_loc     0x00002943      0x33c _baplib/TWI.o
 .debug_loc     0x00002c7f      0x92b _baplib/USART.o

.debug_macinfo
 *(.debug_macinfo)

.debug_weaknames
 *(.debug_weaknames)

.debug_funcnames
 *(.debug_funcnames)

.debug_typenames
 *(.debug_typenames)

.debug_varnames
 *(.debug_varnames)

.debug_pubtypes
 *(.debug_pubtypes)

.debug_ranges   0x00000000      0x5c0
 *(.debug_ranges)
 .debug_ranges  0x00000000       0x70 Bawler2_5_CPP.o
 .debug_ranges  0x00000070       0x18 _baplib/Button.o
 .debug_ranges  0x00000088       0x50 _baplib/FlagHandler.o
 .debug_ranges  0x000000d8       0x60 _baplib/MidiDevice.o
 .debug_ranges  0x00000138       0x50 _baplib/PeripheralHandler.o
 .debug_ranges  0x00000188       0xc8 _baplib/Scheduler.o
 .debug_ranges  0x00000250       0x18 _baplib/SoftTimer.o
 .debug_ranges  0x00000268       0xd8 _baplib/FreqGen.o
 .debug_ranges  0x00000340      0x140 _baplib/HardwareTimer.o
 .debug_ranges  0x00000480       0x98 _baplib/TWI.o
 .debug_ranges  0x00000518       0xa8 _baplib/USART.o

.debug_macro    0x00000000     0x34e3
 *(.debug_macro)
 .debug_macro   0x00000000       0xe7 Bawler2_5_CPP.o
 .debug_macro   0x000000e7      0xa0c Bawler2_5_CPP.o
 .debug_macro   0x00000af3       0x10 Bawler2_5_CPP.o
 .debug_macro   0x00000b03       0x1e Bawler2_5_CPP.o
 .debug_macro   0x00000b21       0x9e Bawler2_5_CPP.o
 .debug_macro   0x00000bbf     0x108d Bawler2_5_CPP.o
 .debug_macro   0x00001c4c      0x114 Bawler2_5_CPP.o
 .debug_macro   0x00001d60       0xbd Bawler2_5_CPP.o
 .debug_macro   0x00001e1d       0x34 Bawler2_5_CPP.o
 .debug_macro   0x00001e51       0x18 Bawler2_5_CPP.o
 .debug_macro   0x00001e69       0x34 Bawler2_5_CPP.o
 .debug_macro   0x00001e9d       0x76 Bawler2_5_CPP.o
 .debug_macro   0x00001f13       0x69 Bawler2_5_CPP.o
 .debug_macro   0x00001f7c       0x28 Bawler2_5_CPP.o
 .debug_macro   0x00001fa4       0x34 Bawler2_5_CPP.o
 .debug_macro   0x00001fd8       0x1c Bawler2_5_CPP.o
 .debug_macro   0x00001ff4      0x10e Bawler2_5_CPP.o
 .debug_macro   0x00002102       0x66 Bawler2_5_CPP.o
 .debug_macro   0x00002168      0x17c _baplib/Button.o
 .debug_macro   0x000022e4       0x11 _baplib/Button.o
 .debug_macro   0x000022f5       0x16 _baplib/Button.o
 .debug_macro   0x0000230b       0x97 _baplib/Button.o
 .debug_macro   0x000023a2       0x16 _baplib/Button.o
 .debug_macro   0x000023b8       0xef _baplib/Button.o
 .debug_macro   0x000024a7       0x5e _baplib/Button.o
 .debug_macro   0x00002505       0x4c _baplib/Button.o
 .debug_macro   0x00002551       0x2e _baplib/Button.o
 .debug_macro   0x0000257f       0x10 _baplib/Button.o
 .debug_macro   0x0000258f       0x35 _baplib/Button.o
 .debug_macro   0x000025c4       0xe2 _baplib/Button.o
 .debug_macro   0x000026a6       0x10 _baplib/Button.o
 .debug_macro   0x000026b6       0x5e _baplib/Button.o
 .debug_macro   0x00002714       0xbb _baplib/FlagHandler.o
 .debug_macro   0x000027cf       0xa3 _baplib/MidiDevice.o
 .debug_macro   0x00002872       0x89 _baplib/MidiDevice.o
 .debug_macro   0x000028fb       0xaa _baplib/MidiDevice.o
 .debug_macro   0x000029a5       0xee _baplib/MidiDevice.o
 .debug_macro   0x00002a93      0x172 _baplib/PeripheralHandler.o
 .debug_macro   0x00002c05      0x104 _baplib/Scheduler.o
 .debug_macro   0x00002d09      0x10e _baplib/SoftTimer.o
 .debug_macro   0x00002e17       0x11 _baplib/Uint8_Buffer.o
 .debug_macro   0x00002e28      0x111 _baplib/FreqGen.o
 .debug_macro   0x00002f39      0x16d _baplib/FreqGen.o
 .debug_macro   0x000030a6       0x10 _baplib/FreqGen.o
 .debug_macro   0x000030b6       0x16 _baplib/FreqGen.o
 .debug_macro   0x000030cc       0x6a _baplib/FreqGen.o
 .debug_macro   0x00003136       0xfc _baplib/HardwareTimer.o
 .debug_macro   0x00003232       0xd7 _baplib/TWI.o
 .debug_macro   0x00003309       0x10 _baplib/TWI.o
 .debug_macro   0x00003319       0x58 _baplib/TWI.o
 .debug_macro   0x00003371      0x172 _baplib/USART.o
OUTPUT(Bawler2_5_CPP.elf elf32-avr)
LOAD linker stubs
